
> everything-manual-web@0.1.0 test:e2e
> playwright test import-flow.spec.ts

(node:67049) [DEP0205] DeprecationWarning: `module.register()` is deprecated. Use `module.registerHooks()` instead.
(Use `node --trace-deprecation ...` to show where the warning was created)
[2m[WebServer] [22m
[2m[WebServer] [22m> everything-manual-web@0.1.0 dev
[2m[WebServer] [22m> vite
[2m[WebServer] [22m
[2m[WebServer] [22m  pdfjs-dist 6.3.289 本地资源：cmaps=169 standard_fonts=16 wasm=13 iccs=2
[2m[WebServer] [22m
[2m[WebServer] [22m  [32m[1mVITE[22m v8.3.0[39m  [2mready in [0m[1m125[22m[2m[0m ms[22m
[2m[WebServer] [22m
[2m[WebServer] [22m  [32m➜[39m  [1mLocal[22m:   [36mhttp://127.0.0.1:[1m15173[22m/[39m
warning: `/Users/qsyj/.cargo/config` is deprecated in favor of `config.toml`
  |
  = help: if you need to support cargo 1.38 or earlier, you can symlink `config` to `config.toml`
    Finished `dev` profile [unoptimized + debuginfo] target(s) in 0.13s
{"timestamp":"2026-09-12T07:37:30.024578Z","level":"INFO","fields":{"message":"data-dir 初始化完成","event":"init","dataDir":"/var/folders/5y/y4jt01gd7mzglrwt5pf7p3m00000gn/T/em-web-mvp-e2e/data","passwordSource":"受限文件 /var/folders/5y/y4jt01gd7mzglrwt5pf7p3m00000gn/T/em-web-mvp-e2e/password.txt","schemaVersion":6,"adminId":"01a0948c-caa7-71ad-ba8d-55a479286624","adminStatus":"已创建"},"target":"everything_manual::config::commands"}
data-dir 已初始化：/var/folders/5y/y4jt01gd7mzglrwt5pf7p3m00000gn/T/em-web-mvp-e2e/data
  - 已创建：/var/folders/5y/y4jt01gd7mzglrwt5pf7p3m00000gn/T/em-web-mvp-e2e/data
  - 已创建：/var/folders/5y/y4jt01gd7mzglrwt5pf7p3m00000gn/T/em-web-mvp-e2e/data/tmp
  - 已创建：/var/folders/5y/y4jt01gd7mzglrwt5pf7p3m00000gn/T/em-web-mvp-e2e/data/logs
  - 已创建：/var/folders/5y/y4jt01gd7mzglrwt5pf7p3m00000gn/T/em-web-mvp-e2e/data/blobs
  - 已创建：/var/folders/5y/y4jt01gd7mzglrwt5pf7p3m00000gn/T/em-web-mvp-e2e/data/lock
数据库：已创建并迁移（/var/folders/5y/y4jt01gd7mzglrwt5pf7p3m00000gn/T/em-web-mvp-e2e/data/manual.sqlite3，schema v6；迁移随二进制内嵌，WAL / synchronous=FULL / foreign_keys=ON）
管理员凭据：已创建（admins 表；Argon2id v19、m=19456 KiB、t=2、p=1、16 字节盐；无默认密码）。
密码来源：受限文件 /var/folders/5y/y4jt01gd7mzglrwt5pf7p3m00000gn/T/em-web-mvp-e2e/password.txt；明文不落盘、不进入日志与 shell history。

Running 6 tests using 1 worker

(node:67112) [DEP0205] DeprecationWarning: `module.register()` is deprecated. Use `module.registerHooks()` instead.
(Use `node --trace-deprecation ...` to show where the warning was created)
  ✘  1 [chromium] › tests/e2e/import-flow.spec.ts:85:3 › 资料库与新建向导（T16） › 正常向导：建物品 → PDF → 照片 → 准备 → 报价 → 确认 → 生成进入等待 (1.3s)
(node:67117) [DEP0205] DeprecationWarning: `module.register()` is deprecated. Use `module.registerHooks()` instead.
(Use `node --trace-deprecation ...` to show where the warning was created)
  ✓  2 [chromium] › tests/e2e/import-flow.spec.ts:205:3 › 资料库与新建向导（T16） › 缺 front：生成入口禁用并说明缺项 (1.4s)
  ✓  3 [chromium] › tests/e2e/import-flow.spec.ts:230:3 › 资料库与新建向导（T16） › 上传失败重试：超限文件 + 注入一次失败后重试成功 (5.6s)
  ✘  4 [chromium] › tests/e2e/import-flow.spec.ts:282:3 › 资料库与新建向导（T16） › 预算变动：低于上界被禁用；报价过期后重新获取报价（不自动重报） (1.8s)
(node:67126) [DEP0205] DeprecationWarning: `module.register()` is deprecated. Use `module.registerHooks()` instead.
(Use `node --trace-deprecation ...` to show where the warning was created)
  ✓  5 [chromium] › tests/e2e/import-flow.spec.ts:345:3 › 资料库与新建向导（T16） › 返回上一步与刷新：只改 URL，不丢服务端已保存的资料 (1.7s)
  ✓  6 [chromium] › tests/e2e/import-flow.spec.ts:386:3 › 资料库与新建向导（T16） › 窄屏（<768px）键盘：Tab/Enter 完成第 1 步，抽屉焦点陷阱与 Esc (1.1s)


  1) [chromium] › tests/e2e/import-flow.spec.ts:85:3 › 资料库与新建向导（T16） › 正常向导：建物品 → PDF → 照片 → 准备 → 报价 → 确认 → 生成进入等待 

    Error: {"error":{"code":"UNAUTHORIZED","message":"未登录或会话已失效：请重新登录","details":null,"requestId":"01a0948c-d2cf-71d4-b9cd-2bc7c4197e77"}}

    [2mexpect([22m[31mreceived[39m[2m).[22mtoBe[2m([22m[32mexpected[39m[2m) // Object.is equality[22m

    Expected: [32m200[39m
    Received: [31m401[39m

       at helpers.ts:332

      330 | ): Promise<{ id: string; title: string; sourceSha256: string }[]> {
      331 |   const response = await request.get(`${base}/api/v1/items/${itemId}/documents`);
    > 332 |   expect(response.status(), await response.text()).toBe(200);
          |                                                    ^
      333 |   const body = (await response.json()) as {
      334 |     data: { id: string; title: string; sourceSha256: string }[];
      335 |   };
        at fetchDocuments (/Users/qsyj/Code/rust/everything-manual/apps/web/tests/e2e/helpers.ts:332:52)
        at /Users/qsyj/Code/rust/everything-manual/apps/web/tests/e2e/import-flow.spec.ts:112:23

    attachment #1: screenshot (image/png) ──────────────────────────────────────────────────────────
    ../../artifacts/web-mvp/t09-rd/playwright-output/import-flow-资料库与新建向导（T16）--33843--照片-→-准备-→-报价-→-确认-→-生成进入等待-chromium/test-failed-1.png
    ────────────────────────────────────────────────────────────────────────────────────────────────

    Error Context: ../../artifacts/web-mvp/t09-rd/playwright-output/import-flow-资料库与新建向导（T16）--33843--照片-→-准备-→-报价-→-确认-→-生成进入等待-chromium/error-context.md

    attachment #3: trace (application/zip) ─────────────────────────────────────────────────────────
    ../../artifacts/web-mvp/t09-rd/playwright-output/import-flow-资料库与新建向导（T16）--33843--照片-→-准备-→-报价-→-确认-→-生成进入等待-chromium/trace.zip
    Usage:

        npx playwright show-trace ../../artifacts/web-mvp/t09-rd/playwright-output/import-flow-资料库与新建向导（T16）--33843--照片-→-准备-→-报价-→-确认-→-生成进入等待-chromium/trace.zip

    ────────────────────────────────────────────────────────────────────────────────────────────────

  2) [chromium] › tests/e2e/import-flow.spec.ts:282:3 › 资料库与新建向导（T16） › 预算变动：低于上界被禁用；报价过期后重新获取报价（不自动重报） 

    Error: locator.check: Clicking the checkbox did not change its state
    Call log:
    [2m  - waiting for getByRole('checkbox', { name: /我已阅读并确认将上述资料发送给对应供应商/ })[22m
    [2m    - locator resolved to <input type="checkbox" id="send-scope-confirm" aria-describedby="send-scope-confirm-hint"/>[22m
    [2m  - attempting click action[22m
    [2m    - waiting for element to be visible, enabled and stable[22m
    [2m    - element is visible, enabled and stable[22m
    [2m    - scrolling into view if needed[22m
    [2m    - done scrolling[22m
    [2m    - performing click action[22m
    [2m    - click action done[22m
    [2m    - waiting for scheduled navigations to finish[22m
    [2m    - navigations have finished[22m


      329 |
      330 |     // 预算变动：把 Tripo 上限改到低于报价上界 → 生成禁用并说明；改回上界以上 → 恢复可用。
    > 331 |     await page.getByRole("checkbox", { name: /我已阅读并确认将上述资料发送给对应供应商/ }).check();
          |                                                                        ^
      332 |     await expect(page.getByTestId("confirmed-at")).toBeVisible();
      333 |     const generate = page.getByTestId("generate-button");
      334 |     await expect(generate).toBeEnabled();
        at /Users/qsyj/Code/rust/everything-manual/apps/web/tests/e2e/import-flow.spec.ts:331:72

    attachment #1: screenshot (image/png) ──────────────────────────────────────────────────────────
    ../../artifacts/web-mvp/t09-rd/playwright-output/import-flow-资料库与新建向导（T16）-预算变动：低于上界被禁用；报价过期后重新获取报价（不自动重报）-chromium/test-failed-1.png
    ────────────────────────────────────────────────────────────────────────────────────────────────

    Error Context: ../../artifacts/web-mvp/t09-rd/playwright-output/import-flow-资料库与新建向导（T16）-预算变动：低于上界被禁用；报价过期后重新获取报价（不自动重报）-chromium/error-context.md

    attachment #3: trace (application/zip) ─────────────────────────────────────────────────────────
    ../../artifacts/web-mvp/t09-rd/playwright-output/import-flow-资料库与新建向导（T16）-预算变动：低于上界被禁用；报价过期后重新获取报价（不自动重报）-chromium/trace.zip
    Usage:

        npx playwright show-trace ../../artifacts/web-mvp/t09-rd/playwright-output/import-flow-资料库与新建向导（T16）-预算变动：低于上界被禁用；报价过期后重新获取报价（不自动重报）-chromium/trace.zip

    ────────────────────────────────────────────────────────────────────────────────────────────────

  2 failed
    [chromium] › tests/e2e/import-flow.spec.ts:85:3 › 资料库与新建向导（T16） › 正常向导：建物品 → PDF → 照片 → 准备 → 报价 → 确认 → 生成进入等待 
    [chromium] › tests/e2e/import-flow.spec.ts:282:3 › 资料库与新建向导（T16） › 预算变动：低于上界被禁用；报价过期后重新获取报价（不自动重报） 
  4 passed (16.7s)
