
> everything-manual-web@0.1.0 typecheck
> tsc --noEmit

typecheck exit=0

> everything-manual-web@0.1.0 lint
> eslint . --max-warnings=0

lint exit=0

> everything-manual-web@0.1.0 test
> vitest run --run


 RUN  v5.0.0 /Users/qsyj/Code/rust/everything-manual/apps/web


 Test Files  8 passed (8)
      Tests  58 passed (58)
   Start at  15:40:05
   Duration  1.98s (environment 64%, tests 13%, setup 10%, transform 10%, import 2%, worker 1%)

vitest exit=0

> everything-manual-web@0.1.0 build
> tsc --noEmit && vite build

  pdfjs-dist 6.3.289 本地资源：cmaps=169 standard_fonts=16 wasm=13 iccs=2
vite v8.3.0 building client environment for production...
transforming...
✓ 112 modules transformed.
rendering chunks...
computing gzip size...
dist/index.html                              0.45 kB │ gzip:   0.31 kB
dist/assets/pdf.worker.min-Dswkl-cV.mjs  1,265.41 kB
dist/assets/index-BKDtdniY.css              12.48 kB │ gzip:   2.99 kB
dist/assets/index-vv38I2z4.js              383.94 kB │ gzip: 117.53 kB
dist/assets/PreparePage-CGbgaWea.js        442.69 kB │ gzip: 133.39 kB

✓ built in 142ms
[plugin em-pdfjs-vendor]   vendor/pdfjs 已写入 dist/vendor/pdfjs（cmaps=169 standard_fonts=16 wasm=13 iccs=2）
build exit=0
