== 发布二进制：/Users/qsyj/Code/rust/everything-manual/dist/aarch64-apple-darwin/everything-manual
== 证据目录：/Users/qsyj/Code/rust/everything-manual/artifacts/web-mvp/t13-qa
== QA fixture 监听 127.0.0.1:57832（只绑定回环）
  [PASS] init 退出码 0：exit=0
  [PASS] serve 就绪：GET http://127.0.0.1:18661/api/v1/health/ready
  [PASS] 登录 200：status=200
  [PASS] 创建物品 201：status=201
  [PASS] 上传 PDF 201：status=201
  [PASS] 创建 document 201：status=201
  [PASS] 创建 preparation 201：status=201
  [PASS] 上传第 1 页 200：status=200
  [PASS] 上传第 2 页 200：status=200
  [PASS] 准备详情有 ETag：ETag="r3"
  [PASS] 封存准备 200：status=200
  [PASS] estimate 201：status=201
  [PASS] 确认报价 200：status=200
  [PASS] 建单 202：status=202
== job=01a093f0-ea84-7453-9699-a7fa6839ecdf（等待 model_download 结论）
  [PASS] model_download 终态 = needs_input（发布构建不放行本机 fixture）：实际 needs_input
  needs_input = [{"code":"download_insecure_scheme","message":"模型下载必须使用 HTTPS（实际 http://127.0.0.1）：拒绝下载"}]
  last_error  = 模型下载必须使用 HTTPS（实际 http://127.0.0.1）：拒绝下载
  [PASS] 缺项码 = download_insecure_scheme：[{"code":"download_insecure_scheme","message":"模型下载必须使用 HTTPS（实际 http://127.0.0.1）：拒绝下载"}]
  [PASS] model 资产数 = 0：实际 0
  [PASS] model_revisions = 0：实际 0
  [PASS] 付费提交 attempt 恰 1 条：实际 1
  [PASS] fixture 收到 0 次模型下载请求：实际 0 次
  [PASS] fixture 记到付费提交 1 次：实际 1 次
  [PASS] 付费提交请求带 Authorization（对照）：[{'method': 'POST', 'path': '/v3/generation/multiview-to-model', 'note': 'paid-submit', 'authorization': True, 'count': 1, 'bodyBytes': 232}]
  [PASS] serve 日志出现 download_local_fixture_ignored：事件已记录（该键在发布构建中不生效）
  [PASS] serve 日志不含签名 canary：签名查询串未进日志
  [PASS] 服务进程无非 loopback 连接：[]

== 汇总：25/25 项通过
== 发布构建门禁核对通过：误配 allow_local_fixture 不放行本机 fixture。
