{"timestamp":"2026-09-12T08:44:56.477087Z","level":"INFO","fields":{"message":"数据库 schema 已就绪","event":"database_ready","dataDir":"/var/folders/5y/y4jt01gd7mzglrwt5pf7p3m00000gn/T/em-web-mvp-e2e/data","schemaVersion":6},"target":"everything_manual::config::commands"}
{"timestamp":"2026-09-12T08:44:56.477342Z","level":"INFO","fields":{"message":"资产残留扫描完成（隔离只移动不删除）","event":"asset_scan","tmpQuarantined":0,"blobsQuarantined":0,"blobsKept":0,"blobsRestored":0,"blobsMarkedMissing":0},"target":"everything_manual::config::commands"}
{"timestamp":"2026-09-12T08:44:56.478550Z","level":"INFO","fields":{"message":"说明书 AI 阶段处理器已注册（Responses 同步单次请求；拒答/截断/格式错不产生正式知识）","event":"provider_handlers_registered","provider":"manual_ai","baseUrl":"http://127.0.0.1:1","stages":"manual_extract,manual_merge"},"target":"everything_manual::providers"}
{"timestamp":"2026-09-12T08:44:56.478698Z","level":"INFO","fields":{"message":"Tripo 阶段处理器已注册（真实 HTTP；未返回 task ID 的付费提交不自动重发；模型下载使用独立无凭据 client）","event":"provider_handlers_registered","provider":"tripo","baseUrl":"http://127.0.0.1:1","stages":"tripo_upload,tripo_submit,tripo_poll,model_download,model_validate"},"target":"everything_manual::providers"}
{"timestamp":"2026-09-12T08:44:56.478755Z","level":"INFO","fields":{"message":"组装阶段处理器已注册（本地确定性组装；不存在自动发布）","event":"pipeline_handlers_registered","stages":"assemble_draft"},"target":"everything_manual::config::commands"}
{"timestamp":"2026-09-12T08:44:56.478803Z","level":"INFO","fields":{"message":"任务执行器启动（SQLite 事实来源；崩溃断点仅测试构建）","event":"job_executor_start","owner":"87387:01a094ca-891e-743d-810b-0219f238213b","leaseSeconds":120,"renewSeconds":20,"remoteGenerationLimit":2,"manualAiBatchLimit":2},"target":"everything_manual::config::commands"}
{"timestamp":"2026-09-12T08:44:56.478929Z","level":"INFO","fields":{"message":"Provider 已配置","event":"provider_configured","provider":"tripo","baseUrl":"http://127.0.0.1:1","keySource":"环境变量 EM_E2E_TRIPO_KEY"},"target":"everything_manual::config::commands"}
{"timestamp":"2026-09-12T08:44:56.478952Z","level":"INFO","fields":{"message":"Provider 已配置","event":"provider_configured","provider":"manual_ai","baseUrl":"http://127.0.0.1:1","keySource":"环境变量 EM_E2E_MANUAL_AI_KEY"},"target":"everything_manual::config::commands"}
{"timestamp":"2026-09-12T08:44:56.478971Z","level":"INFO","fields":{"message":"服务启动","event":"serve_start","listen":"127.0.0.1:18080","dataDir":"/var/folders/5y/y4jt01gd7mzglrwt5pf7p3m00000gn/T/em-web-mvp-e2e/data","securityMode":"loopback","sessionTtlHours":168,"loginRateLimitPerMinute":5,"cookieSecure":false},"target":"everything_manual::config::commands"}
listening on http://127.0.0.1:18080
{"timestamp":"2026-09-12T08:44:56.737365Z","level":"INFO","fields":{"message":"http_request","requestId":"01a094ca-8a1f-733b-8017-ec4ec79e95aa","method":"GET","path":"/api/v1/health/ready","status":200,"errorCode":"-","durationMs":1.8352080000000002},"target":"everything_manual::http::logging"}
{"timestamp":"2026-09-12T08:44:57.537003Z","level":"INFO","fields":{"message":"登录成功（未记录请求体）","requestId":"01a094ca-8c3c-70c0-af37-5471ad04862b","adminId":"01a094ca-890f-77a7-a491-5bff0c0ec083","sessionId":"01a094ca-8d40-7505-9c19-87fbcbc19036","expiresAt":"2026-09-19T08:44:57.536Z"},"target":"everything_manual::http::auth"}
{"timestamp":"2026-09-12T08:44:57.537187Z","level":"INFO","fields":{"message":"http_request","requestId":"01a094ca-8c3c-70c0-af37-5471ad04862b","method":"POST","path":"/api/v1/auth/login","status":200,"errorCode":"-","durationMs":260.276292},"target":"everything_manual::http::logging"}
{"timestamp":"2026-09-12T08:44:57.543925Z","level":"INFO","fields":{"message":"物品已创建","requestId":"01a094ca-8d47-7157-809e-898e42820899","itemId":"01a094ca-8d47-7157-809e-898fc2f5a0ef"},"target":"everything_manual::http::items"}
{"timestamp":"2026-09-12T08:44:57.544020Z","level":"INFO","fields":{"message":"http_request","requestId":"01a094ca-8d47-7157-809e-898e42820899","method":"POST","path":"/api/v1/items","status":201,"errorCode":"-","durationMs":0.783917},"target":"everything_manual::http::logging"}
{"timestamp":"2026-09-12T08:44:58.115344Z","level":"INFO","fields":{"message":"登录成功（未记录请求体）","requestId":"01a094ca-8e7e-7618-9063-9e012daa4060","adminId":"01a094ca-890f-77a7-a491-5bff0c0ec083","sessionId":"01a094ca-8f82-7369-b427-e037b7adbc43","expiresAt":"2026-09-19T08:44:58.114Z"},"target":"everything_manual::http::auth"}
{"timestamp":"2026-09-12T08:44:58.115463Z","level":"INFO","fields":{"message":"http_request","requestId":"01a094ca-8e7e-7618-9063-9e012daa4060","method":"POST","path":"/api/v1/auth/login","status":200,"errorCode":"-","durationMs":260.57075000000003},"target":"everything_manual::http::logging"}
{"timestamp":"2026-09-12T08:44:58.133055Z","level":"INFO","fields":{"message":"http_request","requestId":"01a094ca-8f94-765b-a910-cb8053ebc8bf","method":"GET","path":"/api/v1/items","status":200,"errorCode":"-","durationMs":0.988042},"target":"everything_manual::http::logging"}
{"timestamp":"2026-09-12T08:44:58.268490Z","level":"INFO","fields":{"message":"http_request","requestId":"01a094ca-901c-752a-837d-91446c8ecf30","method":"GET","path":"/api/v1/auth/session","status":200,"errorCode":"-","durationMs":0.3305},"target":"everything_manual::http::logging"}
{"timestamp":"2026-09-12T08:44:58.275385Z","level":"INFO","fields":{"message":"http_request","requestId":"01a094ca-9022-76f2-920a-34ade71d41aa","method":"GET","path":"/api/v1/items","status":200,"errorCode":"-","durationMs":0.5689580000000001},"target":"everything_manual::http::logging"}
{"timestamp":"2026-09-12T08:44:59.705597Z","level":"INFO","fields":{"message":"登录成功（未记录请求体）","requestId":"01a094ca-94b8-70b7-aa32-23c406b55f1b","adminId":"01a094ca-890f-77a7-a491-5bff0c0ec083","sessionId":"01a094ca-95b9-754f-82f8-ad7297336514","expiresAt":"2026-09-19T08:44:59.704Z"},"target":"everything_manual::http::auth"}
{"timestamp":"2026-09-12T08:44:59.705723Z","level":"INFO","fields":{"message":"http_request","requestId":"01a094ca-94b8-70b7-aa32-23c406b55f1b","method":"POST","path":"/api/v1/auth/login","status":200,"errorCode":"-","durationMs":257.316291},"target":"everything_manual::http::logging"}
{"timestamp":"2026-09-12T08:44:59.708827Z","level":"INFO","fields":{"message":"物品已创建","requestId":"01a094ca-95bc-7134-b0dc-8a8ecb359b12","itemId":"01a094ca-95bc-7134-b0dc-8a8f749258be"},"target":"everything_manual::http::items"}
{"timestamp":"2026-09-12T08:44:59.708909Z","level":"INFO","fields":{"message":"http_request","requestId":"01a094ca-95bc-7134-b0dc-8a8ecb359b12","method":"POST","path":"/api/v1/items","status":201,"errorCode":"-","durationMs":0.538042},"target":"everything_manual::http::logging"}
{"timestamp":"2026-09-12T08:45:00.246864Z","level":"INFO","fields":{"message":"登录成功（未记录请求体）","requestId":"01a094ca-96d3-7647-86ba-62b14113729e","adminId":"01a094ca-890f-77a7-a491-5bff0c0ec083","sessionId":"01a094ca-97d6-70bf-8a67-da612989ae78","expiresAt":"2026-09-19T08:45:00.246Z"},"target":"everything_manual::http::auth"}
{"timestamp":"2026-09-12T08:45:00.246985Z","level":"INFO","fields":{"message":"http_request","requestId":"01a094ca-96d3-7647-86ba-62b14113729e","method":"POST","path":"/api/v1/auth/login","status":200,"errorCode":"-","durationMs":259.437417},"target":"everything_manual::http::logging"}
{"timestamp":"2026-09-12T08:45:00.263648Z","level":"INFO","fields":{"message":"http_request","requestId":"01a094ca-97e6-757d-af37-546f87e7a6a8","method":"GET","path":"/api/v1/items","status":200,"errorCode":"-","durationMs":1.007042},"target":"everything_manual::http::logging"}
{"timestamp":"2026-09-12T08:45:00.403309Z","level":"INFO","fields":{"message":"http_request","requestId":"01a094ca-9872-75e2-86d0-4dd2e087f4cf","method":"GET","path":"/api/v1/auth/session","status":200,"errorCode":"-","durationMs":0.43691599999999997},"target":"everything_manual::http::logging"}
{"timestamp":"2026-09-12T08:45:00.409997Z","level":"INFO","fields":{"message":"http_request","requestId":"01a094ca-9879-716f-b27d-23002e802cdc","method":"GET","path":"/api/v1/items","status":200,"errorCode":"-","durationMs":0.6074999999999999},"target":"everything_manual::http::logging"}
{"timestamp":"2026-09-12T08:45:00.938130Z","level":"INFO","fields":{"message":"任务执行器已停止领取","event":"job_executor_stopped","owner":"87387:01a094ca-891e-743d-810b-0219f238213b"},"target":"everything_manual::jobs::executor"}
{"timestamp":"2026-09-12T08:45:00.938948Z","level":"INFO","fields":{"message":"收到终止信号，服务已停止","event":"serve_stop"},"target":"everything_manual::config::commands"}
已停止：data-dir 排他锁已释放。

[e2e] server exited with code 0
