
> everything-manual-web@0.1.0 test:e2e
> playwright test qa-t16-r19-probe.spec.ts

(node:87187) [DEP0205] DeprecationWarning: `module.register()` is deprecated. Use `module.registerHooks()` instead.
(Use `node --trace-deprecation ...` to show where the warning was created)
[2m[WebServer] [22m
[2m[WebServer] [22m> everything-manual-web@0.1.0 dev
[2m[WebServer] [22m> vite
[2m[WebServer] [22m
[2m[WebServer] [22m  pdfjs-dist 6.3.289 本地资源：cmaps=169 standard_fonts=16 wasm=13 iccs=2
[2m[WebServer] [22m
[2m[WebServer] [22m  [32m[1mVITE[22m v8.3.0[39m  [2mready in [0m[1m130[22m[2m[0m ms[22m
[2m[WebServer] [22m
[2m[WebServer] [22m  [32m➜[39m  [1mLocal[22m:   [36mhttp://127.0.0.1:[1m15173[22m/[39m
warning: `/Users/qsyj/.cargo/config` is deprecated in favor of `config.toml`
  |
  = help: if you need to support cargo 1.38 or earlier, you can symlink `config` to `config.toml`
    Finished `dev` profile [unoptimized + debuginfo] target(s) in 0.13s
{"timestamp":"2026-09-12T08:44:42.268915Z","level":"INFO","fields":{"message":"data-dir 初始化完成","event":"init","dataDir":"/var/folders/5y/y4jt01gd7mzglrwt5pf7p3m00000gn/T/em-web-mvp-e2e/data","passwordSource":"受限文件 /var/folders/5y/y4jt01gd7mzglrwt5pf7p3m00000gn/T/em-web-mvp-e2e/password.txt","schemaVersion":6,"adminId":"01a094ca-519c-724b-b43e-fa0c43522a97","adminStatus":"已创建"},"target":"everything_manual::config::commands"}
data-dir 已初始化：/var/folders/5y/y4jt01gd7mzglrwt5pf7p3m00000gn/T/em-web-mvp-e2e/data
  - 已创建：/var/folders/5y/y4jt01gd7mzglrwt5pf7p3m00000gn/T/em-web-mvp-e2e/data
  - 已创建：/var/folders/5y/y4jt01gd7mzglrwt5pf7p3m00000gn/T/em-web-mvp-e2e/data/tmp
  - 已创建：/var/folders/5y/y4jt01gd7mzglrwt5pf7p3m00000gn/T/em-web-mvp-e2e/data/logs
  - 已创建：/var/folders/5y/y4jt01gd7mzglrwt5pf7p3m00000gn/T/em-web-mvp-e2e/data/blobs
  - 已创建：/var/folders/5y/y4jt01gd7mzglrwt5pf7p3m00000gn/T/em-web-mvp-e2e/data/lock
数据库：已创建并迁移（/var/folders/5y/y4jt01gd7mzglrwt5pf7p3m00000gn/T/em-web-mvp-e2e/data/manual.sqlite3，schema v6；迁移随二进制内嵌，WAL / synchronous=FULL / foreign_keys=ON）
管理员凭据：已创建（admins 表；Argon2id v19、m=19456 KiB、t=2、p=1、16 字节盐；无默认密码）。
密码来源：受限文件 /var/folders/5y/y4jt01gd7mzglrwt5pf7p3m00000gn/T/em-web-mvp-e2e/password.txt；明文不落盘、不进入日志与 shell history。

Running 1 test using 1 worker

(node:87263) [DEP0205] DeprecationWarning: `module.register()` is deprecated. Use `module.registerHooks()` instead.
(Use `node --trace-deprecation ...` to show where the warning was created)
PROBE 1280px :: {"grid":"228px 114px 114px 324px","row":{"x":24,"y":294.3,"w":840,"h":129.1},"name":{"x":36,"y":316.5,"w":228,"h":25.6},"identity":{"x":36,"y":316.5,"w":228,"h":51.2},"actions":{"x":528,"y":320.3,"w":324,"h":43.6},"note":{"x":36,"y":390,"w":816,"h":20.5},"noteIsDirectChild":true,"noteGridColumn":"1 / -1","noteText":"任务中心（T17）与阅读器（T18/T19）尚未交付：「查看任务」「打开说明书」","actionsDisplay":"flex","tracks":4}
PROBE 1024px :: {"grid":"296px 148px 148px 324px","row":{"x":24,"y":294.3,"w":976,"h":108.7},"name":{"x":36,"y":306.3,"w":296,"h":25.6},"identity":{"x":36,"y":306.3,"w":296,"h":51.2},"actions":{"x":664,"y":310.1,"w":324,"h":43.6},"note":{"x":36,"y":369.5,"w":952,"h":20.5},"noteIsDirectChild":true,"noteGridColumn":"1 / -1","noteText":"任务中心（T17）与阅读器（T18/T19）尚未交付：「查看任务」「打开说明书」","actionsDisplay":"flex","tracks":4}
PROBE 1366px :: {"grid":"271px 135.5px 135.5px 324px","row":{"x":24,"y":294.3,"w":926,"h":108.7},"name":{"x":36,"y":306.3,"w":271,"h":25.6},"identity":{"x":36,"y":306.3,"w":271,"h":51.2},"actions":{"x":614,"y":310.1,"w":324,"h":43.6},"note":{"x":36,"y":369.5,"w":902,"h":20.5},"noteIsDirectChild":true,"noteGridColumn":"1 / -1","noteText":"任务中心（T17）与阅读器（T18/T19）尚未交付：「查看任务」「打开说明书」","actionsDisplay":"flex","tracks":4}
PROBE 1440px :: {"grid":"308px 154px 154px 324px","row":{"x":24,"y":294.3,"w":1000,"h":108.7},"name":{"x":36,"y":306.3,"w":308,"h":25.6},"identity":{"x":36,"y":306.3,"w":308,"h":51.2},"actions":{"x":688,"y":310.1,"w":324,"h":43.6},"note":{"x":36,"y":369.5,"w":976,"h":20.5},"noteIsDirectChild":true,"noteGridColumn":"1 / -1","noteText":"任务中心（T17）与阅读器（T18/T19）尚未交付：「查看任务」「打开说明书」","actionsDisplay":"flex","tracks":4}
PROBE 1600px :: {"grid":"346px 173px 173px 324px","row":{"x":24,"y":294.3,"w":1076,"h":108.7},"name":{"x":36,"y":306.3,"w":346,"h":25.6},"identity":{"x":36,"y":306.3,"w":346,"h":51.2},"actions":{"x":764,"y":310.1,"w":324,"h":43.6},"note":{"x":36,"y":369.5,"w":1052,"h":20.5},"noteIsDirectChild":true,"noteGridColumn":"1 / -1","noteText":"任务中心（T17）与阅读器（T18/T19）尚未交付：「查看任务」「打开说明书」","actionsDisplay":"flex","tracks":4}
PROBE 1920px :: {"grid":"346px 173px 173px 324px","row":{"x":24,"y":294.3,"w":1076,"h":108.7},"name":{"x":36,"y":306.3,"w":346,"h":25.6},"identity":{"x":36,"y":306.3,"w":346,"h":51.2},"actions":{"x":764,"y":310.1,"w":324,"h":43.6},"note":{"x":36,"y":369.5,"w":1052,"h":20.5},"noteIsDirectChild":true,"noteGridColumn":"1 / -1","noteText":"任务中心（T17）与阅读器（T18/T19）尚未交付：「查看任务」「打开说明书」","actionsDisplay":"flex","tracks":4}
PROBE 767px :: {"grid":"695px","row":{"x":24,"y":403.3,"w":719,"h":261.1},"name":{"x":36,"y":415.3,"w":695,"h":25.6},"identity":{"x":36,"y":415.3,"w":695,"h":51.2},"actions":{"x":36,"y":575.3,"w":695,"h":43.6},"note":{"x":36,"y":630.9,"w":695,"h":20.5},"noteIsDirectChild":true,"noteGridColumn":"1 / -1","noteText":"任务中心（T17）与阅读器（T18/T19）尚未交付：「查看任务」「打开说明书」","actionsDisplay":"flex","tracks":1}
PROBE 375px :: {"grid":"303px","row":{"x":24,"y":484.3,"w":327,"h":315.1},"name":{"x":36,"y":496.3,"w":303,"h":25.6},"identity":{"x":36,"y":496.3,"w":303,"h":51.2},"actions":{"x":36,"y":656.3,"w":303,"h":77.2},"note":{"x":36,"y":745.5,"w":303,"h":40.9},"noteIsDirectChild":true,"noteGridColumn":"1 / -1","noteText":"任务中心（T17）与阅读器（T18/T19）尚未交付：「查看任务」「打开说明书」","actionsDisplay":"flex","tracks":1}
PROBE drawer-375 :: open+Esc-close OK
  ✓  1 [chromium] › tests/e2e/qa-t16-r19-probe.spec.ts:18:1 › PROBE-R19 行几何：窄屏单列 + 宽屏结构事实 (2.6s)

  1 passed (5.5s)
