### npm typecheck

> everything-manual-web@0.1.0 typecheck
> tsc --noEmit

TYPECHECK_EXIT=0
### npm lint

> everything-manual-web@0.1.0 lint
> eslint . --max-warnings=0

LINT_EXIT=0
### npm test -- --run

> everything-manual-web@0.1.0 test
> vitest run --run


 RUN  v5.0.0 /Users/qsyj/Code/rust/everything-manual/apps/web


 Test Files  6 passed (6)
      Tests  46 passed (46)
   Start at  08:10:25
   Duration  1.84s (environment 62%, tests 16%, transform 10%, setup 9%, import 3%, worker 1%)

TEST_EXIT=
### npm build
transforming...
✓ 101 modules transformed.
rendering chunks...
computing gzip size...
dist/index.html                              0.45 kB │ gzip:   0.31 kB
dist/assets/pdf.worker.min-Dswkl-cV.mjs  1,265.41 kB
dist/assets/index-DNj-MCMM.css               8.90 kB │ gzip:   2.35 kB
dist/assets/index-0Jbg67eh.js              343.53 kB │ gzip: 106.25 kB
dist/assets/PreparePage-CTLqAcOx.js        444.74 kB │ gzip: 134.21 kB

✓ built in 149ms
[plugin em-pdfjs-vendor]   vendor/pdfjs 已写入 dist/vendor/pdfjs（cmaps=169 standard_fonts=16 wasm=13 iccs=2）
BUILD_EXIT=
