(node:2944) [DEP0205] DeprecationWarning: `module.register()` is deprecated. Use `module.registerHooks()` instead.
(Use `node --trace-deprecation ...` to show where the warning was created)
[2m[WebServer] [22m
[2m[WebServer] [22m> everything-manual-web@0.1.0 dev
[2m[WebServer] [22m> vite
[2m[WebServer] [22m
[2m[WebServer] [22m(node:2972) Warning: The 'NO_COLOR' env is ignored due to the 'FORCE_COLOR' env being set.
[2m[WebServer] [22m(Use `node --trace-warnings ...` to show where the warning was created)
[2m[WebServer] [22m  pdfjs-dist 6.3.289 本地资源：cmaps=169 standard_fonts=16 wasm=13 iccs=2
[2m[WebServer] [22m
[2m[WebServer] [22m  VITE v8.3.0  ready in 161 ms
[2m[WebServer] [22m
[2m[WebServer] [22m  ➜  Local:   http://127.0.0.1:15187/

Running 15 tests using 1 worker

(node:3001) Warning: The 'NO_COLOR' env is ignored due to the 'FORCE_COLOR' env being set.
(Use `node --trace-warnings ...` to show where the warning was created)
(node:3001) [DEP0205] DeprecationWarning: `module.register()` is deprecated. Use `module.registerHooks()` instead.
(node:3001) Warning: The 'NO_COLOR' env is ignored due to the 'FORCE_COLOR' env being set.
(Use `node --trace-warnings ...` to show where the warning was created)
  ✓   1 [chromium] › tests/e2e/api-settings-qa.spec.ts:64:1 › AS-QA-01 运行配置、375/1440布局与键盘标签（AC001/014/015） (2.3s)
  ✓   2 [chromium] › tests/e2e/api-settings-qa.spec.ts:100:1 › AS-QA-02 未保存导航与刷新取消/丢弃，密钥不缓存（AC013/UI006） (4.8s)
  ✓   3 [chromium] › tests/e2e/api-settings-qa.spec.ts:189:1 › AS-QA-03 浏览器保存B→刷新→真实重启→worker消费B（AC003/006/008/009/012） (3.2s)
  ✓   4 [chromium] › tests/e2e/api-settings-qa.spec.ts:253:1 › AS-QA-04 真实HTTP认证/CSRF、写入失败与旧修订冲突（AC002/004/005） (765ms)
  ✓   5 [chromium] › tests/e2e/api-settings-qa.spec.ts:285:1 › AS-QA-05 密钥清除屏蔽部署，单家恢复，缺配置不冒充可生成（AC006/007/015） (1.1s)
  ✓   6 [chromium] › tests/e2e/api-settings-qa.spec.ts:319:1 › AS-QA-06 待重启门禁/旧报价失效/目录外模型与断网（AC011/012/015） (2.2s)
  ✓   7 [chromium] › tests/e2e/api-settings-qa.spec.ts:355:1 › AS-QA-07 保存与真实建单竞争只有一方受理（AC010/011） (1.1s)
  ✓   8 [chromium] › tests/e2e/api-settings-qa.spec.ts:375:1 › AS-QA-08 读取失败/重复提交/字段错误/写失败/冲突重读（AC001/005） (2.0s)
  ✓   9 [chromium] › tests/e2e/api-settings-qa.spec.ts:441:1 › AS-QA-09 手机密钥空替换/切换清空、取消恢复、清除与单家恢复（AC006/007/014） (2.0s)
  ✓  10 [chromium] › tests/e2e/encrypted-secrets-qa.spec.ts:77:1 › ES-QA-01 加密说明/环境keep/两家网页密文与重启（AC001/009/010/012） (2.1s)
  ✘  11 [chromium] › tests/e2e/encrypted-secrets-qa.spec.ts:125:1 › ES-QA-02 真实写盘失败保持编辑，显式重试与375布局（AC008/010/012） (16.5s)
(node:3250) Warning: The 'NO_COLOR' env is ignored due to the 'FORCE_COLOR' env being set.
(Use `node --trace-warnings ...` to show where the warning was created)
(node:3250) [DEP0205] DeprecationWarning: `module.register()` is deprecated. Use `module.registerHooks()` instead.
(node:3250) Warning: The 'NO_COLOR' env is ignored due to the 'FORCE_COLOR' env being set.
(Use `node --trace-warnings ...` to show where the warning was created)
  ✘  12 [chromium] › tests/e2e/encrypted-secrets-qa.spec.ts:168:1 › ES-QA-03 外部文件CLI→重启→真实worker→反射诊断/备份/导出无泄漏（AC007/010/011） (1.4s)
(node:3271) Warning: The 'NO_COLOR' env is ignored due to the 'FORCE_COLOR' env being set.
(Use `node --trace-warnings ...` to show where the warning was created)
(node:3271) [DEP0205] DeprecationWarning: `module.register()` is deprecated. Use `module.registerHooks()` instead.
(node:3271) Warning: The 'NO_COLOR' env is ignored due to the 'FORCE_COLOR' env being set.
(Use `node --trace-warnings ...` to show where the warning was created)
  ✓  13 [chromium] › tests/e2e/encrypted-secrets-qa.spec.ts:268:3 › ES-QA-04-manual-ai 错误直接与JSON转义反射，不改变业务分类（AC011） (2.4s)
  ✓  14 [chromium] › tests/e2e/encrypted-secrets-qa.spec.ts:268:3 › ES-QA-04-tripo 错误直接与JSON转义反射，不改变业务分类（AC011） (2.1s)
  ✘  15 [chromium] › tests/e2e/encrypted-secrets-qa.spec.ts:307:1 › ES-QA-05 真实serve迁移保留旧报价代次，check只读（AC005/006/010） (1.4s)


  1) [chromium] › tests/e2e/encrypted-secrets-qa.spec.ts:125:1 › ES-QA-02 真实写盘失败保持编辑，显式重试与375布局（AC008/010/012） 

    Error: [2mexpect([22m[31mlocator[39m[2m).[22mtoContainText[2m([22m[32mexpected[39m[2m)[22m failed

    Locator: getByRole('alert')
    Expected pattern: [32m/加密配置/[39m
    Received string:  [31m"未能保存配置。密钥配置文件不可读、不是受限普通文件或超出大小限制；未读取内容。请求 ID：01a0f835-947d-7258-9b6e-4654fd24d72a请求结果可通过重新读取核对；未保存的输入仍保留在当前页。重新读取配置前往任务中心"[39m
    Timeout: 15000ms

    Call log:
    [2m  - Expect "toContainText" with timeout 15000ms[22m
    [2m  - waiting for getByRole('alert')[22m
    [2m    32 × locator resolved to <div role="alert" class="error-panel">…</div>[22m
    [2m       - unexpected value "未能保存配置。密钥配置文件不可读、不是受限普通文件或超出大小限制；未读取内容。请求 ID：01a0f835-947d-7258-9b6e-4654fd24d72a请求结果可通过重新读取核对；未保存的输入仍保留在当前页。重新读取配置前往任务中心"[22m


      137 |   await page.getByRole("button", { name: "保存配置", exact: true }).click();
      138 |   const alert = page.getByRole("alert");
    > 139 |   await expect(alert).toContainText(/加密配置/);
          |                       ^
      140 |   await expect(alert).toContainText(/请求 ID/);
      141 |   expect(await field.inputValue() === b.keys.tripo, "failure keeps secret only in form memory").toBe(true);
      142 |   await expect(field).not.toHaveAttribute("aria-invalid", "true");
        at /Users/qsyj/Code/rust/everything-manual/apps/web/tests/e2e/encrypted-secrets-qa.spec.ts:139:23

    Error Context: ../../artifacts/encrypted-secrets/qa/playwright-output/encrypted-secrets-qa-ES-QA-71967-辑，显式重试与375布局（AC008-010-012）-chromium/error-context.md

  2) [chromium] › tests/e2e/encrypted-secrets-qa.spec.ts:168:1 › ES-QA-03 外部文件CLI→重启→真实worker→反射诊断/备份/导出无泄漏（AC007/010/011） 

    Error: [2mexpect([22m[31mreceived[39m[2m).[22mtoBe[2m([22m[32mexpected[39m[2m) // Object.is equality[22m

    Expected: [32m200[39m
    Received: [31m422[39m

      224 |   expect(draftRead.headers().etag).toBeTruthy();
      225 |   const patched = await request.patch(draftPath, { headers: { "x-csrf-token": ready.csrf, "if-match": draftRead.headers().etag ?? "" }, data: body });
    > 226 |   expect(patched.status()).toBe(200);
          |                            ^
      227 |   await safeJson(patched);
      228 |   expect(patched.headers().etag).toBeTruthy();
      229 |   const published = await request.post(`${draftPath}/publish`, { headers: { "x-csrf-token": ready.csrf, "if-match": patched.headers().etag ?? "", "idempotency-key": "es-qa-publish" } });
        at /Users/qsyj/Code/rust/everything-manual/apps/web/tests/e2e/encrypted-secrets-qa.spec.ts:226:28

    Error Context: ../../artifacts/encrypted-secrets/qa/playwright-output/encrypted-secrets-qa-ES-QA-48224-射诊断-备份-导出无泄漏（AC007-010-011）-chromium/error-context.md

  3) [chromium] › tests/e2e/encrypted-secrets-qa.spec.ts:307:1 › ES-QA-05 真实serve迁移保留旧报价代次，check只读（AC005/006/010） 

    Error: check supplies migration guidance

    [2mexpect([22m[31mreceived[39m[2m).[22mtoBe[2m([22m[32mexpected[39m[2m) // Object.is equality[22m

    Expected: [32mtrue[39m
    Received: [31mfalse[39m

      328 |   const check = runPrivateCommand(serverBinary(), ["check", "--data-dir", backend.dataDir], backend.workDir, { EM_SECRETS_MASTER_KEY: backend.masterKey });
      329 |   expect(check.status).not.toBe(0);
    > 330 |   expect(check.stderr.toString("utf8").includes("serve"), "check supplies migration guidance").toBe(true);
          |                                                                                                ^
      331 |   expect(secretPresence(Buffer.concat([check.stdout, check.stderr]), secrets()).leaked).toBe(false);
      332 |   expect(fs.readFileSync(file).equals(legacy), "check did not rewrite legacy input").toBe(true);
      333 |   await backend.start();
        at /Users/qsyj/Code/rust/everything-manual/apps/web/tests/e2e/encrypted-secrets-qa.spec.ts:330:96

    Error Context: ../../artifacts/encrypted-secrets/qa/playwright-output/encrypted-secrets-qa-ES-QA-0c862-报价代次，check只读（AC005-006-010）-chromium/error-context.md

  3 failed
    [chromium] › tests/e2e/encrypted-secrets-qa.spec.ts:125:1 › ES-QA-02 真实写盘失败保持编辑，显式重试与375布局（AC008/010/012） 
    [chromium] › tests/e2e/encrypted-secrets-qa.spec.ts:168:1 › ES-QA-03 外部文件CLI→重启→真实worker→反射诊断/备份/导出无泄漏（AC007/010/011） 
    [chromium] › tests/e2e/encrypted-secrets-qa.spec.ts:307:1 › ES-QA-05 真实serve迁移保留旧报价代次，check只读（AC005/006/010） 
  12 passed (49.3s)
