(node:8595) [DEP0205] DeprecationWarning: `module.register()` is deprecated. Use `module.registerHooks()` instead.
(Use `node --trace-deprecation ...` to show where the warning was created)
[2m[WebServer] [22m
[2m[WebServer] [22m> everything-manual-web@0.1.0 dev
[2m[WebServer] [22m> vite
[2m[WebServer] [22m
[2m[WebServer] [22m(node:8621) Warning: The 'NO_COLOR' env is ignored due to the 'FORCE_COLOR' env being set.
[2m[WebServer] [22m(Use `node --trace-warnings ...` to show where the warning was created)
[2m[WebServer] [22m  pdfjs-dist 6.3.289 本地资源：cmaps=169 standard_fonts=16 wasm=13 iccs=2
[2m[WebServer] [22m
[2m[WebServer] [22m  VITE v8.3.0  ready in 141 ms
[2m[WebServer] [22m
[2m[WebServer] [22m  ➜  Local:   http://127.0.0.1:15187/

Running 18 tests using 1 worker

(node:8628) Warning: The 'NO_COLOR' env is ignored due to the 'FORCE_COLOR' env being set.
(Use `node --trace-warnings ...` to show where the warning was created)
(node:8628) [DEP0205] DeprecationWarning: `module.register()` is deprecated. Use `module.registerHooks()` instead.
(node:8628) Warning: The 'NO_COLOR' env is ignored due to the 'FORCE_COLOR' env being set.
(Use `node --trace-warnings ...` to show where the warning was created)
  ✓   1 [chromium] › tests/e2e/api-settings-qa.spec.ts:64:1 › AS-QA-01 运行配置、375/1440布局与键盘标签（AC001/014/015） (3.3s)
  ✓   2 [chromium] › tests/e2e/api-settings-qa.spec.ts:100:1 › AS-QA-02 未保存导航与刷新取消/丢弃，密钥不缓存（AC013/UI006） (4.7s)
  ✓   3 [chromium] › tests/e2e/api-settings-qa.spec.ts:189:1 › AS-QA-03 浏览器保存B→刷新→真实重启→worker消费B（AC003/006/008/009/012） (3.3s)
  ✓   4 [chromium] › tests/e2e/api-settings-qa.spec.ts:253:1 › AS-QA-04 真实HTTP认证/CSRF、写入失败与旧修订冲突（AC002/004/005） (761ms)
  ✓   5 [chromium] › tests/e2e/api-settings-qa.spec.ts:285:1 › AS-QA-05 密钥清除屏蔽部署，单家恢复，缺配置不冒充可生成（AC006/007/015） (1.1s)
  ✓   6 [chromium] › tests/e2e/api-settings-qa.spec.ts:319:1 › AS-QA-06 待重启门禁/旧报价失效/目录外模型与断网（AC011/012/015） (2.2s)
  ✓   7 [chromium] › tests/e2e/api-settings-qa.spec.ts:355:1 › AS-QA-07 保存与真实建单竞争只有一方受理（AC010/011） (1.1s)
  ✓   8 [chromium] › tests/e2e/api-settings-qa.spec.ts:375:1 › AS-QA-08 读取失败/重复提交/字段错误/写失败/冲突重读（AC001/005） (2.0s)
  ✓   9 [chromium] › tests/e2e/api-settings-qa.spec.ts:441:1 › AS-QA-09 手机密钥空替换/切换清空、取消恢复、清除与单家恢复（AC006/007/014） (2.0s)
  ✓  10 [chromium] › tests/e2e/encrypted-secrets-qa.spec.ts:80:1 › ES-QA-01 加密说明/环境keep/两家网页密文与重启（AC001/009/010/012） (2.1s)
  ✓  11 [chromium] › tests/e2e/encrypted-secrets-qa.spec.ts:128:1 › ES-QA-02 真实写盘失败保持编辑，显式重试与375布局（AC008/010/012） (1.6s)
  ✓  12 [chromium] › tests/e2e/encrypted-secrets-qa.spec.ts:171:1 › ES-QA-03 外部文件CLI→重启→真实worker→反射诊断/备份/导出无泄漏（AC007/010/011） (2.3s)
  ✓  13 [chromium] › tests/e2e/encrypted-secrets-qa.spec.ts:272:3 › ES-QA-04-manual-ai 错误直接与JSON转义反射，不改变业务分类（AC011） (2.0s)
  ✓  14 [chromium] › tests/e2e/encrypted-secrets-qa.spec.ts:272:3 › ES-QA-04-tripo 错误直接与JSON转义反射，不改变业务分类（AC011） (2.3s)
  ✓  15 [chromium] › tests/e2e/encrypted-secrets-qa.spec.ts:311:1 › ES-QA-05 真实serve迁移保留旧报价代次，check只读（AC005/006/010） (1.9s)
  ✓  16 [chromium] › tests/e2e/encrypted-secrets-qa.spec.ts:366:3 › ES-QA-06-manual-ai BUG-ES-001 损坏JSON全/混合转义丢弃且不重复购买（AC011） (5.3s)
  ✓  17 [chromium] › tests/e2e/encrypted-secrets-qa.spec.ts:366:3 › ES-QA-06-tripo BUG-ES-001 损坏JSON全/混合转义丢弃且不重复购买（AC011） (5.3s)
  ✓  18 [chromium] › tests/e2e/encrypted-secrets-qa.spec.ts:412:1 › ES-QA-07 合法JSON信封仍保留安全诊断（AC011） (1.2s)

  18 passed (45.8s)
