(node:4475) [DEP0205] DeprecationWarning: `module.register()` is deprecated. Use `module.registerHooks()` instead.
(Use `node --trace-deprecation ...` to show where the warning was created)
[2m[WebServer] [22m
[2m[WebServer] [22m> everything-manual-web@0.1.0 dev
[2m[WebServer] [22m> vite
[2m[WebServer] [22m
[2m[WebServer] [22m(node:4503) Warning: The 'NO_COLOR' env is ignored due to the 'FORCE_COLOR' env being set.
[2m[WebServer] [22m(Use `node --trace-warnings ...` to show where the warning was created)
[2m[WebServer] [22m  pdfjs-dist 6.3.289 本地资源：cmaps=169 standard_fonts=16 wasm=13 iccs=2
[2m[WebServer] [22m
[2m[WebServer] [22m  VITE v8.3.0  ready in 182 ms
[2m[WebServer] [22m
[2m[WebServer] [22m  ➜  Local:   http://127.0.0.1:15187/

Running 3 tests using 1 worker

(node:4543) Warning: The 'NO_COLOR' env is ignored due to the 'FORCE_COLOR' env being set.
(Use `node --trace-warnings ...` to show where the warning was created)
(node:4543) [DEP0205] DeprecationWarning: `module.register()` is deprecated. Use `module.registerHooks()` instead.
(node:4543) Warning: The 'NO_COLOR' env is ignored due to the 'FORCE_COLOR' env being set.
(Use `node --trace-warnings ...` to show where the warning was created)
  ✘  1 [chromium] › tests/e2e/encrypted-secrets-qa.spec.ts:125:1 › ES-QA-02 真实写盘失败保持编辑，显式重试与375布局（AC008/010/012） (16.8s)
(node:4643) Warning: The 'NO_COLOR' env is ignored due to the 'FORCE_COLOR' env being set.
(Use `node --trace-warnings ...` to show where the warning was created)
(node:4643) [DEP0205] DeprecationWarning: `module.register()` is deprecated. Use `module.registerHooks()` instead.
(node:4643) Warning: The 'NO_COLOR' env is ignored due to the 'FORCE_COLOR' env being set.
(Use `node --trace-warnings ...` to show where the warning was created)
  ✘  2 [chromium] › tests/e2e/encrypted-secrets-qa.spec.ts:168:1 › ES-QA-03 外部文件CLI→重启→真实worker→反射诊断/备份/导出无泄漏（AC007/010/011） (1.5s)
(node:4663) Warning: The 'NO_COLOR' env is ignored due to the 'FORCE_COLOR' env being set.
(Use `node --trace-warnings ...` to show where the warning was created)
(node:4663) [DEP0205] DeprecationWarning: `module.register()` is deprecated. Use `module.registerHooks()` instead.
(node:4663) Warning: The 'NO_COLOR' env is ignored due to the 'FORCE_COLOR' env being set.
(Use `node --trace-warnings ...` to show where the warning was created)
  ✘  3 [chromium] › tests/e2e/encrypted-secrets-qa.spec.ts:307:1 › ES-QA-05 真实serve迁移保留旧报价代次，check只读（AC005/006/010） (1.4s)


  1) [chromium] › tests/e2e/encrypted-secrets-qa.spec.ts:125:1 › ES-QA-02 真实写盘失败保持编辑，显式重试与375布局（AC008/010/012） 

    Error: [2mexpect([22m[31mlocator[39m[2m).[22mtoContainText[2m([22m[32mexpected[39m[2m)[22m failed

    Locator: getByRole('alert')
    Expected pattern: [32m/加密配置/[39m
    Received string:  [31m"未能保存配置。密钥配置文件不可读、不是受限普通文件或超出大小限制；未读取内容。请求 ID：01a0f83f-d89b-7676-a399-4da898d1484d请求结果可通过重新读取核对；未保存的输入仍保留在当前页。重新读取配置前往任务中心"[39m
    Timeout: 15000ms

    Call log:
    [2m  - Expect "toContainText" with timeout 15000ms[22m
    [2m  - waiting for getByRole('alert')[22m
    [2m    33 × locator resolved to <div role="alert" class="error-panel">…</div>[22m
    [2m       - unexpected value "未能保存配置。密钥配置文件不可读、不是受限普通文件或超出大小限制；未读取内容。请求 ID：01a0f83f-d89b-7676-a399-4da898d1484d请求结果可通过重新读取核对；未保存的输入仍保留在当前页。重新读取配置前往任务中心"[22m


      137 |   await page.getByRole("button", { name: "保存配置", exact: true }).click();
      138 |   const alert = page.getByRole("alert");
    > 139 |   await expect(alert).toContainText(/加密配置/);
          |                       ^
      140 |   await expect(alert).toContainText(/请求 ID/);
      141 |   expect(await field.inputValue() === b.keys.tripo, "failure keeps secret only in form memory").toBe(true);
      142 |   await expect(field).not.toHaveAttribute("aria-invalid", "true");
        at /Users/qsyj/Code/rust/everything-manual/apps/web/tests/e2e/encrypted-secrets-qa.spec.ts:139:23

    Error Context: ../../artifacts/encrypted-secrets/qa/playwright-rerun-harness/encrypted-secrets-qa-ES-QA-71967-辑，显式重试与375布局（AC008-010-012）-chromium/error-context.md

  2) [chromium] › tests/e2e/encrypted-secrets-qa.spec.ts:168:1 › ES-QA-03 外部文件CLI→重启→真实worker→反射诊断/备份/导出无泄漏（AC007/010/011） 

    Error: [2mexpect([22m[31mreceived[39m[2m).[22mtoBe[2m([22m[32mexpected[39m[2m) // Object.is equality[22m

    Expected: [32m200[39m
    Received: [31m422[39m

      224 |   expect(draftRead.headers().etag).toBeTruthy();
      225 |   const patched = await request.patch(draftPath, { headers: { "x-csrf-token": ready.csrf, "if-match": draftRead.headers().etag ?? "" }, data: body });
    > 226 |   expect(patched.status()).toBe(200);
          |                            ^
      227 |   await safeJson(patched);
      228 |   expect(patched.headers().etag).toBeTruthy();
      229 |   const published = await request.post(`${draftPath}/publish`, { headers: { "x-csrf-token": ready.csrf, "if-match": patched.headers().etag ?? "", "idempotency-key": "es-qa-publish" } });
        at /Users/qsyj/Code/rust/everything-manual/apps/web/tests/e2e/encrypted-secrets-qa.spec.ts:226:28

    Error Context: ../../artifacts/encrypted-secrets/qa/playwright-rerun-harness/encrypted-secrets-qa-ES-QA-48224-射诊断-备份-导出无泄漏（AC007-010-011）-chromium/error-context.md

  3) [chromium] › tests/e2e/encrypted-secrets-qa.spec.ts:307:1 › ES-QA-05 真实serve迁移保留旧报价代次，check只读（AC005/006/010） 

    Error: check supplies migration guidance

    [2mexpect([22m[31mreceived[39m[2m).[22mtoBe[2m([22m[32mexpected[39m[2m) // Object.is equality[22m

    Expected: [32mtrue[39m
    Received: [31mfalse[39m

      328 |   const check = runPrivateCommand(serverBinary(), ["check", "--data-dir", backend.dataDir], backend.workDir, { EM_SECRETS_MASTER_KEY: backend.masterKey });
      329 |   expect(check.status).not.toBe(0);
    > 330 |   expect(check.stderr.toString("utf8").includes("serve"), "check supplies migration guidance").toBe(true);
          |                                                                                                ^
      331 |   expect(secretPresence(Buffer.concat([check.stdout, check.stderr]), secrets()).leaked).toBe(false);
      332 |   expect(fs.readFileSync(file).equals(legacy), "check did not rewrite legacy input").toBe(true);
      333 |   await backend.start();
        at /Users/qsyj/Code/rust/everything-manual/apps/web/tests/e2e/encrypted-secrets-qa.spec.ts:330:96

    Error Context: ../../artifacts/encrypted-secrets/qa/playwright-rerun-harness/encrypted-secrets-qa-ES-QA-0c862-报价代次，check只读（AC005-006-010）-chromium/error-context.md

  3 failed
    [chromium] › tests/e2e/encrypted-secrets-qa.spec.ts:125:1 › ES-QA-02 真实写盘失败保持编辑，显式重试与375布局（AC008/010/012） 
    [chromium] › tests/e2e/encrypted-secrets-qa.spec.ts:168:1 › ES-QA-03 外部文件CLI→重启→真实worker→反射诊断/备份/导出无泄漏（AC007/010/011） 
    [chromium] › tests/e2e/encrypted-secrets-qa.spec.ts:307:1 › ES-QA-05 真实serve迁移保留旧报价代次，check只读（AC005/006/010） 
