
> everything-manual-web@0.1.0 test:e2e
> playwright test

(node:49790) [DEP0205] DeprecationWarning: `module.register()` is deprecated. Use `module.registerHooks()` instead.
(Use `node --trace-deprecation ...` to show where the warning was created)
[2m[WebServer] [22m
[2m[WebServer] [22m> everything-manual-web@0.1.0 dev
[2m[WebServer] [22m> vite
[2m[WebServer] [22m
[2m[WebServer] [22m  pdfjs-dist 6.3.289 本地资源：cmaps=169 standard_fonts=16 wasm=13 iccs=2
[2m[WebServer] [22m
[2m[WebServer] [22m  [32m[1mVITE[22m v8.3.0[39m  [2mready in [0m[1m148[22m[2m[0m ms[22m
[2m[WebServer] [22m
[2m[WebServer] [22m  [32m➜[39m  [1mLocal[22m:   [36mhttp://127.0.0.1:[1m15173[22m/[39m
warning: `/Users/qsyj/.cargo/config` is deprecated in favor of `config.toml`
  |
  = help: if you need to support cargo 1.38 or earlier, you can symlink `config` to `config.toml`
   Compiling everything-manual v0.1.0 (/Users/qsyj/Code/rust/everything-manual/crates/server)
    Finished `dev` profile [unoptimized + debuginfo] target(s) in 10.03s
{"timestamp":"2026-09-12T19:07:08.711916Z","level":"INFO","fields":{"message":"data-dir 初始化完成","event":"init","dataDir":"/var/folders/5y/y4jt01gd7mzglrwt5pf7p3m00000gn/T/em-web-mvp-e2e/data","passwordSource":"受限文件 /var/folders/5y/y4jt01gd7mzglrwt5pf7p3m00000gn/T/em-web-mvp-e2e/password.txt","schemaVersion":7,"adminId":"01a09704-2e27-758e-be97-e7a847f4ae57","adminStatus":"已创建"},"target":"everything_manual::config::commands"}
data-dir 已初始化：/var/folders/5y/y4jt01gd7mzglrwt5pf7p3m00000gn/T/em-web-mvp-e2e/data
  - 已创建：/var/folders/5y/y4jt01gd7mzglrwt5pf7p3m00000gn/T/em-web-mvp-e2e/data
  - 已创建：/var/folders/5y/y4jt01gd7mzglrwt5pf7p3m00000gn/T/em-web-mvp-e2e/data/tmp
  - 已创建：/var/folders/5y/y4jt01gd7mzglrwt5pf7p3m00000gn/T/em-web-mvp-e2e/data/logs
  - 已创建：/var/folders/5y/y4jt01gd7mzglrwt5pf7p3m00000gn/T/em-web-mvp-e2e/data/blobs
  - 已创建：/var/folders/5y/y4jt01gd7mzglrwt5pf7p3m00000gn/T/em-web-mvp-e2e/data/lock
数据库：已创建并迁移（/var/folders/5y/y4jt01gd7mzglrwt5pf7p3m00000gn/T/em-web-mvp-e2e/data/manual.sqlite3，schema v7；迁移随二进制内嵌，WAL / synchronous=FULL / foreign_keys=ON）
管理员凭据：已创建（admins 表；Argon2id v19、m=19456 KiB、t=2、p=1、16 字节盐；无默认密码）。
密码来源：受限文件 /var/folders/5y/y4jt01gd7mzglrwt5pf7p3m00000gn/T/em-web-mvp-e2e/password.txt；明文不落盘、不进入日志与 shell history。

Running 86 tests using 1 worker

(node:49890) [DEP0205] DeprecationWarning: `module.register()` is deprecated. Use `module.registerHooks()` instead.
(Use `node --trace-deprecation ...` to show where the warning was created)
  ✓   1 [chromium] › tests/e2e/import-flow.spec.ts:85:3 › 资料库与新建向导（T16） › 正常向导：建物品 → PDF → 照片 → 准备 → 报价 → 确认 → 生成进入等待 (4.1s)
  ✓   2 [chromium] › tests/e2e/import-flow.spec.ts:213:3 › 资料库与新建向导（T16） › 缺 front：生成入口禁用并说明缺项 (1.4s)
  ✓   3 [chromium] › tests/e2e/import-flow.spec.ts:238:3 › 资料库与新建向导（T16） › 上传失败重试：超限文件 + 注入一次失败后重试成功 (5.7s)
  ✓   4 [chromium] › tests/e2e/import-flow.spec.ts:294:3 › 资料库与新建向导（T16） › 预算变动：低于上界被禁用；报价过期后重新获取报价（不自动重报） (1.9s)
  ✓   5 [chromium] › tests/e2e/import-flow.spec.ts:357:3 › 资料库与新建向导（T16） › 返回上一步与刷新：只改 URL，不丢服务端已保存的资料 (1.7s)
  ✓   6 [chromium] › tests/e2e/import-flow.spec.ts:398:3 › 资料库与新建向导（T16） › 窄屏（<768px）键盘：Tab/Enter 完成第 1 步，抽屉焦点陷阱与 Esc (1.1s)
warning: `/Users/qsyj/.cargo/config` is deprecated in favor of `config.toml`
  |
  = help: if you need to support cargo 1.38 or earlier, you can symlink `config` to `config.toml`
   Compiling everything-manual v0.1.0 (/Users/qsyj/Code/rust/everything-manual/crates/server)
    Finished `dev` profile [unoptimized + debuginfo] target(s) in 4.47s
{"timestamp":"2026-09-12T19:07:32.223794Z","level":"INFO","fields":{"message":"data-dir 初始化完成","event":"init","dataDir":"/var/folders/5y/y4jt01gd7mzglrwt5pf7p3m00000gn/T/em-t17-job-recovery-g5ggFK/data","passwordSource":"受限文件 /var/folders/5y/y4jt01gd7mzglrwt5pf7p3m00000gn/T/em-t17-job-recovery-g5ggFK/password.txt","schemaVersion":7,"adminId":"01a09704-89ff-7009-a5cd-d013318f4f51","adminStatus":"已创建"},"target":"everything_manual::config::commands"}
data-dir 已初始化：/var/folders/5y/y4jt01gd7mzglrwt5pf7p3m00000gn/T/em-t17-job-recovery-g5ggFK/data
  - 已创建：/var/folders/5y/y4jt01gd7mzglrwt5pf7p3m00000gn/T/em-t17-job-recovery-g5ggFK/data
  - 已创建：/var/folders/5y/y4jt01gd7mzglrwt5pf7p3m00000gn/T/em-t17-job-recovery-g5ggFK/data/tmp
  - 已创建：/var/folders/5y/y4jt01gd7mzglrwt5pf7p3m00000gn/T/em-t17-job-recovery-g5ggFK/data/logs
  - 已创建：/var/folders/5y/y4jt01gd7mzglrwt5pf7p3m00000gn/T/em-t17-job-recovery-g5ggFK/data/blobs
  - 已创建：/var/folders/5y/y4jt01gd7mzglrwt5pf7p3m00000gn/T/em-t17-job-recovery-g5ggFK/data/lock
数据库：已创建并迁移（/var/folders/5y/y4jt01gd7mzglrwt5pf7p3m00000gn/T/em-t17-job-recovery-g5ggFK/data/manual.sqlite3，schema v7；迁移随二进制内嵌，WAL / synchronous=FULL / foreign_keys=ON）
管理员凭据：已创建（admins 表；Argon2id v19、m=19456 KiB、t=2、p=1、16 字节盐；无默认密码）。
密码来源：受限文件 /var/folders/5y/y4jt01gd7mzglrwt5pf7p3m00000gn/T/em-t17-job-recovery-g5ggFK/password.txt；明文不落盘、不进入日志与 shell history。
  ✓   7 [chromium] › tests/e2e/job-recovery.spec.ts:136:1 › 列表与详情：状态、阶段、分列费用，不出现虚假线性总进度 (1.9s)
  ✓   8 [chromium] › tests/e2e/job-recovery.spec.ts:191:1 › 浏览器关闭后服务器继续：关页面 → 服务端推进 → 重开看到新状态 (9.7s)
  ✓   9 [chromium] › tests/e2e/job-recovery.spec.ts:231:1 › 服务重启恢复：页面从数据库读到同一状态 (2.4s)
  ✓  10 [chromium] › tests/e2e/job-recovery.spec.ts:265:1 › unknown：不渲染重试按钮，渲染对账入口，预留保留为未决 (1.7s)
  ✓  11 [chromium] › tests/e2e/job-recovery.spec.ts:305:1 › 重复操作不多收费：重复点击与重放不产生新的付费提交 (2.8s)
  ✓  12 [chromium] › tests/e2e/job-recovery.spec.ts:361:1 › needs_input：缺项与真实恢复动作一致（P3① 不再承诺可重试）；断网不误报业务失败 (5.9s)
  ✓  13 [chromium] › tests/e2e/job-recovery.spec.ts:414:1 › 失败阶段：错误摘要可读，不可重试的原因如实（不误导） (1.6s)
  ✓  14 [chromium] › tests/e2e/job-recovery.spec.ts:440:1 › 轮询频率：可见约 2 秒、后台降频、终态停止 (37.2s)
  ✓  15 [chromium] › tests/e2e/library-row-layout.spec.ts:77:1 › RD-ROW-1 桌面 1024–1920px：身份列可读、行高正常、说明独占整行（BUG-005 守卫） (2.2s)
  ✓  16 [chromium] › tests/e2e/library-row-layout.spec.ts:133:1 › RD-ROW-2 窄屏 <768px：行单列堆叠、名称可读、摘要抽屉可开可关（不回退） (1.5s)
warning: `/Users/qsyj/.cargo/config` is deprecated in favor of `config.toml`
  |
  = help: if you need to support cargo 1.38 or earlier, you can symlink `config` to `config.toml`
    Finished `dev` profile [unoptimized + debuginfo] target(s) in 0.12s
{"timestamp":"2026-09-12T19:08:41.401217Z","level":"INFO","fields":{"message":"data-dir 初始化完成","event":"init","dataDir":"/var/folders/5y/y4jt01gd7mzglrwt5pf7p3m00000gn/T/em-t17-t19-fekzQr/data","passwordSource":"受限文件 /var/folders/5y/y4jt01gd7mzglrwt5pf7p3m00000gn/T/em-t17-t19-fekzQr/password.txt","schemaVersion":7,"adminId":"01a09705-9838-7448-aa6b-cd935cda78c5","adminStatus":"已创建"},"target":"everything_manual::config::commands"}
data-dir 已初始化：/var/folders/5y/y4jt01gd7mzglrwt5pf7p3m00000gn/T/em-t17-t19-fekzQr/data
  - 已创建：/var/folders/5y/y4jt01gd7mzglrwt5pf7p3m00000gn/T/em-t17-t19-fekzQr/data
  - 已创建：/var/folders/5y/y4jt01gd7mzglrwt5pf7p3m00000gn/T/em-t17-t19-fekzQr/data/tmp
  - 已创建：/var/folders/5y/y4jt01gd7mzglrwt5pf7p3m00000gn/T/em-t17-t19-fekzQr/data/logs
  - 已创建：/var/folders/5y/y4jt01gd7mzglrwt5pf7p3m00000gn/T/em-t17-t19-fekzQr/data/blobs
  - 已创建：/var/folders/5y/y4jt01gd7mzglrwt5pf7p3m00000gn/T/em-t17-t19-fekzQr/data/lock
数据库：已创建并迁移（/var/folders/5y/y4jt01gd7mzglrwt5pf7p3m00000gn/T/em-t17-t19-fekzQr/data/manual.sqlite3，schema v7；迁移随二进制内嵌，WAL / synchronous=FULL / foreign_keys=ON）
管理员凭据：已创建（admins 表；Argon2id v19、m=19456 KiB、t=2、p=1、16 字节盐；无默认密码）。
密码来源：受限文件 /var/folders/5y/y4jt01gd7mzglrwt5pf7p3m00000gn/T/em-t17-t19-fekzQr/password.txt；明文不落盘、不进入日志与 shell history。
[2m[WebServer] [22m[2m03:08:44[22m [33m[1m[vite][22m[39m [33m[2m(client)[22m[39m [2m[console.warn] [22mTHREE.Clock: This module has been deprecated. Please use THREE.Timer instead.
  ✓  17 [chromium] › tests/e2e/manual-review.spec.ts:436:1 › T19-1 拾取绑定：旋转/缩放后点击位置正确；拖动旋转不建点（真实链路） (5.5s)
[2m[WebServer] [22m[2m03:08:50[22m [33m[1m[vite][22m[39m [33m[2m(client)[22m[39m [2m[console.warn] [22mTHREE.Clock: This module has been deprecated. Please use THREE.Timer instead.
[2m[WebServer] [22m[2m03:08:51[22m [33m[1m[vite][22m[39m [33m[2m(client)[22m[39m [2m[console.warn] [22mTHREE.Clock: This module has been deprecated. Please use THREE.Timer instead.
  ✓  18 [chromium] › tests/e2e/manual-review.spec.ts:561:1 › T19-2 部件列表 ↔ 3D 热点双向联动；步骤前进/后退不累积错误状态 (4.6s)
[2m[WebServer] [22m[2m03:08:54[22m [33m[1m[vite][22m[39m [33m[2m(client)[22m[39m [2m[console.warn] [22mTHREE.Clock: This module has been deprecated. Please use THREE.Timer instead.
  ✓  19 [chromium] › tests/e2e/manual-review.spec.ts:628:1 › T19-3 引用跳到正确 1-based 页（页图与页文字一致） (3.7s)
[2m[WebServer] [22m[2m03:08:58[22m [33m[1m[vite][22m[39m [33m[2m(client)[22m[39m [2m[console.warn] [22mTHREE.Clock: This module has been deprecated. Please use THREE.Timer instead.
  ✓  20 [chromium] › tests/e2e/manual-review.spec.ts:667:1 › T19-4 并发冲突 412：提示当前 revision 且刷新后恢复（真实链路） (3.8s)
[2m[WebServer] [22m[2m03:09:02[22m [33m[1m[vite][22m[39m [33m[2m(client)[22m[39m [2m[console.warn] [22mTHREE.Clock: This module has been deprecated. Please use THREE.Timer instead.
  ✓  21 [chromium] › tests/e2e/manual-review.spec.ts:708:1 › T19-5 不完整发布不可用（原因常驻）；服务端 422 明细可见 (4.2s)
[2m[WebServer] [22m[2m03:09:06[22m [33m[1m[vite][22m[39m [33m[2m(client)[22m[39m [2m[console.warn] [22mTHREE.Clock: This module has been deprecated. Please use THREE.Timer instead.
[2m[WebServer] [22m[2m03:09:07[22m [33m[1m[vite][22m[39m [33m[2m(client)[22m[39m [2m[console.warn] [22mTHREE.Clock: This module has been deprecated. Please use THREE.Timer instead.
  ✓  22 [chromium] › tests/e2e/manual-review.spec.ts:762:1 › T19-6 发布（真实链路）→ 阅读器可读；修改草稿不改变已发布版本 (5.8s)
[2m[WebServer] [22m[2m03:09:12[22m [33m[1m[vite][22m[39m [33m[2m(client)[22m[39m [2m[console.warn] [22mTHREE.Clock: This module has been deprecated. Please use THREE.Timer instead.
  ✓  23 [chromium] › tests/e2e/manual-review.spec.ts:834:1 › T19-7 窄屏：几何校准禁用并解释；文字确认与发布仍可用 (3.8s)
[2m[WebServer] [22m[2m03:09:16[22m [33m[1m[vite][22m[39m [33m[2m(client)[22m[39m [2m[console.warn] [22mTHREE.Clock: This module has been deprecated. Please use THREE.Timer instead.
[2m[WebServer] [22m[2m03:09:16[22m [33m[1m[vite][22m[39m [33m[2m(client)[22m[39m [2m[console.warn] [22mTHREE.Clock: This module has been deprecated. Please use THREE.Timer instead.
[2m[WebServer] [22m[2m03:09:17[22m [33m[1m[vite][22m[39m [33m[2m(client)[22m[39m [2m[console.warn] [22mTHREE.WebGLRenderer: WEBGL_lose_context extension not supported.
  ✓  24 [chromium] › tests/e2e/manual-review.spec.ts:883:1 › T19-8 键盘路径与减少动效；上下文丢失 → 重建状态机（回归断言集） (12.8s)
  ✓  25 [chromium] › tests/e2e/pdf-preparation.spec.ts:86:3 › PDF 准备与续传（T09） › 文字 PDF：逐页准备（1-based 页号）、JPEG 页图、封存 ready (2.1s)
  ✓  26 [chromium] › tests/e2e/pdf-preparation.spec.ts:158:3 › PDF 准备与续传（T09） › 断线续传：重新进入只补缺页，不重传已完成页 (3.6s)
  ✓  27 [chromium] › tests/e2e/pdf-preparation.spec.ts:214:3 › PDF 准备与续传（T09） › 扫描 PDF：没有文字层时按页图上传 (1.9s)
  ✓  28 [chromium] › tests/e2e/pdf-preparation.spec.ts:244:3 › PDF 准备与续传（T09） › 旋转页：viewport 记录旋转角与旋转后尺寸 (2.0s)
  ✓  29 [chromium] › tests/e2e/pdf-preparation.spec.ts:281:3 › PDF 准备与续传（T09） › 非拉丁字体页：CJK 文字提取正确且 CMap 从本地加载 (1.9s)
  ✓  30 [chromium] › tests/e2e/pdf-preparation.spec.ts:318:3 › PDF 准备与续传（T09） › 加密 PDF：明确拒绝且不创建任何准备/页记录 (2.3s)
  ✓  31 [chromium] › tests/e2e/pdf-preparation.spec.ts:350:3 › PDF 准备与续传（T09） › 101 页 PDF：明确拒绝并说明实际页数 (2.3s)
  ✓  32 [chromium] › tests/e2e/pdf-preparation.spec.ts:368:3 › PDF 准备与续传（T09） › 断外网仍可完成准备：worker/CMaps/字体全部本地加载，零外部请求 (2.0s)
  ✓  33 [chromium] › tests/e2e/pdf-preparation.spec.ts:412:3 › PDF 准备与续传（T09） › 逐页进度、可取消、离开确认与单 canvas 约束 (7.4s)
  ✓  34 [chromium] › tests/e2e/pdf-preparation.spec.ts:475:3 › BUG-001-r8 回归：通知条不遮挡顶栏指针操作 › 通知条出现期间顶栏入口可点击（宽屏 + 窄屏） (1.4s)
  ✓  35 [chromium] › tests/e2e/qa-t09-independent.spec.ts:193:1 › 续传：关闭标签页后用新标签页继续，只补缺失页且不替换已完成页资产 (3.5s)
  ✓  36 [chromium] › tests/e2e/qa-t09-independent.spec.ts:286:1 › 离线：阻断非本机请求仍完成准备；worker/CMaps/字体/WASM/ICC 均本机可用 (2.0s)
BUG-002 命中样本：[{"width":1280,"firstFrame":{"tag":"A","linkText":"资料库","topBarBottom":63,"noticeTop":63,"noticesTopVar":"63px"},"settled":{"tag":"A","linkText":"资料库","topBarBottom":63,"noticeTop":63,"noticesTopVar":"63px"}},{"width":390,"firstFrame":{"tag":"DIV","linkText":null,"topBarBottom":138,"noticeTop":104,"noticesTopVar":"104px"},"settled":{"tag":"A","linkText":"资料库","topBarBottom":138,"noticeTop":138,"noticesTopVar":"138px"}}]
  ✓  37 [chromium] › tests/e2e/qa-t09-independent.spec.ts:381:1 › BUG-002 复验：通知可见时顶栏指针/键盘可用（1280/390；并记录定位轮询窗口） (2.0s)
  ✓  38 [chromium] › tests/e2e/qa-t09-independent.spec.ts:502:1 › 逐页进度（第 n / N 页）、单 canvas、beforeunload 与取消停止上传 (3.4s)
  ✓  39 [chromium] › tests/e2e/qa-t09-independent.spec.ts:566:1 › 加密与 101 页 PDF：明确拒绝、零 preparation 请求、SQLite 各表零新增 (4.0s)
  ✓  40 [chromium] › tests/e2e/qa-t09-independent.spec.ts:622:1 › 页图上报 viewport 与实际 JPEG 像素一致（旋转页 /Rotate 90）且四角为白色 (2.0s)
  ✓  41 [chromium] › tests/e2e/qa-t16-independent.spec.ts:197:3 › T16 独立验收（QA 回合 18） › QA-1 资料库三态与行内禁用入口；新建表单无物品级来源链接（AC-026） (4.1s)
  ✓  42 [chromium] › tests/e2e/qa-t16-independent.spec.ts:323:3 › T16 独立验收（QA 回合 18） › QA-2 第 2/3/5 步刷新不丢资料、URL 即步骤、零重复上传（AC-026 / REQ-016） (2.9s)
  ✓  43 [chromium] › tests/e2e/qa-t16-independent.spec.ts:390:3 › T16 独立验收（QA 回合 18） › QA-3 确认页逐项告知、默认不勾选、未确认提交被拒（AC-030 / UI-024） (1.7s)
  ✓  44 [chromium] › tests/e2e/qa-t16-independent.spec.ts:484:3 › T16 独立验收（QA 回合 18） › QA-4 失败重试复用幂等键，服务端只产生一个 job（AC-026 / UI-020） (3.1s)
  ✓  45 [chromium] › tests/e2e/qa-t16-independent.spec.ts:611:3 › T16 独立验收（QA 回合 18） › QA-5 受理后不判断远端成功、无自动发布入口、无禁用措辞、准备进度非百分比（AC-048 / §6.3.2） (3.4s)
  ✓  46 [chromium] › tests/e2e/qa-t16-independent.spec.ts:703:3 › T16 独立验收（QA 回合 18） › QA-6 同视图占用 422 的可行动文案 + 缺项提示（UI-012/UI-013） (1.7s)
  ✓  47 [chromium] › tests/e2e/qa-t16-independent.spec.ts:736:3 › T16 独立验收（QA 回合 18） › QA-7 缺侧面视图：生成禁用、缺项常驻、不提前请求报价（AC-026 / UI-013） (1.5s)
  ✓  48 [chromium] › tests/e2e/qa-t16-independent.spec.ts:775:3 › T16 独立验收（QA 回合 18） › QA-11 无准备指针：如实显示缺项、不伪造状态、不请求报价（REQ-016 诚实性） (1.5s)
  ✓  49 [chromium] › tests/e2e/qa-t16-independent.spec.ts:811:3 › T16 独立验收（QA 回合 18） › QA-8 第 2/5 步失败态可行动（重试后恢复）（AC-026 / UI-019/026） (2.0s)
  ✓  50 [chromium] › tests/e2e/qa-t16-independent.spec.ts:880:3 › T16 独立验收（QA 回合 18） › QA-9 窄屏抽屉与桌面并排：同一 URL 切换无需刷新（AC-060 前端侧 / UI-062） (1.7s)
  ✓  51 [chromium] › tests/e2e/qa-t16-independent.spec.ts:933:3 › T16 独立验收（QA 回合 18） › QA-12 磁盘满 413（insufficientStorage）文案：所需/可用字节 + 清理提示（UI-009） (1.2s)
  ✓  52 [chromium] › tests/e2e/qa-t16-independent.spec.ts:984:3 › T16 独立验收（QA 回合 18） › QA-10 资料库行布局：名称/型号列在 1280px 下可读（UI-005 回归守卫） (1.5s)
warning: `/Users/qsyj/.cargo/config` is deprecated in favor of `config.toml`
  |
  = help: if you need to support cargo 1.38 or earlier, you can symlink `config` to `config.toml`
    Finished `dev` profile [unoptimized + debuginfo] target(s) in 0.13s
{"timestamp":"2026-09-12T19:10:38.294579Z","level":"INFO","fields":{"message":"data-dir 初始化完成","event":"init","dataDir":"/var/folders/5y/y4jt01gd7mzglrwt5pf7p3m00000gn/T/em-t17-qa-t17-ryBP8G/data","passwordSource":"受限文件 /var/folders/5y/y4jt01gd7mzglrwt5pf7p3m00000gn/T/em-t17-qa-t17-ryBP8G/password.txt","schemaVersion":7,"adminId":"01a09707-60d6-7383-83c4-a7fff9776b0e","adminStatus":"已创建"},"target":"everything_manual::config::commands"}
data-dir 已初始化：/var/folders/5y/y4jt01gd7mzglrwt5pf7p3m00000gn/T/em-t17-qa-t17-ryBP8G/data
  - 已创建：/var/folders/5y/y4jt01gd7mzglrwt5pf7p3m00000gn/T/em-t17-qa-t17-ryBP8G/data
  - 已创建：/var/folders/5y/y4jt01gd7mzglrwt5pf7p3m00000gn/T/em-t17-qa-t17-ryBP8G/data/tmp
  - 已创建：/var/folders/5y/y4jt01gd7mzglrwt5pf7p3m00000gn/T/em-t17-qa-t17-ryBP8G/data/logs
  - 已创建：/var/folders/5y/y4jt01gd7mzglrwt5pf7p3m00000gn/T/em-t17-qa-t17-ryBP8G/data/blobs
  - 已创建：/var/folders/5y/y4jt01gd7mzglrwt5pf7p3m00000gn/T/em-t17-qa-t17-ryBP8G/data/lock
数据库：已创建并迁移（/var/folders/5y/y4jt01gd7mzglrwt5pf7p3m00000gn/T/em-t17-qa-t17-ryBP8G/data/manual.sqlite3，schema v7；迁移随二进制内嵌，WAL / synchronous=FULL / foreign_keys=ON）
管理员凭据：已创建（admins 表；Argon2id v19、m=19456 KiB、t=2、p=1、16 字节盐；无默认密码）。
密码来源：受限文件 /var/folders/5y/y4jt01gd7mzglrwt5pf7p3m00000gn/T/em-t17-qa-t17-ryBP8G/password.txt；明文不落盘、不进入日志与 shell history。
  ✓  53 [chromium] › tests/e2e/qa-t17-independent.spec.ts:200:1 › QA-T17-1 列表/详情：分列金额与服务端逐字段一致、终态停止轮询、无虚假总进度 (14.3s)
  ✓  54 [chromium] › tests/e2e/qa-t17-independent.spec.ts:278:1 › QA-T17-2 进行中状态区分 + 浏览器关闭后服务器继续推进 (11.9s)
  ✓  55 [chromium] › tests/e2e/qa-t17-independent.spec.ts:337:1 › QA-T17-3 断网显示网络问题（不误报业务失败），恢复后显示服务端新状态 (6.0s)
  ✓  56 [chromium] › tests/e2e/qa-t17-independent.spec.ts:381:1 › QA-T17-4 unknown：无重试按钮、对账入口、未决预留=服务端金额（非 0）、recordNoTask 需证据 (1.8s)
  ✓  57 [chromium] › tests/e2e/qa-t17-independent.spec.ts:443:1 › QA-T17-5 T15 P3①：详情拒绝态与端点 422 同源；允许的重试真的生效；草稿文案不承诺重试 (2.6s)
  ✓  58 [chromium] › tests/e2e/qa-t17-independent.spec.ts:539:1 › QA-T17-6 轮询频率：可见约 2 秒 / 后台约 15 秒；重启后仍从数据库恢复 (41.4s)
  ✓  59 [chromium] › tests/e2e/qa-t17-independent.spec.ts:633:1 › QA-T17-7 412 走统一刷新组件（UI-008）：陈旧 ETag 不覆盖、刷新后见服务端状态 (2.2s)
  ✓  60 [chromium] › tests/e2e/qa-t17-independent.spec.ts:676:1 › QA-T17-8 失败状态：与 unknown 明确分开、错误摘要可读、不可重试原因如实 (2.0s)
warning: `/Users/qsyj/.cargo/config` is deprecated in favor of `config.toml`
  |
  = help: if you need to support cargo 1.38 or earlier, you can symlink `config` to `config.toml`
    Finished `dev` profile [unoptimized + debuginfo] target(s) in 0.13s
{"timestamp":"2026-09-12T19:12:02.606778Z","level":"INFO","fields":{"message":"data-dir 初始化完成","event":"init","dataDir":"/var/folders/5y/y4jt01gd7mzglrwt5pf7p3m00000gn/T/em-t17-qa-t18-l2x4Rz/data","passwordSource":"受限文件 /var/folders/5y/y4jt01gd7mzglrwt5pf7p3m00000gn/T/em-t17-qa-t18-l2x4Rz/password.txt","schemaVersion":7,"adminId":"01a09708-aa2e-711c-b19e-1a72e64d6b27","adminStatus":"已创建"},"target":"everything_manual::config::commands"}
data-dir 已初始化：/var/folders/5y/y4jt01gd7mzglrwt5pf7p3m00000gn/T/em-t17-qa-t18-l2x4Rz/data
  - 已创建：/var/folders/5y/y4jt01gd7mzglrwt5pf7p3m00000gn/T/em-t17-qa-t18-l2x4Rz/data
  - 已创建：/var/folders/5y/y4jt01gd7mzglrwt5pf7p3m00000gn/T/em-t17-qa-t18-l2x4Rz/data/tmp
  - 已创建：/var/folders/5y/y4jt01gd7mzglrwt5pf7p3m00000gn/T/em-t17-qa-t18-l2x4Rz/data/logs
  - 已创建：/var/folders/5y/y4jt01gd7mzglrwt5pf7p3m00000gn/T/em-t17-qa-t18-l2x4Rz/data/blobs
  - 已创建：/var/folders/5y/y4jt01gd7mzglrwt5pf7p3m00000gn/T/em-t17-qa-t18-l2x4Rz/data/lock
数据库：已创建并迁移（/var/folders/5y/y4jt01gd7mzglrwt5pf7p3m00000gn/T/em-t17-qa-t18-l2x4Rz/data/manual.sqlite3，schema v7；迁移随二进制内嵌，WAL / synchronous=FULL / foreign_keys=ON）
管理员凭据：已创建（admins 表；Argon2id v19、m=19456 KiB、t=2、p=1、16 字节盐；无默认密码）。
密码来源：受限文件 /var/folders/5y/y4jt01gd7mzglrwt5pf7p3m00000gn/T/em-t17-qa-t18-l2x4Rz/password.txt；明文不落盘、不进入日志与 shell history。
[2m[WebServer] [22m[2m03:12:06[22m [33m[1m[vite][22m[39m [33m[2m(client)[22m[39m [2m[console.warn] [22mTHREE.Clock: This module has been deprecated. Please use THREE.Timer instead.
  ✓  61 [chromium] › tests/e2e/qa-t18-independent.spec.ts:573:1 › QA-T18-1 真实链路：真实草稿 + 真实资产字节驱动阅读器（零正常响应伪造） (2.3s)
[2m[WebServer] [22m[2m03:12:08[22m [33m[1m[vite][22m[39m [33m[2m(client)[22m[39m [2m[console.warn] [22mTHREE.Clock: This module has been deprecated. Please use THREE.Timer instead.
  ✓  62 [chromium] › tests/e2e/qa-t18-independent.spec.ts:616:1 › QA-T18-2 坐标一致性（真实模型 + 第一性原理重算 + 相机旋转/缩放不变） (2.6s)
[2m[WebServer] [22m[2m03:12:11[22m [33m[1m[vite][22m[39m [33m[2m(client)[22m[39m [2m[console.warn] [22mTHREE.Clock: This module has been deprecated. Please use THREE.Timer instead.
[2m[WebServer] [22m[2m03:12:12[22m [33m[1m[vite][22m[39m [33m[2m(client)[22m[39m [2m[console.warn] [22mTHREE.Clock: This module has been deprecated. Please use THREE.Timer instead.
  ✓  63 [chromium] › tests/e2e/qa-t18-independent.spec.ts:714:1 › QA-T18-3 上下文丢失 → 真实绘制中断 → restored 后真实恢复（独立 draw 计数） (3.6s)
[2m[WebServer] [22m[2m03:12:14[22m [33m[1m[vite][22m[39m [33m[2m(client)[22m[39m [2m[console.warn] [22mTHREE.Clock: This module has been deprecated. Please use THREE.Timer instead.
[2m[WebServer] [22m[2m03:12:15[22m [33m[1m[vite][22m[39m [33m[2m(client)[22m[39m [2m[console.warn] [22mTHREE.Clock: This module has been deprecated. Please use THREE.Timer instead.
[2m[WebServer] [22m[2m03:12:15[22m [33m[1m[vite][22m[39m [33m[2m(client)[22m[39m [2m[console.warn] [22mTHREE.Clock: This module has been deprecated. Please use THREE.Timer instead.
[2m[WebServer] [22m[2m03:12:15[22m [33m[1m[vite][22m[39m [33m[2m(client)[22m[39m [2m[console.warn] [22mTHREE.Clock: This module has been deprecated. Please use THREE.Timer instead.
[2m[WebServer] [22m[2m03:12:16[22m [33m[1m[vite][22m[39m [33m[2m(client)[22m[39m [2m[console.warn] [22mTHREE.Clock: This module has been deprecated. Please use THREE.Timer instead.
[2m[WebServer] [22m[2m03:12:16[22m [33m[1m[vite][22m[39m [33m[2m(client)[22m[39m [2m[console.warn] [22mTHREE.Clock: This module has been deprecated. Please use THREE.Timer instead.
[2m[WebServer] [22m[2m03:12:17[22m [33m[1m[vite][22m[39m [33m[2m(client)[22m[39m [2m[console.warn] [22mTHREE.Clock: This module has been deprecated. Please use THREE.Timer instead.
[2m[WebServer] [22m[2m03:12:17[22m [33m[1m[vite][22m[39m [33m[2m(client)[22m[39m [2m[console.warn] [22mTHREE.Clock: This module has been deprecated. Please use THREE.Timer instead.
[2m[WebServer] [22m[2m03:12:17[22m [33m[1m[vite][22m[39m [33m[2m(client)[22m[39m [2m[console.warn] [22mTHREE.Clock: This module has been deprecated. Please use THREE.Timer instead.
[2m[WebServer] [22m[2m03:12:18[22m [33m[1m[vite][22m[39m [33m[2m(client)[22m[39m [2m[console.warn] [22mTHREE.Clock: This module has been deprecated. Please use THREE.Timer instead.
[2m[WebServer] [22m[2m03:12:18[22m [33m[1m[vite][22m[39m [33m[2m(client)[22m[39m [2m[console.warn] [22mTHREE.Clock: This module has been deprecated. Please use THREE.Timer instead.
QA 资源趋势：存活=1/1/1 1/1/1 1/1/1 1/1/1 1/1/1 1/1/1 1/1/1 1/1/1 1/1/1 1/1/1
QA 每轮真实 GL 删除=4b/1t 4b/1t 4b/1t 4b/1t 4b/1t 4b/1t 4b/1t 4b/1t 4b/1t 4b/1t
QA 累计原始计数（含 three 每渲染器 4 张 empty texture）：8c/4d b, 12c/1d t | 12c/8d b, 18c/2d t | 16c/12d b, 24c/3d t | 20c/16d b, 30c/4d t | 24c/20d b, 36c/5d t | 28c/24d b, 42c/6d t | 32c/28d b, 48c/7d t | 36c/32d b, 54c/8d t | 40c/36d b, 60c/9d t | 44c/40d b, 66c/10d t
QA WebGL 上下文数=12（其中显式释放 10）
QA CDP 堆采样=26160032, 24423576, 25843904, 26503164, 28790696, 26697364, 26490504, 26020280, 27397852, 27559196（首末比 1.05）
QA CDP 保留堆采样（强制 GC=true）=23360416, 23868352, 24128956, 24694144, 24964420, 25042256, 25185952, 25819980, 26057388, 26245132（中位数首末比 1.09）
  ✓  64 [chromium] › tests/e2e/qa-t18-independent.spec.ts:820:1 › QA-T18-4 资源释放与 10 次切换趋势（真实 GL 计数 + 账本对照 + CDP 堆采样） (5.5s)
[2m[WebServer] [22m[2m03:12:21[22m [33m[1m[vite][22m[39m [33m[2m(client)[22m[39m [2m[console.warn] [22mTHREE.Clock: This module has been deprecated. Please use THREE.Timer instead.
[2m[WebServer] [22m[2m03:12:22[22m [33m[1m[vite][22m[39m [33m[2m(client)[22m[39m [2m[console.warn] [22mTHREE.Clock: This module has been deprecated. Please use THREE.Timer instead.
  ✓  65 [chromium] › tests/e2e/qa-t18-independent.spec.ts:977:1 › QA-T18-5 加载与错误状态可观察（延迟/500 故障注入真实端点）+ 重试真的生效 (4.6s)
  ✓  66 [chromium] › tests/e2e/qa-t18-independent.spec.ts:1017:1 › QA-T18-6 WebGL 不可用：真实降级（不下载 three）+ 文字/PDF 可用 + 键盘与减少动效 (2.4s)
[2m[WebServer] [22m[2m03:12:28[22m [33m[1m[vite][22m[39m [33m[2m(client)[22m[39m [2m[console.warn] [22mTHREE.Clock: This module has been deprecated. Please use THREE.Timer instead.
[2m[WebServer] [22m[2m03:12:30[22m [33m[1m[vite][22m[39m [33m[2m(client)[22m[39m [2m[console.warn] [22mTHREE.Clock: This module has been deprecated. Please use THREE.Timer instead.
  ✓  67 [chromium] › tests/e2e/qa-t18-r23-layout-boundary.spec.ts:289:1 › QA-R23-LB 1280px 视口 + fullPage 截图：瞬态只在截图窗口内（测试环境行为） (5.4s)
[2m[WebServer] [22m[2m03:12:33[22m [33m[1m[vite][22m[39m [33m[2m(client)[22m[39m [2m[console.warn] [22mTHREE.Clock: This module has been deprecated. Please use THREE.Timer instead.
  ✓  68 [chromium] › tests/e2e/qa-t18-r23-layout-boundary.spec.ts:309:1 › QA-R23-LB2 对照：同视口、同交互但**不截图** → 零瞬态、零重挂载（产品级核查） (5.1s)
[2m[WebServer] [22m[2m03:12:38[22m [33m[1m[vite][22m[39m [33m[2m(client)[22m[39m [2m[console.warn] [22mTHREE.Clock: This module has been deprecated. Please use THREE.Timer instead.
  ✓  69 [chromium] › tests/e2e/qa-t18-r23-layout-boundary.spec.ts:330:3 › 1440×900（RD 修复回合采用的视口） › QA-R23-LB3 1440×900 + fullPage 截图：瞬态是否也出现（机制核验） (5.3s)
warning: `/Users/qsyj/.cargo/config` is deprecated in favor of `config.toml`
  |
  = help: if you need to support cargo 1.38 or earlier, you can symlink `config` to `config.toml`
    Finished `dev` profile [unoptimized + debuginfo] target(s) in 0.13s
{"timestamp":"2026-09-12T19:12:43.496242Z","level":"INFO","fields":{"message":"data-dir 初始化完成","event":"init","dataDir":"/var/folders/5y/y4jt01gd7mzglrwt5pf7p3m00000gn/T/em-t17-qa-t18-r23-vuP54v/data","passwordSource":"受限文件 /var/folders/5y/y4jt01gd7mzglrwt5pf7p3m00000gn/T/em-t17-qa-t18-r23-vuP54v/password.txt","schemaVersion":7,"adminId":"01a09709-49e8-7615-8c2e-c830223087f4","adminStatus":"已创建"},"target":"everything_manual::config::commands"}
data-dir 已初始化：/var/folders/5y/y4jt01gd7mzglrwt5pf7p3m00000gn/T/em-t17-qa-t18-r23-vuP54v/data
  - 已创建：/var/folders/5y/y4jt01gd7mzglrwt5pf7p3m00000gn/T/em-t17-qa-t18-r23-vuP54v/data
  - 已创建：/var/folders/5y/y4jt01gd7mzglrwt5pf7p3m00000gn/T/em-t17-qa-t18-r23-vuP54v/data/tmp
  - 已创建：/var/folders/5y/y4jt01gd7mzglrwt5pf7p3m00000gn/T/em-t17-qa-t18-r23-vuP54v/data/logs
  - 已创建：/var/folders/5y/y4jt01gd7mzglrwt5pf7p3m00000gn/T/em-t17-qa-t18-r23-vuP54v/data/blobs
  - 已创建：/var/folders/5y/y4jt01gd7mzglrwt5pf7p3m00000gn/T/em-t17-qa-t18-r23-vuP54v/data/lock
数据库：已创建并迁移（/var/folders/5y/y4jt01gd7mzglrwt5pf7p3m00000gn/T/em-t17-qa-t18-r23-vuP54v/data/manual.sqlite3，schema v7；迁移随二进制内嵌，WAL / synchronous=FULL / foreign_keys=ON）
管理员凭据：已创建（admins 表；Argon2id v19、m=19456 KiB、t=2、p=1、16 字节盐；无默认密码）。
密码来源：受限文件 /var/folders/5y/y4jt01gd7mzglrwt5pf7p3m00000gn/T/em-t17-qa-t18-r23-vuP54v/password.txt；明文不落盘、不进入日志与 shell history。
[2m[WebServer] [22m[2m03:12:46[22m [33m[1m[vite][22m[39m [33m[2m(client)[22m[39m [2m[console.warn] [22mTHREE.Clock: This module has been deprecated. Please use THREE.Timer instead.
[2m[WebServer] [22m[2m03:12:46[22m [33m[1m[vite][22m[39m [33m[2m(client)[22m[39m [2m[console.warn] [22mTHREE.Clock: This module has been deprecated. Please use THREE.Timer instead.
[2m[WebServer] [22m[2m03:12:47[22m [33m[1m[vite][22m[39m [33m[2m(client)[22m[39m [2m[console.warn] [22mTHREE.WebGLRenderer: WEBGL_lose_context extension not supported.
  ✓  70 [chromium] › tests/e2e/qa-t18-r23-manual-rebuild.spec.ts:220:1 › QA-R23-1 手动重建完整语义：状态/控件/8.6 秒稳定性/位姿策略/旋转（BUG-007 复验） (11.5s)
warning: `/Users/qsyj/.cargo/config` is deprecated in favor of `config.toml`
  |
  = help: if you need to support cargo 1.38 or earlier, you can symlink `config` to `config.toml`
    Finished `dev` profile [unoptimized + debuginfo] target(s) in 0.13s
{"timestamp":"2026-09-12T19:12:58.157973Z","level":"INFO","fields":{"message":"data-dir 初始化完成","event":"init","dataDir":"/var/folders/5y/y4jt01gd7mzglrwt5pf7p3m00000gn/T/em-t17-t19qa-jNlV5Q/data","passwordSource":"受限文件 /var/folders/5y/y4jt01gd7mzglrwt5pf7p3m00000gn/T/em-t17-t19qa-jNlV5Q/password.txt","schemaVersion":7,"adminId":"01a09709-832d-7221-9765-927d13d1af9a","adminStatus":"已创建"},"target":"everything_manual::config::commands"}
data-dir 已初始化：/var/folders/5y/y4jt01gd7mzglrwt5pf7p3m00000gn/T/em-t17-t19qa-jNlV5Q/data
  - 已创建：/var/folders/5y/y4jt01gd7mzglrwt5pf7p3m00000gn/T/em-t17-t19qa-jNlV5Q/data
  - 已创建：/var/folders/5y/y4jt01gd7mzglrwt5pf7p3m00000gn/T/em-t17-t19qa-jNlV5Q/data/tmp
  - 已创建：/var/folders/5y/y4jt01gd7mzglrwt5pf7p3m00000gn/T/em-t17-t19qa-jNlV5Q/data/logs
  - 已创建：/var/folders/5y/y4jt01gd7mzglrwt5pf7p3m00000gn/T/em-t17-t19qa-jNlV5Q/data/blobs
  - 已创建：/var/folders/5y/y4jt01gd7mzglrwt5pf7p3m00000gn/T/em-t17-t19qa-jNlV5Q/data/lock
数据库：已创建并迁移（/var/folders/5y/y4jt01gd7mzglrwt5pf7p3m00000gn/T/em-t17-t19qa-jNlV5Q/data/manual.sqlite3，schema v7；迁移随二进制内嵌，WAL / synchronous=FULL / foreign_keys=ON）
管理员凭据：已创建（admins 表；Argon2id v19、m=19456 KiB、t=2、p=1、16 字节盐；无默认密码）。
密码来源：受限文件 /var/folders/5y/y4jt01gd7mzglrwt5pf7p3m00000gn/T/em-t17-t19qa-jNlV5Q/password.txt；明文不落盘、不进入日志与 shell history。
[2m[WebServer] [22m[2m03:13:01[22m [33m[1m[vite][22m[39m [33m[2m(client)[22m[39m [2m[console.warn] [22mTHREE.Clock: This module has been deprecated. Please use THREE.Timer instead.
  ✓  71 [chromium] › tests/e2e/qa-t19-independent.spec.ts:810:1 › QA19-1 拾取绑定：有限数值 anchor、拖动不建点、raycast 只命中模型 mesh（AC-052） (7.9s)
[2m[WebServer] [22m[2m03:13:09[22m [33m[1m[vite][22m[39m [33m[2m(client)[22m[39m [2m[console.warn] [22mTHREE.Clock: This module has been deprecated. Please use THREE.Timer instead.
  ✓  72 [chromium] › tests/e2e/qa-t19-independent.spec.ts:1045:1 › QA19-2 重新生成模型：旧绑定 stale（真实链路）、旧 sha 被拒、旧发布版字节不变（AC-053） (4.2s)
  ✓  73 [chromium] › tests/e2e/qa-t19-independent.spec.ts:1233:1 › QA19-3 发布不变量阶梯、幂等重放与发布后 draft 独立性（AC-055/AC-056） (1.4s)
[2m[WebServer] [22m[2m03:13:14[22m [33m[1m[vite][22m[39m [33m[2m(client)[22m[39m [2m[console.warn] [22mTHREE.Clock: This module has been deprecated. Please use THREE.Timer instead.
  ✓  74 [chromium] › tests/e2e/qa-t19-independent.spec.ts:1374:1 › QA19-4 窄屏禁用几何校准（含视角保存）并解释；文字确认与发布保留；禁用措辞（AC-060 前端侧/§6.3.2） (5.2s)
[2m[WebServer] [22m[2m03:13:17[22m [33m[1m[vite][22m[39m [33m[2m(client)[22m[39m [2m[console.warn] [22mTHREE.Clock: This module has been deprecated. Please use THREE.Timer instead.
  ✓  75 [chromium] › tests/e2e/qa-t19-independent.spec.ts:1531:1 › QA19-5 热点状态机、供应商快照只读、userEdited 出处、modelReview 服务器赋值（AC-052/AC-054） (1.3s)
[2m[WebServer] [22m[2m03:13:21[22m [33m[1m[vite][22m[39m [33m[2m(client)[22m[39m [2m[console.warn] [22mTHREE.Clock: This module has been deprecated. Please use THREE.Timer instead.
  ✓  76 [chromium] › tests/e2e/qa-t19-independent.spec.ts:1719:1 › QA19-6 多步导航（前进/后退/跳步不累积错误）与步骤视角保存/回到/清除（AC-057/AC-052） (4.4s)
[2m[WebServer] [22m[2m03:13:26[22m [33m[1m[vite][22m[39m [33m[2m(client)[22m[39m [2m[console.warn] [22mTHREE.Clock: This module has been deprecated. Please use THREE.Timer instead.
  ✓  77 [chromium] › tests/e2e/qa-t19-independent.spec.ts:1855:1 › QA19-7 发布版阅读器：部件↔热点↔步骤↔原文联动与 1-based 页码（AC-057） (4.0s)
[2m[WebServer] [22m[2m03:13:29[22m [33m[1m[vite][22m[39m [33m[2m(client)[22m[39m [2m[console.warn] [22mTHREE.Clock: This module has been deprecated. Please use THREE.Timer instead.
  ✓  78 [chromium] › tests/e2e/viewer.spec.ts:234:3 › GLB 阅读器与资源恢复（T18） › 3D 懒加载：资料库首屏不下载 three，进入阅读页按需加载并渲染（AC-050/REQ-040） (3.2s)
[2m[WebServer] [22m[2m03:13:32[22m [33m[1m[vite][22m[39m [33m[2m(client)[22m[39m [2m[console.warn] [22mTHREE.Clock: This module has been deprecated. Please use THREE.Timer instead.
  ✓  79 [chromium] › tests/e2e/viewer.spec.ts:268:3 › GLB 阅读器与资源恢复（T18） › OrbitControls：旋转/缩放/复位/适配与键盘等价控件（AC-050/UI-043） (3.6s)
[2m[WebServer] [22m[2m03:13:36[22m [33m[1m[vite][22m[39m [33m[2m(client)[22m[39m [2m[console.warn] [22mTHREE.Clock: This module has been deprecated. Please use THREE.Timer instead.
[2m[WebServer] [22m[2m03:13:37[22m [33m[1m[vite][22m[39m [33m[2m(client)[22m[39m [2m[console.warn] [22mTHREE.Clock: This module has been deprecated. Please use THREE.Timer instead.
[2m[WebServer] [22m[2m03:13:37[22m [33m[1m[vite][22m[39m [33m[2m(client)[22m[39m [2m[console.warn] [22mTHREE.WebGLRenderer: WEBGL_lose_context extension not supported.
  ✓  80 [chromium] › tests/e2e/viewer.spec.ts:340:3 › GLB 阅读器与资源恢复（T18） › WebGL 上下文丢失 → 提示 → 恢复后继续渲染并保留相机（AC-050/UI-044） (13.3s)
[2m[WebServer] [22m[2m03:13:49[22m [33m[1m[vite][22m[39m [33m[2m(client)[22m[39m [2m[console.warn] [22mTHREE.Clock: This module has been deprecated. Please use THREE.Timer instead.
[2m[WebServer] [22m[2m03:13:49[22m [33m[1m[vite][22m[39m [33m[2m(client)[22m[39m [2m[console.warn] [22mTHREE.Clock: This module has been deprecated. Please use THREE.Timer instead.
  ✓  81 [chromium] › tests/e2e/viewer.spec.ts:459:3 › GLB 阅读器与资源恢复（T18） › 卸载/换模型：资源被释放、旧资源与旧热点不串入（AC-050/AC-051） (3.4s)
[2m[WebServer] [22m[2m03:13:52[22m [33m[1m[vite][22m[39m [33m[2m(client)[22m[39m [2m[console.warn] [22mTHREE.Clock: This module has been deprecated. Please use THREE.Timer instead.
[2m[WebServer] [22m[2m03:13:53[22m [33m[1m[vite][22m[39m [33m[2m(client)[22m[39m [2m[console.warn] [22mTHREE.Clock: This module has been deprecated. Please use THREE.Timer instead.
[2m[WebServer] [22m[2m03:13:53[22m [33m[1m[vite][22m[39m [33m[2m(client)[22m[39m [2m[console.warn] [22mTHREE.Clock: This module has been deprecated. Please use THREE.Timer instead.
[2m[WebServer] [22m[2m03:13:53[22m [33m[1m[vite][22m[39m [33m[2m(client)[22m[39m [2m[console.warn] [22mTHREE.Clock: This module has been deprecated. Please use THREE.Timer instead.
[2m[WebServer] [22m[2m03:13:54[22m [33m[1m[vite][22m[39m [33m[2m(client)[22m[39m [2m[console.warn] [22mTHREE.Clock: This module has been deprecated. Please use THREE.Timer instead.
[2m[WebServer] [22m[2m03:13:54[22m [33m[1m[vite][22m[39m [33m[2m(client)[22m[39m [2m[console.warn] [22mTHREE.Clock: This module has been deprecated. Please use THREE.Timer instead.
[2m[WebServer] [22m[2m03:13:55[22m [33m[1m[vite][22m[39m [33m[2m(client)[22m[39m [2m[console.warn] [22mTHREE.Clock: This module has been deprecated. Please use THREE.Timer instead.
[2m[WebServer] [22m[2m03:13:55[22m [33m[1m[vite][22m[39m [33m[2m(client)[22m[39m [2m[console.warn] [22mTHREE.Clock: This module has been deprecated. Please use THREE.Timer instead.
[2m[WebServer] [22m[2m03:13:55[22m [33m[1m[vite][22m[39m [33m[2m(client)[22m[39m [2m[console.warn] [22mTHREE.Clock: This module has been deprecated. Please use THREE.Timer instead.
[2m[WebServer] [22m[2m03:13:56[22m [33m[1m[vite][22m[39m [33m[2m(client)[22m[39m [2m[console.warn] [22mTHREE.Clock: This module has been deprecated. Please use THREE.Timer instead.
[2m[WebServer] [22m[2m03:13:56[22m [33m[1m[vite][22m[39m [33m[2m(client)[22m[39m [2m[console.warn] [22mTHREE.Clock: This module has been deprecated. Please use THREE.Timer instead.
T18 资源趋势：存活(geometry/material/texture)=1/1/1 1/1/1 1/1/1 1/1/1 1/1/1 1/1/1 1/1/1 1/1/1 1/1/1 1/1/1
T18 堆用量采样（字节，Chrome 专有）：44700000, 44700000, 44700000, 44700000, 44700000, 44700000, 44700000, 44700000, 44700000, 44700000
T18 堆用量首末比：1.00（1.0 附近为正常；不设阈值）
  ✓  82 [chromium] › tests/e2e/viewer.spec.ts:514:3 › GLB 阅读器与资源恢复（T18） › 连续切换 10 次模型：资源数不增长（AC-062/REQ-040 的资源趋势） (6.7s)
  ✓  83 [chromium] › tests/e2e/viewer.spec.ts:556:3 › GLB 阅读器与资源恢复（T18） › 3D 失败时文字与 PDF 仍可读（AC-050/UI-045） (3.1s)
  ✓  84 [chromium] › tests/e2e/viewer.spec.ts:583:3 › GLB 阅读器与资源恢复（T18） › WebGL 不可用：给出可读原因，文字与 PDF 仍可用（UI-044/UI-045） (3.0s)
[2m[WebServer] [22m[2m03:14:05[22m [33m[1m[vite][22m[39m [33m[2m(client)[22m[39m [2m[console.warn] [22mTHREE.Clock: This module has been deprecated. Please use THREE.Timer instead.
  ✓  85 [chromium] › tests/e2e/viewer.spec.ts:612:3 › GLB 阅读器与资源恢复（T18） › AC-051 浏览器侧：同一局部点在不同旋转/缩放下世界位置一致、锚点不漂移 (3.1s)
warning: `/Users/qsyj/.cargo/config` is deprecated in favor of `config.toml`
  |
  = help: if you need to support cargo 1.38 or earlier, you can symlink `config` to `config.toml`
    Finished `dev` profile [unoptimized + debuginfo] target(s) in 0.12s
{"timestamp":"2026-09-12T19:14:08.219878Z","level":"INFO","fields":{"message":"data-dir 初始化完成","event":"init","dataDir":"/var/folders/5y/y4jt01gd7mzglrwt5pf7p3m00000gn/T/em-t17-t18-rd-real-E7aVDV/data","passwordSource":"受限文件 /var/folders/5y/y4jt01gd7mzglrwt5pf7p3m00000gn/T/em-t17-t18-rd-real-E7aVDV/password.txt","schemaVersion":7,"adminId":"01a0970a-94db-7313-83b5-ef9598d672cc","adminStatus":"已创建"},"target":"everything_manual::config::commands"}
data-dir 已初始化：/var/folders/5y/y4jt01gd7mzglrwt5pf7p3m00000gn/T/em-t17-t18-rd-real-E7aVDV/data
  - 已创建：/var/folders/5y/y4jt01gd7mzglrwt5pf7p3m00000gn/T/em-t17-t18-rd-real-E7aVDV/data
  - 已创建：/var/folders/5y/y4jt01gd7mzglrwt5pf7p3m00000gn/T/em-t17-t18-rd-real-E7aVDV/data/tmp
  - 已创建：/var/folders/5y/y4jt01gd7mzglrwt5pf7p3m00000gn/T/em-t17-t18-rd-real-E7aVDV/data/logs
  - 已创建：/var/folders/5y/y4jt01gd7mzglrwt5pf7p3m00000gn/T/em-t17-t18-rd-real-E7aVDV/data/blobs
  - 已创建：/var/folders/5y/y4jt01gd7mzglrwt5pf7p3m00000gn/T/em-t17-t18-rd-real-E7aVDV/data/lock
数据库：已创建并迁移（/var/folders/5y/y4jt01gd7mzglrwt5pf7p3m00000gn/T/em-t17-t18-rd-real-E7aVDV/data/manual.sqlite3，schema v7；迁移随二进制内嵌，WAL / synchronous=FULL / foreign_keys=ON）
管理员凭据：已创建（admins 表；Argon2id v19、m=19456 KiB、t=2、p=1、16 字节盐；无默认密码）。
密码来源：受限文件 /var/folders/5y/y4jt01gd7mzglrwt5pf7p3m00000gn/T/em-t17-t18-rd-real-E7aVDV/password.txt；明文不落盘、不进入日志与 shell history。
[2m[WebServer] [22m[2m03:14:11[22m [33m[1m[vite][22m[39m [33m[2m(client)[22m[39m [2m[console.warn] [22mTHREE.Clock: This module has been deprecated. Please use THREE.Timer instead.
  ✓  86 [chromium] › tests/e2e/viewer.spec.ts:758:3 › 真实链路：真实草稿 + 真实资产字节（不拦截草稿/模型字节） › 真实草稿与模型字节驱动阅读器：加载/操作/文字路径（AC-050/REQ-032；零拦截） (2.4s)

  86 passed (7.3m)
EXIT:0
