=== 1) v1 备份（备份不解释 schema、不迁移源库） ===
备份完成：/tmp/em-t20-qa/legacy-backup
  一致快照：database/manual.sqlite3（sha256 283ebdaf484dde39291490328ac2c2f4e2e519f0efc35728733a001446d2d3f3，303104 字节，schema v1；VACUUM INTO，含 WAL 中已提交事务）
  被引用 blob：复制 1 个
  manifest 与 sha256：manifest.json；会话已从快照中清空（恢复后需重新登录，共清空 0 条）
  恢复方式：everything-manual restore --from /tmp/em-t20-qa/legacy-backup --data-dir <不存在或为空的新目录>
backup exit=0
manifest.schemaVersion = 1 | counts: {'items': 1, 'assets': 1, 'releases': 0, 'blobs': 1}
源库版本（不得被迁移）: 1

=== 2) 恢复到新目录（仍是 v1） ===
恢复完成：/tmp/em-t20-qa/legacy-restored
  来源备份：/tmp/em-t20-qa/legacy-backup（schema v1；快照 sha256 283ebdaf484dde39291490328ac2c2f4e2e519f0efc35728733a001446d2d3f3）
  校验通过：manifest、快照与全部 blob 的 sha256、外键与引用；恢复 blob 1 个
  数据规模：items 1、assets 1、releases 0、blobs 1
  下一步：everything-manual serve --data-dir /tmp/em-t20-qa/legacy-restored（schema 旧于程序时启动会自动迁移；升级前请再次备份，程序回滚不等于数据库回滚）
恢复后版本: 1

=== 3) serve 启动时自动迁移 + 提示 + 数据保留 ===
{"timestamp":"2026-09-12T17:23:44.825067Z","level":"WARN","fields":{"message":"数据库 schema 已自动升级：升级前应先备份；回滚程序不能读取比它新的 schema","event":"schema_upgraded","from":1,"to":7},"target":"everything_manual::config::commands"}
提示：数据库 schema 已自动升级 v1 → v7。升级前应先备份（backup --data-dir <dir> --out <新路径>，需停服）；程序回滚不等于数据库回滚（旧程序不能打开更新的 schema，只能用迁移前备份恢复到新目录）。
迁移后版本: 7
数据保留: QA 升级前数据|LEGACY-1|rev5
serve stopped
