
> everything-manual-web@0.1.0 test:e2e
> playwright test qa-r20-layout-probe.spec.ts

(node:8578) [DEP0205] DeprecationWarning: `module.register()` is deprecated. Use `module.registerHooks()` instead.
(Use `node --trace-deprecation ...` to show where the warning was created)
[2m[WebServer] [22m
[2m[WebServer] [22m> everything-manual-web@0.1.0 dev
[2m[WebServer] [22m> vite
[2m[WebServer] [22m
[2m[WebServer] [22m  pdfjs-dist 6.3.289 本地资源：cmaps=169 standard_fonts=16 wasm=13 iccs=2
[2m[WebServer] [22m
[2m[WebServer] [22m  [32m[1mVITE[22m v8.3.0[39m  [2mready in [0m[1m204[22m[2m[0m ms[22m
[2m[WebServer] [22m
[2m[WebServer] [22m  [32m➜[39m  [1mLocal[22m:   [36mhttp://127.0.0.1:[1m15173[22m/[39m
warning: `/Users/qsyj/.cargo/config` is deprecated in favor of `config.toml`
  |
  = help: if you need to support cargo 1.38 or earlier, you can symlink `config` to `config.toml`
    Finished `dev` profile [unoptimized + debuginfo] target(s) in 0.13s
{"timestamp":"2026-09-12T09:39:21.409555Z","level":"INFO","fields":{"message":"data-dir 初始化完成","event":"init","dataDir":"/var/folders/5y/y4jt01gd7mzglrwt5pf7p3m00000gn/T/em-web-mvp-e2e/data","passwordSource":"受限文件 /var/folders/5y/y4jt01gd7mzglrwt5pf7p3m00000gn/T/em-web-mvp-e2e/password.txt","schemaVersion":6,"adminId":"01a094fc-5ac1-70f5-becc-d3dc5d2d7c62","adminStatus":"已创建"},"target":"everything_manual::config::commands"}
data-dir 已初始化：/var/folders/5y/y4jt01gd7mzglrwt5pf7p3m00000gn/T/em-web-mvp-e2e/data
  - 已创建：/var/folders/5y/y4jt01gd7mzglrwt5pf7p3m00000gn/T/em-web-mvp-e2e/data
  - 已创建：/var/folders/5y/y4jt01gd7mzglrwt5pf7p3m00000gn/T/em-web-mvp-e2e/data/tmp
  - 已创建：/var/folders/5y/y4jt01gd7mzglrwt5pf7p3m00000gn/T/em-web-mvp-e2e/data/logs
  - 已创建：/var/folders/5y/y4jt01gd7mzglrwt5pf7p3m00000gn/T/em-web-mvp-e2e/data/blobs
  - 已创建：/var/folders/5y/y4jt01gd7mzglrwt5pf7p3m00000gn/T/em-web-mvp-e2e/data/lock
数据库：已创建并迁移（/var/folders/5y/y4jt01gd7mzglrwt5pf7p3m00000gn/T/em-web-mvp-e2e/data/manual.sqlite3，schema v6；迁移随二进制内嵌，WAL / synchronous=FULL / foreign_keys=ON）
管理员凭据：已创建（admins 表；Argon2id v19、m=19456 KiB、t=2、p=1、16 字节盐；无默认密码）。
密码来源：受限文件 /var/folders/5y/y4jt01gd7mzglrwt5pf7p3m00000gn/T/em-web-mvp-e2e/password.txt；明文不落盘、不进入日志与 shell history。

Running 1 test using 1 worker

(node:8664) [DEP0205] DeprecationWarning: `module.register()` is deprecated. Use `module.registerHooks()` instead.
(Use `node --trace-deprecation ...` to show where the warning was created)
R20PROBE  [{"cycle":1,"frames":73,"framesAt1280":72,"badFramesAt1280":0,"identityNullFrames":0,"rowWidthsAt1280":[840],"distinctStates":1,"firstFrameInput":{"rowW":976,"innerWidth":1024,"layoutClass":"page-layout page-layout--mid"},"settledRowW":840,"settledIdentity":228},{"cycle":2,"frames":74,"framesAt1280":73,"badFramesAt1280":0,"identityNullFrames":0,"rowWidthsAt1280":[840],"distinctStates":1,"firstFrameInput":{"rowW":976,"innerWidth":1024,"layoutClass":"page-layout page-layout--mid"},"settledRowW":840,"settledIdentity":228},{"cycle":3,"frames":74,"framesAt1280":73,"badFramesAt1280":0,"identityNullFrames":0,"rowWidthsAt1280":[840],"distinctStates":1,"firstFrameInput":{"rowW":976,"innerWidth":1024,"layoutClass":"page-layout page-layout--mid"},"settledRowW":840,"settledIdentity":228},{"cycle":4,"frames":74,"framesAt1280":73,"badFramesAt1280":0,"identityNullFrames":0,"rowWidthsAt1280":[840],"distinctStates":1,"firstFrameInput":{"rowW":976,"innerWidth":1024,"layoutClass":"page-layout page-layout--mid"},"settledRowW":840,"settledIdentity":228},{"cycle":5,"frames":74,"framesAt1280":72,"badFramesAt1280":0,"identityNullFrames":0,"rowWidthsAt1280":[840],"distinctStates":1,"firstFrameInput":{"rowW":976,"innerWidth":1024,"layoutClass":"page-layout page-layout--mid"},"settledRowW":840,"settledIdentity":228}]
R20PROBE-boundary  [{"width":1276,"rowW":1076,"identityW":346,"grid":"346px 173px 173px 324px","layoutClass":"page-layout page-layout--mid"},{"width":1278,"rowW":1076,"identityW":346,"grid":"346px 173px 173px 324px","layoutClass":"page-layout page-layout--mid"},{"width":1280,"rowW":840,"identityW":228,"grid":"228px 114px 114px 324px","layoutClass":"page-layout page-layout--wide page-layout--no-rail"},{"width":1282,"rowW":842,"identityW":229,"grid":"229px 114.5px 114.5px 324px","layoutClass":"page-layout page-layout--wide page-layout--no-rail"},{"width":1280,"rowW":840,"identityW":228,"grid":"228px 114px 114px 324px","layoutClass":"page-layout page-layout--wide page-layout--no-rail"},{"width":1278,"rowW":1076,"identityW":346,"grid":"346px 173px 173px 324px","layoutClass":"page-layout page-layout--mid"},{"width":1276,"rowW":1076,"identityW":346,"grid":"346px 173px 173px 324px","layoutClass":"page-layout page-layout--mid"}]
  ✓  1 [chromium] › tests/e2e/qa-r20-layout-probe.spec.ts:67:1 › R20 PROBE：1280px 跨档瞬态与稳定态逐帧采样 (38.8s)

  1 passed (42.5s)
