=== run 1 ===
test patch_photo_view_conflict_under_resident_writer ... ok
test same_view_concurrent_posts_return_contract_status_codes ... ok
test photos_crud_survives_real_executor_writer ... ok
test cross_item_concurrent_writes_survive_resident_writer ... ok
test post_photos_waits_for_active_writer_and_returns_201 ... ok

test result: ok. 5 passed; 0 failed; 0 ignored; 0 measured; 0 filtered out; finished in 1.35s

=== run 2 ===
test same_view_concurrent_posts_return_contract_status_codes ... ok
test patch_photo_view_conflict_under_resident_writer ... ok
test cross_item_concurrent_writes_survive_resident_writer ... ok
test photos_crud_survives_real_executor_writer ... ok
test post_photos_waits_for_active_writer_and_returns_201 ... ok

test result: ok. 5 passed; 0 failed; 0 ignored; 0 measured; 0 filtered out; finished in 1.40s

=== run 3 ===
test patch_photo_view_conflict_under_resident_writer ... ok
test same_view_concurrent_posts_return_contract_status_codes ... ok
test cross_item_concurrent_writes_survive_resident_writer ... ok
test photos_crud_survives_real_executor_writer ... ok
test post_photos_waits_for_active_writer_and_returns_201 ... ok

test result: ok. 5 passed; 0 failed; 0 ignored; 0 measured; 0 filtered out; finished in 1.39s

