[17:32:52] 服务端就绪（端口 18095，data-dir /tmp/em-r20-stress.c2v6Np，执行器 idle_poll=250ms 常驻）
[17:32:52] == P1 同物品多视图并发（15 轮 × 4 视图；期望每轮 4×201）==
  OK: P1: 201×60，异常×0
[17:32:53] == P2 同视图 6 并发（超过连接池 4）×10 轮；期望每轮 1×201 + 5×422 viewOccupied ==
  OK: P2: 201×10 / 422×50（均 viewOccupied）/ 异常×0
[17:32:56] == P3 跨物品并发：8 物品 × 4 视图 = 32 并发（期望全 201）==
  OK: P3: 201×32 / 异常×0
[17:32:56] == P4 常驻外部写者（python BEGIN IMMEDIATE 循环，~4ms/次）下并发 ==
[17:32:57]    写者竞争探针（busy_timeout=0）：probe: attempts=500 busy=5（busy>0 说明写者确实在持锁竞争）
[17:32:59]    写者统计：writer: acquired=485 busy=0 total=485
  OK: P4: 201×50 / 422×30 / 异常×0
[17:32:59] == P5 prepare/complete 与照片写并发 ==
  OK: P5: 期望码计数×45 / 异常×0
[17:33:00] == P6 60 并发突发（3 物品 × 5 视图 × 4 份；同视图冲突混合）==
  OK: P6: 201×15 / 422×45 / 异常×0
[17:33:01] == P7 服务端日志（并发错误与 500）==
[17:33:01]    database is locked=0  code5=0  code517=0  status:500=0
[17:33:01] == 状态码直方图（阶段 × 状态 × 次数）==
  60 P1 201
  10 P2 201
  50 P2 422
  32 P3 201
  50 P4 201
  30 P4 422
  15 P5 200
  25 P5 201
   5 P5 422
  15 P6 201
  45 P6 422
[17:33:01] == 每阶段汇总 ==
  P1: 请求 60，非 {200,201,422} 的响应 0
  P2: 请求 60，非 {200,201,422} 的响应 0
  P3: 请求 32，非 {200,201,422} 的响应 0
  P4: 请求 80，非 {200,201,422} 的响应 0
  P5: 请求 45，非 {200,201,422} 的响应 0
  P6: 请求 60，非 {200,201,422} 的响应 0
[17:33:01] == 断言失败 ==
[17:33:01] 总判定：PASS（0×500、0×database is locked，合同状态码正确）
