== 准备构建目录：/tmp/em-linux-musl-build ==
[host-step] rsync-worktree       exit=0 elapsed=0s
   仓库样例备份缺 database/manual.sqlite3（*.sqlite3 不入库）：沿用构建目录内已生成的完整备份
   （重新生成：scripts/linux-musl.sh --prepare-sample-backup，或设 EM_T20_SAMPLE_BACKUP=…）
== 缓存目录：/tmp/em-linux-musl-cache ==
== Linux 侧回归：cargo xtask check + smoke-bootstrap（容器内原生执行）==
[container] CARGO_HOME=/root/.cargo RUSTUP_HOME=/usr/local/rustup HOME=/root
[container] 镜像：rustup=https://rsproxy.cn npm=https://registry.npmmirror.com crates=sparse+https://rsproxy.cn/index/
[container] 安装 musl-tools / cmake / file / binutils（apt 镜像 https://mirrors.ustc.edu.cn）
debconf: delaying package configuration, since apt-utils is not installed
[container] 安装 Node 22（构建期依赖；运行期不需要）
[container] rustc: rustc 1.98.1 (48a229cea 2026-09-01)
info: syncing channel updates for 1.98.1-x86_64-unknown-linux-gnu
info: latest update on 2026-09-03 for version 1.98.1 (48a229cea 2026-09-01)
info: component clippy is up to date
info: component rustfmt is up to date

  1.98.1-x86_64-unknown-linux-gnu unchanged - rustc 1.98.1 (48a229cea 2026-09-01)

info: checking for self-update (current version: 1.29.0)
info: downloading self-update (new version: 1.29.1)
[step] rustup-toolchain       exit=0 elapsed=4s
info: component rust-std for target x86_64-unknown-linux-musl is up to date
[step] rustup-target          exit=0 elapsed=0s
[container] node: v22.22.2；npm: 10.9.7；cmake: cmake version 3.25.1；musl-gcc: x86_64-linux-gnu-gcc (Debian 12.2.0-14+deb12u1) 12.2.0
uname: Linux 3a0d692585a5 6.12.76-linuxkit #1 SMP Sun Mar  8 14:41:59 UTC 2026 x86_64 GNU/Linux
os: PRETTY_NAME="Debian GNU/Linux 12 (bookworm)" NAME="Debian GNU/Linux" 
arch: x86_64
rustc: rustc 1.98.1 (48a229cea 2026-09-01) binary: rustc commit-hash: 48a229ceaefd4985c50990b14116b6d856af0985 commit-date: 2026-09-01 host: x86_64-unknown-linux-gnu release: 1.98.1 LLVM version: 22.1.8 
cargo: cargo 1.98.1 (797e8a9bc 2026-08-05)
info: This is the version for the rustup toolchain manager, not the rustc compiler.
info: the currently active `rustc` version is `rustc 1.98.1 (48a229cea 2026-09-01)`
rustup: rustup 1.29.0 (28d1352db 2026-03-05)
node: v22.22.2
npm: 10.9.7
cc: cc (Debian 12.2.0-14+deb12u1) 12.2.0
musl-gcc: x86_64-linux-gnu-gcc (Debian 12.2.0-14+deb12u1) 12.2.0
cmake: cmake version 3.25.1
file: file-5.44
ldd: ldd (Debian GLIBC 2.36-9+deb12u14) 2.36
readelf: GNU readelf (GNU Binutils for Debian) 2.40
cpu: 10 vCPU；mem: 7.65273 GiB
[step] env-report             exit=0 elapsed=1s
[container] 回归：cargo xtask smoke-bootstrap --binary /src/everything-manual/dist/x86_64-unknown-linux-musl/everything-manual
    Finished `dev` profile [unoptimized + debuginfo] target(s) in 0.48s
     Running `target/debug/xtask smoke-bootstrap --binary /src/everything-manual/dist/x86_64-unknown-linux-musl/everything-manual`
冒烟目录：/tmp/everything-manual-smoke-bootstrap-409-1789310529303478347（仅含二进制与其 data-dir，工作目录即该目录）
  [准备] init --data-dir data 成功
  (服务输出) {"timestamp":"2026-09-13T14:42:09.503762Z","level":"INFO","fields":{"message":"数据库 schema 已就绪","event":"database_ready","dataDir":"/tmp/everything-manual-smoke-bootstrap-409-1789310529303478347/data","schemaVersion":7},"target":"everything_manual::config::commands"}
  (服务输出) {"timestamp":"2026-09-13T14:42:09.505734Z","level":"INFO","fields":{"message":"资产残留扫描完成（隔离只移动不删除）","event":"asset_scan","tmpQuarantined":0,"blobsQuarantined":0,"blobsKept":0,"blobsRestored":0,"blobsMarkedMissing":0},"target":"everything_manual::config::commands"}
  (服务输出) {"timestamp":"2026-09-13T14:42:09.506531Z","level":"INFO","fields":{"message":"组装阶段处理器已注册（本地确定性组装；不存在自动发布）","event":"pipeline_handlers_registered","stages":"assemble_draft"},"target":"everything_manual::config::commands"}
  (服务输出) {"timestamp":"2026-09-13T14:42:09.506623Z","level":"WARN","fields":{"message":"任务执行器未注册任何 Provider 阶段处理器（Provider 未配置）：付费阶段会被延后；组装阶段不依赖 Provider，仍正常注册","event":"job_executor_no_handlers"},"target":"everything_manual::config::commands"}
  (服务输出) {"timestamp":"2026-09-13T14:42:09.507156Z","level":"INFO","fields":{"message":"任务执行器启动（SQLite 事实来源；崩溃断点仅测试构建）","event":"job_executor_start","owner":"435:01a09b37-efe2-74dc-ae10-0bf48d377517","leaseSeconds":120,"renewSeconds":20,"remoteGenerationLimit":2,"manualAiBatchLimit":2},"target":"everything_manual::config::commands"}
  (服务输出) {"timestamp":"2026-09-13T14:42:09.508314Z","level":"WARN","fields":{"message":"Provider 未配置：生成与报价能力将返回“未配置”，不回退 mock；已有资料仍可读","event":"provider_not_configured","provider":"tripo","missing":"api_key"},"target":"everything_manual::config::commands"}
  (服务输出) {"timestamp":"2026-09-13T14:42:09.508323Z","level":"WARN","fields":{"message":"Provider 未配置：生成与报价能力将返回“未配置”，不回退 mock；已有资料仍可读","event":"provider_not_configured","provider":"manual_ai","missing":"api_key,model"},"target":"everything_manual::config::commands"}
  (服务输出) {"timestamp":"2026-09-13T14:42:09.508382Z","level":"INFO","fields":{"message":"服务启动","event":"serve_start","listen":"127.0.0.1:41731","dataDir":"/tmp/everything-manual-smoke-bootstrap-409-1789310529303478347/data","securityMode":"loopback","sessionTtlHours":168,"loginRateLimitPerMinute":5,"cookieSecure":false},"target":"everything_manual::config::commands"}
服务地址：http://127.0.0.1:41731
  [检查] GET / -> 200 text/html; charset=utf-8
  [检查] GET /assets/index-D2JcMJ4C.js -> 200 text/javascript; charset=utf-8
  [检查] GET /api/v1/health/live -> 200
  [检查] GET /api/v1/health/ready -> 200
  [检查] GET /api/unknown -> 404 application/json
  [检查] GET /library/some-item -> 200 text/html; charset=utf-8
  [检查] GET /assets/definitely-missing.js -> 404 text/plain; charset=utf-8
  [清理] 已结束自启动的服务进程 PID 435

冒烟通过：内嵌页面、静态资源与 health 均可用（T01 最小检查）。
[step] smoke-bootstrap        exit=0 elapsed=1s
[container] 回归：cargo xtask check（fmt / clippy / workspace 测试 / 前端 / 合同）
    Finished `dev` profile [unoptimized + debuginfo] target(s) in 0.35s
     Running `target/debug/xtask check`
$ (cd /src/everything-manual && cargo fmt --check)
[通过] cargo fmt --check
$ (cd /src/everything-manual && cargo clippy --workspace --all-targets -- -D warnings)
    Finished `dev` profile [unoptimized + debuginfo] target(s) in 0.68s
[通过] cargo clippy --workspace --all-targets -- -D warnings
$ (cd /src/everything-manual && cargo test --workspace)
    Finished `test` profile [unoptimized + debuginfo] target(s) in 0.57s
     Running unittests src/lib.rs (target/debug/deps/everything_manual-f64098ca49e51848)

running 177 tests
test assets::glb::download::tests::local_fixture_requires_both_config_flag_and_test_build ... ok
test assets::glb::tests::budget_defaults_match_the_contract ... ok
test assets::blob_store::tests::space_probe_fixed_is_deterministic ... ok
test assets::glb::download::tests::policy_defaults_reject_everything ... ok
test assets::glb::download::tests::loopback_is_allowed_only_with_the_test_fixture_gate ... ok
test assets::glb::download::tests::error_codes_and_retry_classification ... ok
test assets::blob_store::tests::insufficient_space_message_mentions_both_numbers ... ok
test assets::blob_store::tests::statvfs_reports_some_space_for_temp_dir ... ok
test assets::glb::download::tests::private_and_reserved_addresses_are_classified ... ok
test assets::blob_store::tests::blob_path_is_derived_from_hash_only ... ok
test assets::glb::tests::error_codes_are_stable ... ok
test assets::maintenance::tests::scan_report_emptiness ... ok
test assets::maintenance::tests::sha256_shape_predicate ... ok
test assets::pdf::tests::object_header_is_recognised ... ok
test assets::pdf::tests::last_integer_after_uses_last_startxref ... ok
test assets::range::tests::range_length_is_inclusive ... ok
test assets::pdf::tests::find_ref_requires_full_token_and_reference_shape ... ok
test assets::pdf::tests::find_integer_reads_count ... ok
test assets::glb::tests::image_dimensions_read_png_and_jpeg_headers ... ok
test assets::validate::tests::crc32_matches_known_value ... ok
test assets::upload::tests::purpose_wire_values_are_camel_case ... ok
test assets::range::tests::conditional_headers_compare_strong_etags ... ok
test assets::range::tests::unsatisfiable_ranges_are_reported ... ok
test assets::range::tests::multi_range_and_broken_syntax_fall_back_to_full ... ok
test assets::range::tests::single_range_forms_are_satisfiable ... ok
test backup::create::tests::overlap_detection_covers_nesting_both_ways ... ok
test assets::pdf::tests::count_refs_counts_array_entries ... ok
test backup::export::tests::export_constants_are_relative_paths ... ok
test backup::error::tests::integrity_errors_are_classified_for_exit_code_7 ... ok
test assets::validate::tests::purpose_limits_follow_the_purpose ... ok
test assets::upload::tests::original_name_never_keeps_path_components ... ok
test assets::validate::tests::pixel_budget_is_enforced_with_details ... ok
test backup::manifest::tests::unsafe_paths_are_rejected ... ok
test backup::restore::tests::overlap_detection_covers_nesting_both_ways ... ok
test assets::pdf::tests::probe_rejects_non_pdf_bytes ... ok
test assets::validate::tests::text_purpose_rejects_invalid_utf8 ... ok
test assets::validate::tests::photo_purpose_rejects_unknown_magic ... ok
test assets::validate::tests::non_pdf_for_document_purpose_is_unsupported_type ... ok
test backup::export::tests::generated_export_fields_must_not_contain_urls ... ok
test backup::manifest::tests::unknown_schema_version_is_rejected ... ok
test backup::manifest::tests::manifest_round_trips_and_paths_are_relative ... ok
test backup::manifest::tests::unknown_fields_are_rejected ... ok
test backup::zip::tests::crc32_matches_standard_vectors ... ok
test backup::zip::tests::written_zip_round_trips_through_independent_parser ... ok
test backup::zip::tests::parser_rejects_corrupted_payload ... ok
test backup::zip::tests::unsafe_entry_names_are_rejected ... ok
test config::commands::tests::backup_error_mapping_is_stable ... ok
test config::datadir::tests::ensures_and_verifies_layout ... ok
test config::datadir::tests::lock_excludes_second_holder_in_process ... ok
test config::datadir::tests::verify_reports_missing_structure ... ok
test config::error::tests::exit_codes_are_stable_contract_values ... ok
test config::error::tests::helpers_set_expected_codes ... ok
test config::cli::tests::unknown_subcommand_is_a_usage_error ... ok
test config::cli::tests::bad_listen_value_is_reported ... ok
test config::commands::tests::unknown_subcommand_maps_to_usage_error ... ok
test config::cli::tests::password_is_never_a_command_line_option ... ok
test config::logging::tests::level_from_env_defaults_to_info ... ok
test config::logging::tests::log_file_path_is_under_data_dir ... ok
test config::password::tests::accepts_restricted_file_and_trims_trailing_newline ... ok
test config::cli::tests::missing_required_backup_out_fails ... ok
test config::password::tests::rejects_world_readable_file ... ok
test config::password::tests::rejects_missing_empty_and_short_passwords ... ok
test config::secret::tests::expose_and_char_count_are_explicit ... ok
test config::password::tests::validation_boundaries ... ok
test config::secret::tests::redact_url_query_strips_query_and_fragment ... ok
test config::commands::tests::help_exits_zero_without_error ... ok
test config::secret::tests::redact_text_replaces_known_secrets_only ... ok
test config::secret::tests::secret_debug_never_prints_plaintext ... ok
test config::tests::cidr_parse_and_contains ... ok
test config::tests::origin_like_validation ... ok
test config::tests::provider_status_reports_missing_without_secret ... ok
test config::file::tests::malformed_toml_is_reported_with_source ... ok
test config::cli::tests::dispatches_all_subcommands ... ok
test backup::files::tests::fingerprint_matches_known_sha256_and_crc32 ... ok
test config::tests::settings_debug_does_not_leak_api_key ... ok
test config::file::tests::unknown_keys_are_errors_at_every_level ... ok
test config::file::tests::example_config_file_matches_schema ... ok
test drafts::knowledge::tests::completeness_follows_missing_items ... ok
test config::commands::tests::backup_and_restore_fail_with_documented_codes_without_side_effects ... ok
test config::file::tests::parses_minimal_and_full_config ... ok
test http::auth::limiter::tests::blocks_after_limit_within_window_and_recovers_after_it ... ok
test http::auth::limiter::tests::millisecond_window_is_deterministic_with_injected_clock ... ok
test generation::catalog::tests::catalog_rejects_unknown_keys_and_bad_money ... ok
test http::auth::limiter::tests::success_clears_failures_and_ips_are_isolated ... ok
test generation::catalog::tests::catalog_defaults_follow_architecture_section_5_3 ... ok
test http::auth::limiter::tests::window_restarts_after_expiry_and_zero_limits_are_clamped ... ok
test generation::catalog::tests::example_catalog_parses_and_matches_architecture_defaults ... ok
test http::auth::password::tests::broken_stored_hash_is_an_error_not_a_match ... ok
test drafts::aggregate::tests::model_review_requires_loaded_then_confirmation_and_server_stamps_time ... ok
test drafts::aggregate::tests::unbound_hotspot_requires_null_anchor_and_teleport_placeholder_is_rejected ... ok
test drafts::aggregate::tests::direct_pick_confirms_and_model_change_marks_stale ... ok
test drafts::aggregate::tests::confirmed_hotspot_with_stale_sha_is_rejected_and_finite_values_enforced ... ok
test http::auth::tests::session_cookie_attributes_include_secure_only_when_requested ... ok
test http::auth::tests::tls_config_alone_marks_cookies_secure ... ok
test drafts::knowledge::tests::envelope_round_trips_and_tolerates_new_fields ... ok
test http::auth::tokens::tests::csrf_is_derived_from_session_token_and_hashed_separately ... ok
test http::auth::tokens::tests::constant_time_equality_behaves_like_equality ... ok
test http::auth::tokens::tests::hashes_are_sha256_hex_and_stable ... ok
test http::auth::tokens::tests::session_tokens_are_unique_hex_of_expected_length ... ok
test drafts::aggregate::tests::entity_edits_cannot_touch_supplier_snapshot_and_text_only_needs_review ... ok
test http::auth::tests::cookie_parsing_matches_exact_name_only ... ok
test http::auth::tests::origin_allowed_uses_public_origin_or_same_host ... ok
test http::auth::tests::client_ip_resolution_ignores_untrusted_forwarded_headers ... ok
test http::auth::tests::origin_missing_passes_but_bad_origin_fails ... ok
test http::auth::tests::csrf_check_requires_matching_header ... ok
test http::jobs::tests::attempt_dto_redacts_historical_signed_urls ... ok
test http::jobs::tests::stage_dto_keeps_every_needs_input_item_when_one_contains_url ... ok
test http::jobs::tests::stage_dto_redacts_historical_signed_urls ... ok
test http::error::tests::render_uses_supplied_request_id_and_extra_headers ... ok
test http::error::tests::conflict_error_exposes_current_revision_only_in_details ... ok
test http::error::tests::not_found_response_uses_contract_error_shape ... ok
test http::pagination::tests::cursor_round_trips_and_binds_scope ... ok
test http::pagination::tests::list_params_reject_unknown_duplicate_and_bad_limit ... ok
test http::pagination::tests::malformed_cursors_report_the_cursor_field ... ok
test http::precondition::tests::accepts_quoted_and_bare_revisions ... ok
test http::precondition::tests::etag_format_matches_contract ... ok
test http::precondition::tests::missing_header_is_precondition_required_428 ... ok
test http::precondition::tests::wildcard_weak_list_and_garbage_are_rejected_422 ... ok
test jobs::control::tests::branches_are_isolated_for_pause_semantics ... ok
test jobs::recover::tests::refused_batch_result_fact_reverts_to_needs_input_not_success ... ok
test jobs::tests::manual_clock_and_jitter_are_deterministic ... ok
test providers::manual_ai::client::tests::client_rejects_invalid_base_urls ... ok
test providers::manual_ai::client::tests::error_classification_separates_provable_refusals_from_unknowns ... ok
test providers::manual_ai::client::tests::redacted_errors_never_expose_keys_or_signing_urls ... ok
test providers::manual_ai::dto::base64_encode::tests::base64_matches_rfc4648_vectors ... ok
test providers::manual_ai::dto::tests::request_bytes_use_text_format_not_response_format ... ok
test providers::manual_ai::dto::tests::response_parsing_reads_output_text_and_refusal_separately ... ok
test providers::manual_ai::prompt::tests::malicious_page_text_is_embedded_verbatim_as_data ... ok
test providers::manual_ai::prompt::tests::prompt_frames_pages_as_data_and_lists_image_pages_in_order ... ok
test providers::tests::configured_manual_ai_registers_extract_and_merge_independently ... ok
test http::openapi::tests::openapi_is_3_1_and_declares_health_paths ... ok
test http::openapi::tests::openapi_declares_t07_item_document_and_photo_routes ... ok
test http::openapi::tests::openapi_declares_release_export_route ... ok
test http::openapi::tests::openapi_declares_asset_upload_and_content_routes ... ok
test http::openapi::tests::openapi_error_responses_use_contract_shape ... ok
test http::openapi::tests::openapi_declares_auth_settings_and_items_routes ... ok
test providers::tests::provider_without_model_is_not_configured ... ok
test providers::tests::unconfigured_provider_registers_no_handlers ... ok
test providers::tripo::client::tests::error_classification_separates_provable_refusals_from_unknowns ... ok
test providers::tripo::client::tests::opaque_task_id_is_percent_encoded_as_a_single_path_segment ... ok
test providers::tripo::client::tests::envelope_errors_are_mapped_by_status ... ok
test providers::tripo::client::tests::redacted_errors_never_expose_signing_urls_or_keys ... ok
test providers::tripo::dto::tests::billing_parses_exactly_and_reports_problems_without_guessing ... ok
test providers::tripo::dto::tests::envelope_requires_code_and_ignores_unknown_fields ... ok
test providers::tripo::dto::tests::opaque_strings_are_preserved_verbatim ... ok
test providers::tripo::handlers::tests::stage_endpoints_match_the_frozen_paths ... ok
test providers::tripo::handlers::tests::confirmed_inputs_has_front_and_token_lookup ... ok
test providers::tripo::handlers::tests::task_usage_keeps_raw_and_normalized_status ... ok
test providers::tripo::handlers::tests::task_usage_redacts_temporary_urls_to_summary ... ok
test providers::tripo::dto::tests::task_data_keeps_raw_status_and_optional_output ... ok
test http::openapi::tests::openapi_export_is_deterministic ... ok
test providers::tripo::dto::tests::upload_and_submit_data_parse_candidate_fields ... ok
test providers::tripo::status::tests::unknown_statuses_are_kept_verbatim_and_never_guessed ... ok
test providers::tripo::status::tests::known_statuses_map_and_raw_is_preserved ... ok
test redaction::tests::first_url_like_detects_and_reports ... ok
test providers::tripo::dto::tests::submit_request_body_has_no_v2_shape_and_skips_missing_views ... ok
test providers::tripo::handlers::tests::upload_facts_roundtrip_and_tolerate_corruption ... ok
test providers::tripo::links::tests::remember_get_and_overwrite ... ok
test providers::tripo::links::tests::bounded_eviction_and_debug_hides_urls ... ok
test redaction::tests::redact_text_urls_is_the_unified_idempotent_entry ... ok
test redaction::tests::summary_keeps_host_and_irreversible_digest_only ... ok
test redaction::tests::redacting_serialized_json_text_keeps_it_parseable ... ok
test redaction::tests::text_redaction_strips_url_runs_and_counts ... ok
test redaction::tests::text_redaction_keeps_adjacent_non_url_text ... ok
test redaction::tests::json_redaction_keep_strings_never_changes_value_type ... ok
test redaction::tests::json_redaction_keeps_sentence_strings_intact ... ok
test redaction::tests::whole_url_detection_requires_exactly_one_url_segment ... ok
test storage::error::tests::schema_too_new_message_is_readable_and_actionable ... ok
test storage::error::tests::conflict_message_carries_current_revision ... ok
test redaction::tests::serialized_json_text_redaction_parses_or_falls_back_to_text ... ok
test storage::repo::photos::tests::view_parsing_rejects_unknown_values ... ok
test storage::migrations::tests::embedded_migrations_are_ordered_and_versioned ... ok
test redaction::tests::json_redaction_replaces_urls_anywhere_and_keeps_other_facts ... ok
test providers::tripo::client::tests::client_rejects_invalid_base_urls ... ok
test providers::tests::configured_provider_registers_five_tripo_stages ... ok
test http::auth::password::tests::salt_is_random_per_hash ... ok
test http::auth::password::tests::hash_is_argon2id_phc_and_verifies ... ok

test result: ok. 177 passed; 0 failed; 0 ignored; 0 measured; 0 filtered out; finished in 1.43s

     Running unittests src/main.rs (target/debug/deps/everything_manual-79e0a95c76f15967)

running 0 tests

test result: ok. 0 passed; 0 failed; 0 ignored; 0 measured; 0 filtered out; finished in 0.00s

     Running tests/assets.rs (target/debug/deps/assets-b4036373fbba9eaf)

running 12 tests
test forged_types_and_invalid_purposes_are_rejected ... ok
test item_total_limit_is_enforced_with_actionable_details ... ok
test insufficient_disk_space_reports_clear_error_without_half_commit ... ok
test oversized_uploads_are_rejected_with_413_and_no_trace ... ok
test decoding_failures_pixel_bombs_and_page_limits_are_422 ... ok
test path_traversal_filenames_are_metadata_only ... ok
test unauthorized_and_unknown_asset_access_is_404_without_path_leakage ... ok
test crash_orphans_are_quarantined_while_referenced_blobs_survive ... ok
test db_failure_after_fsync_does_not_delete_a_shared_blob ... ok
test range_head_etag_and_conditional_requests_follow_contract ... ok
test uploads_pdf_png_jpeg_and_deduplicates_by_sha256 ... ok
test upload_over_one_mib_is_not_blocked_by_the_json_body_limit ... ok

test result: ok. 12 passed; 0 failed; 0 ignored; 0 measured; 0 filtered out; finished in 3.91s

     Running tests/auth_api.rs (target/debug/deps/auth_api-8e3b70f90f49b6f4)

running 13 tests
test ready_reflects_data_layer_and_reports_not_ready_when_db_unavailable ... ok
test json_body_errors_use_unified_envelope ... ok
test unauthenticated_protected_routes_return_401_with_request_id ... ok
test trusted_proxy_source_ip_is_used_for_rate_limiting ... ok
test logout_revokes_session_and_expired_session_is_401 ... ok
test mutating_requests_require_csrf_and_same_site_origin ... ok
test login_sets_httponly_strict_cookie_and_session_has_no_store ... ok
test if_match_missing_is_428_and_stale_revision_is_412_with_current_revision ... ok
test https_declared_origin_marks_cookie_secure ... ok
test unknown_api_paths_are_json_404_without_session ... ok
test settings_status_reports_configuration_without_secrets ... ok
test wrong_password_is_401_and_repeated_failures_are_429 ... ok
test rate_limit_window_expires_and_success_resets_counter ... ok

test result: ok. 13 passed; 0 failed; 0 ignored; 0 measured; 0 filtered out; finished in 5.14s

     Running tests/backup_restore.rs (target/debug/deps/backup_restore-0f0f9c458acde5f9)

running 11 tests
test prepare_rehearsal_datadir ... ignored, 手工演练造数（需要 EM_T20_REHEARSAL_DIR；不在常规 cargo test 中执行）
test legacy_schema_backup_restores_and_migrates_automatically ... FAILED
test fresh_pipeline_metadata_contains_no_temporary_urls ... ok
test export_contains_only_release_assets_and_no_secrets ... ok
test backup_fails_on_corrupted_source_blob_without_touching_source ... ok
test restore_rejects_backup_with_newer_schema ... ok
test backup_and_restore_keep_needs_input_sentences_intact ... ok
test backup_redacts_historical_provider_urls_without_touching_source ... ok
test backup_requires_stopped_server_and_produces_consistent_snapshot ... ok
test restore_into_new_directory_reproduces_readable_release_pdf_and_glb ... ok
test restore_verifies_backup_and_rejects_damage_without_creating_target ... ok

failures:

---- legacy_schema_backup_restores_and_migrates_automatically stdout ----

thread 'legacy_schema_backup_restores_and_migrates_automatically' (842) panicked at crates/server/tests/backup_restore.rs:2390:5:
assertion `left == right` failed: serve 应优雅退出；stdout：{"timestamp":"2026-09-13T14:42:25.691208Z","level":"INFO","fields":{"message":"数据库 schema 已就绪","event":"database_ready","dataDir":"/tmp/em-auth-t20-legacy-cli-835-1789310543341910756-0/restored-data","schemaVersion":7},"target":"everything_manual::config::commands"}
{"timestamp":"2026-09-13T14:42:25.697728Z","level":"WARN","fields":{"message":"数据库 schema 已自动升级：升级前应先备份；回滚程序不能读取比它新的 schema","event":"schema_upgraded","from":1,"to":7},"target":"everything_manual::config::commands"}
提示：数据库 schema 已自动升级 v1 → v7。升级前应先备份（backup --data-dir <dir> --out <新路径>，需停服）；程序回滚不等于数据库回滚（旧程序不能打开更新的 schema，只能用迁移前备份恢复到新目录）。
{"timestamp":"2026-09-13T14:42:25.704009Z","level":"INFO","fields":{"message":"资产残留扫描完成（隔离只移动不删除）","event":"asset_scan","tmpQuarantined":0,"blobsQuarantined":0,"blobsKept":1,"blobsRestored":0,"blobsMarkedMissing":0},"target":"everything_manual::config::commands"}
{"timestamp":"2026-09-13T14:42:25.706360Z","level":"INFO","fields":{"message":"组装阶段处理器已注册（本地确定性组装；不存在自动发布）","event":"pipeline_handlers_registered","stages":"assemble_draft"},"target":"everything_manual::config::commands"}
{"timestamp":"2026-09-13T14:42:25.706837Z","level":"WARN","fields":{"message":"任务执行器未注册任何 Provider 阶段处理器（Provider 未配置）：付费阶段会被延后；组装阶段不依赖 Provider，仍正常注册","event":"job_executor_no_handlers"},"target":"everything_manual::config::commands"}
{"timestamp":"2026-09-13T14:42:25.708941Z","level":"INFO","fields":{"message":"任务执行器启动（SQLite 事实来源；崩溃断点仅测试构建）","event":"job_executor_start","owner":"954:01a09b38-2f2b-7702-a69c-932d77dd573e","leaseSeconds":120,"renewSeconds":20,"remoteGenerationLimit":2,"manualAiBatchLimit":2},"target":"everything_manual::config::commands"}
{"timestamp":"2026-09-13T14:42:25.713156Z","level":"WARN","fields":{"message":"Provider 未配置：生成与报价能力将返回“未配置”，不回退 mock；已有资料仍可读","event":"provider_not_configured","provider":"tripo","missing":"api_key"},"target":"everything_manual::config::commands"}
{"timestamp":"2026-09-13T14:42:25.713439Z","level":"WARN","fields":{"message":"Provider 未配置：生成与报价能力将返回“未配置”，不回退 mock；已有资料仍可读","event":"provider_not_configured","provider":"manual_ai","missing":"api_key,model"},"target":"everything_manual::config::commands"}
{"timestamp":"2026-09-13T14:42:25.713698Z","level":"INFO","fields":{"message":"服务启动","event":"serve_start","listen":"127.0.0.1:45649","dataDir":"/tmp/em-auth-t20-legacy-cli-835-1789310543341910756-0/restored-data","securityMode":"loopback","sessionTtlHours":168,"loginRateLimitPerMinute":5,"cookieSecure":false},"target":"everything_manual::config::commands"}
listening on http://127.0.0.1:45649

stderr：
  left: -1
 right: 0
note: run with `RUST_BACKTRACE=1` environment variable to display a backtrace


failures:
    legacy_schema_backup_restores_and_migrates_automatically

test result: FAILED. 9 passed; 1 failed; 1 ignored; 0 measured; 0 filtered out; finished in 8.02s

error: test failed, to rerun pass `-p everything-manual --test backup_restore`
[失败] cargo test --workspace: 命令失败（退出码 Some(101)）：cargo test --workspace
$ (cd /src/everything-manual/apps/web && npm run lint)

> everything-manual-web@0.1.0 lint
> eslint . --max-warnings=0

npm notice
npm notice New major version of npm available! 10.9.7 -> 12.0.2
npm notice Changelog: https://github.com/npm/cli/releases/tag/v12.0.2
npm notice To update run: npm install -g npm@12.0.2
npm notice
[通过] npm --prefix apps/web run lint
$ (cd /src/everything-manual/apps/web && npm run typecheck)

> everything-manual-web@0.1.0 typecheck
> tsc --noEmit

[通过] npm --prefix apps/web run typecheck
$ (cd /src/everything-manual/apps/web && npm run test -- --run)

> everything-manual-web@0.1.0 test
> vitest run --run


[1m[30m[46m RUN [49m[39m[22m [36mv5.0.0 [39m[90m/src/everything-manual/apps/web[39m

 [32m✓[39m src/features/viewer/draft-view.test.ts [2m([22m[2m8 tests[22m[2m)[22m[32m 9[2mms[22m[39m
 [32m✓[39m src/features/manual/review-state.test.ts [2m([22m[2m9 tests[22m[2m)[22m[32m 9[2mms[22m[39m
 [32m✓[39m src/features/viewer/coordinates.test.ts [2m([22m[2m15 tests[22m[2m)[22m[32m 22[2mms[22m[39m
 [32m✓[39m src/features/viewer/qa-t18-independent.test.ts [2m([22m[2m10 tests[22m[2m)[22m[32m 32[2mms[22m[39m
 [32m✓[39m src/features/viewer/glb.test.ts [2m([22m[2m9 tests[22m[2m)[22m[32m 31[2mms[22m[39m
 [32m✓[39m src/api/client.test.ts [2m([22m[2m9 tests[22m[2m)[22m[33m 820[2mms[22m[39m
   [32m✓[39m 请求封装（类型来自生成合同） [2m(9)[22m
     [33m[2m✓[22m[39m retry 策略不自动重放（QueryClient 默认值）[33m 804[2mms[22m[39m
 [32m✓[39m src/App.test.tsx [2m([22m[2m2 tests[22m[2m)[22m[32m 255[2mms[22m[39m
 [32m✓[39m src/features/jobs/jobDetail.test.tsx [2m([22m[2m9 tests[22m[2m)[22m[32m 283[2mms[22m[39m
[90mstderr[2m | src/features/shell/shell.test.tsx[2m > [22m[2m路由骨架与文案边界[2m > [22m[2m向导占位页保留五步步骤条且当前步 aria-current
[22m[39mWarning: Please use the `legacy` build in Node.js environments.

 [32m✓[39m src/features/shell/shell.test.tsx [2m([22m[2m19 tests[22m[2m)[22m[33m 1378[2mms[22m[39m
   [32m✓[39m 路由骨架与文案边界 [2m(3)[22m
     [33m[2m✓[22m[39m 版本列表已交付：显示真实空态而不是占位页，且只请求它需要的数据[33m 321[2mms[22m[39m
     [33m[2m✓[22m[39m 向导占位页保留五步步骤条且当前步 aria-current[33m 320[2mms[22m[39m
 [32m✓[39m src/features/import/money.test.ts [2m([22m[2m6 tests[22m[2m)[22m[32m 7[2mms[22m[39m
 [32m✓[39m src/features/jobs/status.test.ts [2m([22m[2m8 tests[22m[2m)[22m[32m 7[2mms[22m[39m
 [32m✓[39m src/features/import/views.test.ts [2m([22m[2m6 tests[22m[2m)[22m[32m 6[2mms[22m[39m
 [32m✓[39m src/features/import/messages.test.ts [2m([22m[2m3 tests[22m[2m)[22m[32m 4[2mms[22m[39m
[90mstderr[2m | src/features/import/pdf/prepare.test.ts
[22m[39mWarning: Please use the `legacy` build in Node.js environments.

 [32m✓[39m src/features/import/pdf/prepare.test.ts [2m([22m[2m9 tests[22m[2m)[22m[32m 7[2mms[22m[39m
 [32m✓[39m src/features/import/upload-messages.test.ts [2m([22m[2m4 tests[22m[2m)[22m[32m 5[2mms[22m[39m
[90mstderr[2m | src/features/import/pdf/errors.test.ts
[22m[39mWarning: Please use the `legacy` build in Node.js environments.

 [32m✓[39m src/features/import/pdf/errors.test.ts [2m([22m[2m4 tests[22m[2m)[22m[32m 4[2mms[22m[39m

[2m Test Files [22m [1m[32m16 passed[39m[22m[90m (16)[39m
[2m      Tests [22m [1m[32m130 passed[39m[22m[90m (130)[39m
[2m   Start at [22m 14:42:46
[2m   Duration [22m 8.28s[2m (environment 76%, setup 11%, transform 6%, tests 5%, import 2%)[22m

[2mEnvironment [22m [33mjsdom was created 16 times[39m[2m · 46.10s total, 76% of tracked time[22m
[2m            [22m [2mcreate it once per worker with [22m[33mpool: 'vmThreads'[39m[2m (keeps per-file isolation) or [22m[33misolate: false[39m[2m (shares it across files)[22m
[2m            [22m [2mlearn more: https://vitest.dev/guide/improving-performance#test-environments[22m

[通过] npm --prefix apps/web run test -- --run
$ (cd /src/everything-manual/apps/web && /src/everything-manual/apps/web/node_modules/.bin/openapi-typescript /tmp/everything-manual-contracts-check-453/openapi.json -o /tmp/everything-manual-contracts-check-453/generated.ts)
✨ openapi-typescript 7.13.0
🚀 /tmp/everything-manual-contracts-check-453/openapi.json → /tmp/everything-manual-contracts-check-453/generated.ts [142.1ms]
  [一致] contracts/openapi.json
  [一致] apps/web/src/api/generated.ts
合同检查通过：openapi.json 与 generated.ts 均与 Rust DTO 一致。
[通过] cargo xtask contracts --check

xtask 失败: 以下检查未通过：cargo test --workspace
[step] xtask-check            exit=1 elapsed=46s
[host-step] linux-regression     exit=1 elapsed=62s
== 回归未全部通过（退出码 1）：日志已回收到 /Users/lizhao/Code/rust/everything-manual/artifacts/web-mvp/t22-rd/linux/regression/ ==
