warning: `/Users/qsyj/.cargo/config` is deprecated in favor of `config.toml`
  |
  = help: if you need to support cargo 1.38 or earlier, you can symlink `config` to `config.toml`
    Blocking waiting for file lock on build directory
    Finished `test` profile [unoptimized + debuginfo] target(s) in 0.29s
     Running tests/qa_t15_independent.rs (target/debug/deps/qa_t15_independent-70cc2c283ddbe651)

running 11 tests
test qa_t15_cancel_keeps_submitted_state_and_adds_no_paid_steps ... ok
test qa_t15_draft_patch_contract_and_no_publish_side_effects ... ok
test qa_t15_crash_replay_does_not_create_a_second_draft ... ok
QA-OBSERVE[model-head-retry] status=422 reason="budgetNotHolding" ledger=[("manual_ai", "reserved"), ("tripo", "settled")] model_validate=needs_input assemble=succeeded draft_completeness="partial"
test qa_t15_full_chain_assembles_needs_review_draft_and_never_publishes ... ok
test qa_t15_blocked_model_branch_yields_partial_draft_and_gates_retry ... ok
test qa_t15_assembly_revision_follows_content_change_only ... ok
test qa_t15_attach_remote_task_verifies_queries_and_does_not_repurchase ... ok
test qa_t15_record_no_task_requires_evidence_and_keeps_reservation ... ok
QA-OBSERVE[upstream-unknown] job="submission_unknown" merge=queued assemble=queued drafts=0 manual_requests=1
QA-OBSERVE[p3-1-recovery] refused_batch=needs_input produced_batch=succeeded producedKnowledge=Some(Bool(false)) merge=queued assemble=queued drafts=0 manual_requests=2
test qa_t15_refused_batch_recovery_never_reports_success ... ok
test qa_t15_upstream_unknown_blocks_assembly_until_reconciled ... ok
test qa_t15_retry_only_knowledge_branch_preserves_model_artifacts ... ok

test result: ok. 11 passed; 0 failed; 0 ignored; 0 measured; 0 filtered out; finished in 4.08s

