== sha256 / size ==
77b38c91327c4d5c697c1fccb48054a827034ee088167cb38ad3249a3d338246  /src/everything-manual/dist/x86_64-unknown-linux-musl/everything-manual
bytes=28236728
== file ==
/src/everything-manual/dist/x86_64-unknown-linux-musl/everything-manual: ELF 64-bit LSB pie executable, x86-64, version 1 (SYSV), static-pie linked, BuildID[sha1]=baf8e4a91c4aed050e64993b846e6075e738623f, not stripped
== ldd ==
	statically linked
== DT_NEEDED ==
count=0
== 禁用模式独立计数（QA 自算，与 xtask 无关） ==
/src/everything-manual                               0
/src/everything-manual/apps/web/dist                 0
/src/everything-manual/apps/web/node_modules         0
/root                                                0
/build/home                                          559
/build/repo                                          0
== 其它构建机路径形态 ==
/Users/                                              0
node_modules                                         0
apps/web/dist                                        0
