
> everything-manual-web@0.1.0 test:e2e
> playwright test qa-t16-independent.spec.ts -g QA-10

(node:78125) [DEP0205] DeprecationWarning: `module.register()` is deprecated. Use `module.registerHooks()` instead.
(Use `node --trace-deprecation ...` to show where the warning was created)
[2m[WebServer] [22m
[2m[WebServer] [22m> everything-manual-web@0.1.0 dev
[2m[WebServer] [22m> vite
[2m[WebServer] [22m
[2m[WebServer] [22m  pdfjs-dist 6.3.289 本地资源：cmaps=169 standard_fonts=16 wasm=13 iccs=2
[2m[WebServer] [22m
[2m[WebServer] [22m  [32m[1mVITE[22m v8.3.0[39m  [2mready in [0m[1m125[22m[2m[0m ms[22m
[2m[WebServer] [22m
[2m[WebServer] [22m  [32m➜[39m  [1mLocal[22m:   [36mhttp://127.0.0.1:[1m15173[22m/[39m
warning: `/Users/qsyj/.cargo/config` is deprecated in favor of `config.toml`
  |
  = help: if you need to support cargo 1.38 or earlier, you can symlink `config` to `config.toml`
    Finished `dev` profile [unoptimized + debuginfo] target(s) in 0.12s
{"timestamp":"2026-09-12T08:14:07.696790Z","level":"INFO","fields":{"message":"data-dir 初始化完成","event":"init","dataDir":"/var/folders/5y/y4jt01gd7mzglrwt5pf7p3m00000gn/T/em-web-mvp-e2e/data","passwordSource":"受限文件 /var/folders/5y/y4jt01gd7mzglrwt5pf7p3m00000gn/T/em-web-mvp-e2e/password.txt","schemaVersion":6,"adminId":"01a094ae-5350-72de-aa99-2783c133bb96","adminStatus":"已创建"},"target":"everything_manual::config::commands"}
data-dir 已初始化：/var/folders/5y/y4jt01gd7mzglrwt5pf7p3m00000gn/T/em-web-mvp-e2e/data
  - 已创建：/var/folders/5y/y4jt01gd7mzglrwt5pf7p3m00000gn/T/em-web-mvp-e2e/data
  - 已创建：/var/folders/5y/y4jt01gd7mzglrwt5pf7p3m00000gn/T/em-web-mvp-e2e/data/tmp
  - 已创建：/var/folders/5y/y4jt01gd7mzglrwt5pf7p3m00000gn/T/em-web-mvp-e2e/data/logs
  - 已创建：/var/folders/5y/y4jt01gd7mzglrwt5pf7p3m00000gn/T/em-web-mvp-e2e/data/blobs
  - 已创建：/var/folders/5y/y4jt01gd7mzglrwt5pf7p3m00000gn/T/em-web-mvp-e2e/data/lock
数据库：已创建并迁移（/var/folders/5y/y4jt01gd7mzglrwt5pf7p3m00000gn/T/em-web-mvp-e2e/data/manual.sqlite3，schema v6；迁移随二进制内嵌，WAL / synchronous=FULL / foreign_keys=ON）
管理员凭据：已创建（admins 表；Argon2id v19、m=19456 KiB、t=2、p=1、16 字节盐；无默认密码）。
密码来源：受限文件 /var/folders/5y/y4jt01gd7mzglrwt5pf7p3m00000gn/T/em-web-mvp-e2e/password.txt；明文不落盘、不进入日志与 shell history。

Running 1 test using 1 worker

(node:78188) [DEP0205] DeprecationWarning: `module.register()` is deprecated. Use `module.registerHooks()` instead.
(Use `node --trace-deprecation ...` to show where the warning was created)
  ✘  1 [chromium] › tests/e2e/qa-t16-independent.spec.ts:821:3 › T16 独立验收（QA 回合 18） › QA-10 资料库行布局：名称/型号列在 1280px 下可读（UI-005 回归守卫） (1.3s)


  1) [chromium] › tests/e2e/qa-t16-independent.spec.ts:821:3 › T16 独立验收（QA 回合 18） › QA-10 资料库行布局：名称/型号列在 1280px 下可读（UI-005 回归守卫） 

    Error: 1024px：名称列宽 32；全部测量 {"1024":{"row":{"x":24,"width":976,"height":255.34375},"identity":{"x":36,"width":34.375,"height":230.34375},"name":{"x":36,"width":32,"height":94.78125},"status":{"x":82.375,"width":31.609375,"height":94.84375},"time":{"x":125.984375,"width":45.5625,"height":97.25},"actions":{"x":183.546875,"width":804.453125,"height":43.59375},"note":{"x":483.546875,"width":504.453125,"height":15},"styles":{"gridTemplateColumns":"34.375px 31.6094px 45.5625px 804.453px","identity":{"display":"block","flexBasis":"auto"},"actions":{"display":"block","flexBasis":"auto"},"note":{"display":"inline","flexBasis":"100%"}}},"1280":{"row":{"x":24,"width":840,"height":357.71875},"identity":{"x":36,"width":0,"height":332.71875},"name":{"x":36,"width":22.765625,"height":145.96875},"status":{"x":48,"width":31.609375,"height":94.84375},"time":{"x":91.609375,"width":45.5625,"height":97.25},"actions":{"x":149.171875,"width":702.828125,"height":69.1875},"note":{"x":149.171875,"width":702.0625,"height":49.59375},"styles":{"gridTemplateColumns":"","identity":{"display":"","flexBasis":""},"actions":{"display":"","flexBasis":""},"note":{"display":"","flexBasis":""}}},"1366":{"row":{"x":24,"width":926,"height":357.71875},"identity":{"x":36,"width":0,"height":332.71875},"name":{"x":36,"width":22.765625,"height":145.96875},"status":{"x":48,"width":31.609375,"height":94.84375},"time":{"x":91.609375,"width":45.5625,"height":97.25},"actions":{"x":149.171875,"width":788.828125,"height":69.1875},"note":{"x":149.171875,"width":778.859375,"height":49.59375},"styles":{"gridTemplateColumns":"0px 31.6094px 45.5625px 788.828px","identity":{"display":"block","flexBasis":"auto"},"actions":{"display":"block","flexBasis":"auto"},"note":{"display":"inline","flexBasis":"100%"}}},"1440":{"row":{"x":24,"width":1000,"height":178.5625},"identity":{"x":36,"width":58.375,"height":153.5625},"name":{"x":36,"width":48,"height":69.1875},"status":{"x":106.375,"width":31.609375,"height":94.84375},"time":{"x":149.984375,"width":45.5625,"height":97.25},"actions":{"x":207.546875,"width":804.453125,"height":43.59375},"note":{"x":507.546875,"width":504.453125,"height":15},"styles":{"gridTemplateColumns":"58.375px 31.6094px 45.5625px 804.453px","identity":{"display":"block","flexBasis":"auto"},"actions":{"display":"block","flexBasis":"auto"},"note":{"display":"inline","flexBasis":"100%"}}},"1600":{"row":{"x":24,"width":1076,"height":127.375},"identity":{"x":36,"width":105.765625,"height":102.375},"name":{"x":36,"width":90.703125,"height":43.59375},"status":{"x":153.765625,"width":52.890625,"height":73.09375},"time":{"x":218.65625,"width":52.890625,"height":97.25},"actions":{"x":283.546875,"width":804.453125,"height":43.59375},"note":{"x":583.546875,"width":504.453125,"height":15},"styles":{"gridTemplateColumns":"105.766px 52.8906px 52.8906px 804.453px","identity":{"display":"block","flexBasis":"auto"},"actions":{"display":"block","flexBasis":"auto"},"note":{"display":"inline","flexBasis":"100%"}}},"1920":{"row":{"x":24,"width":1076,"height":127.375},"identity":{"x":36,"width":105.765625,"height":102.375},"name":{"x":36,"width":90.703125,"height":43.59375},"status":{"x":153.765625,"width":52.890625,"height":73.09375},"time":{"x":218.65625,"width":52.890625,"height":97.25},"actions":{"x":283.546875,"width":804.453125,"height":43.59375},"note":{"x":583.546875,"width":504.453125,"height":15},"styles":{"gridTemplateColumns":"105.766px 52.8906px 52.8906px 804.453px","identity":{"display":"block","flexBasis":"auto"},"actions":{"display":"block","flexBasis":"auto"},"note":{"display":"inline","flexBasis":"100%"}}}}

    [2mexpect([22m[31mreceived[39m[2m).[22mtoBeGreaterThanOrEqual[2m([22m[32mexpected[39m[2m)[22m

    Expected: >= [32m120[39m
    Received:    [31m32[39m

      882 |         entry.name?.width ?? 0,
      883 |         `${width}px：名称列宽 ${entry.name?.width}；全部测量 ${JSON.stringify(measurements)}`,
    > 884 |       ).toBeGreaterThanOrEqual(120);
          |         ^
      885 |     }
      886 |   });
      887 | });
        at /Users/qsyj/Code/rust/everything-manual/apps/web/tests/e2e/qa-t16-independent.spec.ts:884:9

    attachment #1: screenshot (image/png) ──────────────────────────────────────────────────────────
    ../../artifacts/web-mvp/t09-rd/playwright-output/qa-t16-independent-T16-独立验-839ff-号列在-1280px-下可读（UI-005-回归守卫）-chromium/test-failed-1.png
    ────────────────────────────────────────────────────────────────────────────────────────────────

    Error Context: ../../artifacts/web-mvp/t09-rd/playwright-output/qa-t16-independent-T16-独立验-839ff-号列在-1280px-下可读（UI-005-回归守卫）-chromium/error-context.md

    attachment #3: trace (application/zip) ─────────────────────────────────────────────────────────
    ../../artifacts/web-mvp/t09-rd/playwright-output/qa-t16-independent-T16-独立验-839ff-号列在-1280px-下可读（UI-005-回归守卫）-chromium/trace.zip
    Usage:

        npx playwright show-trace ../../artifacts/web-mvp/t09-rd/playwright-output/qa-t16-independent-T16-独立验-839ff-号列在-1280px-下可读（UI-005-回归守卫）-chromium/trace.zip

    ────────────────────────────────────────────────────────────────────────────────────────────────

  1 failed
    [chromium] › tests/e2e/qa-t16-independent.spec.ts:821:3 › T16 独立验收（QA 回合 18） › QA-10 资料库行布局：名称/型号列在 1280px 下可读（UI-005 回归守卫） 
