### cargo xtask dist --target aarch64-apple-darwin（第 1 次，16:20:19）
$ (cd /Users/qsyj/Code/rust/everything-manual && cargo build --release --locked --features embedded-ui --target aarch64-apple-darwin --package everything-manual)
warning: `/Users/qsyj/.cargo/config` is deprecated in favor of `config.toml`
  |
  = help: if you need to support cargo 1.38 or earlier, you can symlink `config` to `config.toml`
   Compiling everything-manual v0.1.0 (/Users/qsyj/Code/rust/everything-manual/crates/server)
    Finished `release` profile [optimized] target(s) in 26.12s

dist 完成：
  binary : /Users/qsyj/Code/rust/everything-manual/dist/aarch64-apple-darwin/everything-manual
  sha256 : 5c33ce93adaea07d00560a353eeda97aecd3226abfed323868f2412dc08f48cf
  size   : 22544432 bytes
  files  : SHA256SUMS, licenses.json, build-info.json
dist1_exit=0
5c33ce93adaea07d00560a353eeda97aecd3226abfed323868f2412dc08f48cf  dist/aarch64-apple-darwin/everything-manual
22544432 bytes

### cargo xtask dist --target aarch64-apple-darwin（第 2 次，16:20:58）
$ (cd /Users/qsyj/Code/rust/everything-manual && cargo build --release --locked --features embedded-ui --target aarch64-apple-darwin --package everything-manual)
warning: `/Users/qsyj/.cargo/config` is deprecated in favor of `config.toml`
  |
  = help: if you need to support cargo 1.38 or earlier, you can symlink `config` to `config.toml`
   Compiling everything-manual v0.1.0 (/Users/qsyj/Code/rust/everything-manual/crates/server)
    Finished `release` profile [optimized] target(s) in 25.58s

dist 完成：
  binary : /Users/qsyj/Code/rust/everything-manual/dist/aarch64-apple-darwin/everything-manual
  sha256 : 5c33ce93adaea07d00560a353eeda97aecd3226abfed323868f2412dc08f48cf
  size   : 22544432 bytes
  files  : SHA256SUMS, licenses.json, build-info.json
dist2_exit=0
5c33ce93adaea07d00560a353eeda97aecd3226abfed323868f2412dc08f48cf  dist/aarch64-apple-darwin/everything-manual

### SHA256SUMS
5c33ce93adaea07d00560a353eeda97aecd3226abfed323868f2412dc08f48cf  everything-manual
