
> everything-manual-web@0.1.0 test:e2e
> playwright test interaction-a-qa.spec.ts --output=../../artifacts/interaction-a/qa/playwright-output

(node:47251) [DEP0205] DeprecationWarning: `module.register()` is deprecated. Use `module.registerHooks()` instead.
(Use `node --trace-deprecation ...` to show where the warning was created)
[2m[WebServer] [22m
[2m[WebServer] [22m> everything-manual-web@0.1.0 dev
[2m[WebServer] [22m> vite
[2m[WebServer] [22m
[2m[WebServer] [22m(node:47279) Warning: The 'NO_COLOR' env is ignored due to the 'FORCE_COLOR' env being set.
[2m[WebServer] [22m(Use `node --trace-warnings ...` to show where the warning was created)
[2m[WebServer] [22m  pdfjs-dist 6.3.289 本地资源：cmaps=169 standard_fonts=16 wasm=13 iccs=2
[2m[WebServer] [22m
[2m[WebServer] [22m  VITE v8.3.0  ready in 131 ms
[2m[WebServer] [22m
[2m[WebServer] [22m  ➜  Local:   http://127.0.0.1:15182/
warning: `/Users/qsyj/.cargo/config` is deprecated in favor of `config.toml`
  |
  = help: if you need to support cargo 1.38 or earlier, you can symlink `config` to `config.toml`
    Finished `dev` profile [unoptimized + debuginfo] target(s) in 0.14s
data-dir 已初始化：/private/tmp/everything-manual-interaction-a-qa/data
  - 已创建：/private/tmp/everything-manual-interaction-a-qa/data
  - 已创建：/private/tmp/everything-manual-interaction-a-qa/data/tmp
  - 已创建：/private/tmp/everything-manual-interaction-a-qa/data/logs
  - 已创建：/private/tmp/everything-manual-interaction-a-qa/data/blobs
  - 已创建：/private/tmp/everything-manual-interaction-a-qa/data/lock
数据库：已创建并迁移（/private/tmp/everything-manual-interaction-a-qa/data/manual.sqlite3，schema v7；迁移随二进制内嵌，WAL / synchronous=FULL / foreign_keys=ON）
管理员凭据：已创建（admins 表；Argon2id v19、m=19456 KiB、t=2、p=1、16 字节盐；无默认密码）。
密码来源：受限文件 /private/tmp/everything-manual-interaction-a-qa/password.txt；明文不落盘、不进入日志与 shell history。

Running 7 tests using 1 worker

(node:47328) Warning: The 'NO_COLOR' env is ignored due to the 'FORCE_COLOR' env being set.
(Use `node --trace-warnings ...` to show where the warning was created)
(node:47328) [DEP0205] DeprecationWarning: `module.register()` is deprecated. Use `module.registerHooks()` instead.
(node:47328) Warning: The 'NO_COLOR' env is ignored due to the 'FORCE_COLOR' env being set.
(Use `node --trace-warnings ...` to show where the warning was created)
  ✓  1 [chromium] › tests/e2e/interaction-a-qa.spec.ts:107:1 › IA-QA-01 创建等待/失败/成功及编辑路由（AC-001/002） (1.6s)
  ✓  2 [chromium] › tests/e2e/interaction-a-qa.spec.ts:151:1 › IA-QA-02 四尺寸确认主流程与字体/触控（AC-003/004/011/012） (3.0s)
  ✘  3 [chromium] › tests/e2e/interaction-a-qa.spec.ts:198:1 › IA-QA-03 确认延迟/取消/失败、低预算及同键显式重试（AC-005/006/007/008） (2.7s)
(node:47982) Warning: The 'NO_COLOR' env is ignored due to the 'FORCE_COLOR' env being set.
(Use `node --trace-warnings ...` to show where the warning was created)
(node:47982) [DEP0205] DeprecationWarning: `module.register()` is deprecated. Use `module.registerHooks()` instead.
(node:47982) Warning: The 'NO_COLOR' env is ignored due to the 'FORCE_COLOR' env being set.
(Use `node --trace-warnings ...` to show where the warning was created)
  ✓  4 [chromium] › tests/e2e/interaction-a-qa.spec.ts:270:1 › IA-QA-04 过期手动重报与旧确认晚到隔离（AC-005/007） (5.8s)
[2m[WebServer] [22m11:56:51 PM [vite] (client) [console.warn] THREE.Clock: This module has been deprecated. Please use THREE.Timer instead.
[2m[WebServer] [22m11:56:53 PM [vite] (client) [console.warn] THREE.Clock: This module has been deprecated. Please use THREE.Timer instead.
  ✓  5 [chromium] › tests/e2e/interaction-a-qa.spec.ts:305:1 › IA-QA-05 阅读器键盘标签/抽屉与手机触控（AC-009/010/011/012） (9.3s)
  ✘  6 [chromium] › tests/e2e/interaction-a-qa.spec.ts:354:1 › IA-QA-06 实际浏览器 200% 缩放保持表单与确认可达（AC-012） (3.5s)
(node:49201) Warning: The 'NO_COLOR' env is ignored due to the 'FORCE_COLOR' env being set.
(Use `node --trace-warnings ...` to show where the warning was created)
(node:49201) [DEP0205] DeprecationWarning: `module.register()` is deprecated. Use `module.registerHooks()` instead.
(node:49201) Warning: The 'NO_COLOR' env is ignored due to the 'FORCE_COLOR' env being set.
(Use `node --trace-warnings ...` to show where the warning was created)
  ✓  7 [chromium] › tests/e2e/interaction-a-qa.spec.ts:422:1 › IA-QA-07 缺项、配置未就绪、报价加载/失败均留在主流程（AC-004） (2.6s)


  1) [chromium] › tests/e2e/interaction-a-qa.spec.ts:198:1 › IA-QA-03 确认延迟/取消/失败、低预算及同键显式重试（AC-005/006/007/008） 

    Error: [2mexpect([22m[31mlocator[39m[2m).[22mtoBeVisible[2m([22m[2m)[22m failed

    Locator: getByText(/正在保存确认/)
    Expected: visible
    Error: strict mode violation: getByText(/正在保存确认/) resolved to 2 elements:
        1) <p role="status" class="empty-note">正在保存确认…</p> aka getByText('正在保存确认…')
        2) <p id="generate-reason" data-testid="generate-reason" class="confirm-actions__reason">正在保存确认，请稍候再开始生成。</p> aka getByTestId('generate-reason')

    Call log:
    [2m  - Expect "toBeVisible" with timeout 15000ms[22m
    [2m  - waiting for getByText(/正在保存确认/)[22m


      213 |   });
      214 |   await checkbox.check();
    > 215 |   await expect(page.getByText(/正在保存确认/)).toBeVisible();
          |                                          ^
      216 |   await expect(generate).toBeDisabled();
      217 |   gate.resolve();
      218 |   await expect(generate).toBeEnabled();
        at /Users/qsyj/Code/rust/everything-manual/apps/web/tests/e2e/interaction-a-qa.spec.ts:215:42

    attachment #1: screenshot (image/png) ──────────────────────────────────────────────────────────
    ../../artifacts/interaction-a/qa/playwright-output/interaction-a-qa-IA-QA-03--bced9-及同键显式重试（AC-005-006-007-008）-chromium/test-failed-1.png
    ────────────────────────────────────────────────────────────────────────────────────────────────

    Error Context: ../../artifacts/interaction-a/qa/playwright-output/interaction-a-qa-IA-QA-03--bced9-及同键显式重试（AC-005-006-007-008）-chromium/error-context.md

    attachment #3: trace (application/zip) ─────────────────────────────────────────────────────────
    ../../artifacts/interaction-a/qa/playwright-output/interaction-a-qa-IA-QA-03--bced9-及同键显式重试（AC-005-006-007-008）-chromium/trace.zip
    Usage:

        npx playwright show-trace ../../artifacts/interaction-a/qa/playwright-output/interaction-a-qa-IA-QA-03--bced9-及同键显式重试（AC-005-006-007-008）-chromium/trace.zip

    ────────────────────────────────────────────────────────────────────────────────────────────────

  2) [chromium] › tests/e2e/interaction-a-qa.spec.ts:354:1 › IA-QA-06 实际浏览器 200% 缩放保持表单与确认可达（AC-012） 

    Error: browserType.launchPersistentContext: "deviceScaleFactor" option is not supported with null "viewport"
    Call log:
    [2m  - <launching> /Users/qsyj/Library/Caches/ms-playwright/chromium-1223/chrome-mac-arm64/Google Chrome for Testing.app/Contents/MacOS/Google Chrome for Testing --disable-field-trial-config --disable-background-networking --disable-background-timer-throttling --disable-backgrounding-occluded-windows --disable-back-forward-cache --disable-breakpad --disable-client-side-phishing-detection --disable-component-extensions-with-background-pages --disable-component-update --no-default-browser-check --disable-default-apps --disable-dev-shm-usage --disable-edgeupdater --disable-features=AvoidUnnecessaryBeforeUnloadCheckSync,BoundaryEventDispatchTracksNodeRemoval,DestroyProfileOnBrowserClose,DialMediaRouteProvider,GlobalMediaControls,HttpsUpgrades,LensOverlay,MediaRouter,PaintHolding,ThirdPartyStoragePartitioning,Translate,AutoDeElevate,RenderDocument,OptimizationHints,msForceBrowserSignIn,msEdgeUpdateLaunchServicesPreferredVersion --enable-features=CDPScreenshotNewSurface --allow-pre-commit-input --disable-hang-monitor --disable-ipc-flooding-protection --disable-popup-blocking --disable-prompt-on-repost --disable-renderer-backgrounding --force-color-profile=srgb --metrics-recording-only --no-first-run --password-store=basic --use-mock-keychain --no-service-autorun --export-tagged-pdf --disable-search-engine-choice-screen --unsafely-disable-devtools-self-xss-warnings --edge-skip-compat-layer-relaunch --disable-infobars --disable-search-engine-choice-screen --disable-sync --enable-unsafe-swiftshader --headless --hide-scrollbars --mute-audio --blink-settings=primaryHoverType=2,availableHoverTypes=2,primaryPointerType=4,availablePointerTypes=4 --no-sandbox --disable-extensions-except=/Users/qsyj/Code/rust/everything-manual/apps/web/tests/e2e/fixtures/interaction-a-qa-zoom --load-extension=/Users/qsyj/Code/rust/everything-manual/apps/web/tests/e2e/fixtures/interaction-a-qa-zoom --window-size=1440,1000 --user-data-dir=/var/folders/5y/y4jt01gd7mzglrwt5pf7p3m00000gn/T/interaction-a-qa-zoom-pRTIl4 --remote-debugging-pipe about:blank[22m
    [2m  - <launched> pid=49152[22m
    [2m  - [pid=49152] <gracefully close start>[22m
    [2m  - [pid=49152][err] [49192:24380431:0919/235657.344144:ERROR:ui/display/mac/cv_display_link_mac.mm:184] CVDisplayLinkCreateWithCGDisplay failed. CVReturn: -6670[22m
    [2m  - [pid=49152][err] [49192:24380503:0919/235657.344508:ERROR:ui/display/mac/cv_display_link_mac.mm:184] CVDisplayLinkCreateWithCGDisplay failed. CVReturn: -6670[22m
    [2m  - [pid=49152][err] [49192:24380431:0919/235657.344870:ERROR:ui/display/mac/cv_display_link_mac.mm:184] CVDisplayLinkCreateWithCGDisplay failed. CVReturn: -6670[22m
    [2m  - [pid=49152][err] [49192:24380431:0919/235657.345157:ERROR:ui/display/mac/cv_display_link_mac.mm:184] CVDisplayLinkCreateWithCGDisplay failed. CVReturn: -6670[22m
    [2m  - [pid=49152][err] [49192:24380503:0919/235657.345232:ERROR:ui/display/mac/cv_display_link_mac.mm:184] CVDisplayLinkCreateWithCGDisplay failed. CVReturn: -6670[22m
    [2m  - [pid=49152][err] [49192:24380431:0919/235657.345247:ERROR:ui/display/mac/cv_display_link_mac.mm:184] CVDisplayLinkCreateWithCGDisplay failed. CVReturn: -6670[22m
    [2m  - [pid=49152][err] [49192:24380431:0919/235657.345489:ERROR:ui/display/mac/cv_display_link_mac.mm:184] CVDisplayLinkCreateWithCGDisplay failed. CVReturn: -6670[22m
    [2m  - [pid=49152][err] [49192:24380503:0919/235657.345538:ERROR:ui/display/mac/cv_display_link_mac.mm:184] CVDisplayLinkCreateWithCGDisplay failed. CVReturn: -6670[22m
    [2m  - [pid=49152][err] [49192:24380431:0919/235657.345555:ERROR:ui/display/mac/cv_display_link_mac.mm:184] CVDisplayLinkCreateWithCGDisplay failed. CVReturn: -6670[22m
    [2m  - [pid=49152] <process did exit: exitCode=0, signal=null>[22m
    [2m  - [pid=49152] starting temporary directories cleanup[22m
    [2m  - [pid=49152] finished temporary directories cleanup[22m
    [2m  - [pid=49152] <gracefully close end>[22m


      356 |   const extension = path.join(import.meta.dirname, "fixtures", "interaction-a-qa-zoom");
      357 |   const profile = fs.mkdtempSync(path.join(os.tmpdir(), "interaction-a-qa-zoom-"));
    > 358 |   const context = await chromium.launchPersistentContext(profile, {
          |                   ^
      359 |     channel: "chromium", headless: true, viewport: null, locale: "zh-CN",
      360 |     baseURL: `http://127.0.0.1:${E2E_WEB_PORT}`,
      361 |     args: [`--disable-extensions-except=${extension}`, `--load-extension=${extension}`, "--window-size=1440,1000"],
        at /Users/qsyj/Code/rust/everything-manual/apps/web/tests/e2e/interaction-a-qa.spec.ts:358:19

    attachment #1: screenshot (image/png) ──────────────────────────────────────────────────────────
    ../../artifacts/interaction-a/qa/playwright-output/interaction-a-qa-IA-QA-06-实际浏览器-200-缩放保持表单与确认可达（AC-012）-chromium/test-failed-1.png
    ────────────────────────────────────────────────────────────────────────────────────────────────

    Error Context: ../../artifacts/interaction-a/qa/playwright-output/interaction-a-qa-IA-QA-06-实际浏览器-200-缩放保持表单与确认可达（AC-012）-chromium/error-context.md

    attachment #3: trace (application/zip) ─────────────────────────────────────────────────────────
    ../../artifacts/interaction-a/qa/playwright-output/interaction-a-qa-IA-QA-06-实际浏览器-200-缩放保持表单与确认可达（AC-012）-chromium/trace.zip
    Usage:

        npx playwright show-trace ../../artifacts/interaction-a/qa/playwright-output/interaction-a-qa-IA-QA-06-实际浏览器-200-缩放保持表单与确认可达（AC-012）-chromium/trace.zip

    ────────────────────────────────────────────────────────────────────────────────────────────────

  2 failed
    [chromium] › tests/e2e/interaction-a-qa.spec.ts:198:1 › IA-QA-03 确认延迟/取消/失败、低预算及同键显式重试（AC-005/006/007/008） 
    [chromium] › tests/e2e/interaction-a-qa.spec.ts:354:1 › IA-QA-06 实际浏览器 200% 缩放保持表单与确认可达（AC-012） 
  5 passed (33.0s)
