
> everything-manual-web@0.1.0 test:e2e
> playwright test interaction-a-qa.spec.ts --output=../../artifacts/interaction-a/qa/playwright-final

(node:52071) [DEP0205] DeprecationWarning: `module.register()` is deprecated. Use `module.registerHooks()` instead.
(Use `node --trace-deprecation ...` to show where the warning was created)
[2m[WebServer] [22m
[2m[WebServer] [22m> everything-manual-web@0.1.0 dev
[2m[WebServer] [22m> vite
[2m[WebServer] [22m
[2m[WebServer] [22m(node:52099) Warning: The 'NO_COLOR' env is ignored due to the 'FORCE_COLOR' env being set.
[2m[WebServer] [22m(Use `node --trace-warnings ...` to show where the warning was created)
[2m[WebServer] [22m  pdfjs-dist 6.3.289 本地资源：cmaps=169 standard_fonts=16 wasm=13 iccs=2
[2m[WebServer] [22m
[2m[WebServer] [22m  VITE v8.3.0  ready in 131 ms
[2m[WebServer] [22m
[2m[WebServer] [22m  ➜  Local:   http://127.0.0.1:15182/
warning: `/Users/qsyj/.cargo/config` is deprecated in favor of `config.toml`
  |
  = help: if you need to support cargo 1.38 or earlier, you can symlink `config` to `config.toml`
    Finished `dev` profile [unoptimized + debuginfo] target(s) in 0.14s
data-dir 已初始化：/private/tmp/everything-manual-interaction-a-qa/data
  - 已创建：/private/tmp/everything-manual-interaction-a-qa/data
  - 已创建：/private/tmp/everything-manual-interaction-a-qa/data/tmp
  - 已创建：/private/tmp/everything-manual-interaction-a-qa/data/logs
  - 已创建：/private/tmp/everything-manual-interaction-a-qa/data/blobs
  - 已创建：/private/tmp/everything-manual-interaction-a-qa/data/lock
数据库：已创建并迁移（/private/tmp/everything-manual-interaction-a-qa/data/manual.sqlite3，schema v7；迁移随二进制内嵌，WAL / synchronous=FULL / foreign_keys=ON）
管理员凭据：已创建（admins 表；Argon2id v19、m=19456 KiB、t=2、p=1、16 字节盐；无默认密码）。
密码来源：受限文件 /private/tmp/everything-manual-interaction-a-qa/password.txt；明文不落盘、不进入日志与 shell history。

Running 7 tests using 1 worker

(node:52191) Warning: The 'NO_COLOR' env is ignored due to the 'FORCE_COLOR' env being set.
(Use `node --trace-warnings ...` to show where the warning was created)
(node:52191) [DEP0205] DeprecationWarning: `module.register()` is deprecated. Use `module.registerHooks()` instead.
(node:52191) Warning: The 'NO_COLOR' env is ignored due to the 'FORCE_COLOR' env being set.
(Use `node --trace-warnings ...` to show where the warning was created)
  ✓  1 [chromium] › tests/e2e/interaction-a-qa.spec.ts:107:1 › IA-QA-01 创建等待/失败/成功及编辑路由（AC-001/002） (2.1s)
  ✓  2 [chromium] › tests/e2e/interaction-a-qa.spec.ts:151:1 › IA-QA-02 四尺寸确认主流程与字体/触控（AC-003/004/011/012） (2.4s)
  ✓  3 [chromium] › tests/e2e/interaction-a-qa.spec.ts:198:1 › IA-QA-03 确认延迟/取消/失败、低预算及同键显式重试（AC-005/006/007/008） (3.3s)
  ✓  4 [chromium] › tests/e2e/interaction-a-qa.spec.ts:270:1 › IA-QA-04 过期手动重报与旧确认晚到隔离（AC-005/007） (5.6s)
[2m[WebServer] [22m12:05:35 AM [vite] (client) [console.warn] THREE.Clock: This module has been deprecated. Please use THREE.Timer instead.
[2m[WebServer] [22m12:05:37 AM [vite] (client) [console.warn] THREE.Clock: This module has been deprecated. Please use THREE.Timer instead.
  ✓  5 [chromium] › tests/e2e/interaction-a-qa.spec.ts:305:1 › IA-QA-05 阅读器键盘标签/抽屉与手机触控（AC-009/010/011/012） (6.2s)
  ✓  6 [chromium] › tests/e2e/interaction-a-qa.spec.ts:369:1 › IA-QA-06 实际浏览器 200% 缩放保持表单与确认可达（AC-012） (3.6s)
  ✓  7 [chromium] › tests/e2e/interaction-a-qa.spec.ts:484:1 › IA-QA-07 缺项、配置未就绪、报价加载/失败均留在主流程（AC-004） (2.2s)

  7 passed (28.6s)
