    Finished `dev` profile [unoptimized + debuginfo] target(s) in 0.47s
     Running `target/debug/xtask smoke --binary /src/everything-manual/dist/x86_64-unknown-linux-musl/everything-manual`
=== T22 正式包冷目录冒烟（validation-release §7 的 7 步）===
binary   : /src/everything-manual/dist/x86_64-unknown-linux-musl/everything-manual
backup   : /src/everything-manual/artifacts/web-mvp/t20-rd/sample-backup
临时目录 : /tmp/everything-manual-smoke-104-1789310772171100042
[步骤 1] 冷目录已建立：/tmp/everything-manual-smoke-104-1789310772171100042（只含二进制；无源码 / dist / Node）
[步骤 2] restore 样例备份 → /tmp/everything-manual-smoke-104-1789310772171100042/data（退出码 0）
         {"timestamp":"2026-09-13T14:46:12.330061Z","level":"INFO","fields":{"message":"恢复完成","event":"restore_cli_completed","from":"/src/everything-manual/artifacts/web-mvp/t20-rd/sample-backup","dataDir":"/tmp/everything-manual-smoke-104-1789310772171100042/data","schemaVersion":7},"target":"everything_manual::config::commands"}
         恢复完成：/tmp/everything-manual-smoke-104-1789310772171100042/data
           来源备份：/src/everything-manual/artifacts/web-mvp/t20-rd/sample-backup（schema v7；快照 sha256 acfe61d87108f91d10293379d04714df27a7eae596416bf230a40ee89cfb4c06）
           校验通过：manifest、快照与全部 blob 的 sha256、外键与引用；恢复 blob 11 个
[步骤 2] 独立空目录 init + check 通过：/tmp/everything-manual-smoke-104-1789310772171100042/init-data（新部署路径）
  (服务输出) {"timestamp":"2026-09-13T14:46:12.594827Z","level":"INFO","fields":{"message":"数据库 schema 已就绪","event":"database_ready","dataDir":"/tmp/everything-manual-smoke-104-1789310772171100042/data","schemaVersion":7},"target":"everything_manual::config::commands"}
  (服务输出) {"timestamp":"2026-09-13T14:46:12.598649Z","level":"INFO","fields":{"message":"资产残留扫描完成（隔离只移动不删除）","event":"asset_scan","tmpQuarantined":0,"blobsQuarantined":0,"blobsKept":11,"blobsRestored":0,"blobsMarkedMissing":0},"target":"everything_manual::config::commands"}
  (服务输出) {"timestamp":"2026-09-13T14:46:12.599275Z","level":"INFO","fields":{"message":"组装阶段处理器已注册（本地确定性组装；不存在自动发布）","event":"pipeline_handlers_registered","stages":"assemble_draft"},"target":"everything_manual::config::commands"}
  (服务输出) {"timestamp":"2026-09-13T14:46:12.599342Z","level":"WARN","fields":{"message":"任务执行器未注册任何 Provider 阶段处理器（Provider 未配置）：付费阶段会被延后；组装阶段不依赖 Provider，仍正常注册","event":"job_executor_no_handlers"},"target":"everything_manual::config::commands"}
  (服务输出) {"timestamp":"2026-09-13T14:46:12.599769Z","level":"INFO","fields":{"message":"任务执行器启动（SQLite 事实来源；崩溃断点仅测试构建）","event":"job_executor_start","owner":"159:01a09b3b-a577-75cd-8413-857a8e154df0","leaseSeconds":120,"renewSeconds":20,"remoteGenerationLimit":2,"manualAiBatchLimit":2},"target":"everything_manual::config::commands"}
  (服务输出) {"timestamp":"2026-09-13T14:46:12.601099Z","level":"WARN","fields":{"message":"Provider 未配置：生成与报价能力将返回“未配置”，不回退 mock；已有资料仍可读","event":"provider_not_configured","provider":"tripo","missing":"api_key"},"target":"everything_manual::config::commands"}
  (服务输出) {"timestamp":"2026-09-13T14:46:12.601109Z","level":"WARN","fields":{"message":"Provider 未配置：生成与报价能力将返回“未配置”，不回退 mock；已有资料仍可读","event":"provider_not_configured","provider":"manual_ai","missing":"api_key,model"},"target":"everything_manual::config::commands"}
  (服务输出) {"timestamp":"2026-09-13T14:46:12.601166Z","level":"INFO","fields":{"message":"服务启动","event":"serve_start","listen":"127.0.0.1:42173","dataDir":"/tmp/everything-manual-smoke-104-1789310772171100042/data","securityMode":"loopback","sessionTtlHours":168,"loginRateLimitPerMinute":5,"cookieSecure":false},"target":"everything_manual::config::commands"}
[步骤 2] 生产服务已启动：PID 159 http://127.0.0.1:42173（环境清空，工作目录不在仓库内）
  [检查] pgrep 不可用，跳过子进程复核
  [检查] GET / -> 200 text/html（内嵌 index.html，539 字节）
  [检查] GET /assets/index-D2JcMJ4C.js -> 200 text/javascript; charset=utf-8（409200 字节）
  [检查] GET /assets/index-CE8-SplE.css -> 200 text/css; charset=utf-8（18901 字节）
  [检查] PDF 运行资源·CMaps -> 200 /vendor/pdfjs/cmaps/78-EUC-H.bcmap（2404 字节）
  [检查] PDF 运行资源·standard_fonts -> 200 /vendor/pdfjs/standard_fonts/FoxitFixed.pfb（17597 字节）
  [检查] PDF 运行资源·wasm -> 200 /vendor/pdfjs/wasm/openjpeg.wasm（252032 字节）
  [检查] PDF 运行资源·iccs -> 200 /vendor/pdfjs/iccs/CGATS001Compat-v2-micro.icc（8464 字节）
  [检查] PDF worker -> 200 /assets/pdf.worker.min-Dswkl-cV.mjs
  [检查] GET 嵌套路由（/items/…/releases/…）刷新 -> 200 text/html（SPA 回退）
  [检查] 未登录 GET /api/v1/items -> 401（认证真实生效）
  [检查] 登录成功（cookie HttpOnly + SameSite=Strict；CSRF token 已获取）
  [检查] providersConfigured=false（不放行 fixture / 未连接本机 Provider）
  [检查] release 01a09b18-acb7-729d-a183-efa3e946df5c 的 manifestSha256=8efdca99dc48 命中备份 blob 清单；模型 a9f884c27da2 / PDF e18cf61a61c9 与 manifest 声明一致
  [检查] GLB GET -> 200（sha256 与 manifest 一致，etag 一致）
  [检查] GLB GET Range bytes=0-99 -> 206 bytes 0-99/2912（前缀一致）
  [检查] GLB HEAD -> 200 content-length=2912 无 body
  [检查] PDF GET -> 200（sha256 与 manifest 一致，etag 一致）
  [检查] PDF GET Range bytes=0-99 -> 206 bytes 0-99/1216（前缀一致）
  [检查] PDF HEAD -> 200 content-length=1216 无 body
  [检查] POST /items/{id}/estimates -> 409 PROVIDER_NOT_CONFIGURED（明确拒绝，不用 mock 冒充）
  [检查] /health/ready = ready（Provider 未配置不影响本地读取）
  [清理] 已结束自启动的服务进程 PID 159
[步骤 5] 本平台无 sandbox-exec：跳过沙箱复检（Linux 请用 `docker run --network none` 运行整条 smoke 作为离线性证据）
  (服务输出) {"timestamp":"2026-09-13T14:46:13.123792Z","level":"INFO","fields":{"message":"数据库 schema 已就绪","event":"database_ready","dataDir":"/tmp/everything-manual-smoke-104-1789310772171100042/data","schemaVersion":7},"target":"everything_manual::config::commands"}
  (服务输出) {"timestamp":"2026-09-13T14:46:13.127613Z","level":"INFO","fields":{"message":"资产残留扫描完成（隔离只移动不删除）","event":"asset_scan","tmpQuarantined":0,"blobsQuarantined":0,"blobsKept":11,"blobsRestored":0,"blobsMarkedMissing":0},"target":"everything_manual::config::commands"}
  (服务输出) {"timestamp":"2026-09-13T14:46:13.128279Z","level":"INFO","fields":{"message":"组装阶段处理器已注册（本地确定性组装；不存在自动发布）","event":"pipeline_handlers_registered","stages":"assemble_draft"},"target":"everything_manual::config::commands"}
  (服务输出) {"timestamp":"2026-09-13T14:46:13.128349Z","level":"WARN","fields":{"message":"任务执行器未注册任何 Provider 阶段处理器（Provider 未配置）：付费阶段会被延后；组装阶段不依赖 Provider，仍正常注册","event":"job_executor_no_handlers"},"target":"everything_manual::config::commands"}
  (服务输出) {"timestamp":"2026-09-13T14:46:13.128836Z","level":"INFO","fields":{"message":"任务执行器启动（SQLite 事实来源；崩溃断点仅测试构建）","event":"job_executor_start","owner":"178:01a09b3b-a788-710d-bc7e-ae914f745ba0","leaseSeconds":120,"renewSeconds":20,"remoteGenerationLimit":2,"manualAiBatchLimit":2},"target":"everything_manual::config::commands"}
  (服务输出) {"timestamp":"2026-09-13T14:46:13.129955Z","level":"WARN","fields":{"message":"Provider 未配置：生成与报价能力将返回“未配置”，不回退 mock；已有资料仍可读","event":"provider_not_configured","provider":"tripo","missing":"api_key"},"target":"everything_manual::config::commands"}
  (服务输出) {"timestamp":"2026-09-13T14:46:13.129965Z","level":"WARN","fields":{"message":"Provider 未配置：生成与报价能力将返回“未配置”，不回退 mock；已有资料仍可读","event":"provider_not_configured","provider":"manual_ai","missing":"api_key,model"},"target":"everything_manual::config::commands"}
  (服务输出) {"timestamp":"2026-09-13T14:46:13.130010Z","level":"INFO","fields":{"message":"服务启动","event":"serve_start","listen":"127.0.0.1:35297","dataDir":"/tmp/everything-manual-smoke-104-1789310772171100042/data","securityMode":"loopback","sessionTtlHours":168,"loginRateLimitPerMinute":5,"cookieSecure":false},"target":"everything_manual::config::commands"}
  [检查] GLB(重启后) GET -> 200（sha256 与 manifest 一致，etag 一致）
  [检查] GLB(重启后) GET Range bytes=0-99 -> 206 bytes 0-99/2912（前缀一致）
  [检查] GLB(重启后) HEAD -> 200 content-length=2912 无 body
[步骤 6] 停服重启后数据仍在：manifest/模型/PDF sha256 与首轮一致
  [清理] 已结束自启动的服务进程 PID 178
[步骤 7] backup → /tmp/everything-manual-smoke-104-1789310772171100042/backup2（停服后一致快照）
  (服务输出) {"timestamp":"2026-09-13T14:46:13.649301Z","level":"INFO","fields":{"message":"数据库 schema 已就绪","event":"database_ready","dataDir":"/tmp/everything-manual-smoke-104-1789310772171100042/data2","schemaVersion":7},"target":"everything_manual::config::commands"}
  (服务输出) {"timestamp":"2026-09-13T14:46:13.653043Z","level":"INFO","fields":{"message":"资产残留扫描完成（隔离只移动不删除）","event":"asset_scan","tmpQuarantined":0,"blobsQuarantined":0,"blobsKept":11,"blobsRestored":0,"blobsMarkedMissing":0},"target":"everything_manual::config::commands"}
  (服务输出) {"timestamp":"2026-09-13T14:46:13.653642Z","level":"INFO","fields":{"message":"组装阶段处理器已注册（本地确定性组装；不存在自动发布）","event":"pipeline_handlers_registered","stages":"assemble_draft"},"target":"everything_manual::config::commands"}
  (服务输出) {"timestamp":"2026-09-13T14:46:13.653701Z","level":"WARN","fields":{"message":"任务执行器未注册任何 Provider 阶段处理器（Provider 未配置）：付费阶段会被延后；组装阶段不依赖 Provider，仍正常注册","event":"job_executor_no_handlers"},"target":"everything_manual::config::commands"}
  (服务输出) {"timestamp":"2026-09-13T14:46:13.654126Z","level":"INFO","fields":{"message":"任务执行器启动（SQLite 事实来源；崩溃断点仅测试构建）","event":"job_executor_start","owner":"224:01a09b3b-a995-74a4-a6f5-d960f68af987","leaseSeconds":120,"renewSeconds":20,"remoteGenerationLimit":2,"manualAiBatchLimit":2},"target":"everything_manual::config::commands"}
  (服务输出) {"timestamp":"2026-09-13T14:46:13.655291Z","level":"WARN","fields":{"message":"Provider 未配置：生成与报价能力将返回“未配置”，不回退 mock；已有资料仍可读","event":"provider_not_configured","provider":"tripo","missing":"api_key"},"target":"everything_manual::config::commands"}
  (服务输出) {"timestamp":"2026-09-13T14:46:13.655305Z","level":"WARN","fields":{"message":"Provider 未配置：生成与报价能力将返回“未配置”，不回退 mock；已有资料仍可读","event":"provider_not_configured","provider":"manual_ai","missing":"api_key,model"},"target":"everything_manual::config::commands"}
  (服务输出) {"timestamp":"2026-09-13T14:46:13.655346Z","level":"INFO","fields":{"message":"服务启动","event":"serve_start","listen":"127.0.0.1:36949","dataDir":"/tmp/everything-manual-smoke-104-1789310772171100042/data2","securityMode":"loopback","sessionTtlHours":168,"loginRateLimitPerMinute":5,"cookieSecure":false},"target":"everything_manual::config::commands"}
  [检查] GLB(二次恢复) GET -> 200（sha256 与 manifest 一致，etag 一致）
  [检查] GLB(二次恢复) GET Range bytes=0-99 -> 206 bytes 0-99/2912（前缀一致）
  [检查] GLB(二次恢复) HEAD -> 200 content-length=2912 无 body
  [检查] PDF(二次恢复) GET -> 200（sha256 与 manifest 一致，etag 一致）
  [检查] PDF(二次恢复) GET Range bytes=0-99 -> 206 bytes 0-99/1216（前缀一致）
  [检查] PDF(二次恢复) HEAD -> 200 content-length=1216 无 body
[步骤 7] 二次恢复后同一 release 可读，manifest/模型/PDF sha256 与首轮一致
  [清理] 已结束自启动的服务进程 PID 224

步骤汇总：1 冷目录 / 2 restore+init / 3 静态与路由 / 4 认证与资产 / 5 断网读取 / 6 重启持久 / 7 备份恢复链 —— 全部通过。
临时目录已清理：/tmp/everything-manual-smoke-104-1789310772171100042

正式包冒烟通过（7 步全过；步骤编号与 validation-release §7 一致）。
