== BUG-008 复现与修复验证 ==
二进制 sha256: 688a57b98c879e65e97aa0479102e0bffb55d379c14430fa8f485d8828c8476a
工作目录: /tmp/em-bug008-mGBo62

-- 1) 修复前证据（归档样例备份，旧二进制产生）
  旧快照 .dump 中 '://' 命中 1 处、'cdn.example.invalid' 命中 1 处
  行: tripo_poll|{"billing":{"creditMinor":3000,"currency":"credit_minor","literal":"30","sourceField":"credits_consumed"},"dataKeys":["credits_consumed","output","progress","status","task_id"],"modelUrl":"http://127.0.0.1:60643/model.glb","normalizedStatus":"success","progress":"100","rawStatus":"success","remoteTaskId":"t20-fixture-task-0001","renderedImageUrl":"https://cdn.example.invalid/preview.png"}
  [通过] 复现：旧快照的 job_stages.usage_json 含临时 URL（= QA BUG-008 证据）

-- 2) restore 归档备份 → 新 data-dir
  [通过] restore 退出码（=0）
  [通过] 源 data-dir 仍保留历史 URL（不强制迁移，读取/备份时脱敏）

-- 3) backup（修复后二进制）
  [通过] backup 退出码（=0）
  [通过] backup 输出报告脱敏处数
    供应商临时 URL 脱敏：快照内 2 处临时/签名地址已替换为 sha256 摘要 + host（AC-010；恢复后按 task_id 重新查询链接）
  [通过] 新快照 .dump 不含 '://'（=0）
  [通过] 新快照 .dump 不含 'sign='（=0）
  [通过] 新快照 .dump 不含 '/model.glb'（=0）
  [通过] 新快照 .dump 不含 '/preview.png'（=0）
  [通过] 快照保留摘要对象（redacted/host/sha256）
  [通过] 快照保留 task ID（恢复判据）

-- 4) restore 新备份 → 二次恢复结果
  [通过] restore（新备份）退出码（=0）
  [通过] 恢复后的库不含 '://'（=0）

-- 5) serve + 任务详情 API
  [通过] health/live（=200）
  [通过] 登录（=200）
  [通过] GET /jobs/{id}（=200）
  [通过] 任务详情不含 '://'（=0）
  [通过] 任务详情不含 'sign='（=0）
  [通过] 任务详情不含 '/model.glb'（=0）
  [通过] 任务详情不含 '/preview.png'（=0）
  [通过] 任务详情不含 'cdn.example.invalid/preview'（=0）
  [通过] 任务详情给出摘要（redacted/host/sha256）
  usage.modelUrl = {"host": "127.0.0.1", "redacted": true, "sha256": "a3de70a6728c67b9"}
  usage.renderedImageUrl = {"host": "cdn.example.invalid", "redacted": true, "sha256": "72ad4f42f1ee8503"}

-- 6) 导出包（AC-058 对照）
  [通过] GET /releases/{id}/export（=200）
  [通过] 导出包内 URL/签名/供应商主机命中（=0）

-- 7) serve 日志
  [通过] serve 日志的 '://' 仅来自监听横幅（=1）
  [通过] serve 日志不含 'sign='（=0）
  [通过] serve 日志不含 '/model.glb'（=0）
  [通过] serve 日志不含 '/preview.png'（=0）
  [通过] serve 日志不含 'cdn.example.invalid/preview'（=0）

== 结果：通过 29 项，失败 0 项 ==
注意：host（无 scheme/path/查询串）按脱敏规则保留为最小诊断信息，
      判据是 '://'、签名查询串与 URL path，而不是裸主机名。
