
> everything-manual-web@0.1.0 test:e2e
> playwright test viewer.spec.ts -g OrbitControls --repeat-each=6

(node:77547) [DEP0205] DeprecationWarning: `module.register()` is deprecated. Use `module.registerHooks()` instead.
(Use `node --trace-deprecation ...` to show where the warning was created)
[2m[WebServer] [22m
[2m[WebServer] [22m> everything-manual-web@0.1.0 dev
[2m[WebServer] [22m> vite
[2m[WebServer] [22m
[2m[WebServer] [22m  pdfjs-dist 6.3.289 本地资源：cmaps=169 standard_fonts=16 wasm=13 iccs=2
[2m[WebServer] [22m
[2m[WebServer] [22m  [32m[1mVITE[22m v8.3.0[39m  [2mready in [0m[1m124[22m[2m[0m ms[22m
[2m[WebServer] [22m
[2m[WebServer] [22m  [32m➜[39m  [1mLocal[22m:   [36mhttp://127.0.0.1:[1m15173[22m/[39m
warning: `/Users/qsyj/.cargo/config` is deprecated in favor of `config.toml`
  |
  = help: if you need to support cargo 1.38 or earlier, you can symlink `config` to `config.toml`
    Finished `dev` profile [unoptimized + debuginfo] target(s) in 0.13s
{"timestamp":"2026-09-12T12:23:15.631277Z","level":"INFO","fields":{"message":"data-dir 初始化完成","event":"init","dataDir":"/var/folders/5y/y4jt01gd7mzglrwt5pf7p3m00000gn/T/em-web-mvp-e2e/data","passwordSource":"受限文件 /var/folders/5y/y4jt01gd7mzglrwt5pf7p3m00000gn/T/em-web-mvp-e2e/password.txt","schemaVersion":6,"adminId":"01a09592-69af-7039-a61d-9dc6096d66c8","adminStatus":"已创建"},"target":"everything_manual::config::commands"}
data-dir 已初始化：/var/folders/5y/y4jt01gd7mzglrwt5pf7p3m00000gn/T/em-web-mvp-e2e/data
  - 已创建：/var/folders/5y/y4jt01gd7mzglrwt5pf7p3m00000gn/T/em-web-mvp-e2e/data
  - 已创建：/var/folders/5y/y4jt01gd7mzglrwt5pf7p3m00000gn/T/em-web-mvp-e2e/data/tmp
  - 已创建：/var/folders/5y/y4jt01gd7mzglrwt5pf7p3m00000gn/T/em-web-mvp-e2e/data/logs
  - 已创建：/var/folders/5y/y4jt01gd7mzglrwt5pf7p3m00000gn/T/em-web-mvp-e2e/data/blobs
  - 已创建：/var/folders/5y/y4jt01gd7mzglrwt5pf7p3m00000gn/T/em-web-mvp-e2e/data/lock
数据库：已创建并迁移（/var/folders/5y/y4jt01gd7mzglrwt5pf7p3m00000gn/T/em-web-mvp-e2e/data/manual.sqlite3，schema v6；迁移随二进制内嵌，WAL / synchronous=FULL / foreign_keys=ON）
管理员凭据：已创建（admins 表；Argon2id v19、m=19456 KiB、t=2、p=1、16 字节盐；无默认密码）。
密码来源：受限文件 /var/folders/5y/y4jt01gd7mzglrwt5pf7p3m00000gn/T/em-web-mvp-e2e/password.txt；明文不落盘、不进入日志与 shell history。

Running 6 tests using 1 worker

(node:77620) [DEP0205] DeprecationWarning: `module.register()` is deprecated. Use `module.registerHooks()` instead.
(Use `node --trace-deprecation ...` to show where the warning was created)
[2m[WebServer] [22m[2m20:23:19[22m [33m[1m[vite][22m[39m [33m[2m(client)[22m[39m [2m[console.warn] [22mTHREE.Clock: This module has been deprecated. Please use THREE.Timer instead.
DIAG after-drag {"frames":21,"hasModel":true,"hasPose":true,"canvasMark":0.3332642589555731,"canvases":1,"modelsLoaded":1,"modelsAlive":1,"wide":true,"innerWidth":1280,"clientWidth":1280,"pageClass":"page-layout page-layout--wide","scrollable":true}
DIAG mutations []
DIAG errors ["error: Uncaught TypeError: Failed to execute 'observe' on 'MutationObserver': parameter 1 is not of type 'Node'."]
DIAG after-capture {"frames":25,"hasModel":true,"hasPose":true,"canvasMark":0.3332642589555731,"canvases":1,"modelsLoaded":1,"modelsAlive":1,"wide":true,"innerWidth":1280,"clientWidth":1280,"pageClass":"page-layout page-layout--wide","scrollable":true}
DIAG after-wheel {"frames":28,"hasModel":true,"hasPose":true,"canvasMark":0.3332642589555731,"canvases":1,"modelsLoaded":1,"modelsAlive":1,"wide":true,"innerWidth":1280,"clientWidth":1280,"pageClass":"page-layout page-layout--wide","scrollable":true}
  ✓  1 [chromium] › tests/e2e/viewer.spec.ts:234:3 › GLB 阅读器与资源恢复（T18） › OrbitControls：旋转/缩放/复位/适配与键盘等价控件（AC-050/UI-043） (3.5s)
(node:77626) [DEP0205] DeprecationWarning: `module.register()` is deprecated. Use `module.registerHooks()` instead.
(Use `node --trace-deprecation ...` to show where the warning was created)
[2m[WebServer] [22m[2m20:23:23[22m [33m[1m[vite][22m[39m [33m[2m(client)[22m[39m [2m[console.warn] [22mTHREE.Clock: This module has been deprecated. Please use THREE.Timer instead.
DIAG after-drag {"frames":20,"hasModel":true,"hasPose":true,"canvasMark":0.4659532868593832,"canvases":1,"modelsLoaded":1,"modelsAlive":1,"wide":true,"innerWidth":1280,"clientWidth":1280,"pageClass":"page-layout page-layout--wide","scrollable":true}
DIAG mutations []
DIAG errors ["error: Uncaught TypeError: Failed to execute 'observe' on 'MutationObserver': parameter 1 is not of type 'Node'."]
DIAG after-capture {"frames":25,"hasModel":true,"hasPose":true,"canvasMark":0.4659532868593832,"canvases":1,"modelsLoaded":1,"modelsAlive":1,"wide":true,"innerWidth":1280,"clientWidth":1280,"pageClass":"page-layout page-layout--wide","scrollable":true}
DIAG after-wheel {"frames":29,"hasModel":true,"hasPose":true,"canvasMark":0.4659532868593832,"canvases":1,"modelsLoaded":1,"modelsAlive":1,"wide":true,"innerWidth":1280,"clientWidth":1280,"pageClass":"page-layout page-layout--wide","scrollable":true}
  ✓  2 [chromium] › tests/e2e/viewer.spec.ts:234:3 › GLB 阅读器与资源恢复（T18） › OrbitControls：旋转/缩放/复位/适配与键盘等价控件（AC-050/UI-043） (3.5s)
(node:77633) [DEP0205] DeprecationWarning: `module.register()` is deprecated. Use `module.registerHooks()` instead.
(Use `node --trace-deprecation ...` to show where the warning was created)
[2m[WebServer] [22m[2m20:23:27[22m [33m[1m[vite][22m[39m [33m[2m(client)[22m[39m [2m[console.warn] [22mTHREE.Clock: This module has been deprecated. Please use THREE.Timer instead.
DIAG after-drag {"frames":19,"hasModel":true,"hasPose":true,"canvasMark":0.5836983765052961,"canvases":1,"modelsLoaded":1,"modelsAlive":1,"wide":true,"innerWidth":1280,"clientWidth":1280,"pageClass":"page-layout page-layout--wide","scrollable":true}
DIAG mutations []
DIAG errors ["error: Uncaught TypeError: Failed to execute 'observe' on 'MutationObserver': parameter 1 is not of type 'Node'."]
DIAG after-capture {"frames":24,"hasModel":true,"hasPose":true,"canvasMark":0.5836983765052961,"canvases":1,"modelsLoaded":1,"modelsAlive":1,"wide":true,"innerWidth":1280,"clientWidth":1280,"pageClass":"page-layout page-layout--wide","scrollable":true}
DIAG after-wheel {"frames":27,"hasModel":true,"hasPose":true,"canvasMark":0.5836983765052961,"canvases":1,"modelsLoaded":1,"modelsAlive":1,"wide":true,"innerWidth":1280,"clientWidth":1280,"pageClass":"page-layout page-layout--wide","scrollable":true}
[2m[WebServer] [22m[2m20:23:28[22m [33m[1m[vite][22m[39m [33m[2m(client)[22m[39m [2m[console.warn] [22mTHREE.Clock: This module has been deprecated. Please use THREE.Timer instead.
  ✓  3 [chromium] › tests/e2e/viewer.spec.ts:234:3 › GLB 阅读器与资源恢复（T18） › OrbitControls：旋转/缩放/复位/适配与键盘等价控件（AC-050/UI-043） (3.6s)
(node:77638) [DEP0205] DeprecationWarning: `module.register()` is deprecated. Use `module.registerHooks()` instead.
(Use `node --trace-deprecation ...` to show where the warning was created)
[2m[WebServer] [22m[2m20:23:31[22m [33m[1m[vite][22m[39m [33m[2m(client)[22m[39m [2m[console.warn] [22mTHREE.Clock: This module has been deprecated. Please use THREE.Timer instead.
DIAG after-drag {"frames":19,"hasModel":true,"hasPose":true,"canvasMark":0.7546064648453156,"canvases":1,"modelsLoaded":1,"modelsAlive":1,"wide":true,"innerWidth":1280,"clientWidth":1280,"pageClass":"page-layout page-layout--wide","scrollable":true}
DIAG mutations []
DIAG errors ["error: Uncaught TypeError: Failed to execute 'observe' on 'MutationObserver': parameter 1 is not of type 'Node'."]
DIAG after-capture {"frames":24,"hasModel":true,"hasPose":true,"canvasMark":0.7546064648453156,"canvases":1,"modelsLoaded":1,"modelsAlive":1,"wide":true,"innerWidth":1280,"clientWidth":1280,"pageClass":"page-layout page-layout--wide","scrollable":true}
DIAG after-wheel {"frames":28,"hasModel":true,"hasPose":true,"canvasMark":0.7546064648453156,"canvases":1,"modelsLoaded":1,"modelsAlive":1,"wide":true,"innerWidth":1280,"clientWidth":1280,"pageClass":"page-layout page-layout--wide","scrollable":true}
  ✓  4 [chromium] › tests/e2e/viewer.spec.ts:234:3 › GLB 阅读器与资源恢复（T18） › OrbitControls：旋转/缩放/复位/适配与键盘等价控件（AC-050/UI-043） (3.7s)
(node:77643) [DEP0205] DeprecationWarning: `module.register()` is deprecated. Use `module.registerHooks()` instead.
(Use `node --trace-deprecation ...` to show where the warning was created)
[2m[WebServer] [22m[2m20:23:35[22m [33m[1m[vite][22m[39m [33m[2m(client)[22m[39m [2m[console.warn] [22mTHREE.Clock: This module has been deprecated. Please use THREE.Timer instead.
DIAG after-drag {"frames":19,"hasModel":true,"hasPose":true,"canvasMark":0.47578976080199065,"canvases":1,"modelsLoaded":1,"modelsAlive":1,"wide":true,"innerWidth":1280,"clientWidth":1280,"pageClass":"page-layout page-layout--wide","scrollable":true}
DIAG mutations []
DIAG errors ["error: Uncaught TypeError: Failed to execute 'observe' on 'MutationObserver': parameter 1 is not of type 'Node'."]
DIAG after-capture {"frames":24,"hasModel":true,"hasPose":true,"canvasMark":0.47578976080199065,"canvases":1,"modelsLoaded":1,"modelsAlive":1,"wide":true,"innerWidth":1280,"clientWidth":1280,"pageClass":"page-layout page-layout--wide","scrollable":true}
DIAG after-wheel {"frames":28,"hasModel":true,"hasPose":true,"canvasMark":0.47578976080199065,"canvases":1,"modelsLoaded":1,"modelsAlive":1,"wide":true,"innerWidth":1280,"clientWidth":1280,"pageClass":"page-layout page-layout--wide","scrollable":true}
  ✓  5 [chromium] › tests/e2e/viewer.spec.ts:234:3 › GLB 阅读器与资源恢复（T18） › OrbitControls：旋转/缩放/复位/适配与键盘等价控件（AC-050/UI-043） (3.5s)
(node:77649) [DEP0205] DeprecationWarning: `module.register()` is deprecated. Use `module.registerHooks()` instead.
(Use `node --trace-deprecation ...` to show where the warning was created)
[2m[WebServer] [22m[2m20:23:39[22m [33m[1m[vite][22m[39m [33m[2m(client)[22m[39m [2m[console.warn] [22mTHREE.Clock: This module has been deprecated. Please use THREE.Timer instead.
DIAG after-drag {"frames":19,"hasModel":true,"hasPose":true,"canvasMark":0.14889692768953544,"canvases":1,"modelsLoaded":1,"modelsAlive":1,"wide":true,"innerWidth":1280,"clientWidth":1280,"pageClass":"page-layout page-layout--wide","scrollable":true}
DIAG mutations []
DIAG errors ["error: Uncaught TypeError: Failed to execute 'observe' on 'MutationObserver': parameter 1 is not of type 'Node'."]
DIAG after-capture {"frames":24,"hasModel":true,"hasPose":true,"canvasMark":0.14889692768953544,"canvases":1,"modelsLoaded":1,"modelsAlive":1,"wide":true,"innerWidth":1280,"clientWidth":1280,"pageClass":"page-layout page-layout--wide","scrollable":true}
DIAG after-wheel {"frames":28,"hasModel":true,"hasPose":true,"canvasMark":0.14889692768953544,"canvases":1,"modelsLoaded":1,"modelsAlive":1,"wide":true,"innerWidth":1280,"clientWidth":1280,"pageClass":"page-layout page-layout--wide","scrollable":true}
  ✓  6 [chromium] › tests/e2e/viewer.spec.ts:234:3 › GLB 阅读器与资源恢复（T18） › OrbitControls：旋转/缩放/复位/适配与键盘等价控件（AC-050/UI-043） (3.5s)

  6 passed (26.7s)
