
> everything-manual-web@0.1.0 test:e2e
> playwright test viewer.spec.ts -g OrbitControls --repeat-each=6

(node:78428) [DEP0205] DeprecationWarning: `module.register()` is deprecated. Use `module.registerHooks()` instead.
(Use `node --trace-deprecation ...` to show where the warning was created)
[2m[WebServer] [22m
[2m[WebServer] [22m> everything-manual-web@0.1.0 dev
[2m[WebServer] [22m> vite
[2m[WebServer] [22m
[2m[WebServer] [22m  pdfjs-dist 6.3.289 本地资源：cmaps=169 standard_fonts=16 wasm=13 iccs=2
[2m[WebServer] [22m
[2m[WebServer] [22m  [32m[1mVITE[22m v8.3.0[39m  [2mready in [0m[1m127[22m[2m[0m ms[22m
[2m[WebServer] [22m
[2m[WebServer] [22m  [32m➜[39m  [1mLocal[22m:   [36mhttp://127.0.0.1:[1m15173[22m/[39m
warning: `/Users/qsyj/.cargo/config` is deprecated in favor of `config.toml`
  |
  = help: if you need to support cargo 1.38 or earlier, you can symlink `config` to `config.toml`
    Finished `dev` profile [unoptimized + debuginfo] target(s) in 0.13s
{"timestamp":"2026-09-12T12:27:57.500365Z","level":"INFO","fields":{"message":"data-dir 初始化完成","event":"init","dataDir":"/var/folders/5y/y4jt01gd7mzglrwt5pf7p3m00000gn/T/em-web-mvp-e2e/data","passwordSource":"受限文件 /var/folders/5y/y4jt01gd7mzglrwt5pf7p3m00000gn/T/em-web-mvp-e2e/password.txt","schemaVersion":6,"adminId":"01a09596-b6bc-7300-96c2-09b35b1064d4","adminStatus":"已创建"},"target":"everything_manual::config::commands"}
data-dir 已初始化：/var/folders/5y/y4jt01gd7mzglrwt5pf7p3m00000gn/T/em-web-mvp-e2e/data
  - 已创建：/var/folders/5y/y4jt01gd7mzglrwt5pf7p3m00000gn/T/em-web-mvp-e2e/data
  - 已创建：/var/folders/5y/y4jt01gd7mzglrwt5pf7p3m00000gn/T/em-web-mvp-e2e/data/tmp
  - 已创建：/var/folders/5y/y4jt01gd7mzglrwt5pf7p3m00000gn/T/em-web-mvp-e2e/data/logs
  - 已创建：/var/folders/5y/y4jt01gd7mzglrwt5pf7p3m00000gn/T/em-web-mvp-e2e/data/blobs
  - 已创建：/var/folders/5y/y4jt01gd7mzglrwt5pf7p3m00000gn/T/em-web-mvp-e2e/data/lock
数据库：已创建并迁移（/var/folders/5y/y4jt01gd7mzglrwt5pf7p3m00000gn/T/em-web-mvp-e2e/data/manual.sqlite3，schema v6；迁移随二进制内嵌，WAL / synchronous=FULL / foreign_keys=ON）
管理员凭据：已创建（admins 表；Argon2id v19、m=19456 KiB、t=2、p=1、16 字节盐；无默认密码）。
密码来源：受限文件 /var/folders/5y/y4jt01gd7mzglrwt5pf7p3m00000gn/T/em-web-mvp-e2e/password.txt；明文不落盘、不进入日志与 shell history。

Running 6 tests using 1 worker

(node:78500) [DEP0205] DeprecationWarning: `module.register()` is deprecated. Use `module.registerHooks()` instead.
(Use `node --trace-deprecation ...` to show where the warning was created)
[2m[WebServer] [22m[2m20:28:00[22m [31m[1m[vite][22m[39m [31m[2m(client)[22m[39m [2m[console.error] [22mReferenceError: Cannot access 'document' before initialization
[2m[WebServer] [22m    at ReviewWorkspacePage (http://127.0.0.1:15173/src/features/viewer/ReviewWorkspacePage.tsx:62:235)
[2m[WebServer] [22m    at Object.react_stack_bottom_frame (http://127.0.0.1:15173/node_modules/.vite/deps/react-dom_client.js?v=dcaaa62a:14142:12)
[2m[WebServer] [22m    at renderWithHooks (http://127.0.0.1:15173/node_modules/.vite/deps/react-dom_client.js?v=dcaaa62a:4400:19)
[2m[WebServer] [22m    at updateFunctionComponent (http://127.0.0.1:15173/node_modules/.vite/deps/react-dom_client.js?v=dcaaa62a:5775:16)
[2m[WebServer] [22m    at beginWork (http://127.0.0.1:15173/node_modules/.vite/deps/react-dom_client.js?v=dcaaa62a:6367:529)
[2m[WebServer] [22m    at runWithFiberInDEV (http://127.0.0.1:15173/node_modules/.vite/deps/react-dom_client.js?v=dcaaa62a:944:66)
[2m[WebServer] [22m    at performUnitOfWork (http://127.0.0.1:15173/node_modules/.vite/deps/react-dom_client.js?v=dcaaa62a:9148:92)
[2m[WebServer] [22m    at workLoopSync (http://127.0.0.1:15173/node_modules/.vite/deps/react-dom_client.js?v=dcaaa62a:9044:37)
[2m[WebServer] [22m    at renderRootSync (http://127.0.0.1:15173/node_modules/.vite/deps/react-dom_client.js?v=dcaaa62a:9028:6)
[2m[WebServer] [22m    at performWorkOnRoot (http://127.0.0.1:15173/node_modules/.vite/deps/react-dom_client.js?v=dcaaa62a:8715:27)
[2m[WebServer] [22m
[2m[WebServer] [22mThe above error occurred in the <ReviewWorkspacePage> component.
[2m[WebServer] [22m
[2m[WebServer] [22mReact will try to recreate this component tree from scratch using the error boundary you provided, RouteErrorBoundary.
[2m[WebServer] [22m
  ✘  1 [chromium] › tests/e2e/viewer.spec.ts:234:3 › GLB 阅读器与资源恢复（T18） › OrbitControls：旋转/缩放/复位/适配与键盘等价控件（AC-050/UI-043） (16.8s)
(node:78508) [DEP0205] DeprecationWarning: `module.register()` is deprecated. Use `module.registerHooks()` instead.
(Use `node --trace-deprecation ...` to show where the warning was created)
[2m[WebServer] [22m[2m20:28:17[22m [31m[1m[vite][22m[39m [31m[2m(client)[22m[39m [2m[console.error] [22mReferenceError: Cannot access 'document' before initialization
[2m[WebServer] [22m    at ReviewWorkspacePage (http://127.0.0.1:15173/src/features/viewer/ReviewWorkspacePage.tsx:62:235)
[2m[WebServer] [22m    at Object.react_stack_bottom_frame (http://127.0.0.1:15173/node_modules/.vite/deps/react-dom_client.js?v=dcaaa62a:14142:12)
[2m[WebServer] [22m    at renderWithHooks (http://127.0.0.1:15173/node_modules/.vite/deps/react-dom_client.js?v=dcaaa62a:4400:19)
[2m[WebServer] [22m    at updateFunctionComponent (http://127.0.0.1:15173/node_modules/.vite/deps/react-dom_client.js?v=dcaaa62a:5775:16)
[2m[WebServer] [22m    at beginWork (http://127.0.0.1:15173/node_modules/.vite/deps/react-dom_client.js?v=dcaaa62a:6367:529)
[2m[WebServer] [22m    at runWithFiberInDEV (http://127.0.0.1:15173/node_modules/.vite/deps/react-dom_client.js?v=dcaaa62a:944:66)
[2m[WebServer] [22m    at performUnitOfWork (http://127.0.0.1:15173/node_modules/.vite/deps/react-dom_client.js?v=dcaaa62a:9148:92)
[2m[WebServer] [22m    at workLoopSync (http://127.0.0.1:15173/node_modules/.vite/deps/react-dom_client.js?v=dcaaa62a:9044:37)
[2m[WebServer] [22m    at renderRootSync (http://127.0.0.1:15173/node_modules/.vite/deps/react-dom_client.js?v=dcaaa62a:9028:6)
[2m[WebServer] [22m    at performWorkOnRoot (http://127.0.0.1:15173/node_modules/.vite/deps/react-dom_client.js?v=dcaaa62a:8715:27)
[2m[WebServer] [22m
[2m[WebServer] [22mThe above error occurred in the <ReviewWorkspacePage> component.
[2m[WebServer] [22m
[2m[WebServer] [22mReact will try to recreate this component tree from scratch using the error boundary you provided, RouteErrorBoundary.
[2m[WebServer] [22m
  ✘  2 [chromium] › tests/e2e/viewer.spec.ts:234:3 › GLB 阅读器与资源恢复（T18） › OrbitControls：旋转/缩放/复位/适配与键盘等价控件（AC-050/UI-043） (16.8s)
(node:78515) [DEP0205] DeprecationWarning: `module.register()` is deprecated. Use `module.registerHooks()` instead.
(Use `node --trace-deprecation ...` to show where the warning was created)
[2m[WebServer] [22m[2m20:28:34[22m [31m[1m[vite][22m[39m [31m[2m(client)[22m[39m [2m[console.error] [22mReferenceError: Cannot access 'document' before initialization
[2m[WebServer] [22m    at ReviewWorkspacePage (http://127.0.0.1:15173/src/features/viewer/ReviewWorkspacePage.tsx:62:235)
[2m[WebServer] [22m    at Object.react_stack_bottom_frame (http://127.0.0.1:15173/node_modules/.vite/deps/react-dom_client.js?v=dcaaa62a:14142:12)
[2m[WebServer] [22m    at renderWithHooks (http://127.0.0.1:15173/node_modules/.vite/deps/react-dom_client.js?v=dcaaa62a:4400:19)
[2m[WebServer] [22m    at updateFunctionComponent (http://127.0.0.1:15173/node_modules/.vite/deps/react-dom_client.js?v=dcaaa62a:5775:16)
[2m[WebServer] [22m    at beginWork (http://127.0.0.1:15173/node_modules/.vite/deps/react-dom_client.js?v=dcaaa62a:6367:529)
[2m[WebServer] [22m    at runWithFiberInDEV (http://127.0.0.1:15173/node_modules/.vite/deps/react-dom_client.js?v=dcaaa62a:944:66)
[2m[WebServer] [22m    at performUnitOfWork (http://127.0.0.1:15173/node_modules/.vite/deps/react-dom_client.js?v=dcaaa62a:9148:92)
[2m[WebServer] [22m    at workLoopSync (http://127.0.0.1:15173/node_modules/.vite/deps/react-dom_client.js?v=dcaaa62a:9044:37)
[2m[WebServer] [22m    at renderRootSync (http://127.0.0.1:15173/node_modules/.vite/deps/react-dom_client.js?v=dcaaa62a:9028:6)
[2m[WebServer] [22m    at performWorkOnRoot (http://127.0.0.1:15173/node_modules/.vite/deps/react-dom_client.js?v=dcaaa62a:8715:27)
[2m[WebServer] [22m
[2m[WebServer] [22mThe above error occurred in the <ReviewWorkspacePage> component.
[2m[WebServer] [22m
[2m[WebServer] [22mReact will try to recreate this component tree from scratch using the error boundary you provided, RouteErrorBoundary.
[2m[WebServer] [22m
  ✘  3 [chromium] › tests/e2e/viewer.spec.ts:234:3 › GLB 阅读器与资源恢复（T18） › OrbitControls：旋转/缩放/复位/适配与键盘等价控件（AC-050/UI-043） (16.8s)
(node:78523) [DEP0205] DeprecationWarning: `module.register()` is deprecated. Use `module.registerHooks()` instead.
(Use `node --trace-deprecation ...` to show where the warning was created)
[2m[WebServer] [22m[2m20:28:52[22m [31m[1m[vite][22m[39m [31m[2m(client)[22m[39m [2m[console.error] [22mReferenceError: Cannot access 'document' before initialization
[2m[WebServer] [22m    at ReviewWorkspacePage (http://127.0.0.1:15173/src/features/viewer/ReviewWorkspacePage.tsx:62:235)
[2m[WebServer] [22m    at Object.react_stack_bottom_frame (http://127.0.0.1:15173/node_modules/.vite/deps/react-dom_client.js?v=dcaaa62a:14142:12)
[2m[WebServer] [22m    at renderWithHooks (http://127.0.0.1:15173/node_modules/.vite/deps/react-dom_client.js?v=dcaaa62a:4400:19)
[2m[WebServer] [22m    at updateFunctionComponent (http://127.0.0.1:15173/node_modules/.vite/deps/react-dom_client.js?v=dcaaa62a:5775:16)
[2m[WebServer] [22m    at beginWork (http://127.0.0.1:15173/node_modules/.vite/deps/react-dom_client.js?v=dcaaa62a:6367:529)
[2m[WebServer] [22m    at runWithFiberInDEV (http://127.0.0.1:15173/node_modules/.vite/deps/react-dom_client.js?v=dcaaa62a:944:66)
[2m[WebServer] [22m    at performUnitOfWork (http://127.0.0.1:15173/node_modules/.vite/deps/react-dom_client.js?v=dcaaa62a:9148:92)
[2m[WebServer] [22m    at workLoopSync (http://127.0.0.1:15173/node_modules/.vite/deps/react-dom_client.js?v=dcaaa62a:9044:37)
[2m[WebServer] [22m    at renderRootSync (http://127.0.0.1:15173/node_modules/.vite/deps/react-dom_client.js?v=dcaaa62a:9028:6)
[2m[WebServer] [22m    at performWorkOnRoot (http://127.0.0.1:15173/node_modules/.vite/deps/react-dom_client.js?v=dcaaa62a:8715:27)
[2m[WebServer] [22m
[2m[WebServer] [22mThe above error occurred in the <ReviewWorkspacePage> component.
[2m[WebServer] [22m
[2m[WebServer] [22mReact will try to recreate this component tree from scratch using the error boundary you provided, RouteErrorBoundary.
[2m[WebServer] [22m
  ✘  4 [chromium] › tests/e2e/viewer.spec.ts:234:3 › GLB 阅读器与资源恢复（T18） › OrbitControls：旋转/缩放/复位/适配与键盘等价控件（AC-050/UI-043） (16.8s)
(node:78529) [DEP0205] DeprecationWarning: `module.register()` is deprecated. Use `module.registerHooks()` instead.
(Use `node --trace-deprecation ...` to show where the warning was created)
[2m[WebServer] [22m[2m20:29:09[22m [31m[1m[vite][22m[39m [31m[2m(client)[22m[39m [2m[console.error] [22mReferenceError: Cannot access 'document' before initialization
[2m[WebServer] [22m    at ReviewWorkspacePage (http://127.0.0.1:15173/src/features/viewer/ReviewWorkspacePage.tsx:62:235)
[2m[WebServer] [22m    at Object.react_stack_bottom_frame (http://127.0.0.1:15173/node_modules/.vite/deps/react-dom_client.js?v=dcaaa62a:14142:12)
[2m[WebServer] [22m    at renderWithHooks (http://127.0.0.1:15173/node_modules/.vite/deps/react-dom_client.js?v=dcaaa62a:4400:19)
[2m[WebServer] [22m    at updateFunctionComponent (http://127.0.0.1:15173/node_modules/.vite/deps/react-dom_client.js?v=dcaaa62a:5775:16)
[2m[WebServer] [22m    at beginWork (http://127.0.0.1:15173/node_modules/.vite/deps/react-dom_client.js?v=dcaaa62a:6367:529)
[2m[WebServer] [22m    at runWithFiberInDEV (http://127.0.0.1:15173/node_modules/.vite/deps/react-dom_client.js?v=dcaaa62a:944:66)
[2m[WebServer] [22m    at performUnitOfWork (http://127.0.0.1:15173/node_modules/.vite/deps/react-dom_client.js?v=dcaaa62a:9148:92)
[2m[WebServer] [22m    at workLoopSync (http://127.0.0.1:15173/node_modules/.vite/deps/react-dom_client.js?v=dcaaa62a:9044:37)
[2m[WebServer] [22m    at renderRootSync (http://127.0.0.1:15173/node_modules/.vite/deps/react-dom_client.js?v=dcaaa62a:9028:6)
[2m[WebServer] [22m    at performWorkOnRoot (http://127.0.0.1:15173/node_modules/.vite/deps/react-dom_client.js?v=dcaaa62a:8715:27)
[2m[WebServer] [22m
[2m[WebServer] [22mThe above error occurred in the <ReviewWorkspacePage> component.
[2m[WebServer] [22m
[2m[WebServer] [22mReact will try to recreate this component tree from scratch using the error boundary you provided, RouteErrorBoundary.
[2m[WebServer] [22m
  ✘  5 [chromium] › tests/e2e/viewer.spec.ts:234:3 › GLB 阅读器与资源恢复（T18） › OrbitControls：旋转/缩放/复位/适配与键盘等价控件（AC-050/UI-043） (16.8s)
(node:78543) [DEP0205] DeprecationWarning: `module.register()` is deprecated. Use `module.registerHooks()` instead.
(Use `node --trace-deprecation ...` to show where the warning was created)
[2m[WebServer] [22m[2m20:29:26[22m [31m[1m[vite][22m[39m [31m[2m(client)[22m[39m [2m[console.error] [22mReferenceError: Cannot access 'document' before initialization
[2m[WebServer] [22m    at ReviewWorkspacePage (http://127.0.0.1:15173/src/features/viewer/ReviewWorkspacePage.tsx:62:235)
[2m[WebServer] [22m    at Object.react_stack_bottom_frame (http://127.0.0.1:15173/node_modules/.vite/deps/react-dom_client.js?v=dcaaa62a:14142:12)
[2m[WebServer] [22m    at renderWithHooks (http://127.0.0.1:15173/node_modules/.vite/deps/react-dom_client.js?v=dcaaa62a:4400:19)
[2m[WebServer] [22m    at updateFunctionComponent (http://127.0.0.1:15173/node_modules/.vite/deps/react-dom_client.js?v=dcaaa62a:5775:16)
[2m[WebServer] [22m    at beginWork (http://127.0.0.1:15173/node_modules/.vite/deps/react-dom_client.js?v=dcaaa62a:6367:529)
[2m[WebServer] [22m    at runWithFiberInDEV (http://127.0.0.1:15173/node_modules/.vite/deps/react-dom_client.js?v=dcaaa62a:944:66)
[2m[WebServer] [22m    at performUnitOfWork (http://127.0.0.1:15173/node_modules/.vite/deps/react-dom_client.js?v=dcaaa62a:9148:92)
[2m[WebServer] [22m    at workLoopSync (http://127.0.0.1:15173/node_modules/.vite/deps/react-dom_client.js?v=dcaaa62a:9044:37)
[2m[WebServer] [22m    at renderRootSync (http://127.0.0.1:15173/node_modules/.vite/deps/react-dom_client.js?v=dcaaa62a:9028:6)
[2m[WebServer] [22m    at performWorkOnRoot (http://127.0.0.1:15173/node_modules/.vite/deps/react-dom_client.js?v=dcaaa62a:8715:27)
[2m[WebServer] [22m
[2m[WebServer] [22mThe above error occurred in the <ReviewWorkspacePage> component.
[2m[WebServer] [22m
[2m[WebServer] [22mReact will try to recreate this component tree from scratch using the error boundary you provided, RouteErrorBoundary.
[2m[WebServer] [22m
  ✘  6 [chromium] › tests/e2e/viewer.spec.ts:234:3 › GLB 阅读器与资源恢复（T18） › OrbitControls：旋转/缩放/复位/适配与键盘等价控件（AC-050/UI-043） (16.8s)


  1) [chromium] › tests/e2e/viewer.spec.ts:234:3 › GLB 阅读器与资源恢复（T18） › OrbitControls：旋转/缩放/复位/适配与键盘等价控件（AC-050/UI-043） 

    Error: [2mexpect([22m[31mlocator[39m[2m).[22mtoBeVisible[2m([22m[2m)[22m failed

    Locator: getByTestId('viewer-canvas')
    Expected: visible
    Timeout: 15000ms
    Error: element(s) not found

    Call log:
    [2m  - Expect "toBeVisible" with timeout 15000ms[22m
    [2m  - waiting for getByTestId('viewer-canvas')[22m


      174 | /** 等待 3D 就绪（模型加载 + 至少渲染过一帧）。 */
      175 | async function waitForViewer(page: Page): Promise<void> {
    > 176 |   await expect(page.getByTestId("viewer-canvas")).toBeVisible();
          |                                                   ^
      177 |   await expect
      178 |     .poll(async () => (await viewerStats(page)).modelsAlive, { timeout: 30_000 })
      179 |     .toBe(1);
        at waitForViewer (/Users/qsyj/Code/rust/everything-manual/apps/web/tests/e2e/viewer.spec.ts:176:51)
        at /Users/qsyj/Code/rust/everything-manual/apps/web/tests/e2e/viewer.spec.ts:247:11

    attachment #1: screenshot (image/png) ──────────────────────────────────────────────────────────
    ../../artifacts/web-mvp/t09-rd/playwright-output/viewer-GLB-阅读器与资源恢复（T18）-O-2c5b3-复位-适配与键盘等价控件（AC-050-UI-043）-chromium/test-failed-1.png
    ────────────────────────────────────────────────────────────────────────────────────────────────

    Error Context: ../../artifacts/web-mvp/t09-rd/playwright-output/viewer-GLB-阅读器与资源恢复（T18）-O-2c5b3-复位-适配与键盘等价控件（AC-050-UI-043）-chromium/error-context.md

    attachment #3: trace (application/zip) ─────────────────────────────────────────────────────────
    ../../artifacts/web-mvp/t09-rd/playwright-output/viewer-GLB-阅读器与资源恢复（T18）-O-2c5b3-复位-适配与键盘等价控件（AC-050-UI-043）-chromium/trace.zip
    Usage:

        npx playwright show-trace ../../artifacts/web-mvp/t09-rd/playwright-output/viewer-GLB-阅读器与资源恢复（T18）-O-2c5b3-复位-适配与键盘等价控件（AC-050-UI-043）-chromium/trace.zip

    ────────────────────────────────────────────────────────────────────────────────────────────────

  2) [chromium] › tests/e2e/viewer.spec.ts:234:3 › GLB 阅读器与资源恢复（T18） › OrbitControls：旋转/缩放/复位/适配与键盘等价控件（AC-050/UI-043） 

    Error: [2mexpect([22m[31mlocator[39m[2m).[22mtoBeVisible[2m([22m[2m)[22m failed

    Locator: getByTestId('viewer-canvas')
    Expected: visible
    Timeout: 15000ms
    Error: element(s) not found

    Call log:
    [2m  - Expect "toBeVisible" with timeout 15000ms[22m
    [2m  - waiting for getByTestId('viewer-canvas')[22m


      174 | /** 等待 3D 就绪（模型加载 + 至少渲染过一帧）。 */
      175 | async function waitForViewer(page: Page): Promise<void> {
    > 176 |   await expect(page.getByTestId("viewer-canvas")).toBeVisible();
          |                                                   ^
      177 |   await expect
      178 |     .poll(async () => (await viewerStats(page)).modelsAlive, { timeout: 30_000 })
      179 |     .toBe(1);
        at waitForViewer (/Users/qsyj/Code/rust/everything-manual/apps/web/tests/e2e/viewer.spec.ts:176:51)
        at /Users/qsyj/Code/rust/everything-manual/apps/web/tests/e2e/viewer.spec.ts:247:11

    attachment #1: screenshot (image/png) ──────────────────────────────────────────────────────────
    ../../artifacts/web-mvp/t09-rd/playwright-output/viewer-GLB-阅读器与资源恢复（T18）-O-2c5b3-复位-适配与键盘等价控件（AC-050-UI-043）-chromium-repeat1/test-failed-1.png
    ────────────────────────────────────────────────────────────────────────────────────────────────

    Error Context: ../../artifacts/web-mvp/t09-rd/playwright-output/viewer-GLB-阅读器与资源恢复（T18）-O-2c5b3-复位-适配与键盘等价控件（AC-050-UI-043）-chromium-repeat1/error-context.md

    attachment #3: trace (application/zip) ─────────────────────────────────────────────────────────
    ../../artifacts/web-mvp/t09-rd/playwright-output/viewer-GLB-阅读器与资源恢复（T18）-O-2c5b3-复位-适配与键盘等价控件（AC-050-UI-043）-chromium-repeat1/trace.zip
    Usage:

        npx playwright show-trace ../../artifacts/web-mvp/t09-rd/playwright-output/viewer-GLB-阅读器与资源恢复（T18）-O-2c5b3-复位-适配与键盘等价控件（AC-050-UI-043）-chromium-repeat1/trace.zip

    ────────────────────────────────────────────────────────────────────────────────────────────────

  3) [chromium] › tests/e2e/viewer.spec.ts:234:3 › GLB 阅读器与资源恢复（T18） › OrbitControls：旋转/缩放/复位/适配与键盘等价控件（AC-050/UI-043） 

    Error: [2mexpect([22m[31mlocator[39m[2m).[22mtoBeVisible[2m([22m[2m)[22m failed

    Locator: getByTestId('viewer-canvas')
    Expected: visible
    Timeout: 15000ms
    Error: element(s) not found

    Call log:
    [2m  - Expect "toBeVisible" with timeout 15000ms[22m
    [2m  - waiting for getByTestId('viewer-canvas')[22m


      174 | /** 等待 3D 就绪（模型加载 + 至少渲染过一帧）。 */
      175 | async function waitForViewer(page: Page): Promise<void> {
    > 176 |   await expect(page.getByTestId("viewer-canvas")).toBeVisible();
          |                                                   ^
      177 |   await expect
      178 |     .poll(async () => (await viewerStats(page)).modelsAlive, { timeout: 30_000 })
      179 |     .toBe(1);
        at waitForViewer (/Users/qsyj/Code/rust/everything-manual/apps/web/tests/e2e/viewer.spec.ts:176:51)
        at /Users/qsyj/Code/rust/everything-manual/apps/web/tests/e2e/viewer.spec.ts:247:11

    attachment #1: screenshot (image/png) ──────────────────────────────────────────────────────────
    ../../artifacts/web-mvp/t09-rd/playwright-output/viewer-GLB-阅读器与资源恢复（T18）-O-2c5b3-复位-适配与键盘等价控件（AC-050-UI-043）-chromium-repeat2/test-failed-1.png
    ────────────────────────────────────────────────────────────────────────────────────────────────

    Error Context: ../../artifacts/web-mvp/t09-rd/playwright-output/viewer-GLB-阅读器与资源恢复（T18）-O-2c5b3-复位-适配与键盘等价控件（AC-050-UI-043）-chromium-repeat2/error-context.md

    attachment #3: trace (application/zip) ─────────────────────────────────────────────────────────
    ../../artifacts/web-mvp/t09-rd/playwright-output/viewer-GLB-阅读器与资源恢复（T18）-O-2c5b3-复位-适配与键盘等价控件（AC-050-UI-043）-chromium-repeat2/trace.zip
    Usage:

        npx playwright show-trace ../../artifacts/web-mvp/t09-rd/playwright-output/viewer-GLB-阅读器与资源恢复（T18）-O-2c5b3-复位-适配与键盘等价控件（AC-050-UI-043）-chromium-repeat2/trace.zip

    ────────────────────────────────────────────────────────────────────────────────────────────────

  4) [chromium] › tests/e2e/viewer.spec.ts:234:3 › GLB 阅读器与资源恢复（T18） › OrbitControls：旋转/缩放/复位/适配与键盘等价控件（AC-050/UI-043） 

    Error: [2mexpect([22m[31mlocator[39m[2m).[22mtoBeVisible[2m([22m[2m)[22m failed

    Locator: getByTestId('viewer-canvas')
    Expected: visible
    Timeout: 15000ms
    Error: element(s) not found

    Call log:
    [2m  - Expect "toBeVisible" with timeout 15000ms[22m
    [2m  - waiting for getByTestId('viewer-canvas')[22m


      174 | /** 等待 3D 就绪（模型加载 + 至少渲染过一帧）。 */
      175 | async function waitForViewer(page: Page): Promise<void> {
    > 176 |   await expect(page.getByTestId("viewer-canvas")).toBeVisible();
          |                                                   ^
      177 |   await expect
      178 |     .poll(async () => (await viewerStats(page)).modelsAlive, { timeout: 30_000 })
      179 |     .toBe(1);
        at waitForViewer (/Users/qsyj/Code/rust/everything-manual/apps/web/tests/e2e/viewer.spec.ts:176:51)
        at /Users/qsyj/Code/rust/everything-manual/apps/web/tests/e2e/viewer.spec.ts:247:11

    attachment #1: screenshot (image/png) ──────────────────────────────────────────────────────────
    ../../artifacts/web-mvp/t09-rd/playwright-output/viewer-GLB-阅读器与资源恢复（T18）-O-2c5b3-复位-适配与键盘等价控件（AC-050-UI-043）-chromium-repeat3/test-failed-1.png
    ────────────────────────────────────────────────────────────────────────────────────────────────

    Error Context: ../../artifacts/web-mvp/t09-rd/playwright-output/viewer-GLB-阅读器与资源恢复（T18）-O-2c5b3-复位-适配与键盘等价控件（AC-050-UI-043）-chromium-repeat3/error-context.md

    attachment #3: trace (application/zip) ─────────────────────────────────────────────────────────
    ../../artifacts/web-mvp/t09-rd/playwright-output/viewer-GLB-阅读器与资源恢复（T18）-O-2c5b3-复位-适配与键盘等价控件（AC-050-UI-043）-chromium-repeat3/trace.zip
    Usage:

        npx playwright show-trace ../../artifacts/web-mvp/t09-rd/playwright-output/viewer-GLB-阅读器与资源恢复（T18）-O-2c5b3-复位-适配与键盘等价控件（AC-050-UI-043）-chromium-repeat3/trace.zip

    ────────────────────────────────────────────────────────────────────────────────────────────────

  5) [chromium] › tests/e2e/viewer.spec.ts:234:3 › GLB 阅读器与资源恢复（T18） › OrbitControls：旋转/缩放/复位/适配与键盘等价控件（AC-050/UI-043） 

    Error: [2mexpect([22m[31mlocator[39m[2m).[22mtoBeVisible[2m([22m[2m)[22m failed

    Locator: getByTestId('viewer-canvas')
    Expected: visible
    Timeout: 15000ms
    Error: element(s) not found

    Call log:
    [2m  - Expect "toBeVisible" with timeout 15000ms[22m
    [2m  - waiting for getByTestId('viewer-canvas')[22m


      174 | /** 等待 3D 就绪（模型加载 + 至少渲染过一帧）。 */
      175 | async function waitForViewer(page: Page): Promise<void> {
    > 176 |   await expect(page.getByTestId("viewer-canvas")).toBeVisible();
          |                                                   ^
      177 |   await expect
      178 |     .poll(async () => (await viewerStats(page)).modelsAlive, { timeout: 30_000 })
      179 |     .toBe(1);
        at waitForViewer (/Users/qsyj/Code/rust/everything-manual/apps/web/tests/e2e/viewer.spec.ts:176:51)
        at /Users/qsyj/Code/rust/everything-manual/apps/web/tests/e2e/viewer.spec.ts:247:11

    attachment #1: screenshot (image/png) ──────────────────────────────────────────────────────────
    ../../artifacts/web-mvp/t09-rd/playwright-output/viewer-GLB-阅读器与资源恢复（T18）-O-2c5b3-复位-适配与键盘等价控件（AC-050-UI-043）-chromium-repeat4/test-failed-1.png
    ────────────────────────────────────────────────────────────────────────────────────────────────

    Error Context: ../../artifacts/web-mvp/t09-rd/playwright-output/viewer-GLB-阅读器与资源恢复（T18）-O-2c5b3-复位-适配与键盘等价控件（AC-050-UI-043）-chromium-repeat4/error-context.md

    attachment #3: trace (application/zip) ─────────────────────────────────────────────────────────
    ../../artifacts/web-mvp/t09-rd/playwright-output/viewer-GLB-阅读器与资源恢复（T18）-O-2c5b3-复位-适配与键盘等价控件（AC-050-UI-043）-chromium-repeat4/trace.zip
    Usage:

        npx playwright show-trace ../../artifacts/web-mvp/t09-rd/playwright-output/viewer-GLB-阅读器与资源恢复（T18）-O-2c5b3-复位-适配与键盘等价控件（AC-050-UI-043）-chromium-repeat4/trace.zip

    ────────────────────────────────────────────────────────────────────────────────────────────────

  6) [chromium] › tests/e2e/viewer.spec.ts:234:3 › GLB 阅读器与资源恢复（T18） › OrbitControls：旋转/缩放/复位/适配与键盘等价控件（AC-050/UI-043） 

    Error: [2mexpect([22m[31mlocator[39m[2m).[22mtoBeVisible[2m([22m[2m)[22m failed

    Locator: getByTestId('viewer-canvas')
    Expected: visible
    Timeout: 15000ms
    Error: element(s) not found

    Call log:
    [2m  - Expect "toBeVisible" with timeout 15000ms[22m
    [2m  - waiting for getByTestId('viewer-canvas')[22m


      174 | /** 等待 3D 就绪（模型加载 + 至少渲染过一帧）。 */
      175 | async function waitForViewer(page: Page): Promise<void> {
    > 176 |   await expect(page.getByTestId("viewer-canvas")).toBeVisible();
          |                                                   ^
      177 |   await expect
      178 |     .poll(async () => (await viewerStats(page)).modelsAlive, { timeout: 30_000 })
      179 |     .toBe(1);
        at waitForViewer (/Users/qsyj/Code/rust/everything-manual/apps/web/tests/e2e/viewer.spec.ts:176:51)
        at /Users/qsyj/Code/rust/everything-manual/apps/web/tests/e2e/viewer.spec.ts:247:11

    attachment #1: screenshot (image/png) ──────────────────────────────────────────────────────────
    ../../artifacts/web-mvp/t09-rd/playwright-output/viewer-GLB-阅读器与资源恢复（T18）-O-2c5b3-复位-适配与键盘等价控件（AC-050-UI-043）-chromium-repeat5/test-failed-1.png
    ────────────────────────────────────────────────────────────────────────────────────────────────

    Error Context: ../../artifacts/web-mvp/t09-rd/playwright-output/viewer-GLB-阅读器与资源恢复（T18）-O-2c5b3-复位-适配与键盘等价控件（AC-050-UI-043）-chromium-repeat5/error-context.md

    attachment #3: trace (application/zip) ─────────────────────────────────────────────────────────
    ../../artifacts/web-mvp/t09-rd/playwright-output/viewer-GLB-阅读器与资源恢复（T18）-O-2c5b3-复位-适配与键盘等价控件（AC-050-UI-043）-chromium-repeat5/trace.zip
    Usage:

        npx playwright show-trace ../../artifacts/web-mvp/t09-rd/playwright-output/viewer-GLB-阅读器与资源恢复（T18）-O-2c5b3-复位-适配与键盘等价控件（AC-050-UI-043）-chromium-repeat5/trace.zip

    ────────────────────────────────────────────────────────────────────────────────────────────────

  6 failed
    [chromium] › tests/e2e/viewer.spec.ts:234:3 › GLB 阅读器与资源恢复（T18） › OrbitControls：旋转/缩放/复位/适配与键盘等价控件（AC-050/UI-043） 
    [chromium] › tests/e2e/viewer.spec.ts:234:3 › GLB 阅读器与资源恢复（T18） › OrbitControls：旋转/缩放/复位/适配与键盘等价控件（AC-050/UI-043） 
    [chromium] › tests/e2e/viewer.spec.ts:234:3 › GLB 阅读器与资源恢复（T18） › OrbitControls：旋转/缩放/复位/适配与键盘等价控件（AC-050/UI-043） 
    [chromium] › tests/e2e/viewer.spec.ts:234:3 › GLB 阅读器与资源恢复（T18） › OrbitControls：旋转/缩放/复位/适配与键盘等价控件（AC-050/UI-043） 
    [chromium] › tests/e2e/viewer.spec.ts:234:3 › GLB 阅读器与资源恢复（T18） › OrbitControls：旋转/缩放/复位/适配与键盘等价控件（AC-050/UI-043） 
    [chromium] › tests/e2e/viewer.spec.ts:234:3 › GLB 阅读器与资源恢复（T18） › OrbitControls：旋转/缩放/复位/适配与键盘等价控件（AC-050/UI-043） 
