
> everything-manual-web@0.1.0 test:e2e
> playwright test viewer.spec.ts -g OrbitControls --repeat-each=8

(node:77216) [DEP0205] DeprecationWarning: `module.register()` is deprecated. Use `module.registerHooks()` instead.
(Use `node --trace-deprecation ...` to show where the warning was created)
[2m[WebServer] [22m
[2m[WebServer] [22m> everything-manual-web@0.1.0 dev
[2m[WebServer] [22m> vite
[2m[WebServer] [22m
[2m[WebServer] [22m  pdfjs-dist 6.3.289 本地资源：cmaps=169 standard_fonts=16 wasm=13 iccs=2
[2m[WebServer] [22m
[2m[WebServer] [22m  [32m[1mVITE[22m v8.3.0[39m  [2mready in [0m[1m126[22m[2m[0m ms[22m
[2m[WebServer] [22m
[2m[WebServer] [22m  [32m➜[39m  [1mLocal[22m:   [36mhttp://127.0.0.1:[1m15173[22m/[39m
warning: `/Users/qsyj/.cargo/config` is deprecated in favor of `config.toml`
  |
  = help: if you need to support cargo 1.38 or earlier, you can symlink `config` to `config.toml`
    Finished `dev` profile [unoptimized + debuginfo] target(s) in 0.13s
{"timestamp":"2026-09-12T12:20:50.026104Z","level":"INFO","fields":{"message":"data-dir 初始化完成","event":"init","dataDir":"/var/folders/5y/y4jt01gd7mzglrwt5pf7p3m00000gn/T/em-web-mvp-e2e/data","passwordSource":"受限文件 /var/folders/5y/y4jt01gd7mzglrwt5pf7p3m00000gn/T/em-web-mvp-e2e/password.txt","schemaVersion":6,"adminId":"01a09590-30e9-70bb-8c1a-dd251f7d93d8","adminStatus":"已创建"},"target":"everything_manual::config::commands"}
data-dir 已初始化：/var/folders/5y/y4jt01gd7mzglrwt5pf7p3m00000gn/T/em-web-mvp-e2e/data
  - 已创建：/var/folders/5y/y4jt01gd7mzglrwt5pf7p3m00000gn/T/em-web-mvp-e2e/data
  - 已创建：/var/folders/5y/y4jt01gd7mzglrwt5pf7p3m00000gn/T/em-web-mvp-e2e/data/tmp
  - 已创建：/var/folders/5y/y4jt01gd7mzglrwt5pf7p3m00000gn/T/em-web-mvp-e2e/data/logs
  - 已创建：/var/folders/5y/y4jt01gd7mzglrwt5pf7p3m00000gn/T/em-web-mvp-e2e/data/blobs
  - 已创建：/var/folders/5y/y4jt01gd7mzglrwt5pf7p3m00000gn/T/em-web-mvp-e2e/data/lock
数据库：已创建并迁移（/var/folders/5y/y4jt01gd7mzglrwt5pf7p3m00000gn/T/em-web-mvp-e2e/data/manual.sqlite3，schema v6；迁移随二进制内嵌，WAL / synchronous=FULL / foreign_keys=ON）
管理员凭据：已创建（admins 表；Argon2id v19、m=19456 KiB、t=2、p=1、16 字节盐；无默认密码）。
密码来源：受限文件 /var/folders/5y/y4jt01gd7mzglrwt5pf7p3m00000gn/T/em-web-mvp-e2e/password.txt；明文不落盘、不进入日志与 shell history。

Running 8 tests using 1 worker

(node:77281) [DEP0205] DeprecationWarning: `module.register()` is deprecated. Use `module.registerHooks()` instead.
(Use `node --trace-deprecation ...` to show where the warning was created)
[2m[WebServer] [22m[2m20:20:53[22m [33m[1m[vite][22m[39m [33m[2m(client)[22m[39m [2m[console.warn] [22mTHREE.Clock: This module has been deprecated. Please use THREE.Timer instead.
DIAG after-drag {"frames":18,"hasModel":true,"hasPose":true,"canvasMark":0.5564742765464886,"canvases":1,"modelsLoaded":1,"modelsAlive":1}
DIAG after-capture {"frames":23,"hasModel":true,"hasPose":true,"canvasMark":0.5564742765464886,"canvases":1,"modelsLoaded":1,"modelsAlive":1}
DIAG after-wheel {"frames":26,"hasModel":true,"hasPose":true,"canvasMark":0.5564742765464886,"canvases":1,"modelsLoaded":1,"modelsAlive":1}
  ✓  1 [chromium] › tests/e2e/viewer.spec.ts:234:3 › GLB 阅读器与资源恢复（T18） › OrbitControls：旋转/缩放/复位/适配与键盘等价控件（AC-050/UI-043） (3.5s)
(node:77288) [DEP0205] DeprecationWarning: `module.register()` is deprecated. Use `module.registerHooks()` instead.
(Use `node --trace-deprecation ...` to show where the warning was created)
[2m[WebServer] [22m[2m20:20:57[22m [33m[1m[vite][22m[39m [33m[2m(client)[22m[39m [2m[console.warn] [22mTHREE.Clock: This module has been deprecated. Please use THREE.Timer instead.
DIAG after-drag {"frames":19,"hasModel":true,"hasPose":true,"canvasMark":0.2606455718934104,"canvases":1,"modelsLoaded":1,"modelsAlive":1}
DIAG after-capture {"frames":24,"hasModel":true,"hasPose":true,"canvasMark":0.2606455718934104,"canvases":1,"modelsLoaded":1,"modelsAlive":1}
DIAG after-wheel {"frames":27,"hasModel":true,"hasPose":true,"canvasMark":0.2606455718934104,"canvases":1,"modelsLoaded":1,"modelsAlive":1}
  ✓  2 [chromium] › tests/e2e/viewer.spec.ts:234:3 › GLB 阅读器与资源恢复（T18） › OrbitControls：旋转/缩放/复位/适配与键盘等价控件（AC-050/UI-043） (3.5s)
(node:77293) [DEP0205] DeprecationWarning: `module.register()` is deprecated. Use `module.registerHooks()` instead.
(Use `node --trace-deprecation ...` to show where the warning was created)
[2m[WebServer] [22m[2m20:21:01[22m [33m[1m[vite][22m[39m [33m[2m(client)[22m[39m [2m[console.warn] [22mTHREE.Clock: This module has been deprecated. Please use THREE.Timer instead.
DIAG after-drag {"frames":20,"hasModel":true,"hasPose":true,"canvasMark":0.04421146750713911,"canvases":1,"modelsLoaded":1,"modelsAlive":1}
DIAG after-capture {"frames":25,"hasModel":true,"hasPose":true,"canvasMark":0.04421146750713911,"canvases":1,"modelsLoaded":1,"modelsAlive":1}
DIAG after-wheel {"frames":28,"hasModel":true,"hasPose":true,"canvasMark":0.04421146750713911,"canvases":1,"modelsLoaded":1,"modelsAlive":1}
  ✓  3 [chromium] › tests/e2e/viewer.spec.ts:234:3 › GLB 阅读器与资源恢复（T18） › OrbitControls：旋转/缩放/复位/适配与键盘等价控件（AC-050/UI-043） (3.5s)
(node:77298) [DEP0205] DeprecationWarning: `module.register()` is deprecated. Use `module.registerHooks()` instead.
(Use `node --trace-deprecation ...` to show where the warning was created)
[2m[WebServer] [22m[2m20:21:05[22m [33m[1m[vite][22m[39m [33m[2m(client)[22m[39m [2m[console.warn] [22mTHREE.Clock: This module has been deprecated. Please use THREE.Timer instead.
DIAG after-drag {"frames":19,"hasModel":true,"hasPose":true,"canvasMark":0.17660669789251193,"canvases":1,"modelsLoaded":1,"modelsAlive":1}
DIAG after-capture {"frames":0,"hasModel":false,"hasPose":false,"canvasMark":-1,"canvases":0,"modelsLoaded":1,"modelsAlive":0}
[2m[WebServer] [22m[2m20:21:05[22m [33m[1m[vite][22m[39m [33m[2m(client)[22m[39m [2m[console.warn] [22mTHREE.Clock: This module has been deprecated. Please use THREE.Timer instead.
DIAG after-wheel {"frames":3,"hasModel":true,"hasPose":true,"canvasMark":0.41637370542525753,"canvases":1,"modelsLoaded":2,"modelsAlive":1}
  ✘  4 [chromium] › tests/e2e/viewer.spec.ts:234:3 › GLB 阅读器与资源恢复（T18） › OrbitControls：旋转/缩放/复位/适配与键盘等价控件（AC-050/UI-043） (3.5s)
(node:77304) [DEP0205] DeprecationWarning: `module.register()` is deprecated. Use `module.registerHooks()` instead.
(Use `node --trace-deprecation ...` to show where the warning was created)
[2m[WebServer] [22m[2m20:21:09[22m [33m[1m[vite][22m[39m [33m[2m(client)[22m[39m [2m[console.warn] [22mTHREE.Clock: This module has been deprecated. Please use THREE.Timer instead.
DIAG after-drag {"frames":19,"hasModel":true,"hasPose":true,"canvasMark":0.8525553100321617,"canvases":1,"modelsLoaded":1,"modelsAlive":1}
DIAG after-capture {"frames":24,"hasModel":true,"hasPose":true,"canvasMark":0.8525553100321617,"canvases":1,"modelsLoaded":1,"modelsAlive":1}
DIAG after-wheel {"frames":27,"hasModel":true,"hasPose":true,"canvasMark":0.8525553100321617,"canvases":1,"modelsLoaded":1,"modelsAlive":1}
  ✓  5 [chromium] › tests/e2e/viewer.spec.ts:234:3 › GLB 阅读器与资源恢复（T18） › OrbitControls：旋转/缩放/复位/适配与键盘等价控件（AC-050/UI-043） (3.5s)
(node:77311) [DEP0205] DeprecationWarning: `module.register()` is deprecated. Use `module.registerHooks()` instead.
(Use `node --trace-deprecation ...` to show where the warning was created)
[2m[WebServer] [22m[2m20:21:13[22m [33m[1m[vite][22m[39m [33m[2m(client)[22m[39m [2m[console.warn] [22mTHREE.Clock: This module has been deprecated. Please use THREE.Timer instead.
DIAG after-drag {"frames":19,"hasModel":true,"hasPose":true,"canvasMark":0.9074451907281985,"canvases":1,"modelsLoaded":1,"modelsAlive":1}
DIAG after-capture {"frames":24,"hasModel":true,"hasPose":true,"canvasMark":0.9074451907281985,"canvases":1,"modelsLoaded":1,"modelsAlive":1}
DIAG after-wheel {"frames":27,"hasModel":true,"hasPose":true,"canvasMark":0.9074451907281985,"canvases":1,"modelsLoaded":1,"modelsAlive":1}
  ✓  6 [chromium] › tests/e2e/viewer.spec.ts:234:3 › GLB 阅读器与资源恢复（T18） › OrbitControls：旋转/缩放/复位/适配与键盘等价控件（AC-050/UI-043） (3.5s)
(node:77317) [DEP0205] DeprecationWarning: `module.register()` is deprecated. Use `module.registerHooks()` instead.
(Use `node --trace-deprecation ...` to show where the warning was created)
[2m[WebServer] [22m[2m20:21:17[22m [33m[1m[vite][22m[39m [33m[2m(client)[22m[39m [2m[console.warn] [22mTHREE.Clock: This module has been deprecated. Please use THREE.Timer instead.
DIAG after-drag {"frames":19,"hasModel":true,"hasPose":true,"canvasMark":0.9543190595932464,"canvases":1,"modelsLoaded":1,"modelsAlive":1}
DIAG after-capture {"frames":24,"hasModel":true,"hasPose":true,"canvasMark":0.9543190595932464,"canvases":1,"modelsLoaded":1,"modelsAlive":1}
DIAG after-wheel {"frames":27,"hasModel":true,"hasPose":true,"canvasMark":0.9543190595932464,"canvases":1,"modelsLoaded":1,"modelsAlive":1}
  ✓  7 [chromium] › tests/e2e/viewer.spec.ts:234:3 › GLB 阅读器与资源恢复（T18） › OrbitControls：旋转/缩放/复位/适配与键盘等价控件（AC-050/UI-043） (3.5s)
(node:77323) [DEP0205] DeprecationWarning: `module.register()` is deprecated. Use `module.registerHooks()` instead.
(Use `node --trace-deprecation ...` to show where the warning was created)
[2m[WebServer] [22m[2m20:21:21[22m [33m[1m[vite][22m[39m [33m[2m(client)[22m[39m [2m[console.warn] [22mTHREE.Clock: This module has been deprecated. Please use THREE.Timer instead.
DIAG after-drag {"frames":18,"hasModel":true,"hasPose":true,"canvasMark":0.94476640731367,"canvases":1,"modelsLoaded":1,"modelsAlive":1}
DIAG after-capture {"frames":23,"hasModel":true,"hasPose":true,"canvasMark":0.94476640731367,"canvases":1,"modelsLoaded":1,"modelsAlive":1}
DIAG after-wheel {"frames":26,"hasModel":true,"hasPose":true,"canvasMark":0.94476640731367,"canvases":1,"modelsLoaded":1,"modelsAlive":1}
  ✓  8 [chromium] › tests/e2e/viewer.spec.ts:234:3 › GLB 阅读器与资源恢复（T18） › OrbitControls：旋转/缩放/复位/适配与键盘等价控件（AC-050/UI-043） (3.5s)


  1) [chromium] › tests/e2e/viewer.spec.ts:234:3 › GLB 阅读器与资源恢复（T18） › OrbitControls：旋转/缩放/复位/适配与键盘等价控件（AC-050/UI-043） 

    Error: [2mexpect([22m[31mreceived[39m[2m).[22mtoBeGreaterThan[2m([22m[32mexpected[39m[2m)[22m

    Expected: > [32m0.05[39m
    Received:   [31mNaN[39m

      292 |     await diag("after-wheel");
      293 |     const distanceAfter = await distanceToTarget(page);
    > 294 |     expect(Math.abs(distanceAfter - distanceBefore)).toBeGreaterThan(0.05);
          |                                                      ^
      295 |
      296 |     // --- 复位（键盘等价控件）：回到初始取景 ---------------------------------------
      297 |     const resetButton = page.getByRole("button", { name: "复位视角" });
        at /Users/qsyj/Code/rust/everything-manual/apps/web/tests/e2e/viewer.spec.ts:294:54

    attachment #1: screenshot (image/png) ──────────────────────────────────────────────────────────
    ../../artifacts/web-mvp/t09-rd/playwright-output/viewer-GLB-阅读器与资源恢复（T18）-O-2c5b3-复位-适配与键盘等价控件（AC-050-UI-043）-chromium-repeat3/test-failed-1.png
    ────────────────────────────────────────────────────────────────────────────────────────────────

    Error Context: ../../artifacts/web-mvp/t09-rd/playwright-output/viewer-GLB-阅读器与资源恢复（T18）-O-2c5b3-复位-适配与键盘等价控件（AC-050-UI-043）-chromium-repeat3/error-context.md

    attachment #3: trace (application/zip) ─────────────────────────────────────────────────────────
    ../../artifacts/web-mvp/t09-rd/playwright-output/viewer-GLB-阅读器与资源恢复（T18）-O-2c5b3-复位-适配与键盘等价控件（AC-050-UI-043）-chromium-repeat3/trace.zip
    Usage:

        npx playwright show-trace ../../artifacts/web-mvp/t09-rd/playwright-output/viewer-GLB-阅读器与资源恢复（T18）-O-2c5b3-复位-适配与键盘等价控件（AC-050-UI-043）-chromium-repeat3/trace.zip

    ────────────────────────────────────────────────────────────────────────────────────────────────

  1 failed
    [chromium] › tests/e2e/viewer.spec.ts:234:3 › GLB 阅读器与资源恢复（T18） › OrbitControls：旋转/缩放/复位/适配与键盘等价控件（AC-050/UI-043） 
  7 passed (34.2s)
