warning: `/Users/qsyj/.cargo/config` is deprecated in favor of `config.toml`
  |
  = help: if you need to support cargo 1.38 or earlier, you can symlink `config` to `config.toml`
    Finished `dev` profile [unoptimized + debuginfo] target(s) in 0.36s
     Running `target/debug/xtask dist --target aarch64-apple-darwin`
$ (cd /Users/qsyj/Code/rust/everything-manual/apps/web && npm ci)

added 294 packages, and audited 295 packages in 4s

69 packages are looking for funding
  run `npm fund` for details

found 0 vulnerabilities
$ (cd /Users/qsyj/Code/rust/everything-manual/apps/web && npm run typecheck)

> everything-manual-web@0.1.0 typecheck
> tsc --noEmit

$ (cd /Users/qsyj/Code/rust/everything-manual/apps/web && npm run test -- --run)

> everything-manual-web@0.1.0 test
> vitest run --run


 RUN  v5.0.0 /Users/qsyj/Code/rust/everything-manual/apps/web


 Test Files  15 passed (15)
      Tests  121 passed (121)
   Start at  20:41:51
   Duration  2.53s (environment 58%, tests 15%, transform 13%, setup 9%, import 4%, worker 1%)

Environment  jsdom was created 15 times · 7.94s total, 58% of tracked time
             create it once per worker with pool: 'vmThreads' (keeps per-file isolation) or isolate: false (shares it across files)
             learn more: https://vitest.dev/guide/improving-performance#test-environments

$ (cd /Users/qsyj/Code/rust/everything-manual/apps/web && npm run build)

> everything-manual-web@0.1.0 build
> tsc --noEmit && vite build

  pdfjs-dist 6.3.289 本地资源：cmaps=169 standard_fonts=16 wasm=13 iccs=2
vite v8.3.0 building client environment for production...
transforming...
✓ 155 modules transformed.
rendering chunks...
computing gzip size...
dist/index.html                                    0.53 kB │ gzip:   0.34 kB
dist/assets/pdf.worker.min-Dswkl-cV.mjs        1,265.41 kB
dist/assets/index-aB87VUzY.css                    17.71 kB │ gzip:   3.78 kB
dist/assets/OriginalDocumentPanel-D2vvbnRT.js      3.33 kB │ gzip:   1.53 kB
dist/assets/jsx-runtime-D3jfb0Ew.js                8.90 kB │ gzip:   3.38 kB
dist/assets/PreparePage-q2Za2WDu.js                9.78 kB │ gzip:   3.61 kB
dist/assets/ReviewWorkspacePage-Hi0ST4sS.js       15.63 kB │ gzip:   5.71 kB
dist/assets/index-6JVYXtXi.js                    408.83 kB │ gzip: 123.86 kB
dist/assets/prepare-BJaHsHla.js                  432.92 kB │ gzip: 130.28 kB
dist/assets/ViewerStage-BhxueL1f.js              967.43 kB │ gzip: 257.81 kB

✓ built in 799ms
[plugin em-pdfjs-vendor]   vendor/pdfjs 已写入 dist/vendor/pdfjs（cmaps=169 standard_fonts=16 wasm=13 iccs=2）
[plugin builtin:vite-reporter] 
(!) Some chunks are larger than 500 kB after minification. Consider:
- Using dynamic import() to code-split the application
- Use build.rolldownOptions.output.codeSplitting to improve chunking: https://rolldown.rs/reference/OutputOptions.codeSplitting
- Adjust chunk size limit for this warning via build.chunkSizeWarningLimit.
$ (cd /Users/qsyj/Code/rust/everything-manual && cargo build --release --locked --features embedded-ui --target aarch64-apple-darwin --package everything-manual)
warning: `/Users/qsyj/.cargo/config` is deprecated in favor of `config.toml`
  |
  = help: if you need to support cargo 1.38 or earlier, you can symlink `config` to `config.toml`
   Compiling everything-manual v0.1.0 (/Users/qsyj/Code/rust/everything-manual/crates/server)
    Finished `release` profile [optimized] target(s) in 27.81s

dist 完成：
  binary : /Users/qsyj/Code/rust/everything-manual/dist/aarch64-apple-darwin/everything-manual
  sha256 : 200b627e3f45316d752682f72782fe691b5d443a26398d69c35076be946f569a
  size   : 23618464 bytes
  files  : SHA256SUMS, licenses.json, build-info.json
