
> everything-manual-web@0.1.0 test:e2e
> playwright test

(node:81838) [DEP0205] DeprecationWarning: `module.register()` is deprecated. Use `module.registerHooks()` instead.
(Use `node --trace-deprecation ...` to show where the warning was created)
[2m[WebServer] [22m
[2m[WebServer] [22m> everything-manual-web@0.1.0 dev
[2m[WebServer] [22m> vite
[2m[WebServer] [22m
[2m[WebServer] [22m  pdfjs-dist 6.3.289 本地资源：cmaps=169 standard_fonts=16 wasm=13 iccs=2
[2m[WebServer] [22m
[2m[WebServer] [22m  [32m[1mVITE[22m v8.3.0[39m  [2mready in [0m[1m139[22m[2m[0m ms[22m
[2m[WebServer] [22m
[2m[WebServer] [22m  [32m➜[39m  [1mLocal[22m:   [36mhttp://127.0.0.1:[1m15173[22m/[39m
warning: `/Users/qsyj/.cargo/config` is deprecated in favor of `config.toml`
  |
  = help: if you need to support cargo 1.38 or earlier, you can symlink `config` to `config.toml`
    Finished `dev` profile [unoptimized + debuginfo] target(s) in 0.35s
{"timestamp":"2026-09-12T12:44:37.234873Z","level":"INFO","fields":{"message":"data-dir 初始化完成","event":"init","dataDir":"/var/folders/5y/y4jt01gd7mzglrwt5pf7p3m00000gn/T/em-web-mvp-e2e/data","passwordSource":"受限文件 /var/folders/5y/y4jt01gd7mzglrwt5pf7p3m00000gn/T/em-web-mvp-e2e/password.txt","schemaVersion":6,"adminId":"01a095a5-f7f2-7261-a018-865a3ec3dadc","adminStatus":"已创建"},"target":"everything_manual::config::commands"}
data-dir 已初始化：/var/folders/5y/y4jt01gd7mzglrwt5pf7p3m00000gn/T/em-web-mvp-e2e/data
  - 已创建：/var/folders/5y/y4jt01gd7mzglrwt5pf7p3m00000gn/T/em-web-mvp-e2e/data
  - 已创建：/var/folders/5y/y4jt01gd7mzglrwt5pf7p3m00000gn/T/em-web-mvp-e2e/data/tmp
  - 已创建：/var/folders/5y/y4jt01gd7mzglrwt5pf7p3m00000gn/T/em-web-mvp-e2e/data/logs
  - 已创建：/var/folders/5y/y4jt01gd7mzglrwt5pf7p3m00000gn/T/em-web-mvp-e2e/data/blobs
  - 已创建：/var/folders/5y/y4jt01gd7mzglrwt5pf7p3m00000gn/T/em-web-mvp-e2e/data/lock
数据库：已创建并迁移（/var/folders/5y/y4jt01gd7mzglrwt5pf7p3m00000gn/T/em-web-mvp-e2e/data/manual.sqlite3，schema v6；迁移随二进制内嵌，WAL / synchronous=FULL / foreign_keys=ON）
管理员凭据：已创建（admins 表；Argon2id v19、m=19456 KiB、t=2、p=1、16 字节盐；无默认密码）。
密码来源：受限文件 /var/folders/5y/y4jt01gd7mzglrwt5pf7p3m00000gn/T/em-web-mvp-e2e/password.txt；明文不落盘、不进入日志与 shell history。

Running 67 tests using 1 worker

(node:81905) [DEP0205] DeprecationWarning: `module.register()` is deprecated. Use `module.registerHooks()` instead.
(Use `node --trace-deprecation ...` to show where the warning was created)
  ✓   1 [chromium] › tests/e2e/import-flow.spec.ts:85:3 › 资料库与新建向导（T16） › 正常向导：建物品 → PDF → 照片 → 准备 → 报价 → 确认 → 生成进入等待 (3.9s)
  ✓   2 [chromium] › tests/e2e/import-flow.spec.ts:213:3 › 资料库与新建向导（T16） › 缺 front：生成入口禁用并说明缺项 (1.4s)
  ✓   3 [chromium] › tests/e2e/import-flow.spec.ts:238:3 › 资料库与新建向导（T16） › 上传失败重试：超限文件 + 注入一次失败后重试成功 (5.7s)
  ✓   4 [chromium] › tests/e2e/import-flow.spec.ts:294:3 › 资料库与新建向导（T16） › 预算变动：低于上界被禁用；报价过期后重新获取报价（不自动重报） (1.9s)
  ✓   5 [chromium] › tests/e2e/import-flow.spec.ts:357:3 › 资料库与新建向导（T16） › 返回上一步与刷新：只改 URL，不丢服务端已保存的资料 (1.7s)
  ✓   6 [chromium] › tests/e2e/import-flow.spec.ts:398:3 › 资料库与新建向导（T16） › 窄屏（<768px）键盘：Tab/Enter 完成第 1 步，抽屉焦点陷阱与 Esc (1.1s)
warning: `/Users/qsyj/.cargo/config` is deprecated in favor of `config.toml`
  |
  = help: if you need to support cargo 1.38 or earlier, you can symlink `config` to `config.toml`
    Finished `dev` profile [unoptimized + debuginfo] target(s) in 0.36s
{"timestamp":"2026-09-12T12:44:55.750655Z","level":"INFO","fields":{"message":"data-dir 初始化完成","event":"init","dataDir":"/var/folders/5y/y4jt01gd7mzglrwt5pf7p3m00000gn/T/em-t17-job-recovery-mLEP5V/data","passwordSource":"受限文件 /var/folders/5y/y4jt01gd7mzglrwt5pf7p3m00000gn/T/em-t17-job-recovery-mLEP5V/password.txt","schemaVersion":6,"adminId":"01a095a6-4046-762c-935f-f72201d93250","adminStatus":"已创建"},"target":"everything_manual::config::commands"}
data-dir 已初始化：/var/folders/5y/y4jt01gd7mzglrwt5pf7p3m00000gn/T/em-t17-job-recovery-mLEP5V/data
  - 已创建：/var/folders/5y/y4jt01gd7mzglrwt5pf7p3m00000gn/T/em-t17-job-recovery-mLEP5V/data
  - 已创建：/var/folders/5y/y4jt01gd7mzglrwt5pf7p3m00000gn/T/em-t17-job-recovery-mLEP5V/data/tmp
  - 已创建：/var/folders/5y/y4jt01gd7mzglrwt5pf7p3m00000gn/T/em-t17-job-recovery-mLEP5V/data/logs
  - 已创建：/var/folders/5y/y4jt01gd7mzglrwt5pf7p3m00000gn/T/em-t17-job-recovery-mLEP5V/data/blobs
  - 已创建：/var/folders/5y/y4jt01gd7mzglrwt5pf7p3m00000gn/T/em-t17-job-recovery-mLEP5V/data/lock
数据库：已创建并迁移（/var/folders/5y/y4jt01gd7mzglrwt5pf7p3m00000gn/T/em-t17-job-recovery-mLEP5V/data/manual.sqlite3，schema v6；迁移随二进制内嵌，WAL / synchronous=FULL / foreign_keys=ON）
管理员凭据：已创建（admins 表；Argon2id v19、m=19456 KiB、t=2、p=1、16 字节盐；无默认密码）。
密码来源：受限文件 /var/folders/5y/y4jt01gd7mzglrwt5pf7p3m00000gn/T/em-t17-job-recovery-mLEP5V/password.txt；明文不落盘、不进入日志与 shell history。
  ✓   7 [chromium] › tests/e2e/job-recovery.spec.ts:136:1 › 列表与详情：状态、阶段、分列费用，不出现虚假线性总进度 (1.9s)
  ✓   8 [chromium] › tests/e2e/job-recovery.spec.ts:191:1 › 浏览器关闭后服务器继续：关页面 → 服务端推进 → 重开看到新状态 (9.7s)
  ✓   9 [chromium] › tests/e2e/job-recovery.spec.ts:231:1 › 服务重启恢复：页面从数据库读到同一状态 (2.1s)
  ✓  10 [chromium] › tests/e2e/job-recovery.spec.ts:265:1 › unknown：不渲染重试按钮，渲染对账入口，预留保留为未决 (1.7s)
  ✓  11 [chromium] › tests/e2e/job-recovery.spec.ts:305:1 › 重复操作不多收费：重复点击与重放不产生新的付费提交 (2.8s)
  ✓  12 [chromium] › tests/e2e/job-recovery.spec.ts:361:1 › needs_input：缺项与真实恢复动作一致（P3① 不再承诺可重试）；断网不误报业务失败 (5.9s)
  ✓  13 [chromium] › tests/e2e/job-recovery.spec.ts:414:1 › 失败阶段：错误摘要可读，不可重试的原因如实（不误导） (1.7s)
  ✓  14 [chromium] › tests/e2e/job-recovery.spec.ts:440:1 › 轮询频率：可见约 2 秒、后台降频、终态停止 (37.2s)
  ✓  15 [chromium] › tests/e2e/library-row-layout.spec.ts:77:1 › RD-ROW-1 桌面 1024–1920px：身份列可读、行高正常、说明独占整行（BUG-005 守卫） (2.2s)
  ✓  16 [chromium] › tests/e2e/library-row-layout.spec.ts:133:1 › RD-ROW-2 窄屏 <768px：行单列堆叠、名称可读、摘要抽屉可开可关（不回退） (1.5s)
  ✓  17 [chromium] › tests/e2e/pdf-preparation.spec.ts:86:3 › PDF 准备与续传（T09） › 文字 PDF：逐页准备（1-based 页号）、JPEG 页图、封存 ready (2.1s)
  ✓  18 [chromium] › tests/e2e/pdf-preparation.spec.ts:158:3 › PDF 准备与续传（T09） › 断线续传：重新进入只补缺页，不重传已完成页 (3.6s)
  ✓  19 [chromium] › tests/e2e/pdf-preparation.spec.ts:214:3 › PDF 准备与续传（T09） › 扫描 PDF：没有文字层时按页图上传 (2.0s)
  ✓  20 [chromium] › tests/e2e/pdf-preparation.spec.ts:244:3 › PDF 准备与续传（T09） › 旋转页：viewport 记录旋转角与旋转后尺寸 (1.9s)
  ✓  21 [chromium] › tests/e2e/pdf-preparation.spec.ts:281:3 › PDF 准备与续传（T09） › 非拉丁字体页：CJK 文字提取正确且 CMap 从本地加载 (1.9s)
  ✓  22 [chromium] › tests/e2e/pdf-preparation.spec.ts:318:3 › PDF 准备与续传（T09） › 加密 PDF：明确拒绝且不创建任何准备/页记录 (2.3s)
  ✓  23 [chromium] › tests/e2e/pdf-preparation.spec.ts:350:3 › PDF 准备与续传（T09） › 101 页 PDF：明确拒绝并说明实际页数 (2.3s)
  ✓  24 [chromium] › tests/e2e/pdf-preparation.spec.ts:368:3 › PDF 准备与续传（T09） › 断外网仍可完成准备：worker/CMaps/字体全部本地加载，零外部请求 (2.0s)
  ✓  25 [chromium] › tests/e2e/pdf-preparation.spec.ts:412:3 › PDF 准备与续传（T09） › 逐页进度、可取消、离开确认与单 canvas 约束 (7.4s)
  ✓  26 [chromium] › tests/e2e/pdf-preparation.spec.ts:475:3 › BUG-001-r8 回归：通知条不遮挡顶栏指针操作 › 通知条出现期间顶栏入口可点击（宽屏 + 窄屏） (1.4s)
  ✓  27 [chromium] › tests/e2e/qa-t09-independent.spec.ts:193:1 › 续传：关闭标签页后用新标签页继续，只补缺失页且不替换已完成页资产 (4.1s)
  ✓  28 [chromium] › tests/e2e/qa-t09-independent.spec.ts:286:1 › 离线：阻断非本机请求仍完成准备；worker/CMaps/字体/WASM/ICC 均本机可用 (2.1s)
BUG-002 命中样本：[{"width":1280,"firstFrame":{"tag":"A","linkText":"资料库","topBarBottom":63,"noticeTop":63,"noticesTopVar":"63px"},"settled":{"tag":"A","linkText":"资料库","topBarBottom":63,"noticeTop":63,"noticesTopVar":"63px"}},{"width":390,"firstFrame":{"tag":"DIV","linkText":null,"topBarBottom":138,"noticeTop":104,"noticesTopVar":"104px"},"settled":{"tag":"A","linkText":"资料库","topBarBottom":138,"noticeTop":138,"noticesTopVar":"138px"}}]
  ✓  29 [chromium] › tests/e2e/qa-t09-independent.spec.ts:381:1 › BUG-002 复验：通知可见时顶栏指针/键盘可用（1280/390；并记录定位轮询窗口） (2.0s)
  ✓  30 [chromium] › tests/e2e/qa-t09-independent.spec.ts:502:1 › 逐页进度（第 n / N 页）、单 canvas、beforeunload 与取消停止上传 (3.4s)
  ✓  31 [chromium] › tests/e2e/qa-t09-independent.spec.ts:566:1 › 加密与 101 页 PDF：明确拒绝、零 preparation 请求、SQLite 各表零新增 (3.9s)
  ✓  32 [chromium] › tests/e2e/qa-t09-independent.spec.ts:622:1 › 页图上报 viewport 与实际 JPEG 像素一致（旋转页 /Rotate 90）且四角为白色 (1.9s)
  ✓  33 [chromium] › tests/e2e/qa-t16-independent.spec.ts:197:3 › T16 独立验收（QA 回合 18） › QA-1 资料库三态与行内禁用入口；新建表单无物品级来源链接（AC-026） (4.2s)
  ✓  34 [chromium] › tests/e2e/qa-t16-independent.spec.ts:323:3 › T16 独立验收（QA 回合 18） › QA-2 第 2/3/5 步刷新不丢资料、URL 即步骤、零重复上传（AC-026 / REQ-016） (2.9s)
  ✓  35 [chromium] › tests/e2e/qa-t16-independent.spec.ts:390:3 › T16 独立验收（QA 回合 18） › QA-3 确认页逐项告知、默认不勾选、未确认提交被拒（AC-030 / UI-024） (1.7s)
  ✓  36 [chromium] › tests/e2e/qa-t16-independent.spec.ts:484:3 › T16 独立验收（QA 回合 18） › QA-4 失败重试复用幂等键，服务端只产生一个 job（AC-026 / UI-020） (3.0s)
  ✓  37 [chromium] › tests/e2e/qa-t16-independent.spec.ts:611:3 › T16 独立验收（QA 回合 18） › QA-5 受理后不判断远端成功、无自动发布入口、无禁用措辞、准备进度非百分比（AC-048 / §6.3.2） (3.5s)
  ✓  38 [chromium] › tests/e2e/qa-t16-independent.spec.ts:703:3 › T16 独立验收（QA 回合 18） › QA-6 同视图占用 422 的可行动文案 + 缺项提示（UI-012/UI-013） (1.6s)
  ✓  39 [chromium] › tests/e2e/qa-t16-independent.spec.ts:736:3 › T16 独立验收（QA 回合 18） › QA-7 缺侧面视图：生成禁用、缺项常驻、不提前请求报价（AC-026 / UI-013） (1.5s)
  ✓  40 [chromium] › tests/e2e/qa-t16-independent.spec.ts:775:3 › T16 独立验收（QA 回合 18） › QA-11 无准备指针：如实显示缺项、不伪造状态、不请求报价（REQ-016 诚实性） (1.5s)
  ✓  41 [chromium] › tests/e2e/qa-t16-independent.spec.ts:811:3 › T16 独立验收（QA 回合 18） › QA-8 第 2/5 步失败态可行动（重试后恢复）（AC-026 / UI-019/026） (1.9s)
  ✓  42 [chromium] › tests/e2e/qa-t16-independent.spec.ts:880:3 › T16 独立验收（QA 回合 18） › QA-9 窄屏抽屉与桌面并排：同一 URL 切换无需刷新（AC-060 前端侧 / UI-062） (1.7s)
  ✓  43 [chromium] › tests/e2e/qa-t16-independent.spec.ts:933:3 › T16 独立验收（QA 回合 18） › QA-12 磁盘满 413（insufficientStorage）文案：所需/可用字节 + 清理提示（UI-009） (1.2s)
  ✓  44 [chromium] › tests/e2e/qa-t16-independent.spec.ts:984:3 › T16 独立验收（QA 回合 18） › QA-10 资料库行布局：名称/型号列在 1280px 下可读（UI-005 回归守卫） (1.5s)
warning: `/Users/qsyj/.cargo/config` is deprecated in favor of `config.toml`
  |
  = help: if you need to support cargo 1.38 or earlier, you can symlink `config` to `config.toml`
    Finished `dev` profile [unoptimized + debuginfo] target(s) in 0.30s
{"timestamp":"2026-09-12T12:47:15.430417Z","level":"INFO","fields":{"message":"data-dir 初始化完成","event":"init","dataDir":"/var/folders/5y/y4jt01gd7mzglrwt5pf7p3m00000gn/T/em-t17-qa-t17-gsJ3z0/data","passwordSource":"受限文件 /var/folders/5y/y4jt01gd7mzglrwt5pf7p3m00000gn/T/em-t17-qa-t17-gsJ3z0/password.txt","schemaVersion":6,"adminId":"01a095a8-61e6-7727-bf0c-d32d95103e1f","adminStatus":"已创建"},"target":"everything_manual::config::commands"}
data-dir 已初始化：/var/folders/5y/y4jt01gd7mzglrwt5pf7p3m00000gn/T/em-t17-qa-t17-gsJ3z0/data
  - 已创建：/var/folders/5y/y4jt01gd7mzglrwt5pf7p3m00000gn/T/em-t17-qa-t17-gsJ3z0/data
  - 已创建：/var/folders/5y/y4jt01gd7mzglrwt5pf7p3m00000gn/T/em-t17-qa-t17-gsJ3z0/data/tmp
  - 已创建：/var/folders/5y/y4jt01gd7mzglrwt5pf7p3m00000gn/T/em-t17-qa-t17-gsJ3z0/data/logs
  - 已创建：/var/folders/5y/y4jt01gd7mzglrwt5pf7p3m00000gn/T/em-t17-qa-t17-gsJ3z0/data/blobs
  - 已创建：/var/folders/5y/y4jt01gd7mzglrwt5pf7p3m00000gn/T/em-t17-qa-t17-gsJ3z0/data/lock
数据库：已创建并迁移（/var/folders/5y/y4jt01gd7mzglrwt5pf7p3m00000gn/T/em-t17-qa-t17-gsJ3z0/data/manual.sqlite3，schema v6；迁移随二进制内嵌，WAL / synchronous=FULL / foreign_keys=ON）
管理员凭据：已创建（admins 表；Argon2id v19、m=19456 KiB、t=2、p=1、16 字节盐；无默认密码）。
密码来源：受限文件 /var/folders/5y/y4jt01gd7mzglrwt5pf7p3m00000gn/T/em-t17-qa-t17-gsJ3z0/password.txt；明文不落盘、不进入日志与 shell history。
  ✓  45 [chromium] › tests/e2e/qa-t17-independent.spec.ts:200:1 › QA-T17-1 列表/详情：分列金额与服务端逐字段一致、终态停止轮询、无虚假总进度 (14.3s)
  ✓  46 [chromium] › tests/e2e/qa-t17-independent.spec.ts:278:1 › QA-T17-2 进行中状态区分 + 浏览器关闭后服务器继续推进 (11.7s)
  ✓  47 [chromium] › tests/e2e/qa-t17-independent.spec.ts:337:1 › QA-T17-3 断网显示网络问题（不误报业务失败），恢复后显示服务端新状态 (6.5s)
  ✓  48 [chromium] › tests/e2e/qa-t17-independent.spec.ts:381:1 › QA-T17-4 unknown：无重试按钮、对账入口、未决预留=服务端金额（非 0）、recordNoTask 需证据 (1.8s)
  ✓  49 [chromium] › tests/e2e/qa-t17-independent.spec.ts:443:1 › QA-T17-5 T15 P3①：详情拒绝态与端点 422 同源；允许的重试真的生效；草稿文案不承诺重试 (2.9s)
  ✓  50 [chromium] › tests/e2e/qa-t17-independent.spec.ts:539:1 › QA-T17-6 轮询频率：可见约 2 秒 / 后台约 15 秒；重启后仍从数据库恢复 (41.4s)
  ✓  51 [chromium] › tests/e2e/qa-t17-independent.spec.ts:633:1 › QA-T17-7 412 走统一刷新组件（UI-008）：陈旧 ETag 不覆盖、刷新后见服务端状态 (2.1s)
  ✓  52 [chromium] › tests/e2e/qa-t17-independent.spec.ts:676:1 › QA-T17-8 失败状态：与 unknown 明确分开、错误摘要可读、不可重试原因如实 (1.9s)
warning: `/Users/qsyj/.cargo/config` is deprecated in favor of `config.toml`
  |
  = help: if you need to support cargo 1.38 or earlier, you can symlink `config` to `config.toml`
    Finished `dev` profile [unoptimized + debuginfo] target(s) in 0.13s
{"timestamp":"2026-09-12T12:48:40.197155Z","level":"INFO","fields":{"message":"data-dir 初始化完成","event":"init","dataDir":"/var/folders/5y/y4jt01gd7mzglrwt5pf7p3m00000gn/T/em-t17-qa-t18-zugJyn/data","passwordSource":"受限文件 /var/folders/5y/y4jt01gd7mzglrwt5pf7p3m00000gn/T/em-t17-qa-t18-zugJyn/password.txt","schemaVersion":6,"adminId":"01a095a9-ad04-72cc-970c-4df4f3d3643e","adminStatus":"已创建"},"target":"everything_manual::config::commands"}
data-dir 已初始化：/var/folders/5y/y4jt01gd7mzglrwt5pf7p3m00000gn/T/em-t17-qa-t18-zugJyn/data
  - 已创建：/var/folders/5y/y4jt01gd7mzglrwt5pf7p3m00000gn/T/em-t17-qa-t18-zugJyn/data
  - 已创建：/var/folders/5y/y4jt01gd7mzglrwt5pf7p3m00000gn/T/em-t17-qa-t18-zugJyn/data/tmp
  - 已创建：/var/folders/5y/y4jt01gd7mzglrwt5pf7p3m00000gn/T/em-t17-qa-t18-zugJyn/data/logs
  - 已创建：/var/folders/5y/y4jt01gd7mzglrwt5pf7p3m00000gn/T/em-t17-qa-t18-zugJyn/data/blobs
  - 已创建：/var/folders/5y/y4jt01gd7mzglrwt5pf7p3m00000gn/T/em-t17-qa-t18-zugJyn/data/lock
数据库：已创建并迁移（/var/folders/5y/y4jt01gd7mzglrwt5pf7p3m00000gn/T/em-t17-qa-t18-zugJyn/data/manual.sqlite3，schema v6；迁移随二进制内嵌，WAL / synchronous=FULL / foreign_keys=ON）
管理员凭据：已创建（admins 表；Argon2id v19、m=19456 KiB、t=2、p=1、16 字节盐；无默认密码）。
密码来源：受限文件 /var/folders/5y/y4jt01gd7mzglrwt5pf7p3m00000gn/T/em-t17-qa-t18-zugJyn/password.txt；明文不落盘、不进入日志与 shell history。
[2m[WebServer] [22m[2m20:48:43[22m [33m[1m[vite][22m[39m [33m[2m(client)[22m[39m [2m[console.warn] [22mTHREE.Clock: This module has been deprecated. Please use THREE.Timer instead.
  ✓  53 [chromium] › tests/e2e/qa-t18-independent.spec.ts:533:1 › QA-T18-1 真实链路：真实草稿 + 真实资产字节驱动阅读器（零正常响应伪造） (2.2s)
[2m[WebServer] [22m[2m20:48:46[22m [33m[1m[vite][22m[39m [33m[2m(client)[22m[39m [2m[console.warn] [22mTHREE.Clock: This module has been deprecated. Please use THREE.Timer instead.
  ✓  54 [chromium] › tests/e2e/qa-t18-independent.spec.ts:576:1 › QA-T18-2 坐标一致性（真实模型 + 第一性原理重算 + 相机旋转/缩放不变） (2.5s)
[2m[WebServer] [22m[2m20:48:48[22m [33m[1m[vite][22m[39m [33m[2m(client)[22m[39m [2m[console.warn] [22mTHREE.Clock: This module has been deprecated. Please use THREE.Timer instead.
[2m[WebServer] [22m[2m20:48:50[22m [33m[1m[vite][22m[39m [33m[2m(client)[22m[39m [2m[console.warn] [22mTHREE.Clock: This module has been deprecated. Please use THREE.Timer instead.
[2m[WebServer] [22m[2m20:48:50[22m [33m[1m[vite][22m[39m [33m[2m(client)[22m[39m [2m[console.warn] [22mTHREE.WebGLRenderer: WEBGL_lose_context extension not supported.
  ✓  55 [chromium] › tests/e2e/qa-t18-independent.spec.ts:674:1 › QA-T18-3 上下文丢失 → 真实绘制中断 → restored 后真实恢复（独立 draw 计数） (3.8s)
[2m[WebServer] [22m[2m20:48:52[22m [33m[1m[vite][22m[39m [33m[2m(client)[22m[39m [2m[console.warn] [22mTHREE.Clock: This module has been deprecated. Please use THREE.Timer instead.
[2m[WebServer] [22m[2m20:48:52[22m [33m[1m[vite][22m[39m [33m[2m(client)[22m[39m [2m[console.warn] [22mTHREE.Clock: This module has been deprecated. Please use THREE.Timer instead.
[2m[WebServer] [22m[2m20:48:53[22m [33m[1m[vite][22m[39m [33m[2m(client)[22m[39m [2m[console.warn] [22mTHREE.Clock: This module has been deprecated. Please use THREE.Timer instead.
[2m[WebServer] [22m[2m20:48:53[22m [33m[1m[vite][22m[39m [33m[2m(client)[22m[39m [2m[console.warn] [22mTHREE.Clock: This module has been deprecated. Please use THREE.Timer instead.
[2m[WebServer] [22m[2m20:48:53[22m [33m[1m[vite][22m[39m [33m[2m(client)[22m[39m [2m[console.warn] [22mTHREE.Clock: This module has been deprecated. Please use THREE.Timer instead.
[2m[WebServer] [22m[2m20:48:53[22m [33m[1m[vite][22m[39m [33m[2m(client)[22m[39m [2m[console.warn] [22mTHREE.Clock: This module has been deprecated. Please use THREE.Timer instead.
[2m[WebServer] [22m[2m20:48:54[22m [33m[1m[vite][22m[39m [33m[2m(client)[22m[39m [2m[console.warn] [22mTHREE.Clock: This module has been deprecated. Please use THREE.Timer instead.
[2m[WebServer] [22m[2m20:48:54[22m [33m[1m[vite][22m[39m [33m[2m(client)[22m[39m [2m[console.warn] [22mTHREE.Clock: This module has been deprecated. Please use THREE.Timer instead.
[2m[WebServer] [22m[2m20:48:54[22m [33m[1m[vite][22m[39m [33m[2m(client)[22m[39m [2m[console.warn] [22mTHREE.Clock: This module has been deprecated. Please use THREE.Timer instead.
[2m[WebServer] [22m[2m20:48:55[22m [33m[1m[vite][22m[39m [33m[2m(client)[22m[39m [2m[console.warn] [22mTHREE.Clock: This module has been deprecated. Please use THREE.Timer instead.
[2m[WebServer] [22m[2m20:48:55[22m [33m[1m[vite][22m[39m [33m[2m(client)[22m[39m [2m[console.warn] [22mTHREE.Clock: This module has been deprecated. Please use THREE.Timer instead.
QA 资源趋势：存活=1/1/1 1/1/1 1/1/1 1/1/1 1/1/1 1/1/1 1/1/1 1/1/1 1/1/1 1/1/1
QA 每轮真实 GL 删除=4b/1t 4b/1t 4b/1t 4b/1t 4b/1t 4b/1t 4b/1t 4b/1t 4b/1t 4b/1t
QA 累计原始计数（含 three 每渲染器 4 张 empty texture）：8c/4d b, 12c/1d t | 12c/8d b, 18c/2d t | 16c/12d b, 24c/3d t | 20c/16d b, 30c/4d t | 24c/20d b, 36c/5d t | 28c/24d b, 42c/6d t | 32c/28d b, 48c/7d t | 36c/32d b, 54c/8d t | 40c/36d b, 60c/9d t | 44c/40d b, 66c/10d t
QA WebGL 上下文数=12（其中显式释放 10）
QA CDP 堆采样=23393624, 25910772, 25362720, 31364392, 27019568, 32555068, 27397392, 26534000, 27967900, 33566368（首末比 1.43）
  ✓  56 [chromium] › tests/e2e/qa-t18-independent.spec.ts:780:1 › QA-T18-4 资源释放与 10 次切换趋势（真实 GL 计数 + 账本对照 + CDP 堆采样） (5.0s)
[2m[WebServer] [22m[2m20:48:58[22m [33m[1m[vite][22m[39m [33m[2m(client)[22m[39m [2m[console.warn] [22mTHREE.Clock: This module has been deprecated. Please use THREE.Timer instead.
[2m[WebServer] [22m[2m20:48:59[22m [33m[1m[vite][22m[39m [33m[2m(client)[22m[39m [2m[console.warn] [22mTHREE.Clock: This module has been deprecated. Please use THREE.Timer instead.
  ✓  57 [chromium] › tests/e2e/qa-t18-independent.spec.ts:915:1 › QA-T18-5 加载与错误状态可观察（延迟/500 故障注入真实端点）+ 重试真的生效 (4.5s)
  ✓  58 [chromium] › tests/e2e/qa-t18-independent.spec.ts:955:1 › QA-T18-6 WebGL 不可用：真实降级（不下载 three）+ 文字/PDF 可用 + 键盘与减少动效 (2.3s)
[2m[WebServer] [22m[2m20:49:05[22m [33m[1m[vite][22m[39m [33m[2m(client)[22m[39m [2m[console.warn] [22mTHREE.Clock: This module has been deprecated. Please use THREE.Timer instead.
  ✓  59 [chromium] › tests/e2e/viewer.spec.ts:234:3 › GLB 阅读器与资源恢复（T18） › 3D 懒加载：资料库首屏不下载 three，进入阅读页按需加载并渲染（AC-050/REQ-040） (3.1s)
[2m[WebServer] [22m[2m20:49:08[22m [33m[1m[vite][22m[39m [33m[2m(client)[22m[39m [2m[console.warn] [22mTHREE.Clock: This module has been deprecated. Please use THREE.Timer instead.
  ✓  60 [chromium] › tests/e2e/viewer.spec.ts:268:3 › GLB 阅读器与资源恢复（T18） › OrbitControls：旋转/缩放/复位/适配与键盘等价控件（AC-050/UI-043） (3.5s)
[2m[WebServer] [22m[2m20:49:11[22m [33m[1m[vite][22m[39m [33m[2m(client)[22m[39m [2m[console.warn] [22mTHREE.Clock: This module has been deprecated. Please use THREE.Timer instead.
[2m[WebServer] [22m[2m20:49:12[22m [33m[1m[vite][22m[39m [33m[2m(client)[22m[39m [2m[console.warn] [22mTHREE.Clock: This module has been deprecated. Please use THREE.Timer instead.
[2m[WebServer] [22m[2m20:49:12[22m [33m[1m[vite][22m[39m [33m[2m(client)[22m[39m [2m[console.warn] [22mTHREE.WebGLRenderer: WEBGL_lose_context extension not supported.
  ✓  61 [chromium] › tests/e2e/viewer.spec.ts:340:3 › GLB 阅读器与资源恢复（T18） › WebGL 上下文丢失 → 提示 → 恢复后继续渲染并保留相机（AC-050/UI-044） (12.9s)
[2m[WebServer] [22m[2m20:49:24[22m [33m[1m[vite][22m[39m [33m[2m(client)[22m[39m [2m[console.warn] [22mTHREE.Clock: This module has been deprecated. Please use THREE.Timer instead.
[2m[WebServer] [22m[2m20:49:24[22m [33m[1m[vite][22m[39m [33m[2m(client)[22m[39m [2m[console.warn] [22mTHREE.Clock: This module has been deprecated. Please use THREE.Timer instead.
  ✓  62 [chromium] › tests/e2e/viewer.spec.ts:459:3 › GLB 阅读器与资源恢复（T18） › 卸载/换模型：资源被释放、旧资源与旧热点不串入（AC-050/AC-051） (3.3s)
[2m[WebServer] [22m[2m20:49:27[22m [33m[1m[vite][22m[39m [33m[2m(client)[22m[39m [2m[console.warn] [22mTHREE.Clock: This module has been deprecated. Please use THREE.Timer instead.
[2m[WebServer] [22m[2m20:49:28[22m [33m[1m[vite][22m[39m [33m[2m(client)[22m[39m [2m[console.warn] [22mTHREE.Clock: This module has been deprecated. Please use THREE.Timer instead.
[2m[WebServer] [22m[2m20:49:28[22m [33m[1m[vite][22m[39m [33m[2m(client)[22m[39m [2m[console.warn] [22mTHREE.Clock: This module has been deprecated. Please use THREE.Timer instead.
[2m[WebServer] [22m[2m20:49:28[22m [33m[1m[vite][22m[39m [33m[2m(client)[22m[39m [2m[console.warn] [22mTHREE.Clock: This module has been deprecated. Please use THREE.Timer instead.
[2m[WebServer] [22m[2m20:49:29[22m [33m[1m[vite][22m[39m [33m[2m(client)[22m[39m [2m[console.warn] [22mTHREE.Clock: This module has been deprecated. Please use THREE.Timer instead.
[2m[WebServer] [22m[2m20:49:29[22m [33m[1m[vite][22m[39m [33m[2m(client)[22m[39m [2m[console.warn] [22mTHREE.Clock: This module has been deprecated. Please use THREE.Timer instead.
[2m[WebServer] [22m[2m20:49:30[22m [33m[1m[vite][22m[39m [33m[2m(client)[22m[39m [2m[console.warn] [22mTHREE.Clock: This module has been deprecated. Please use THREE.Timer instead.
[2m[WebServer] [22m[2m20:49:30[22m [33m[1m[vite][22m[39m [33m[2m(client)[22m[39m [2m[console.warn] [22mTHREE.Clock: This module has been deprecated. Please use THREE.Timer instead.
[2m[WebServer] [22m[2m20:49:30[22m [33m[1m[vite][22m[39m [33m[2m(client)[22m[39m [2m[console.warn] [22mTHREE.Clock: This module has been deprecated. Please use THREE.Timer instead.
[2m[WebServer] [22m[2m20:49:31[22m [33m[1m[vite][22m[39m [33m[2m(client)[22m[39m [2m[console.warn] [22mTHREE.Clock: This module has been deprecated. Please use THREE.Timer instead.
[2m[WebServer] [22m[2m20:49:31[22m [33m[1m[vite][22m[39m [33m[2m(client)[22m[39m [2m[console.warn] [22mTHREE.Clock: This module has been deprecated. Please use THREE.Timer instead.
T18 资源趋势：存活(geometry/material/texture)=1/1/1 1/1/1 1/1/1 1/1/1 1/1/1 1/1/1 1/1/1 1/1/1 1/1/1 1/1/1
T18 堆用量采样（字节，Chrome 专有）：44700000, 44700000, 44700000, 44700000, 44700000, 44700000, 44700000, 44700000, 44700000, 44700000
T18 堆用量首末比：1.00（1.0 附近为正常；不设阈值）
  ✓  63 [chromium] › tests/e2e/viewer.spec.ts:514:3 › GLB 阅读器与资源恢复（T18） › 连续切换 10 次模型：资源数不增长（AC-062/REQ-040 的资源趋势） (6.2s)
  ✓  64 [chromium] › tests/e2e/viewer.spec.ts:556:3 › GLB 阅读器与资源恢复（T18） › 3D 失败时文字与 PDF 仍可读（AC-050/UI-045） (3.0s)
  ✓  65 [chromium] › tests/e2e/viewer.spec.ts:583:3 › GLB 阅读器与资源恢复（T18） › WebGL 不可用：给出可读原因，文字与 PDF 仍可用（UI-044/UI-045） (2.9s)
[2m[WebServer] [22m[2m20:49:40[22m [33m[1m[vite][22m[39m [33m[2m(client)[22m[39m [2m[console.warn] [22mTHREE.Clock: This module has been deprecated. Please use THREE.Timer instead.
  ✓  66 [chromium] › tests/e2e/viewer.spec.ts:612:3 › GLB 阅读器与资源恢复（T18） › AC-051 浏览器侧：同一局部点在不同旋转/缩放下世界位置一致、锚点不漂移 (3.1s)
warning: `/Users/qsyj/.cargo/config` is deprecated in favor of `config.toml`
  |
  = help: if you need to support cargo 1.38 or earlier, you can symlink `config` to `config.toml`
    Finished `dev` profile [unoptimized + debuginfo] target(s) in 0.35s
{"timestamp":"2026-09-12T12:49:42.674641Z","level":"INFO","fields":{"message":"data-dir 初始化完成","event":"init","dataDir":"/var/folders/5y/y4jt01gd7mzglrwt5pf7p3m00000gn/T/em-t17-t18-rd-real-kfZBYA/data","passwordSource":"受限文件 /var/folders/5y/y4jt01gd7mzglrwt5pf7p3m00000gn/T/em-t17-t18-rd-real-kfZBYA/password.txt","schemaVersion":6,"adminId":"01a095aa-a112-7071-9072-3ad079ba0bab","adminStatus":"已创建"},"target":"everything_manual::config::commands"}
data-dir 已初始化：/var/folders/5y/y4jt01gd7mzglrwt5pf7p3m00000gn/T/em-t17-t18-rd-real-kfZBYA/data
  - 已创建：/var/folders/5y/y4jt01gd7mzglrwt5pf7p3m00000gn/T/em-t17-t18-rd-real-kfZBYA/data
  - 已创建：/var/folders/5y/y4jt01gd7mzglrwt5pf7p3m00000gn/T/em-t17-t18-rd-real-kfZBYA/data/tmp
  - 已创建：/var/folders/5y/y4jt01gd7mzglrwt5pf7p3m00000gn/T/em-t17-t18-rd-real-kfZBYA/data/logs
  - 已创建：/var/folders/5y/y4jt01gd7mzglrwt5pf7p3m00000gn/T/em-t17-t18-rd-real-kfZBYA/data/blobs
  - 已创建：/var/folders/5y/y4jt01gd7mzglrwt5pf7p3m00000gn/T/em-t17-t18-rd-real-kfZBYA/data/lock
数据库：已创建并迁移（/var/folders/5y/y4jt01gd7mzglrwt5pf7p3m00000gn/T/em-t17-t18-rd-real-kfZBYA/data/manual.sqlite3，schema v6；迁移随二进制内嵌，WAL / synchronous=FULL / foreign_keys=ON）
管理员凭据：已创建（admins 表；Argon2id v19、m=19456 KiB、t=2、p=1、16 字节盐；无默认密码）。
密码来源：受限文件 /var/folders/5y/y4jt01gd7mzglrwt5pf7p3m00000gn/T/em-t17-t18-rd-real-kfZBYA/password.txt；明文不落盘、不进入日志与 shell history。
[2m[WebServer] [22m[2m20:49:45[22m [33m[1m[vite][22m[39m [33m[2m(client)[22m[39m [2m[console.warn] [22mTHREE.Clock: This module has been deprecated. Please use THREE.Timer instead.
  ✓  67 [chromium] › tests/e2e/viewer.spec.ts:758:3 › 真实链路：真实草稿 + 真实资产字节（不拦截草稿/模型字节） › 真实草稿与模型字节驱动阅读器：加载/操作/文字路径（AC-050/REQ-032；零拦截） (2.3s)

  67 passed (5.2m)
