
> everything-manual-web@0.1.0 test:e2e
> playwright test qa-t18-independent.spec.ts -g QA-T18-3

(node:74967) [DEP0205] DeprecationWarning: `module.register()` is deprecated. Use `module.registerHooks()` instead.
(Use `node --trace-deprecation ...` to show where the warning was created)
[2m[WebServer] [22m
[2m[WebServer] [22m> everything-manual-web@0.1.0 dev
[2m[WebServer] [22m> vite
[2m[WebServer] [22m
[2m[WebServer] [22m  pdfjs-dist 6.3.289 本地资源：cmaps=169 standard_fonts=16 wasm=13 iccs=2
[2m[WebServer] [22m
[2m[WebServer] [22m  [32m[1mVITE[22m v8.3.0[39m  [2mready in [0m[1m147[22m[2m[0m ms[22m
[2m[WebServer] [22m
[2m[WebServer] [22m  [32m➜[39m  [1mLocal[22m:   [36mhttp://127.0.0.1:[1m15173[22m/[39m
warning: `/Users/qsyj/.cargo/config` is deprecated in favor of `config.toml`
  |
  = help: if you need to support cargo 1.38 or earlier, you can symlink `config` to `config.toml`
    Finished `dev` profile [unoptimized + debuginfo] target(s) in 0.18s
{"timestamp":"2026-09-12T12:08:18.853907Z","level":"INFO","fields":{"message":"data-dir 初始化完成","event":"init","dataDir":"/var/folders/5y/y4jt01gd7mzglrwt5pf7p3m00000gn/T/em-web-mvp-e2e/data","passwordSource":"受限文件 /var/folders/5y/y4jt01gd7mzglrwt5pf7p3m00000gn/T/em-web-mvp-e2e/password.txt","schemaVersion":6,"adminId":"01a09584-baa5-72ed-9f4b-a73261bbe2d4","adminStatus":"已创建"},"target":"everything_manual::config::commands"}
data-dir 已初始化：/var/folders/5y/y4jt01gd7mzglrwt5pf7p3m00000gn/T/em-web-mvp-e2e/data
  - 已创建：/var/folders/5y/y4jt01gd7mzglrwt5pf7p3m00000gn/T/em-web-mvp-e2e/data
  - 已创建：/var/folders/5y/y4jt01gd7mzglrwt5pf7p3m00000gn/T/em-web-mvp-e2e/data/tmp
  - 已创建：/var/folders/5y/y4jt01gd7mzglrwt5pf7p3m00000gn/T/em-web-mvp-e2e/data/logs
  - 已创建：/var/folders/5y/y4jt01gd7mzglrwt5pf7p3m00000gn/T/em-web-mvp-e2e/data/blobs
  - 已创建：/var/folders/5y/y4jt01gd7mzglrwt5pf7p3m00000gn/T/em-web-mvp-e2e/data/lock
数据库：已创建并迁移（/var/folders/5y/y4jt01gd7mzglrwt5pf7p3m00000gn/T/em-web-mvp-e2e/data/manual.sqlite3，schema v6；迁移随二进制内嵌，WAL / synchronous=FULL / foreign_keys=ON）
管理员凭据：已创建（admins 表；Argon2id v19、m=19456 KiB、t=2、p=1、16 字节盐；无默认密码）。
密码来源：受限文件 /var/folders/5y/y4jt01gd7mzglrwt5pf7p3m00000gn/T/em-web-mvp-e2e/password.txt；明文不落盘、不进入日志与 shell history。

Running 1 test using 1 worker

(node:75040) [DEP0205] DeprecationWarning: `module.register()` is deprecated. Use `module.registerHooks()` instead.
(Use `node --trace-deprecation ...` to show where the warning was created)
warning: `/Users/qsyj/.cargo/config` is deprecated in favor of `config.toml`
  |
  = help: if you need to support cargo 1.38 or earlier, you can symlink `config` to `config.toml`
    Finished `dev` profile [unoptimized + debuginfo] target(s) in 0.12s
{"timestamp":"2026-09-12T12:08:21.285910Z","level":"INFO","fields":{"message":"data-dir 初始化完成","event":"init","dataDir":"/var/folders/5y/y4jt01gd7mzglrwt5pf7p3m00000gn/T/em-t17-qa-t18-REfJgt/data","passwordSource":"受限文件 /var/folders/5y/y4jt01gd7mzglrwt5pf7p3m00000gn/T/em-t17-qa-t18-REfJgt/password.txt","schemaVersion":6,"adminId":"01a09584-c425-77ac-9e1b-e9f3bb73b673","adminStatus":"已创建"},"target":"everything_manual::config::commands"}
data-dir 已初始化：/var/folders/5y/y4jt01gd7mzglrwt5pf7p3m00000gn/T/em-t17-qa-t18-REfJgt/data
  - 已创建：/var/folders/5y/y4jt01gd7mzglrwt5pf7p3m00000gn/T/em-t17-qa-t18-REfJgt/data
  - 已创建：/var/folders/5y/y4jt01gd7mzglrwt5pf7p3m00000gn/T/em-t17-qa-t18-REfJgt/data/tmp
  - 已创建：/var/folders/5y/y4jt01gd7mzglrwt5pf7p3m00000gn/T/em-t17-qa-t18-REfJgt/data/logs
  - 已创建：/var/folders/5y/y4jt01gd7mzglrwt5pf7p3m00000gn/T/em-t17-qa-t18-REfJgt/data/blobs
  - 已创建：/var/folders/5y/y4jt01gd7mzglrwt5pf7p3m00000gn/T/em-t17-qa-t18-REfJgt/data/lock
数据库：已创建并迁移（/var/folders/5y/y4jt01gd7mzglrwt5pf7p3m00000gn/T/em-t17-qa-t18-REfJgt/data/manual.sqlite3，schema v6；迁移随二进制内嵌，WAL / synchronous=FULL / foreign_keys=ON）
管理员凭据：已创建（admins 表；Argon2id v19、m=19456 KiB、t=2、p=1、16 字节盐；无默认密码）。
密码来源：受限文件 /var/folders/5y/y4jt01gd7mzglrwt5pf7p3m00000gn/T/em-t17-qa-t18-REfJgt/password.txt；明文不落盘、不进入日志与 shell history。
[2m[WebServer] [22m[2m20:08:25[22m [33m[1m[vite][22m[39m [33m[2m(client)[22m[39m [2m[console.warn] [22mTHREE.Clock: This module has been deprecated. Please use THREE.Timer instead.
[2m[WebServer] [22m[2m20:08:26[22m [33m[1m[vite][22m[39m [33m[2m(client)[22m[39m [2m[console.warn] [22mTHREE.Clock: This module has been deprecated. Please use THREE.Timer instead.
[2m[WebServer] [22m[2m20:08:27[22m [33m[1m[vite][22m[39m [33m[2m(client)[22m[39m [2m[console.warn] [22mTHREE.WebGLRenderer: WEBGL_lose_context extension not supported.
  ✘  1 [chromium] › tests/e2e/qa-t18-independent.spec.ts:674:1 › QA-T18-3 上下文丢失 → 真实绘制中断 → restored 后真实恢复（独立 draw 计数） (9.2s)


  1) [chromium] › tests/e2e/qa-t18-independent.spec.ts:674:1 › QA-T18-3 上下文丢失 → 真实绘制中断 → restored 后真实恢复（独立 draw 计数） 

    Error: 重建成功后状态必须回到可用（见 BUG-007）

    [2mexpect([22m[31mreceived[39m[2m).[22mtoContain[2m([22m[32mexpected[39m[2m) // indexOf[22m

    Expected substring: [32m"模型已加载"[39m
    Received string:    [31m"3D 显示已中断，正在重建…"[39m

      774 |
      775 |   // 要求（UI-044/UI-043/AC-050）：手动重建成功后，面板必须回到可用态。
    > 776 |   expect(statusAfterRebuild, "重建成功后状态必须回到可用（见 BUG-007）").toContain("模型已加载");
          |                                                          ^
      777 |   expect(resetDisabled, "重建成功后键盘等价控件必须可用（见 BUG-007）").toBe(false);
      778 | });
      779 |
        at /Users/qsyj/Code/rust/everything-manual/apps/web/tests/e2e/qa-t18-independent.spec.ts:776:58

    attachment #1: screenshot (image/png) ──────────────────────────────────────────────────────────
    ../../artifacts/web-mvp/t09-rd/playwright-output/qa-t18-independent-QA-T18--252ae--restored-后真实恢复（独立-draw-计数）-chromium/test-failed-1.png
    ────────────────────────────────────────────────────────────────────────────────────────────────

    Error Context: ../../artifacts/web-mvp/t09-rd/playwright-output/qa-t18-independent-QA-T18--252ae--restored-后真实恢复（独立-draw-计数）-chromium/error-context.md

    Error Context: ../../artifacts/web-mvp/t09-rd/playwright-output/qa-t18-independent-QA-T18--252ae--restored-后真实恢复（独立-draw-计数）-chromium/error-context.md

    attachment #4: trace (application/zip) ─────────────────────────────────────────────────────────
    ../../artifacts/web-mvp/t09-rd/playwright-output/qa-t18-independent-QA-T18--252ae--restored-后真实恢复（独立-draw-计数）-chromium/trace.zip
    Usage:

        npx playwright show-trace ../../artifacts/web-mvp/t09-rd/playwright-output/qa-t18-independent-QA-T18--252ae--restored-后真实恢复（独立-draw-计数）-chromium/trace.zip

    ────────────────────────────────────────────────────────────────────────────────────────────────

  1 failed
    [chromium] › tests/e2e/qa-t18-independent.spec.ts:674:1 › QA-T18-3 上下文丢失 → 真实绘制中断 → restored 后真实恢复（独立 draw 计数） 
