{"timestamp":"2026-09-11T23:11:43.806374Z","level":"INFO","fields":{"message":"数据库 schema 已就绪","event":"database_ready","dataDir":"/tmp/em-t08-qa-sikOOo/data","schemaVersion":3},"target":"everything_manual::config::commands"}
{"timestamp":"2026-09-11T23:11:43.806533Z","level":"INFO","fields":{"message":"资产残留扫描完成（隔离只移动不删除）","event":"asset_scan","tmpQuarantined":0,"blobsQuarantined":0,"blobsKept":0,"blobsRestored":0,"blobsMarkedMissing":0},"target":"everything_manual::config::commands"}
{"timestamp":"2026-09-11T23:11:43.806587Z","level":"WARN","fields":{"message":"Provider 未配置：生成与报价能力将返回“未配置”，不回退 mock；已有资料仍可读","event":"provider_not_configured","provider":"tripo","missing":"api_key"},"target":"everything_manual::config::commands"}
{"timestamp":"2026-09-11T23:11:43.806597Z","level":"WARN","fields":{"message":"Provider 未配置：生成与报价能力将返回“未配置”，不回退 mock；已有资料仍可读","event":"provider_not_configured","provider":"manual_ai","missing":"api_key,model"},"target":"everything_manual::config::commands"}
{"timestamp":"2026-09-11T23:11:43.806604Z","level":"INFO","fields":{"message":"服务启动","event":"serve_start","listen":"127.0.0.1:8099","dataDir":"/tmp/em-t08-qa-sikOOo/data","securityMode":"loopback","sessionTtlHours":168,"loginRateLimitPerMinute":5,"cookieSecure":false},"target":"everything_manual::config::commands"}
listening on http://127.0.0.1:8099
{"timestamp":"2026-09-11T23:11:43.811671Z","level":"INFO","fields":{"message":"http_request","requestId":"01a092bd-bec3-746e-829d-e1f5d82c2302","method":"GET","path":"/api/v1/health/live","status":200,"errorCode":"-","durationMs":0.012459000000000001},"target":"everything_manual::http::logging"}
{"timestamp":"2026-09-11T23:11:45.551472Z","level":"INFO","fields":{"message":"http_request","requestId":"01a092bd-c58f-72df-9da9-dd3122b79184","method":"GET","path":"/settings","status":200,"errorCode":"-","durationMs":0.013417},"target":"everything_manual::http::logging"}
{"timestamp":"2026-09-11T23:11:46.768709Z","level":"INFO","fields":{"message":"http_request","requestId":"01a092bd-ca50-7234-a568-330e85a17c2e","method":"GET","path":"/assets/index-QoC9xBFM.css","status":200,"errorCode":"-","durationMs":0.023333},"target":"everything_manual::http::logging"}
{"timestamp":"2026-09-11T23:11:46.769016Z","level":"INFO","fields":{"message":"http_request","requestId":"01a092bd-ca50-7234-a568-330f6c6886dd","method":"GET","path":"/assets/index-B6p0J4kW.js","status":200,"errorCode":"-","durationMs":0.152917},"target":"everything_manual::http::logging"}
{"timestamp":"2026-09-11T23:11:48.034811Z","level":"INFO","fields":{"message":"http_request","requestId":"01a092bd-cf42-7205-b2ef-5310fb4623cd","method":"GET","path":"/api/v1/auth/session","status":401,"errorCode":"UNAUTHORIZED","durationMs":0.053333},"target":"everything_manual::http::logging"}
{"timestamp":"2026-09-11T23:11:48.035136Z","level":"INFO","fields":{"message":"http_request","requestId":"01a092bd-cf43-74d7-992b-845bf83f208c","method":"GET","path":"/favicon.ico","status":404,"errorCode":"-","durationMs":0.006541},"target":"everything_manual::http::logging"}
{"timestamp":"2026-09-11T23:11:49.635088Z","level":"INFO","fields":{"message":"http_request","requestId":"01a092bd-d583-70f6-8b79-c2a709c07e4c","method":"GET","path":"/login","status":200,"errorCode":"-","durationMs":0.022541},"target":"everything_manual::http::logging"}
{"timestamp":"2026-09-11T23:11:50.471561Z","level":"INFO","fields":{"message":"登录成功（未记录请求体）","requestId":"01a092bd-d8a3-7377-89e8-072f3592ad0a","adminId":"01a092bd-beb7-73cb-a9a8-d3f0eca7c8e6","sessionId":"01a092bd-d8c6-70fc-89a3-ad8c11983d87","expiresAt":"2026-09-18T23:11:50.47Z"},"target":"everything_manual::http::auth"}
{"timestamp":"2026-09-11T23:11:50.471638Z","level":"INFO","fields":{"message":"http_request","requestId":"01a092bd-d8a3-7377-89e8-072f3592ad0a","method":"POST","path":"/api/v1/auth/login","status":200,"errorCode":"-","durationMs":36.001542},"target":"everything_manual::http::logging"}
{"timestamp":"2026-09-11T23:11:50.482958Z","level":"INFO","fields":{"message":"http_request","requestId":"01a092bd-d8d2-770c-bb51-67f823ee33e1","method":"GET","path":"/api/v1/items","status":200,"errorCode":"-","durationMs":0.327583},"target":"everything_manual::http::logging"}
{"timestamp":"2026-09-11T23:11:51.026482Z","level":"INFO","fields":{"message":"会话已注销","requestId":"01a092bd-daf1-7768-9fce-11bb2445edbe","adminId":"01a092bd-beb7-73cb-a9a8-d3f0eca7c8e6","sessionId":"01a092bd-d8c6-70fc-89a3-ad8c11983d87"},"target":"everything_manual::http::auth"}
{"timestamp":"2026-09-11T23:11:51.026545Z","level":"INFO","fields":{"message":"http_request","requestId":"01a092bd-daf1-7768-9fce-11bb2445edbe","method":"POST","path":"/api/v1/auth/logout","status":204,"errorCode":"-","durationMs":0.976541},"target":"everything_manual::http::logging"}
{"timestamp":"2026-09-11T23:11:51.230560Z","level":"INFO","fields":{"message":"http_request","requestId":"01a092bd-dbbe-75a7-a610-5f8507050f5d","method":"GET","path":"/login","status":200,"errorCode":"-","durationMs":0.016833},"target":"everything_manual::http::logging"}
{"timestamp":"2026-09-11T23:11:52.048635Z","level":"INFO","fields":{"message":"登录成功（未记录请求体）","requestId":"01a092bd-decd-75a9-8443-f1448bbf0353","adminId":"01a092bd-beb7-73cb-a9a8-d3f0eca7c8e6","sessionId":"01a092bd-def0-715f-96cc-58908568afc6","expiresAt":"2026-09-18T23:11:52.047Z"},"target":"everything_manual::http::auth"}
{"timestamp":"2026-09-11T23:11:52.048692Z","level":"INFO","fields":{"message":"http_request","requestId":"01a092bd-decd-75a9-8443-f1448bbf0353","method":"POST","path":"/api/v1/auth/login","status":200,"errorCode":"-","durationMs":35.4865},"target":"everything_manual::http::logging"}
{"timestamp":"2026-09-11T23:11:52.063449Z","level":"INFO","fields":{"message":"http_request","requestId":"01a092bd-deff-7094-928f-b7e0165509fb","method":"GET","path":"/api/v1/items","status":200,"errorCode":"-","durationMs":0.29875},"target":"everything_manual::http::logging"}
{"timestamp":"2026-09-11T23:11:52.602570Z","level":"INFO","fields":{"message":"http_request","requestId":"01a092bd-e11a-76c7-94a1-998169eb1ec2","method":"GET","path":"/login","status":200,"errorCode":"-","durationMs":0.015167},"target":"everything_manual::http::logging"}
{"timestamp":"2026-09-11T23:11:53.427920Z","level":"INFO","fields":{"message":"登录成功（未记录请求体）","requestId":"01a092bd-e430-7125-ac7f-97e2f42716d9","adminId":"01a092bd-beb7-73cb-a9a8-d3f0eca7c8e6","sessionId":"01a092bd-e453-7210-852f-1581654815dc","expiresAt":"2026-09-18T23:11:53.427Z"},"target":"everything_manual::http::auth"}
{"timestamp":"2026-09-11T23:11:53.427969Z","level":"INFO","fields":{"message":"http_request","requestId":"01a092bd-e430-7125-ac7f-97e2f42716d9","method":"POST","path":"/api/v1/auth/login","status":200,"errorCode":"-","durationMs":35.119541},"target":"everything_manual::http::logging"}
{"timestamp":"2026-09-11T23:11:53.447596Z","level":"INFO","fields":{"message":"http_request","requestId":"01a092bd-e467-7383-b9aa-af9548bdab7f","method":"GET","path":"/api/v1/health/live","status":200,"errorCode":"-","durationMs":0.022},"target":"everything_manual::http::logging"}
{"timestamp":"2026-09-11T23:11:53.447955Z","level":"INFO","fields":{"message":"http_request","requestId":"01a092bd-e467-7383-b9aa-af9445466b9c","method":"GET","path":"/api/v1/settings/status","status":200,"errorCode":"-","durationMs":0.397208},"target":"everything_manual::http::logging"}
{"timestamp":"2026-09-11T23:11:53.448622Z","level":"INFO","fields":{"message":"http_request","requestId":"01a092bd-e468-7021-959e-ec72e8c1266c","method":"GET","path":"/api/v1/health/ready","status":200,"errorCode":"-","durationMs":0.43720800000000004},"target":"everything_manual::http::logging"}
{"timestamp":"2026-09-11T23:11:54.001139Z","level":"INFO","fields":{"message":"会话已注销","requestId":"01a092bd-e690-77ab-9387-c83085e4cd64","adminId":"01a092bd-beb7-73cb-a9a8-d3f0eca7c8e6","sessionId":"01a092bd-e453-7210-852f-1581654815dc"},"target":"everything_manual::http::auth"}
{"timestamp":"2026-09-11T23:11:54.001181Z","level":"INFO","fields":{"message":"http_request","requestId":"01a092bd-e690-77ab-9387-c83085e4cd64","method":"POST","path":"/api/v1/auth/logout","status":204,"errorCode":"-","durationMs":0.598459},"target":"everything_manual::http::logging"}
{"timestamp":"2026-09-11T23:11:54.759055Z","level":"WARN","fields":{"message":"登录失败：凭据无效","requestId":"01a092bd-e975-7420-99f4-3a347a7d86b5","clientIp":"127.0.0.1"},"target":"everything_manual::http::auth"}
{"timestamp":"2026-09-11T23:11:54.759149Z","level":"INFO","fields":{"message":"http_request","requestId":"01a092bd-e975-7420-99f4-3a347a7d86b5","method":"POST","path":"/api/v1/auth/login","status":401,"errorCode":"UNAUTHORIZED","durationMs":17.191374999999997},"target":"everything_manual::http::logging"}
{"timestamp":"2026-09-11T23:11:55.461998Z","level":"INFO","fields":{"message":"http_request","requestId":"01a092bd-ec45-73ca-9460-c951ddf2ea9f","method":"POST","path":"/api/v1/auth/login","status":403,"errorCode":"ORIGIN_REJECTED","durationMs":0.06887499999999999},"target":"everything_manual::http::logging"}
{"timestamp":"2026-09-11T23:11:57.124084Z","level":"INFO","fields":{"message":"登录成功（未记录请求体）","requestId":"01a092bd-f2b0-7758-98ff-3407e7a2f678","adminId":"01a092bd-beb7-73cb-a9a8-d3f0eca7c8e6","sessionId":"01a092bd-f2c3-76af-ba71-13900fc1ad52","expiresAt":"2026-09-18T23:11:57.123Z"},"target":"everything_manual::http::auth"}
{"timestamp":"2026-09-11T23:11:57.124138Z","level":"INFO","fields":{"message":"http_request","requestId":"01a092bd-f2b0-7758-98ff-3407e7a2f678","method":"POST","path":"/api/v1/auth/login","status":200,"errorCode":"-","durationMs":19.722625},"target":"everything_manual::http::logging"}
{"timestamp":"2026-09-11T23:11:58.801521Z","level":"INFO","fields":{"message":"http_request","requestId":"01a092bd-f951-71ee-a9f3-929d5688d806","method":"GET","path":"/api/v1/items","status":200,"errorCode":"-","durationMs":0.254417},"target":"everything_manual::http::logging"}
{"timestamp":"2026-09-11T23:12:14.926744Z","level":"INFO","fields":{"message":"http_request","requestId":"01a092be-384e-73c3-b032-1040c45d3d0d","method":"GET","path":"/","status":200,"errorCode":"-","durationMs":0.0095},"target":"everything_manual::http::logging"}
{"timestamp":"2026-09-11T23:12:14.944651Z","level":"INFO","fields":{"message":"http_request","requestId":"01a092be-3860-7056-8927-2a5167bbdde1","method":"GET","path":"/api/v1/auth/session","status":200,"errorCode":"-","durationMs":0.177791},"target":"everything_manual::http::logging"}
{"timestamp":"2026-09-11T23:12:14.948621Z","level":"INFO","fields":{"message":"http_request","requestId":"01a092be-3864-77be-ba21-2b92716b4af5","method":"GET","path":"/api/v1/items","status":200,"errorCode":"-","durationMs":0.220167},"target":"everything_manual::http::logging"}
{"timestamp":"2026-09-11T23:12:15.728520Z","level":"INFO","fields":{"message":"http_request","requestId":"01a092be-3b70-77fc-b49d-727675606a76","method":"GET","path":"/","status":200,"errorCode":"-","durationMs":0.009333000000000001},"target":"everything_manual::http::logging"}
{"timestamp":"2026-09-11T23:12:15.736493Z","level":"INFO","fields":{"message":"http_request","requestId":"01a092be-3b78-7797-9784-76db4140cef7","method":"GET","path":"/api/v1/auth/session","status":200,"errorCode":"-","durationMs":0.20533300000000002},"target":"everything_manual::http::logging"}
{"timestamp":"2026-09-11T23:12:15.739697Z","level":"INFO","fields":{"message":"http_request","requestId":"01a092be-3b7b-74e9-a466-39b84ce3f3fb","method":"GET","path":"/api/v1/items","status":200,"errorCode":"-","durationMs":0.222334},"target":"everything_manual::http::logging"}
{"timestamp":"2026-09-11T23:12:17.579720Z","level":"INFO","fields":{"message":"http_request","requestId":"01a092be-42ab-744a-a443-47006f596c42","method":"GET","path":"/settings","status":200,"errorCode":"-","durationMs":0.017124999999999998},"target":"everything_manual::http::logging"}
{"timestamp":"2026-09-11T23:12:17.593679Z","level":"INFO","fields":{"message":"http_request","requestId":"01a092be-42b9-7253-9adf-af84ad942917","method":"GET","path":"/api/v1/auth/session","status":200,"errorCode":"-","durationMs":0.229208},"target":"everything_manual::http::logging"}
{"timestamp":"2026-09-11T23:12:17.597971Z","level":"INFO","fields":{"message":"http_request","requestId":"01a092be-42bd-7129-a956-101e65e2bc42","method":"GET","path":"/api/v1/health/live","status":200,"errorCode":"-","durationMs":0.015875},"target":"everything_manual::http::logging"}
{"timestamp":"2026-09-11T23:12:17.598211Z","level":"INFO","fields":{"message":"http_request","requestId":"01a092be-42bd-7129-a956-101dfb486938","method":"GET","path":"/api/v1/settings/status","status":200,"errorCode":"-","durationMs":0.332792},"target":"everything_manual::http::logging"}
{"timestamp":"2026-09-11T23:12:17.599420Z","level":"INFO","fields":{"message":"http_request","requestId":"01a092be-42be-74ed-93e5-3b5554bf61ec","method":"GET","path":"/api/v1/health/ready","status":200,"errorCode":"-","durationMs":0.873375},"target":"everything_manual::http::logging"}
{"timestamp":"2026-09-11T23:12:17.855079Z","level":"INFO","fields":{"message":"http_request","requestId":"01a092be-43be-757c-92b3-0b42d90f0587","method":"GET","path":"/api/v1/settings/status","status":200,"errorCode":"-","durationMs":0.187416},"target":"everything_manual::http::logging"}
{"timestamp":"2026-09-11T23:12:17.863128Z","level":"INFO","fields":{"message":"http_request","requestId":"01a092be-43c7-70a7-8373-c6a27734daef","method":"GET","path":"/","status":200,"errorCode":"-","durationMs":0.013708},"target":"everything_manual::http::logging"}
{"timestamp":"2026-09-11T23:12:17.876324Z","level":"INFO","fields":{"message":"http_request","requestId":"01a092be-43d4-7189-9cbc-e58d64e5dc8e","method":"GET","path":"/api/v1/auth/session","status":200,"errorCode":"-","durationMs":0.198959},"target":"everything_manual::http::logging"}
{"timestamp":"2026-09-11T23:12:17.880653Z","level":"INFO","fields":{"message":"http_request","requestId":"01a092be-43d8-7744-a64a-68b479f0a311","method":"GET","path":"/api/v1/items","status":200,"errorCode":"-","durationMs":0.408625},"target":"everything_manual::http::logging"}
{"timestamp":"2026-09-11T23:12:18.165062Z","level":"INFO","fields":{"message":"http_request","requestId":"01a092be-44f4-727e-9996-0ad54dc9eb20","method":"GET","path":"/api/v1/items/new","status":404,"errorCode":"NOT_FOUND","durationMs":0.43929199999999996},"target":"everything_manual::http::logging"}
{"timestamp":"2026-09-11T23:12:19.066588Z","level":"INFO","fields":{"message":"http_request","requestId":"01a092be-487a-744c-bf12-59b14b7598cd","method":"POST","path":"/api/v1/items","status":422,"errorCode":"VALIDATION_FAILED","durationMs":0.186167},"target":"everything_manual::http::logging"}
{"timestamp":"2026-09-11T23:12:19.449022Z","level":"INFO","fields":{"message":"物品已创建","requestId":"01a092be-49f8-7192-a53a-81fa6c46f9fb","itemId":"01a092be-49f8-7192-a53a-81fb2573b6cc"},"target":"everything_manual::http::items"}
{"timestamp":"2026-09-11T23:12:19.449095Z","level":"INFO","fields":{"message":"http_request","requestId":"01a092be-49f8-7192-a53a-81fa6c46f9fb","method":"POST","path":"/api/v1/items","status":201,"errorCode":"-","durationMs":1.036916},"target":"everything_manual::http::logging"}
{"timestamp":"2026-09-11T23:12:19.472186Z","level":"INFO","fields":{"message":"http_request","requestId":"01a092be-4a0f-7233-9813-8325a63bcf4e","method":"GET","path":"/api/v1/items/01a092be-49f8-7192-a53a-81fb2573b6cc/documents","status":200,"errorCode":"-","durationMs":0.834167},"target":"everything_manual::http::logging"}
{"timestamp":"2026-09-11T23:12:19.474166Z","level":"INFO","fields":{"message":"http_request","requestId":"01a092be-4a0f-7233-9813-83242083f83e","method":"GET","path":"/api/v1/items/01a092be-49f8-7192-a53a-81fb2573b6cc","status":200,"errorCode":"-","durationMs":2.9120830000000004},"target":"everything_manual::http::logging"}
{"timestamp":"2026-09-11T23:12:19.474301Z","level":"INFO","fields":{"message":"http_request","requestId":"01a092be-4a0f-7233-9813-8326abdeb6ff","method":"GET","path":"/api/v1/items/01a092be-49f8-7192-a53a-81fb2573b6cc/photos","status":200,"errorCode":"-","durationMs":2.836625},"target":"everything_manual::http::logging"}
{"timestamp":"2026-09-11T23:12:22.872696Z","level":"INFO","fields":{"message":"http_request","requestId":"01a092be-5758-7217-b068-d7e266b1f0bc","method":"GET","path":"/api/v1/items","status":200,"errorCode":"-","durationMs":0.567084},"target":"everything_manual::http::logging"}
{"timestamp":"2026-09-11T23:12:23.498956Z","level":"INFO","fields":{"message":"物品已更新","requestId":"01a092be-59ca-74fe-8d71-64a6c402eb86","itemId":"01a092be-49f8-7192-a53a-81fb2573b6cc","revision":2,"archived":true},"target":"everything_manual::http::items"}
{"timestamp":"2026-09-11T23:12:23.499036Z","level":"INFO","fields":{"message":"http_request","requestId":"01a092be-59ca-74fe-8d71-64a6c402eb86","method":"PATCH","path":"/api/v1/items/01a092be-49f8-7192-a53a-81fb2573b6cc","status":200,"errorCode":"-","durationMs":0.932667},"target":"everything_manual::http::logging"}
{"timestamp":"2026-09-11T23:12:31.951582Z","level":"INFO","fields":{"message":"http_request","requestId":"01a092be-7acf-7414-99ce-78d4877b3b9f","method":"GET","path":"/","status":200,"errorCode":"-","durationMs":0.018541000000000002},"target":"everything_manual::http::logging"}
{"timestamp":"2026-09-11T23:12:31.971141Z","level":"INFO","fields":{"message":"http_request","requestId":"01a092be-7ae2-7388-8c2f-a7ac6f918930","method":"GET","path":"/api/v1/auth/session","status":200,"errorCode":"-","durationMs":0.207459},"target":"everything_manual::http::logging"}
{"timestamp":"2026-09-11T23:12:31.977195Z","level":"INFO","fields":{"message":"http_request","requestId":"01a092be-7ae8-710c-b795-51b052495e2a","method":"GET","path":"/api/v1/items","status":200,"errorCode":"-","durationMs":0.4},"target":"everything_manual::http::logging"}
{"timestamp":"2026-09-11T23:12:32.236970Z","level":"INFO","fields":{"message":"http_request","requestId":"01a092be-7bec-735d-9ba2-ee91c804c633","method":"GET","path":"/api/v1/items","status":200,"errorCode":"-","durationMs":0.506042},"target":"everything_manual::http::logging"}
{"timestamp":"2026-09-11T23:12:32.468334Z","level":"INFO","fields":{"message":"http_request","requestId":"01a092be-7cd4-76d1-b7de-aa10b116cef6","method":"GET","path":"/api/v1/items/01a092be-49f8-7192-a53a-81fb2573b6cc","status":200,"errorCode":"-","durationMs":0.28654199999999996},"target":"everything_manual::http::logging"}
{"timestamp":"2026-09-11T23:12:32.468475Z","level":"INFO","fields":{"message":"http_request","requestId":"01a092be-7cd3-747b-8da0-5eb1390f51b5","method":"GET","path":"/api/v1/items/01a092be-49f8-7192-a53a-81fb2573b6cc/documents","status":200,"errorCode":"-","durationMs":0.6955410000000001},"target":"everything_manual::http::logging"}
{"timestamp":"2026-09-11T23:12:32.469282Z","level":"INFO","fields":{"message":"http_request","requestId":"01a092be-7cd4-76d1-b7de-aa1105aad4db","method":"GET","path":"/api/v1/items/01a092be-49f8-7192-a53a-81fb2573b6cc/photos","status":200,"errorCode":"-","durationMs":0.556125},"target":"everything_manual::http::logging"}
{"timestamp":"2026-09-11T23:12:32.675241Z","level":"INFO","fields":{"message":"物品已更新","requestId":"01a092be-7da2-737f-b093-f85998f79f96","itemId":"01a092be-49f8-7192-a53a-81fb2573b6cc","revision":3,"archived":false},"target":"everything_manual::http::items"}
{"timestamp":"2026-09-11T23:12:32.675322Z","level":"INFO","fields":{"message":"http_request","requestId":"01a092be-7da2-737f-b093-f85998f79f96","method":"PATCH","path":"/api/v1/items/01a092be-49f8-7192-a53a-81fb2573b6cc","status":200,"errorCode":"-","durationMs":0.995417},"target":"everything_manual::http::logging"}
{"timestamp":"2026-09-11T23:12:32.881622Z","level":"WARN","fields":{"message":"修改请求的 CSRF 校验失败","requestId":"01a092be-7e71-7548-969c-d23a3dfec03e","path":"/items","errorCode":"CSRF_REJECTED"},"target":"everything_manual::http::auth"}
{"timestamp":"2026-09-11T23:12:32.881749Z","level":"INFO","fields":{"message":"http_request","requestId":"01a092be-7e71-7548-969c-d23a3dfec03e","method":"POST","path":"/api/v1/items","status":403,"errorCode":"CSRF_REJECTED","durationMs":0.371917},"target":"everything_manual::http::logging"}
{"timestamp":"2026-09-11T23:12:32.884770Z","level":"INFO","fields":{"message":"物品已创建","requestId":"01a092be-7e73-75bd-aec2-5e018eaea23c","itemId":"01a092be-7e74-7785-82dd-bf09b585593b"},"target":"everything_manual::http::items"}
{"timestamp":"2026-09-11T23:12:32.884819Z","level":"INFO","fields":{"message":"http_request","requestId":"01a092be-7e73-75bd-aec2-5e018eaea23c","method":"POST","path":"/api/v1/items","status":201,"errorCode":"-","durationMs":0.871708},"target":"everything_manual::http::logging"}
{"timestamp":"2026-09-11T23:12:33.106994Z","level":"INFO","fields":{"message":"http_request","requestId":"01a092be-7f52-730f-833b-ee1641ec96b8","method":"GET","path":"/api/v1/items/01a092be-49f8-7192-a53a-81fb2573b6cc","status":200,"errorCode":"-","durationMs":0.518042},"target":"everything_manual::http::logging"}
{"timestamp":"2026-09-11T23:12:33.475358Z","level":"INFO","fields":{"message":"物品已更新","requestId":"01a092be-80c2-722b-b593-df210451b447","itemId":"01a092be-49f8-7192-a53a-81fb2573b6cc","revision":4,"archived":false},"target":"everything_manual::http::items"}
{"timestamp":"2026-09-11T23:12:33.475407Z","level":"INFO","fields":{"message":"http_request","requestId":"01a092be-80c2-722b-b593-df210451b447","method":"PATCH","path":"/api/v1/items/01a092be-49f8-7192-a53a-81fb2573b6cc","status":200,"errorCode":"-","durationMs":0.5535},"target":"everything_manual::http::logging"}
{"timestamp":"2026-09-11T23:12:33.483438Z","level":"INFO","fields":{"message":"http_request","requestId":"01a092be-80cb-762a-8756-2ae869a1c115","method":"PATCH","path":"/api/v1/items/01a092be-49f8-7192-a53a-81fb2573b6cc","status":412,"errorCode":"REVISION_CONFLICT","durationMs":0.407458},"target":"everything_manual::http::logging"}
{"timestamp":"2026-09-11T23:12:33.717962Z","level":"INFO","fields":{"message":"http_request","requestId":"01a092be-81b5-73b3-8c0e-d25bc41d33da","method":"GET","path":"/api/v1/items/01a092be-49f8-7192-a53a-81fb2573b6cc","status":200,"errorCode":"-","durationMs":0.23800000000000002},"target":"everything_manual::http::logging"}
{"timestamp":"2026-09-11T23:12:33.734415Z","level":"INFO","fields":{"message":"http_request","requestId":"01a092be-81c6-70e1-9b92-575c6d5b64e2","method":"GET","path":"/api/v1/items/01a092be-49f8-7192-a53a-81fb2573b6cc","status":200,"errorCode":"-","durationMs":0.225208},"target":"everything_manual::http::logging"}
{"timestamp":"2026-09-11T23:12:33.950517Z","level":"INFO","fields":{"message":"物品已更新","requestId":"01a092be-829d-7706-afc2-2475461cfb7e","itemId":"01a092be-49f8-7192-a53a-81fb2573b6cc","revision":5,"archived":false},"target":"everything_manual::http::items"}
{"timestamp":"2026-09-11T23:12:33.950588Z","level":"INFO","fields":{"message":"http_request","requestId":"01a092be-829d-7706-afc2-2475461cfb7e","method":"PATCH","path":"/api/v1/items/01a092be-49f8-7192-a53a-81fb2573b6cc","status":200,"errorCode":"-","durationMs":0.969542},"target":"everything_manual::http::logging"}
{"timestamp":"2026-09-11T23:12:34.159291Z","level":"INFO","fields":{"message":"http_request","requestId":"01a092be-836f-74c7-9cc0-68ce805dddcf","method":"GET","path":"/jobs","status":200,"errorCode":"-","durationMs":0.016042},"target":"everything_manual::http::logging"}
{"timestamp":"2026-09-11T23:12:34.172963Z","level":"INFO","fields":{"message":"http_request","requestId":"01a092be-837c-7437-b461-f56ff231ac92","method":"GET","path":"/api/v1/auth/session","status":200,"errorCode":"-","durationMs":0.21875},"target":"everything_manual::http::logging"}
{"timestamp":"2026-09-11T23:12:34.439600Z","level":"INFO","fields":{"message":"http_request","requestId":"01a092be-8487-724a-90b3-b0a64688c39a","method":"GET","path":"/jobs/01993000-0000-7000-8000-0000000000aa","status":200,"errorCode":"-","durationMs":0.016458},"target":"everything_manual::http::logging"}
{"timestamp":"2026-09-11T23:12:34.454607Z","level":"INFO","fields":{"message":"http_request","requestId":"01a092be-8496-74ac-9383-8305139a108d","method":"GET","path":"/api/v1/auth/session","status":200,"errorCode":"-","durationMs":0.265791},"target":"everything_manual::http::logging"}
{"timestamp":"2026-09-11T23:12:34.716725Z","level":"INFO","fields":{"message":"http_request","requestId":"01a092be-859c-722d-b3b2-e9c21eaec32b","method":"GET","path":"/items/01a092be-49f8-7192-a53a-81fb2573b6cc/import/document","status":200,"errorCode":"-","durationMs":0.017666},"target":"everything_manual::http::logging"}
{"timestamp":"2026-09-11T23:12:34.732041Z","level":"INFO","fields":{"message":"http_request","requestId":"01a092be-85ab-7624-aa0a-2bc8be74508f","method":"GET","path":"/api/v1/auth/session","status":200,"errorCode":"-","durationMs":0.5095},"target":"everything_manual::http::logging"}
{"timestamp":"2026-09-11T23:12:34.736559Z","level":"INFO","fields":{"message":"http_request","requestId":"01a092be-85b0-7470-a02c-f95b65ffac02","method":"GET","path":"/api/v1/items/01a092be-49f8-7192-a53a-81fb2573b6cc","status":200,"errorCode":"-","durationMs":0.414334},"target":"everything_manual::http::logging"}
{"timestamp":"2026-09-11T23:12:34.996813Z","level":"INFO","fields":{"message":"http_request","requestId":"01a092be-86b4-702e-8722-b81af2975474","method":"GET","path":"/items/01a092be-49f8-7192-a53a-81fb2573b6cc/import/views","status":200,"errorCode":"-","durationMs":0.017292},"target":"everything_manual::http::logging"}
{"timestamp":"2026-09-11T23:12:35.012016Z","level":"INFO","fields":{"message":"http_request","requestId":"01a092be-86c3-748b-8e55-e1243be30a51","method":"GET","path":"/api/v1/auth/session","status":200,"errorCode":"-","durationMs":0.208791},"target":"everything_manual::http::logging"}
{"timestamp":"2026-09-11T23:12:35.016793Z","level":"INFO","fields":{"message":"http_request","requestId":"01a092be-86c8-764d-95b1-5dab7ec79d8f","method":"GET","path":"/api/v1/items/01a092be-49f8-7192-a53a-81fb2573b6cc","status":200,"errorCode":"-","durationMs":0.448708},"target":"everything_manual::http::logging"}
{"timestamp":"2026-09-11T23:12:35.277568Z","level":"INFO","fields":{"message":"http_request","requestId":"01a092be-87cd-7567-94df-f17627026f7b","method":"GET","path":"/items/01a092be-49f8-7192-a53a-81fb2573b6cc/import/prepare","status":200,"errorCode":"-","durationMs":0.016375},"target":"everything_manual::http::logging"}
{"timestamp":"2026-09-11T23:12:35.292389Z","level":"INFO","fields":{"message":"http_request","requestId":"01a092be-87db-75de-b415-9d0d685a3deb","method":"GET","path":"/api/v1/auth/session","status":200,"errorCode":"-","durationMs":0.46225},"target":"everything_manual::http::logging"}
{"timestamp":"2026-09-11T23:12:35.296730Z","level":"INFO","fields":{"message":"http_request","requestId":"01a092be-87e0-7140-83b7-7b469831fa90","method":"GET","path":"/api/v1/items/01a092be-49f8-7192-a53a-81fb2573b6cc","status":200,"errorCode":"-","durationMs":0.296417},"target":"everything_manual::http::logging"}
{"timestamp":"2026-09-11T23:12:35.560458Z","level":"INFO","fields":{"message":"http_request","requestId":"01a092be-88e8-7574-8bcb-16ea74a0f960","method":"GET","path":"/items/01a092be-49f8-7192-a53a-81fb2573b6cc/import/confirm","status":200,"errorCode":"-","durationMs":0.017291},"target":"everything_manual::http::logging"}
{"timestamp":"2026-09-11T23:12:35.573999Z","level":"INFO","fields":{"message":"http_request","requestId":"01a092be-88f5-7449-b729-eb9d6d6fc943","method":"GET","path":"/api/v1/auth/session","status":200,"errorCode":"-","durationMs":0.355709},"target":"everything_manual::http::logging"}
{"timestamp":"2026-09-11T23:12:35.578078Z","level":"INFO","fields":{"message":"http_request","requestId":"01a092be-88f9-74ad-9b04-6c1322c156f0","method":"GET","path":"/api/v1/items/01a092be-49f8-7192-a53a-81fb2573b6cc","status":200,"errorCode":"-","durationMs":0.224167},"target":"everything_manual::http::logging"}
{"timestamp":"2026-09-11T23:12:35.839351Z","level":"INFO","fields":{"message":"http_request","requestId":"01a092be-89ff-7360-8d3b-fb9a1c6b9a44","method":"GET","path":"/items/01a092be-49f8-7192-a53a-81fb2573b6cc/drafts/01993000-0000-7000-8000-0000000000bb/review","status":200,"errorCode":"-","durationMs":0.01425},"target":"everything_manual::http::logging"}
{"timestamp":"2026-09-11T23:12:35.850793Z","level":"INFO","fields":{"message":"http_request","requestId":"01a092be-8a0a-71a7-b63f-f5ecc5466740","method":"GET","path":"/api/v1/auth/session","status":200,"errorCode":"-","durationMs":0.237708},"target":"everything_manual::http::logging"}
{"timestamp":"2026-09-11T23:12:35.854349Z","level":"INFO","fields":{"message":"http_request","requestId":"01a092be-8a0e-7531-b76f-69e071f38c5f","method":"GET","path":"/api/v1/items/01a092be-49f8-7192-a53a-81fb2573b6cc","status":200,"errorCode":"-","durationMs":0.213542},"target":"everything_manual::http::logging"}
{"timestamp":"2026-09-11T23:12:36.115091Z","level":"INFO","fields":{"message":"http_request","requestId":"01a092be-8b13-7119-8034-30f1d65389d6","method":"GET","path":"/items/01a092be-49f8-7192-a53a-81fb2573b6cc/releases","status":200,"errorCode":"-","durationMs":0.016834},"target":"everything_manual::http::logging"}
{"timestamp":"2026-09-11T23:12:36.128672Z","level":"INFO","fields":{"message":"http_request","requestId":"01a092be-8b20-7101-8871-35770cfca804","method":"GET","path":"/api/v1/auth/session","status":200,"errorCode":"-","durationMs":0.242541},"target":"everything_manual::http::logging"}
{"timestamp":"2026-09-11T23:12:36.132821Z","level":"INFO","fields":{"message":"http_request","requestId":"01a092be-8b24-75a9-bfa1-e47ed470fc4c","method":"GET","path":"/api/v1/items/01a092be-49f8-7192-a53a-81fb2573b6cc","status":200,"errorCode":"-","durationMs":0.412792},"target":"everything_manual::http::logging"}
{"timestamp":"2026-09-11T23:12:36.391358Z","level":"INFO","fields":{"message":"http_request","requestId":"01a092be-8c27-732c-b1d4-c99898bec9d1","method":"GET","path":"/items/01a092be-49f8-7192-a53a-81fb2573b6cc/releases/01993000-0000-7000-8000-0000000000cc","status":200,"errorCode":"-","durationMs":0.012374999999999999},"target":"everything_manual::http::logging"}
{"timestamp":"2026-09-11T23:12:36.401940Z","level":"INFO","fields":{"message":"http_request","requestId":"01a092be-8c31-77d9-8110-81988969d541","method":"GET","path":"/api/v1/auth/session","status":200,"errorCode":"-","durationMs":0.5645},"target":"everything_manual::http::logging"}
{"timestamp":"2026-09-11T23:12:36.405233Z","level":"INFO","fields":{"message":"http_request","requestId":"01a092be-8c34-70db-a750-e14b97205c24","method":"GET","path":"/api/v1/items/01a092be-49f8-7192-a53a-81fb2573b6cc","status":200,"errorCode":"-","durationMs":0.23883300000000002},"target":"everything_manual::http::logging"}
{"timestamp":"2026-09-11T23:12:36.665210Z","level":"INFO","fields":{"message":"http_request","requestId":"01a092be-8d39-73fa-9945-980cfd99c76a","method":"GET","path":"/items/01a092be-49f8-7192-a53a-81fb2573b6cc/import/prepare","status":200,"errorCode":"-","durationMs":0.013791000000000001},"target":"everything_manual::http::logging"}
{"timestamp":"2026-09-11T23:12:36.679073Z","level":"INFO","fields":{"message":"http_request","requestId":"01a092be-8d46-77f8-a532-80c12e58e212","method":"GET","path":"/api/v1/auth/session","status":200,"errorCode":"-","durationMs":0.17925},"target":"everything_manual::http::logging"}
{"timestamp":"2026-09-11T23:12:36.683356Z","level":"INFO","fields":{"message":"http_request","requestId":"01a092be-8d4a-7751-b6a3-ea5a737e638e","method":"GET","path":"/api/v1/items/01a092be-49f8-7192-a53a-81fb2573b6cc","status":200,"errorCode":"-","durationMs":0.44425},"target":"everything_manual::http::logging"}
{"timestamp":"2026-09-11T23:12:36.992211Z","level":"INFO","fields":{"message":"http_request","requestId":"01a092be-8e80-7310-a813-cabe13ee89cd","method":"GET","path":"/items/01a092be-49f8-7192-a53a-81fb2573b6cc","status":200,"errorCode":"-","durationMs":0.011792},"target":"everything_manual::http::logging"}
{"timestamp":"2026-09-11T23:12:37.002493Z","level":"INFO","fields":{"message":"http_request","requestId":"01a092be-8e8a-72f2-a8fc-d022711a9f82","method":"GET","path":"/api/v1/auth/session","status":200,"errorCode":"-","durationMs":0.17275},"target":"everything_manual::http::logging"}
{"timestamp":"2026-09-11T23:12:37.005916Z","level":"INFO","fields":{"message":"http_request","requestId":"01a092be-8e8d-7673-b285-29cdc83a9581","method":"GET","path":"/api/v1/items/01a092be-49f8-7192-a53a-81fb2573b6cc","status":200,"errorCode":"-","durationMs":0.265709},"target":"everything_manual::http::logging"}
{"timestamp":"2026-09-11T23:12:37.006072Z","level":"INFO","fields":{"message":"http_request","requestId":"01a092be-8e8d-7673-b285-29cc11ef6484","method":"GET","path":"/api/v1/items/01a092be-49f8-7192-a53a-81fb2573b6cc/documents","status":200,"errorCode":"-","durationMs":0.511625},"target":"everything_manual::http::logging"}
{"timestamp":"2026-09-11T23:12:37.006077Z","level":"INFO","fields":{"message":"http_request","requestId":"01a092be-8e8d-7673-b285-29ceb00f56d7","method":"GET","path":"/api/v1/items/01a092be-49f8-7192-a53a-81fb2573b6cc/photos","status":200,"errorCode":"-","durationMs":0.3125},"target":"everything_manual::http::logging"}
{"timestamp":"2026-09-11T23:12:37.258540Z","level":"INFO","fields":{"message":"http_request","requestId":"01a092be-8f8a-7201-9b67-566c4bb1d8d0","method":"GET","path":"/items/01a092be-49f8-7192-a53a-81fb2573b6cc","status":200,"errorCode":"-","durationMs":0.012792000000000001},"target":"everything_manual::http::logging"}
{"timestamp":"2026-09-11T23:12:37.269471Z","level":"INFO","fields":{"message":"http_request","requestId":"01a092be-8f95-75a7-86b3-371927ab6a5e","method":"GET","path":"/api/v1/auth/session","status":200,"errorCode":"-","durationMs":0.23458299999999999},"target":"everything_manual::http::logging"}
{"timestamp":"2026-09-11T23:12:37.272660Z","level":"INFO","fields":{"message":"http_request","requestId":"01a092be-8f98-72fc-924e-4f9f0eb92838","method":"GET","path":"/api/v1/items/01a092be-49f8-7192-a53a-81fb2573b6cc","status":200,"errorCode":"-","durationMs":0.18075},"target":"everything_manual::http::logging"}
{"timestamp":"2026-09-11T23:12:37.272778Z","level":"INFO","fields":{"message":"http_request","requestId":"01a092be-8f98-72fc-924e-4f9e2097e9ac","method":"GET","path":"/api/v1/items/01a092be-49f8-7192-a53a-81fb2573b6cc/documents","status":200,"errorCode":"-","durationMs":0.41341700000000003},"target":"everything_manual::http::logging"}
{"timestamp":"2026-09-11T23:12:37.273282Z","level":"INFO","fields":{"message":"http_request","requestId":"01a092be-8f98-72fc-924e-4fa0bc03225b","method":"GET","path":"/api/v1/items/01a092be-49f8-7192-a53a-81fb2573b6cc/photos","status":200,"errorCode":"-","durationMs":0.632667},"target":"everything_manual::http::logging"}
{"timestamp":"2026-09-11T23:12:37.397782Z","level":"INFO","fields":{"message":"http_request","requestId":"01a092be-9015-72b5-8380-4c026cec5a3c","method":"GET","path":"/settings","status":200,"errorCode":"-","durationMs":0.013667},"target":"everything_manual::http::logging"}
{"timestamp":"2026-09-11T23:12:37.409365Z","level":"INFO","fields":{"message":"http_request","requestId":"01a092be-9021-77c0-90d5-f0dde8cc5863","method":"GET","path":"/api/v1/auth/session","status":200,"errorCode":"-","durationMs":0.121875},"target":"everything_manual::http::logging"}
{"timestamp":"2026-09-11T23:12:37.412632Z","level":"INFO","fields":{"message":"http_request","requestId":"01a092be-9024-7047-b342-e13e31c8b129","method":"GET","path":"/api/v1/health/live","status":200,"errorCode":"-","durationMs":0.017542},"target":"everything_manual::http::logging"}
{"timestamp":"2026-09-11T23:12:37.412711Z","level":"INFO","fields":{"message":"http_request","requestId":"01a092be-9024-7047-b342-e13d53c44cc3","method":"GET","path":"/api/v1/settings/status","status":200,"errorCode":"-","durationMs":0.229209},"target":"everything_manual::http::logging"}
{"timestamp":"2026-09-11T23:12:37.414137Z","level":"INFO","fields":{"message":"http_request","requestId":"01a092be-9025-76eb-ae29-610ed6c551ad","method":"GET","path":"/api/v1/health/ready","status":200,"errorCode":"-","durationMs":0.8240409999999999},"target":"everything_manual::http::logging"}
{"timestamp":"2026-09-11T23:12:37.669206Z","level":"INFO","fields":{"message":"http_request","requestId":"01a092be-9125-73aa-835c-5c2b0d147ed5","method":"GET","path":"/settings","status":200,"errorCode":"-","durationMs":0.016917},"target":"everything_manual::http::logging"}
{"timestamp":"2026-09-11T23:12:37.684342Z","level":"INFO","fields":{"message":"http_request","requestId":"01a092be-9134-77ab-9ef0-53e39036364c","method":"GET","path":"/api/v1/auth/session","status":200,"errorCode":"-","durationMs":0.15045799999999998},"target":"everything_manual::http::logging"}
{"timestamp":"2026-09-11T23:12:37.687963Z","level":"INFO","fields":{"message":"http_request","requestId":"01a092be-9137-77ae-8280-918b576c9cf5","method":"GET","path":"/api/v1/health/live","status":200,"errorCode":"-","durationMs":0.024416},"target":"everything_manual::http::logging"}
{"timestamp":"2026-09-11T23:12:37.688060Z","level":"INFO","fields":{"message":"http_request","requestId":"01a092be-9137-77ae-8280-918a1ebf96bc","method":"GET","path":"/api/v1/settings/status","status":200,"errorCode":"-","durationMs":0.292208},"target":"everything_manual::http::logging"}
{"timestamp":"2026-09-11T23:12:37.689150Z","level":"INFO","fields":{"message":"http_request","requestId":"01a092be-9138-7680-896f-0c3a18c5d9e9","method":"GET","path":"/api/v1/health/ready","status":200,"errorCode":"-","durationMs":0.8535},"target":"everything_manual::http::logging"}
{"timestamp":"2026-09-11T23:12:38.170208Z","level":"INFO","fields":{"message":"http_request","requestId":"01a092be-931a-71d8-b781-fc9f62273246","method":"GET","path":"/","status":200,"errorCode":"-","durationMs":0.016125},"target":"everything_manual::http::logging"}
{"timestamp":"2026-09-11T23:12:38.195855Z","level":"INFO","fields":{"message":"http_request","requestId":"01a092be-9333-7643-86c8-2972aee819d7","method":"GET","path":"/api/v1/auth/session","status":200,"errorCode":"-","durationMs":0.203959},"target":"everything_manual::http::logging"}
{"timestamp":"2026-09-11T23:12:38.200462Z","level":"INFO","fields":{"message":"http_request","requestId":"01a092be-9337-71ef-aa10-bd56772f0d2e","method":"GET","path":"/api/v1/items","status":200,"errorCode":"-","durationMs":0.42045899999999997},"target":"everything_manual::http::logging"}
{"timestamp":"2026-09-11T23:12:41.855490Z","level":"INFO","fields":{"message":"http_request","requestId":"01a092be-a17e-724b-b383-1fdd2fbe5f70","method":"GET","path":"/api/v1/items/01a092be-49f8-7192-a53a-81fb2573b6cc/documents","status":200,"errorCode":"-","durationMs":0.632542},"target":"everything_manual::http::logging"}
{"timestamp":"2026-09-11T23:12:41.864119Z","level":"INFO","fields":{"message":"http_request","requestId":"01a092be-a188-71ab-a6a0-402d5b0cb6fa","method":"GET","path":"/items/01a092be-49f8-7192-a53a-81fb2573b6cc","status":200,"errorCode":"-","durationMs":0.016292},"target":"everything_manual::http::logging"}
{"timestamp":"2026-09-11T23:12:41.899894Z","level":"INFO","fields":{"message":"http_request","requestId":"01a092be-a1ab-7563-b427-ae948c94ac95","method":"GET","path":"/api/v1/auth/session","status":200,"errorCode":"-","durationMs":0.20058399999999998},"target":"everything_manual::http::logging"}
{"timestamp":"2026-09-11T23:12:41.903791Z","level":"INFO","fields":{"message":"http_request","requestId":"01a092be-a1af-759a-8142-95b6dc1d8f56","method":"GET","path":"/api/v1/items/01a092be-49f8-7192-a53a-81fb2573b6cc","status":200,"errorCode":"-","durationMs":0.340958},"target":"everything_manual::http::logging"}
{"timestamp":"2026-09-11T23:12:41.903858Z","level":"INFO","fields":{"message":"http_request","requestId":"01a092be-a1af-759a-8142-95b71099421a","method":"GET","path":"/api/v1/items/01a092be-49f8-7192-a53a-81fb2573b6cc/documents","status":200,"errorCode":"-","durationMs":0.365125},"target":"everything_manual::http::logging"}
{"timestamp":"2026-09-11T23:12:41.904388Z","level":"INFO","fields":{"message":"http_request","requestId":"01a092be-a1b0-7042-9732-ad56f24bd689","method":"GET","path":"/api/v1/items/01a092be-49f8-7192-a53a-81fb2573b6cc/photos","status":200,"errorCode":"-","durationMs":0.32287499999999997},"target":"everything_manual::http::logging"}
{"timestamp":"2026-09-11T23:12:42.287885Z","level":"INFO","fields":{"message":"http_request","requestId":"01a092be-a32f-7054-8b23-44d02882dde3","method":"GET","path":"/","status":200,"errorCode":"-","durationMs":0.013083},"target":"everything_manual::http::logging"}
{"timestamp":"2026-09-11T23:12:42.298615Z","level":"INFO","fields":{"message":"http_request","requestId":"01a092be-a33a-74b4-b96a-28fff6e84402","method":"GET","path":"/api/v1/auth/session","status":200,"errorCode":"-","durationMs":0.23866600000000002},"target":"everything_manual::http::logging"}
{"timestamp":"2026-09-11T23:12:42.302809Z","level":"INFO","fields":{"message":"http_request","requestId":"01a092be-a33e-76b7-9bdb-65786da46dc0","method":"GET","path":"/api/v1/items","status":200,"errorCode":"-","durationMs":0.610958},"target":"everything_manual::http::logging"}
{"timestamp":"2026-09-11T23:12:42.581790Z","level":"INFO","fields":{"message":"http_request","requestId":"01a092be-a455-7498-b305-9e20a3e9be01","method":"GET","path":"/api/v1/settings/status","status":401,"errorCode":"UNAUTHORIZED","durationMs":0.035583000000000004},"target":"everything_manual::http::logging"}
{"timestamp":"2026-09-11T23:12:42.581939Z","level":"INFO","fields":{"message":"http_request","requestId":"01a092be-a455-7498-b305-9e216fa65445","method":"GET","path":"/api/v1/health/live","status":200,"errorCode":"-","durationMs":0.009959},"target":"everything_manual::http::logging"}
{"timestamp":"2026-09-11T23:12:42.583136Z","level":"INFO","fields":{"message":"http_request","requestId":"01a092be-a456-7351-a77b-df107ceadd43","method":"GET","path":"/api/v1/health/ready","status":200,"errorCode":"-","durationMs":1.1260000000000001},"target":"everything_manual::http::logging"}
{"timestamp":"2026-09-11T23:12:43.321284Z","level":"INFO","fields":{"message":"登录成功（未记录请求体）","requestId":"01a092be-a716-76fe-87fc-aadfa9aba694","adminId":"01a092bd-beb7-73cb-a9a8-d3f0eca7c8e6","sessionId":"01a092be-a738-7628-beb6-486ca7dbaa5a","expiresAt":"2026-09-18T23:12:43.32Z"},"target":"everything_manual::http::auth"}
{"timestamp":"2026-09-11T23:12:43.321329Z","level":"INFO","fields":{"message":"http_request","requestId":"01a092be-a716-76fe-87fc-aadfa9aba694","method":"POST","path":"/api/v1/auth/login","status":200,"errorCode":"-","durationMs":34.848},"target":"everything_manual::http::logging"}
{"timestamp":"2026-09-11T23:12:43.326272Z","level":"INFO","fields":{"message":"http_request","requestId":"01a092be-a73e-7387-997f-e4c714e1eb29","method":"GET","path":"/api/v1/health/live","status":200,"errorCode":"-","durationMs":0.017374999999999998},"target":"everything_manual::http::logging"}
{"timestamp":"2026-09-11T23:12:43.326500Z","level":"INFO","fields":{"message":"http_request","requestId":"01a092be-a73e-7387-997f-e4c6b859b603","method":"GET","path":"/api/v1/settings/status","status":200,"errorCode":"-","durationMs":0.35325},"target":"everything_manual::http::logging"}
{"timestamp":"2026-09-11T23:12:43.326853Z","level":"INFO","fields":{"message":"http_request","requestId":"01a092be-a73e-7387-997f-e4c82d8e1cdc","method":"GET","path":"/api/v1/health/ready","status":200,"errorCode":"-","durationMs":0.367625},"target":"everything_manual::http::logging"}
{"timestamp":"2026-09-11T23:12:43.886145Z","level":"INFO","fields":{"message":"会话已注销","requestId":"01a092be-a96d-737a-9a35-d1aa90e6726c","adminId":"01a092bd-beb7-73cb-a9a8-d3f0eca7c8e6","sessionId":"01a092be-a738-7628-beb6-486ca7dbaa5a"},"target":"everything_manual::http::auth"}
{"timestamp":"2026-09-11T23:12:43.886194Z","level":"INFO","fields":{"message":"http_request","requestId":"01a092be-a96d-737a-9a35-d1aa90e6726c","method":"POST","path":"/api/v1/auth/logout","status":204,"errorCode":"-","durationMs":0.922583},"target":"everything_manual::http::logging"}
{"timestamp":"2026-09-11T23:12:44.089052Z","level":"INFO","fields":{"message":"http_request","requestId":"01a092be-aa38-749f-ab00-4943e864c232","method":"GET","path":"/api/v1/items","status":401,"errorCode":"UNAUTHORIZED","durationMs":0.122333},"target":"everything_manual::http::logging"}
{"timestamp":"2026-09-11T23:12:44.106349Z","level":"WARN","fields":{"message":"登录失败：凭据无效","requestId":"01a092be-aa3a-761e-9a6f-59a07d624173","clientIp":"127.0.0.1"},"target":"everything_manual::http::auth"}
{"timestamp":"2026-09-11T23:12:44.106414Z","level":"INFO","fields":{"message":"http_request","requestId":"01a092be-aa3a-761e-9a6f-59a07d624173","method":"POST","path":"/api/v1/auth/login","status":401,"errorCode":"UNAUTHORIZED","durationMs":16.336416999999997},"target":"everything_manual::http::logging"}
{"timestamp":"2026-09-11T23:12:44.123879Z","level":"WARN","fields":{"message":"登录失败：凭据无效","requestId":"01a092be-aa4b-75c7-998e-92125597f55e","clientIp":"127.0.0.1"},"target":"everything_manual::http::auth"}
{"timestamp":"2026-09-11T23:12:44.123947Z","level":"INFO","fields":{"message":"http_request","requestId":"01a092be-aa4b-75c7-998e-92125597f55e","method":"POST","path":"/api/v1/auth/login","status":401,"errorCode":"UNAUTHORIZED","durationMs":16.605292000000002},"target":"everything_manual::http::logging"}
{"timestamp":"2026-09-11T23:12:44.141510Z","level":"WARN","fields":{"message":"登录失败：凭据无效","requestId":"01a092be-aa5c-70a0-a5d0-19e90713899b","clientIp":"127.0.0.1"},"target":"everything_manual::http::auth"}
{"timestamp":"2026-09-11T23:12:44.141577Z","level":"INFO","fields":{"message":"http_request","requestId":"01a092be-aa5c-70a0-a5d0-19e90713899b","method":"POST","path":"/api/v1/auth/login","status":401,"errorCode":"UNAUTHORIZED","durationMs":16.798459},"target":"everything_manual::http::logging"}
{"timestamp":"2026-09-11T23:12:44.159649Z","level":"WARN","fields":{"message":"登录失败：凭据无效","requestId":"01a092be-aa6e-7522-be61-3331220e9f95","clientIp":"127.0.0.1"},"target":"everything_manual::http::auth"}
{"timestamp":"2026-09-11T23:12:44.159709Z","level":"INFO","fields":{"message":"http_request","requestId":"01a092be-aa6e-7522-be61-3331220e9f95","method":"POST","path":"/api/v1/auth/login","status":401,"errorCode":"UNAUTHORIZED","durationMs":17.324790999999998},"target":"everything_manual::http::logging"}
{"timestamp":"2026-09-11T23:12:44.179000Z","level":"WARN","fields":{"message":"登录失败：凭据无效","requestId":"01a092be-aa80-7279-95d5-fa070647899c","clientIp":"127.0.0.1"},"target":"everything_manual::http::auth"}
{"timestamp":"2026-09-11T23:12:44.179054Z","level":"INFO","fields":{"message":"http_request","requestId":"01a092be-aa80-7279-95d5-fa070647899c","method":"POST","path":"/api/v1/auth/login","status":401,"errorCode":"UNAUTHORIZED","durationMs":18.418875},"target":"everything_manual::http::logging"}
{"timestamp":"2026-09-11T23:12:44.179785Z","level":"WARN","fields":{"message":"登录被限速（窗口内失败次数达到上限）","requestId":"01a092be-aa93-72b3-819b-0a6ca8777106","clientIp":"127.0.0.1","retryAfterSeconds":60},"target":"everything_manual::http::auth"}
{"timestamp":"2026-09-11T23:12:44.179809Z","level":"INFO","fields":{"message":"http_request","requestId":"01a092be-aa93-72b3-819b-0a6ca8777106","method":"POST","path":"/api/v1/auth/login","status":429,"errorCode":"RATE_LIMITED","durationMs":0.037958},"target":"everything_manual::http::logging"}
{"timestamp":"2026-09-11T23:12:44.182258Z","level":"INFO","fields":{"message":"http_request","requestId":"01a092be-aa96-71ab-91fb-42b43ed030b2","method":"GET","path":"/login","status":200,"errorCode":"-","durationMs":0.010125},"target":"everything_manual::http::logging"}
{"timestamp":"2026-09-11T23:12:44.966789Z","level":"WARN","fields":{"message":"登录被限速（窗口内失败次数达到上限）","requestId":"01a092be-ada6-742d-8068-58a5216bbb34","clientIp":"127.0.0.1","retryAfterSeconds":60},"target":"everything_manual::http::auth"}
{"timestamp":"2026-09-11T23:12:44.966933Z","level":"INFO","fields":{"message":"http_request","requestId":"01a092be-ada6-742d-8068-58a5216bbb34","method":"POST","path":"/api/v1/auth/login","status":429,"errorCode":"RATE_LIMITED","durationMs":0.18325},"target":"everything_manual::http::logging"}
{"timestamp":"2026-09-11T23:12:45.773919Z","level":"INFO","fields":{"message":"收到终止信号，服务已停止","event":"serve_stop"},"target":"everything_manual::config::commands"}
已停止：data-dir 排他锁已释放。
