(node:20838) [DEP0205] DeprecationWarning: `module.register()` is deprecated. Use `module.registerHooks()` instead.
(Use `node --trace-deprecation ...` to show where the warning was created)
[2m[WebServer] [22m
[2m[WebServer] [22m> everything-manual-web@0.1.0 dev
[2m[WebServer] [22m> vite
[2m[WebServer] [22m
[2m[WebServer] [22m  pdfjs-dist 6.3.289 本地资源：cmaps=169 standard_fonts=16 wasm=13 iccs=2
[2m[WebServer] [22m
[2m[WebServer] [22m  [32m[1mVITE[22m v8.3.0[39m  [2mready in [0m[1m122[22m[2m[0m ms[22m
[2m[WebServer] [22m
[2m[WebServer] [22m  [32m➜[39m  [1mLocal[22m:   [36mhttp://127.0.0.1:[1m15173[22m/[39m
warning: `/Users/qsyj/.cargo/config` is deprecated in favor of `config.toml`
  |
  = help: if you need to support cargo 1.38 or earlier, you can symlink `config` to `config.toml`
    Finished `dev` profile [unoptimized + debuginfo] target(s) in 0.13s
{"timestamp":"2026-09-12T10:35:53.921967Z","level":"INFO","fields":{"message":"data-dir 初始化完成","event":"init","dataDir":"/var/folders/5y/y4jt01gd7mzglrwt5pf7p3m00000gn/T/em-web-mvp-e2e/data","passwordSource":"受限文件 /var/folders/5y/y4jt01gd7mzglrwt5pf7p3m00000gn/T/em-web-mvp-e2e/password.txt","schemaVersion":6,"adminId":"01a09530-1ec1-700b-aa76-f10a62897544","adminStatus":"已创建"},"target":"everything_manual::config::commands"}
data-dir 已初始化：/var/folders/5y/y4jt01gd7mzglrwt5pf7p3m00000gn/T/em-web-mvp-e2e/data
  - 已创建：/var/folders/5y/y4jt01gd7mzglrwt5pf7p3m00000gn/T/em-web-mvp-e2e/data
  - 已创建：/var/folders/5y/y4jt01gd7mzglrwt5pf7p3m00000gn/T/em-web-mvp-e2e/data/tmp
  - 已创建：/var/folders/5y/y4jt01gd7mzglrwt5pf7p3m00000gn/T/em-web-mvp-e2e/data/logs
  - 已创建：/var/folders/5y/y4jt01gd7mzglrwt5pf7p3m00000gn/T/em-web-mvp-e2e/data/blobs
  - 已创建：/var/folders/5y/y4jt01gd7mzglrwt5pf7p3m00000gn/T/em-web-mvp-e2e/data/lock
数据库：已创建并迁移（/var/folders/5y/y4jt01gd7mzglrwt5pf7p3m00000gn/T/em-web-mvp-e2e/data/manual.sqlite3，schema v6；迁移随二进制内嵌，WAL / synchronous=FULL / foreign_keys=ON）
管理员凭据：已创建（admins 表；Argon2id v19、m=19456 KiB、t=2、p=1、16 字节盐；无默认密码）。
密码来源：受限文件 /var/folders/5y/y4jt01gd7mzglrwt5pf7p3m00000gn/T/em-web-mvp-e2e/password.txt；明文不落盘、不进入日志与 shell history。

Running 1 test using 1 worker

(node:20910) [DEP0205] DeprecationWarning: `module.register()` is deprecated. Use `module.registerHooks()` instead.
(Use `node --trace-deprecation ...` to show where the warning was created)
probe: first=visible second=visible
probe: first after bringToFront=visible
  ✘  1 [chromium] › apps/web/tests/e2e/qa21-visibility-probe.spec.ts:4:1 › probe: background tab visibility (132ms)


  1) [chromium] › apps/web/tests/e2e/qa21-visibility-probe.spec.ts:4:1 › probe: background tab visibility 

    Error: [2mexpect([22m[31mreceived[39m[2m).[22mtoBe[2m([22m[32mexpected[39m[2m) // Object.is equality[22m

    Expected: [32m"hidden"[39m
    Received: [31m"visible"[39m

      16 |   console.log(`probe: first after bringToFront=${backFirst}`);
      17 |   await context.close();
    > 18 |   expect(stateFirst).toBe("hidden");
         |                      ^
      19 | });
      20 |
        at /Users/qsyj/Code/rust/everything-manual/apps/web/tests/e2e/qa21-visibility-probe.spec.ts:18:22

    attachment #1: screenshot (image/png) ──────────────────────────────────────────────────────────
    artifacts/web-mvp/t09-rd/playwright-output/qa21-visibility-probe-probe-background-tab-visibility-chromium/test-failed-1.png
    ────────────────────────────────────────────────────────────────────────────────────────────────

    attachment #2: screenshot (image/png) ──────────────────────────────────────────────────────────
    artifacts/web-mvp/t09-rd/playwright-output/qa21-visibility-probe-probe-background-tab-visibility-chromium/test-failed-2.png
    ────────────────────────────────────────────────────────────────────────────────────────────────

    Error Context: artifacts/web-mvp/t09-rd/playwright-output/qa21-visibility-probe-probe-background-tab-visibility-chromium/error-context.md

    attachment #4: trace (application/zip) ─────────────────────────────────────────────────────────
    artifacts/web-mvp/t09-rd/playwright-output/qa21-visibility-probe-probe-background-tab-visibility-chromium/trace.zip
    Usage:

        npx playwright show-trace artifacts/web-mvp/t09-rd/playwright-output/qa21-visibility-probe-probe-background-tab-visibility-chromium/trace.zip

    ────────────────────────────────────────────────────────────────────────────────────────────────

  1 failed
    [chromium] › apps/web/tests/e2e/qa21-visibility-probe.spec.ts:4:1 › probe: background tab visibility 
