
> everything-manual-web@0.1.0 test:e2e
> playwright test qa-t19-independent.spec.ts

(node:10631) [DEP0205] DeprecationWarning: `module.register()` is deprecated. Use `module.registerHooks()` instead.
(Use `node --trace-deprecation ...` to show where the warning was created)
[2m[WebServer] [22m
[2m[WebServer] [22m> everything-manual-web@0.1.0 dev
[2m[WebServer] [22m> vite
[2m[WebServer] [22m
[2m[WebServer] [22m  pdfjs-dist 6.3.289 本地资源：cmaps=169 standard_fonts=16 wasm=13 iccs=2
[2m[WebServer] [22m
[2m[WebServer] [22m  [32m[1mVITE[22m v8.3.0[39m  [2mready in [0m[1m143[22m[2m[0m ms[22m
[2m[WebServer] [22m
[2m[WebServer] [22m  [32m➜[39m  [1mLocal[22m:   [36mhttp://127.0.0.1:[1m15173[22m/[39m
warning: `/Users/qsyj/.cargo/config` is deprecated in favor of `config.toml`
  |
  = help: if you need to support cargo 1.38 or earlier, you can symlink `config` to `config.toml`
    Finished `dev` profile [unoptimized + debuginfo] target(s) in 0.13s
{"timestamp":"2026-09-12T15:51:29.446391Z","level":"INFO","fields":{"message":"data-dir 初始化完成","event":"init","dataDir":"/var/folders/5y/y4jt01gd7mzglrwt5pf7p3m00000gn/T/em-web-mvp-e2e/data","passwordSource":"受限文件 /var/folders/5y/y4jt01gd7mzglrwt5pf7p3m00000gn/T/em-web-mvp-e2e/password.txt","schemaVersion":7,"adminId":"01a09651-0da6-7396-b278-9ebc4725ee1c","adminStatus":"已创建"},"target":"everything_manual::config::commands"}
data-dir 已初始化：/var/folders/5y/y4jt01gd7mzglrwt5pf7p3m00000gn/T/em-web-mvp-e2e/data
  - 已创建：/var/folders/5y/y4jt01gd7mzglrwt5pf7p3m00000gn/T/em-web-mvp-e2e/data
  - 已创建：/var/folders/5y/y4jt01gd7mzglrwt5pf7p3m00000gn/T/em-web-mvp-e2e/data/tmp
  - 已创建：/var/folders/5y/y4jt01gd7mzglrwt5pf7p3m00000gn/T/em-web-mvp-e2e/data/logs
  - 已创建：/var/folders/5y/y4jt01gd7mzglrwt5pf7p3m00000gn/T/em-web-mvp-e2e/data/blobs
  - 已创建：/var/folders/5y/y4jt01gd7mzglrwt5pf7p3m00000gn/T/em-web-mvp-e2e/data/lock
数据库：已创建并迁移（/var/folders/5y/y4jt01gd7mzglrwt5pf7p3m00000gn/T/em-web-mvp-e2e/data/manual.sqlite3，schema v7；迁移随二进制内嵌，WAL / synchronous=FULL / foreign_keys=ON）
管理员凭据：已创建（admins 表；Argon2id v19、m=19456 KiB、t=2、p=1、16 字节盐；无默认密码）。
密码来源：受限文件 /var/folders/5y/y4jt01gd7mzglrwt5pf7p3m00000gn/T/em-web-mvp-e2e/password.txt；明文不落盘、不进入日志与 shell history。

Running 7 tests using 1 worker

(node:10714) [DEP0205] DeprecationWarning: `module.register()` is deprecated. Use `module.registerHooks()` instead.
(Use `node --trace-deprecation ...` to show where the warning was created)
warning: `/Users/qsyj/.cargo/config` is deprecated in favor of `config.toml`
  |
  = help: if you need to support cargo 1.38 or earlier, you can symlink `config` to `config.toml`
    Finished `dev` profile [unoptimized + debuginfo] target(s) in 0.12s
{"timestamp":"2026-09-12T15:51:32.145090Z","level":"INFO","fields":{"message":"data-dir 初始化完成","event":"init","dataDir":"/var/folders/5y/y4jt01gd7mzglrwt5pf7p3m00000gn/T/em-t17-t19qa-cgO0gn/data","passwordSource":"受限文件 /var/folders/5y/y4jt01gd7mzglrwt5pf7p3m00000gn/T/em-t17-t19qa-cgO0gn/password.txt","schemaVersion":7,"adminId":"01a09651-1830-7750-81a7-50ba7b7cc1c7","adminStatus":"已创建"},"target":"everything_manual::config::commands"}
data-dir 已初始化：/var/folders/5y/y4jt01gd7mzglrwt5pf7p3m00000gn/T/em-t17-t19qa-cgO0gn/data
  - 已创建：/var/folders/5y/y4jt01gd7mzglrwt5pf7p3m00000gn/T/em-t17-t19qa-cgO0gn/data
  - 已创建：/var/folders/5y/y4jt01gd7mzglrwt5pf7p3m00000gn/T/em-t17-t19qa-cgO0gn/data/tmp
  - 已创建：/var/folders/5y/y4jt01gd7mzglrwt5pf7p3m00000gn/T/em-t17-t19qa-cgO0gn/data/logs
  - 已创建：/var/folders/5y/y4jt01gd7mzglrwt5pf7p3m00000gn/T/em-t17-t19qa-cgO0gn/data/blobs
  - 已创建：/var/folders/5y/y4jt01gd7mzglrwt5pf7p3m00000gn/T/em-t17-t19qa-cgO0gn/data/lock
数据库：已创建并迁移（/var/folders/5y/y4jt01gd7mzglrwt5pf7p3m00000gn/T/em-t17-t19qa-cgO0gn/data/manual.sqlite3，schema v7；迁移随二进制内嵌，WAL / synchronous=FULL / foreign_keys=ON）
管理员凭据：已创建（admins 表；Argon2id v19、m=19456 KiB、t=2、p=1、16 字节盐；无默认密码）。
密码来源：受限文件 /var/folders/5y/y4jt01gd7mzglrwt5pf7p3m00000gn/T/em-t17-t19qa-cgO0gn/password.txt；明文不落盘、不进入日志与 shell history。
[2m[WebServer] [22m[2m23:51:35[22m [33m[1m[vite][22m[39m [33m[2m(client)[22m[39m [2m[console.warn] [22mTHREE.Clock: This module has been deprecated. Please use THREE.Timer instead.
  ✓  1 [chromium] › tests/e2e/qa-t19-independent.spec.ts:810:1 › QA19-1 拾取绑定：有限数值 anchor、拖动不建点、raycast 只命中模型 mesh（AC-052） (8.4s)
[2m[WebServer] [22m[2m23:51:44[22m [33m[1m[vite][22m[39m [33m[2m(client)[22m[39m [2m[console.warn] [22mTHREE.Clock: This module has been deprecated. Please use THREE.Timer instead.
  ✓  2 [chromium] › tests/e2e/qa-t19-independent.spec.ts:1045:1 › QA19-2 重新生成模型：旧绑定 stale（真实链路）、旧 sha 被拒、旧发布版字节不变（AC-053） (4.5s)
  ✓  3 [chromium] › tests/e2e/qa-t19-independent.spec.ts:1233:1 › QA19-3 发布不变量阶梯、幂等重放与发布后 draft 独立性（AC-055/AC-056） (1.4s)
[2m[WebServer] [22m[2m23:51:50[22m [33m[1m[vite][22m[39m [33m[2m(client)[22m[39m [2m[console.warn] [22mTHREE.Clock: This module has been deprecated. Please use THREE.Timer instead.
  ✘  4 [chromium] › tests/e2e/qa-t19-independent.spec.ts:1374:1 › QA19-4 窄屏禁用几何校准（含视角保存）并解释；文字确认与发布保留；禁用措辞（AC-060 前端侧/§6.3.2） (20.5s)
(node:10759) [DEP0205] DeprecationWarning: `module.register()` is deprecated. Use `module.registerHooks()` instead.
(Use `node --trace-deprecation ...` to show where the warning was created)
warning: `/Users/qsyj/.cargo/config` is deprecated in favor of `config.toml`
  |
  = help: if you need to support cargo 1.38 or earlier, you can symlink `config` to `config.toml`
    Finished `dev` profile [unoptimized + debuginfo] target(s) in 0.13s
{"timestamp":"2026-09-12T15:52:09.556761Z","level":"INFO","fields":{"message":"data-dir 初始化完成","event":"init","dataDir":"/var/folders/5y/y4jt01gd7mzglrwt5pf7p3m00000gn/T/em-t17-t19qa-RjV4Ml/data","passwordSource":"受限文件 /var/folders/5y/y4jt01gd7mzglrwt5pf7p3m00000gn/T/em-t17-t19qa-RjV4Ml/password.txt","schemaVersion":7,"adminId":"01a09651-aa54-724e-8dae-4ac00586f168","adminStatus":"已创建"},"target":"everything_manual::config::commands"}
data-dir 已初始化：/var/folders/5y/y4jt01gd7mzglrwt5pf7p3m00000gn/T/em-t17-t19qa-RjV4Ml/data
  - 已创建：/var/folders/5y/y4jt01gd7mzglrwt5pf7p3m00000gn/T/em-t17-t19qa-RjV4Ml/data
  - 已创建：/var/folders/5y/y4jt01gd7mzglrwt5pf7p3m00000gn/T/em-t17-t19qa-RjV4Ml/data/tmp
  - 已创建：/var/folders/5y/y4jt01gd7mzglrwt5pf7p3m00000gn/T/em-t17-t19qa-RjV4Ml/data/logs
  - 已创建：/var/folders/5y/y4jt01gd7mzglrwt5pf7p3m00000gn/T/em-t17-t19qa-RjV4Ml/data/blobs
  - 已创建：/var/folders/5y/y4jt01gd7mzglrwt5pf7p3m00000gn/T/em-t17-t19qa-RjV4Ml/data/lock
数据库：已创建并迁移（/var/folders/5y/y4jt01gd7mzglrwt5pf7p3m00000gn/T/em-t17-t19qa-RjV4Ml/data/manual.sqlite3，schema v7；迁移随二进制内嵌，WAL / synchronous=FULL / foreign_keys=ON）
管理员凭据：已创建（admins 表；Argon2id v19、m=19456 KiB、t=2、p=1、16 字节盐；无默认密码）。
密码来源：受限文件 /var/folders/5y/y4jt01gd7mzglrwt5pf7p3m00000gn/T/em-t17-t19qa-RjV4Ml/password.txt；明文不落盘、不进入日志与 shell history。
  ✓  5 [chromium] › tests/e2e/qa-t19-independent.spec.ts:1523:1 › QA19-5 热点状态机、供应商快照只读、userEdited 出处、modelReview 服务器赋值（AC-052/AC-054） (1.4s)
[2m[WebServer] [22m[2m23:52:14[22m [33m[1m[vite][22m[39m [33m[2m(client)[22m[39m [2m[console.warn] [22mTHREE.Clock: This module has been deprecated. Please use THREE.Timer instead.
  ✓  6 [chromium] › tests/e2e/qa-t19-independent.spec.ts:1711:1 › QA19-6 多步导航（前进/后退/跳步不累积错误）与步骤视角保存/回到/清除（AC-057/AC-052） (4.5s)
[2m[WebServer] [22m[2m23:52:18[22m [33m[1m[vite][22m[39m [33m[2m(client)[22m[39m [2m[console.warn] [22mTHREE.Clock: This module has been deprecated. Please use THREE.Timer instead.
  ✓  7 [chromium] › tests/e2e/qa-t19-independent.spec.ts:1847:1 › QA19-7 发布版阅读器：部件↔热点↔步骤↔原文联动与 1-based 页码（AC-057） (3.7s)


  1) [chromium] › tests/e2e/qa-t19-independent.spec.ts:1374:1 › QA19-4 窄屏禁用几何校准（含视角保存）并解释；文字确认与发布保留；禁用措辞（AC-060 前端侧/§6.3.2） 

    Error: [2mexpect([22m[31mlocator[39m[2m).[22mtoBeHidden[2m([22m[2m)[22m failed

    Locator:  getByTestId('publish-conflict')
    Expected: hidden
    Received: visible
    Timeout:  15000ms

    Call log:
    [2m  - Expect "toBeHidden" with timeout 15000ms[22m
    [2m  - waiting for getByTestId('publish-conflict')[22m
    [2m    34 × locator resolved to <div role="alert" class="page-error" data-testid="publish-conflict">…</div>[22m
    [2m       - unexpected value "visible"[22m


      1489 |   await expect(page.getByTestId("publish-conflict")).toContainText("当前 r");
      1490 |   await page.getByTestId("publish-conflict").getByRole("button", { name: "刷新草稿" }).click();
    > 1491 |   await expect(page.getByTestId("publish-conflict")).toBeHidden();
           |                                                      ^
      1492 |   await expect(publishButton).toBeEnabled({ timeout: 20_000 });
      1493 |   await publishButton.click();
      1494 |   await expect(page.getByTestId("publish-success")).toBeVisible({ timeout: 30_000 });
        at /Users/qsyj/Code/rust/everything-manual/apps/web/tests/e2e/qa-t19-independent.spec.ts:1491:54

    attachment #1: screenshot (image/png) ──────────────────────────────────────────────────────────
    ../../artifacts/web-mvp/t09-rd/playwright-output/qa-t19-independent-QA19-4--a29e4-布保留；禁用措辞（AC-060-前端侧-§6-3-2）-chromium/test-failed-1.png
    ────────────────────────────────────────────────────────────────────────────────────────────────

    Error Context: ../../artifacts/web-mvp/t09-rd/playwright-output/qa-t19-independent-QA19-4--a29e4-布保留；禁用措辞（AC-060-前端侧-§6-3-2）-chromium/error-context.md

    Error Context: ../../artifacts/web-mvp/t09-rd/playwright-output/qa-t19-independent-QA19-4--a29e4-布保留；禁用措辞（AC-060-前端侧-§6-3-2）-chromium/error-context.md

    attachment #4: trace (application/zip) ─────────────────────────────────────────────────────────
    ../../artifacts/web-mvp/t09-rd/playwright-output/qa-t19-independent-QA19-4--a29e4-布保留；禁用措辞（AC-060-前端侧-§6-3-2）-chromium/trace.zip
    Usage:

        npx playwright show-trace ../../artifacts/web-mvp/t09-rd/playwright-output/qa-t19-independent-QA19-4--a29e4-布保留；禁用措辞（AC-060-前端侧-§6-3-2）-chromium/trace.zip

    ────────────────────────────────────────────────────────────────────────────────────────────────

  1 failed
    [chromium] › tests/e2e/qa-t19-independent.spec.ts:1374:1 › QA19-4 窄屏禁用几何校准（含视角保存）并解释；文字确认与发布保留；禁用措辞（AC-060 前端侧/§6.3.2） 
  6 passed (52.9s)
