
> everything-manual-web@0.1.0 test:e2e
> playwright test qa-t19-independent.spec.ts

(node:7886) [DEP0205] DeprecationWarning: `module.register()` is deprecated. Use `module.registerHooks()` instead.
(Use `node --trace-deprecation ...` to show where the warning was created)
[2m[WebServer] [22m
[2m[WebServer] [22m> everything-manual-web@0.1.0 dev
[2m[WebServer] [22m> vite
[2m[WebServer] [22m
[2m[WebServer] [22m  pdfjs-dist 6.3.289 本地资源：cmaps=169 standard_fonts=16 wasm=13 iccs=2
[2m[WebServer] [22m
[2m[WebServer] [22m  [32m[1mVITE[22m v8.3.0[39m  [2mready in [0m[1m137[22m[2m[0m ms[22m
[2m[WebServer] [22m
[2m[WebServer] [22m  [32m➜[39m  [1mLocal[22m:   [36mhttp://127.0.0.1:[1m15173[22m/[39m
warning: `/Users/qsyj/.cargo/config` is deprecated in favor of `config.toml`
  |
  = help: if you need to support cargo 1.38 or earlier, you can symlink `config` to `config.toml`
    Finished `dev` profile [unoptimized + debuginfo] target(s) in 0.13s
{"timestamp":"2026-09-12T15:33:00.235194Z","level":"INFO","fields":{"message":"data-dir 初始化完成","event":"init","dataDir":"/var/folders/5y/y4jt01gd7mzglrwt5pf7p3m00000gn/T/em-web-mvp-e2e/data","passwordSource":"受限文件 /var/folders/5y/y4jt01gd7mzglrwt5pf7p3m00000gn/T/em-web-mvp-e2e/password.txt","schemaVersion":7,"adminId":"01a09640-20ca-7790-9a7b-07724af40a6b","adminStatus":"已创建"},"target":"everything_manual::config::commands"}
data-dir 已初始化：/var/folders/5y/y4jt01gd7mzglrwt5pf7p3m00000gn/T/em-web-mvp-e2e/data
  - 已创建：/var/folders/5y/y4jt01gd7mzglrwt5pf7p3m00000gn/T/em-web-mvp-e2e/data
  - 已创建：/var/folders/5y/y4jt01gd7mzglrwt5pf7p3m00000gn/T/em-web-mvp-e2e/data/tmp
  - 已创建：/var/folders/5y/y4jt01gd7mzglrwt5pf7p3m00000gn/T/em-web-mvp-e2e/data/logs
  - 已创建：/var/folders/5y/y4jt01gd7mzglrwt5pf7p3m00000gn/T/em-web-mvp-e2e/data/blobs
  - 已创建：/var/folders/5y/y4jt01gd7mzglrwt5pf7p3m00000gn/T/em-web-mvp-e2e/data/lock
数据库：已创建并迁移（/var/folders/5y/y4jt01gd7mzglrwt5pf7p3m00000gn/T/em-web-mvp-e2e/data/manual.sqlite3，schema v7；迁移随二进制内嵌，WAL / synchronous=FULL / foreign_keys=ON）
管理员凭据：已创建（admins 表；Argon2id v19、m=19456 KiB、t=2、p=1、16 字节盐；无默认密码）。
密码来源：受限文件 /var/folders/5y/y4jt01gd7mzglrwt5pf7p3m00000gn/T/em-web-mvp-e2e/password.txt；明文不落盘、不进入日志与 shell history。

Running 5 tests using 1 worker

(node:7950) [DEP0205] DeprecationWarning: `module.register()` is deprecated. Use `module.registerHooks()` instead.
(Use `node --trace-deprecation ...` to show where the warning was created)
warning: `/Users/qsyj/.cargo/config` is deprecated in favor of `config.toml`
  |
  = help: if you need to support cargo 1.38 or earlier, you can symlink `config` to `config.toml`
    Finished `dev` profile [unoptimized + debuginfo] target(s) in 0.12s
{"timestamp":"2026-09-12T15:33:02.501633Z","level":"INFO","fields":{"message":"data-dir 初始化完成","event":"init","dataDir":"/var/folders/5y/y4jt01gd7mzglrwt5pf7p3m00000gn/T/em-t17-t19qa-z32JUF/data","passwordSource":"受限文件 /var/folders/5y/y4jt01gd7mzglrwt5pf7p3m00000gn/T/em-t17-t19qa-z32JUF/password.txt","schemaVersion":7,"adminId":"01a09640-29a5-703d-be4a-36e02b150e92","adminStatus":"已创建"},"target":"everything_manual::config::commands"}
data-dir 已初始化：/var/folders/5y/y4jt01gd7mzglrwt5pf7p3m00000gn/T/em-t17-t19qa-z32JUF/data
  - 已创建：/var/folders/5y/y4jt01gd7mzglrwt5pf7p3m00000gn/T/em-t17-t19qa-z32JUF/data
  - 已创建：/var/folders/5y/y4jt01gd7mzglrwt5pf7p3m00000gn/T/em-t17-t19qa-z32JUF/data/tmp
  - 已创建：/var/folders/5y/y4jt01gd7mzglrwt5pf7p3m00000gn/T/em-t17-t19qa-z32JUF/data/logs
  - 已创建：/var/folders/5y/y4jt01gd7mzglrwt5pf7p3m00000gn/T/em-t17-t19qa-z32JUF/data/blobs
  - 已创建：/var/folders/5y/y4jt01gd7mzglrwt5pf7p3m00000gn/T/em-t17-t19qa-z32JUF/data/lock
数据库：已创建并迁移（/var/folders/5y/y4jt01gd7mzglrwt5pf7p3m00000gn/T/em-t17-t19qa-z32JUF/data/manual.sqlite3，schema v7；迁移随二进制内嵌，WAL / synchronous=FULL / foreign_keys=ON）
管理员凭据：已创建（admins 表；Argon2id v19、m=19456 KiB、t=2、p=1、16 字节盐；无默认密码）。
密码来源：受限文件 /var/folders/5y/y4jt01gd7mzglrwt5pf7p3m00000gn/T/em-t17-t19qa-z32JUF/password.txt；明文不落盘、不进入日志与 shell history。
[2m[WebServer] [22m[2m23:33:05[22m [33m[1m[vite][22m[39m [33m[2m(client)[22m[39m [2m[console.warn] [22mTHREE.Clock: This module has been deprecated. Please use THREE.Timer instead.
  ✓  1 [chromium] › tests/e2e/qa-t19-independent.spec.ts:771:1 › QA19-1 拾取绑定：有限数值 anchor、拖动不建点、raycast 只命中模型 mesh（AC-052） (6.6s)
[2m[WebServer] [22m[2m23:33:12[22m [33m[1m[vite][22m[39m [33m[2m(client)[22m[39m [2m[console.warn] [22mTHREE.Clock: This module has been deprecated. Please use THREE.Timer instead.
  ✘  2 [chromium] › tests/e2e/qa-t19-independent.spec.ts:993:1 › QA19-2 重新生成模型：旧绑定 stale（真实链路）、旧 sha 被拒、旧发布版字节不变（AC-053） (3.9s)
(node:7989) [DEP0205] DeprecationWarning: `module.register()` is deprecated. Use `module.registerHooks()` instead.
(Use `node --trace-deprecation ...` to show where the warning was created)
warning: `/Users/qsyj/.cargo/config` is deprecated in favor of `config.toml`
  |
  = help: if you need to support cargo 1.38 or earlier, you can symlink `config` to `config.toml`
    Finished `dev` profile [unoptimized + debuginfo] target(s) in 0.13s
{"timestamp":"2026-09-12T15:33:15.446661Z","level":"INFO","fields":{"message":"data-dir 初始化完成","event":"init","dataDir":"/var/folders/5y/y4jt01gd7mzglrwt5pf7p3m00000gn/T/em-t17-t19qa-aiyZkI/data","passwordSource":"受限文件 /var/folders/5y/y4jt01gd7mzglrwt5pf7p3m00000gn/T/em-t17-t19qa-aiyZkI/password.txt","schemaVersion":7,"adminId":"01a09640-5c36-739c-9db4-7ec259f809e0","adminStatus":"已创建"},"target":"everything_manual::config::commands"}
data-dir 已初始化：/var/folders/5y/y4jt01gd7mzglrwt5pf7p3m00000gn/T/em-t17-t19qa-aiyZkI/data
  - 已创建：/var/folders/5y/y4jt01gd7mzglrwt5pf7p3m00000gn/T/em-t17-t19qa-aiyZkI/data
  - 已创建：/var/folders/5y/y4jt01gd7mzglrwt5pf7p3m00000gn/T/em-t17-t19qa-aiyZkI/data/tmp
  - 已创建：/var/folders/5y/y4jt01gd7mzglrwt5pf7p3m00000gn/T/em-t17-t19qa-aiyZkI/data/logs
  - 已创建：/var/folders/5y/y4jt01gd7mzglrwt5pf7p3m00000gn/T/em-t17-t19qa-aiyZkI/data/blobs
  - 已创建：/var/folders/5y/y4jt01gd7mzglrwt5pf7p3m00000gn/T/em-t17-t19qa-aiyZkI/data/lock
数据库：已创建并迁移（/var/folders/5y/y4jt01gd7mzglrwt5pf7p3m00000gn/T/em-t17-t19qa-aiyZkI/data/manual.sqlite3，schema v7；迁移随二进制内嵌，WAL / synchronous=FULL / foreign_keys=ON）
管理员凭据：已创建（admins 表；Argon2id v19、m=19456 KiB、t=2、p=1、16 字节盐；无默认密码）。
密码来源：受限文件 /var/folders/5y/y4jt01gd7mzglrwt5pf7p3m00000gn/T/em-t17-t19qa-aiyZkI/password.txt；明文不落盘、不进入日志与 shell history。
  ✓  3 [chromium] › tests/e2e/qa-t19-independent.spec.ts:1158:1 › QA19-3 发布不变量阶梯、幂等重放与发布后 draft 独立性（AC-055/AC-056） (1.4s)
[2m[WebServer] [22m[2m23:33:20[22m [33m[1m[vite][22m[39m [33m[2m(client)[22m[39m [2m[console.warn] [22mTHREE.Clock: This module has been deprecated. Please use THREE.Timer instead.
  ✘  4 [chromium] › tests/e2e/qa-t19-independent.spec.ts:1299:1 › QA19-4 窄屏禁用几何校准（含视角保存）并解释；文字确认与发布保留；禁用措辞（AC-060 前端侧/§6.3.2） (3.5s)
(node:8032) [DEP0205] DeprecationWarning: `module.register()` is deprecated. Use `module.registerHooks()` instead.
(Use `node --trace-deprecation ...` to show where the warning was created)
warning: `/Users/qsyj/.cargo/config` is deprecated in favor of `config.toml`
  |
  = help: if you need to support cargo 1.38 or earlier, you can symlink `config` to `config.toml`
    Finished `dev` profile [unoptimized + debuginfo] target(s) in 0.13s
{"timestamp":"2026-09-12T15:33:22.722076Z","level":"INFO","fields":{"message":"data-dir 初始化完成","event":"init","dataDir":"/var/folders/5y/y4jt01gd7mzglrwt5pf7p3m00000gn/T/em-t17-t19qa-79wTTk/data","passwordSource":"受限文件 /var/folders/5y/y4jt01gd7mzglrwt5pf7p3m00000gn/T/em-t17-t19qa-79wTTk/password.txt","schemaVersion":7,"adminId":"01a09640-78a1-779e-8939-4c7d1ce0b34c","adminStatus":"已创建"},"target":"everything_manual::config::commands"}
data-dir 已初始化：/var/folders/5y/y4jt01gd7mzglrwt5pf7p3m00000gn/T/em-t17-t19qa-79wTTk/data
  - 已创建：/var/folders/5y/y4jt01gd7mzglrwt5pf7p3m00000gn/T/em-t17-t19qa-79wTTk/data
  - 已创建：/var/folders/5y/y4jt01gd7mzglrwt5pf7p3m00000gn/T/em-t17-t19qa-79wTTk/data/tmp
  - 已创建：/var/folders/5y/y4jt01gd7mzglrwt5pf7p3m00000gn/T/em-t17-t19qa-79wTTk/data/logs
  - 已创建：/var/folders/5y/y4jt01gd7mzglrwt5pf7p3m00000gn/T/em-t17-t19qa-79wTTk/data/blobs
  - 已创建：/var/folders/5y/y4jt01gd7mzglrwt5pf7p3m00000gn/T/em-t17-t19qa-79wTTk/data/lock
数据库：已创建并迁移（/var/folders/5y/y4jt01gd7mzglrwt5pf7p3m00000gn/T/em-t17-t19qa-79wTTk/data/manual.sqlite3，schema v7；迁移随二进制内嵌，WAL / synchronous=FULL / foreign_keys=ON）
管理员凭据：已创建（admins 表；Argon2id v19、m=19456 KiB、t=2、p=1、16 字节盐；无默认密码）。
密码来源：受限文件 /var/folders/5y/y4jt01gd7mzglrwt5pf7p3m00000gn/T/em-t17-t19qa-79wTTk/password.txt；明文不落盘、不进入日志与 shell history。
  ✘  5 [chromium] › tests/e2e/qa-t19-independent.spec.ts:1392:1 › QA19-5 热点状态机、供应商快照只读、userEdited 出处、modelReview 服务器赋值（AC-052/AC-054） (1.4s)


  1) [chromium] › tests/e2e/qa-t19-independent.spec.ts:993:1 › QA19-2 重新生成模型：旧绑定 stale（真实链路）、旧 sha 被拒、旧发布版字节不变（AC-053） 

    Error: locator.click: Error: strict mode violation: getByTestId('stale-hotspots').getByRole('button', { name: '在新模型上重新绑定' }) resolved to 2 elements:
        1) <button type="button">在新模型上重新绑定</button> aka getByRole('button', { name: '在新模型上重新绑定' }).first()
        2) <button type="button">在新模型上重新绑定</button> aka getByRole('button', { name: '在新模型上重新绑定' }).nth(1)

    Call log:
    [2m  - waiting for getByTestId('stale-hotspots').getByRole('button', { name: '在新模型上重新绑定' })[22m


      1095 |     .getByTestId("stale-hotspots")
      1096 |     .getByRole("button", { name: "在新模型上重新绑定" })
    > 1097 |     .click();
           |      ^
      1098 |   await expect(page.getByTestId("pick-hint")).toContainText("重新绑定");
      1099 |   const bounds = await viewerBounds(page);
      1100 |   const centerLocal: [number, number, number] = [0, 1, 2].map(
        at /Users/qsyj/Code/rust/everything-manual/apps/web/tests/e2e/qa-t19-independent.spec.ts:1097:6

    attachment #1: screenshot (image/png) ──────────────────────────────────────────────────────────
    ../../artifacts/web-mvp/t09-rd/playwright-output/qa-t19-independent-QA19-2--9240a-）、旧-sha-被拒、旧发布版字节不变（AC-053）-chromium/test-failed-1.png
    ────────────────────────────────────────────────────────────────────────────────────────────────

    Error Context: ../../artifacts/web-mvp/t09-rd/playwright-output/qa-t19-independent-QA19-2--9240a-）、旧-sha-被拒、旧发布版字节不变（AC-053）-chromium/error-context.md

    Error Context: ../../artifacts/web-mvp/t09-rd/playwright-output/qa-t19-independent-QA19-2--9240a-）、旧-sha-被拒、旧发布版字节不变（AC-053）-chromium/error-context.md

    attachment #4: trace (application/zip) ─────────────────────────────────────────────────────────
    ../../artifacts/web-mvp/t09-rd/playwright-output/qa-t19-independent-QA19-2--9240a-）、旧-sha-被拒、旧发布版字节不变（AC-053）-chromium/trace.zip
    Usage:

        npx playwright show-trace ../../artifacts/web-mvp/t09-rd/playwright-output/qa-t19-independent-QA19-2--9240a-）、旧-sha-被拒、旧发布版字节不变（AC-053）-chromium/trace.zip

    ────────────────────────────────────────────────────────────────────────────────────────────────

  2) [chromium] › tests/e2e/qa-t19-independent.spec.ts:1299:1 › QA19-4 窄屏禁用几何校准（含视角保存）并解释；文字确认与发布保留；禁用措辞（AC-060 前端侧/§6.3.2） 

    Error: 可见 focus 环

    [2mexpect([22m[31mreceived[39m[2m).[22mnot[2m.[22mtoBe[2m([22m[32mexpected[39m[2m) // Object.is equality[22m

    Expected: not [32m"none"[39m

      1325 |   await partButton.focus();
      1326 |   const outline = await partButton.evaluate((element) => getComputedStyle(element).outlineStyle);
    > 1327 |   expect(outline, "可见 focus 环").not.toBe("none");
           |                                     ^
      1328 |   await page.keyboard.press("Enter");
      1329 |   await expect(partButton).toHaveAttribute("aria-current", "true");
      1330 |   await page.keyboard.press("Escape");
        at /Users/qsyj/Code/rust/everything-manual/apps/web/tests/e2e/qa-t19-independent.spec.ts:1327:37

    attachment #1: screenshot (image/png) ──────────────────────────────────────────────────────────
    ../../artifacts/web-mvp/t09-rd/playwright-output/qa-t19-independent-QA19-4--a29e4-布保留；禁用措辞（AC-060-前端侧-§6-3-2）-chromium/test-failed-1.png
    ────────────────────────────────────────────────────────────────────────────────────────────────

    Error Context: ../../artifacts/web-mvp/t09-rd/playwright-output/qa-t19-independent-QA19-4--a29e4-布保留；禁用措辞（AC-060-前端侧-§6-3-2）-chromium/error-context.md

    Error Context: ../../artifacts/web-mvp/t09-rd/playwright-output/qa-t19-independent-QA19-4--a29e4-布保留；禁用措辞（AC-060-前端侧-§6-3-2）-chromium/error-context.md

    attachment #4: trace (application/zip) ─────────────────────────────────────────────────────────
    ../../artifacts/web-mvp/t09-rd/playwright-output/qa-t19-independent-QA19-4--a29e4-布保留；禁用措辞（AC-060-前端侧-§6-3-2）-chromium/trace.zip
    Usage:

        npx playwright show-trace ../../artifacts/web-mvp/t09-rd/playwright-output/qa-t19-independent-QA19-4--a29e4-布保留；禁用措辞（AC-060-前端侧-§6-3-2）-chromium/trace.zip

    ────────────────────────────────────────────────────────────────────────────────────────────────

  3) [chromium] › tests/e2e/qa-t19-independent.spec.ts:1392:1 › QA19-5 热点状态机、供应商快照只读、userEdited 出处、modelReview 服务器赋值（AC-052/AC-054） 

    Error: [2mexpect([22m[31mreceived[39m[2m).[22mtoBe[2m([22m[32mexpected[39m[2m) // Object.is equality[22m

    Expected: [32m2[39m
    Received: [31m3[39m

      1535 |   // 全部实体已确认 + 热点齐备 + modelReview 双真：草稿可发布，但**没有任何自动发布**。
      1536 |   view = await makeEntitiesAndHotspotsReady(api, inputs.itemId, draftId);
    > 1537 |   expect(hotspotsOf(view.data).length).toBe(parts.length);
           |                                        ^
      1538 |   expect(await listReleases(api, inputs.itemId), "无自动发布路径：未显式发布时 releases 为空").toEqual([]);
      1539 |
      1540 |   writeEvidence("qa19-5-review.json", {
        at /Users/qsyj/Code/rust/everything-manual/apps/web/tests/e2e/qa-t19-independent.spec.ts:1537:40

    Error Context: ../../artifacts/web-mvp/t09-rd/playwright-output/qa-t19-independent-QA19-5--b486d-Review-服务器赋值（AC-052-AC-054）-chromium/error-context.md

    Error Context: ../../artifacts/web-mvp/t09-rd/playwright-output/qa-t19-independent-QA19-5--b486d-Review-服务器赋值（AC-052-AC-054）-chromium/error-context.md

    attachment #3: trace (application/zip) ─────────────────────────────────────────────────────────
    ../../artifacts/web-mvp/t09-rd/playwright-output/qa-t19-independent-QA19-5--b486d-Review-服务器赋值（AC-052-AC-054）-chromium/trace.zip
    Usage:

        npx playwright show-trace ../../artifacts/web-mvp/t09-rd/playwright-output/qa-t19-independent-QA19-5--b486d-Review-服务器赋值（AC-052-AC-054）-chromium/trace.zip

    ────────────────────────────────────────────────────────────────────────────────────────────────

  3 failed
    [chromium] › tests/e2e/qa-t19-independent.spec.ts:993:1 › QA19-2 重新生成模型：旧绑定 stale（真实链路）、旧 sha 被拒、旧发布版字节不变（AC-053） 
    [chromium] › tests/e2e/qa-t19-independent.spec.ts:1299:1 › QA19-4 窄屏禁用几何校准（含视角保存）并解释；文字确认与发布保留；禁用措辞（AC-060 前端侧/§6.3.2） 
    [chromium] › tests/e2e/qa-t19-independent.spec.ts:1392:1 › QA19-5 热点状态机、供应商快照只读、userEdited 出处、modelReview 服务器赋值（AC-052/AC-054） 
  2 passed (26.2s)
