
> everything-manual-web@0.1.0 test:e2e
> playwright test qa-t19-independent.spec.ts

(node:10271) [DEP0205] DeprecationWarning: `module.register()` is deprecated. Use `module.registerHooks()` instead.
(Use `node --trace-deprecation ...` to show where the warning was created)
[2m[WebServer] [22m
[2m[WebServer] [22m> everything-manual-web@0.1.0 dev
[2m[WebServer] [22m> vite
[2m[WebServer] [22m
[2m[WebServer] [22m  pdfjs-dist 6.3.289 本地资源：cmaps=169 standard_fonts=16 wasm=13 iccs=2
[2m[WebServer] [22m
[2m[WebServer] [22m  [32m[1mVITE[22m v8.3.0[39m  [2mready in [0m[1m143[22m[2m[0m ms[22m
[2m[WebServer] [22m
[2m[WebServer] [22m  [32m➜[39m  [1mLocal[22m:   [36mhttp://127.0.0.1:[1m15173[22m/[39m
warning: `/Users/qsyj/.cargo/config` is deprecated in favor of `config.toml`
  |
  = help: if you need to support cargo 1.38 or earlier, you can symlink `config` to `config.toml`
    Finished `dev` profile [unoptimized + debuginfo] target(s) in 0.13s
{"timestamp":"2026-09-12T15:44:38.504212Z","level":"INFO","fields":{"message":"data-dir 初始化完成","event":"init","dataDir":"/var/folders/5y/y4jt01gd7mzglrwt5pf7p3m00000gn/T/em-web-mvp-e2e/data","passwordSource":"受限文件 /var/folders/5y/y4jt01gd7mzglrwt5pf7p3m00000gn/T/em-web-mvp-e2e/password.txt","schemaVersion":7,"adminId":"01a0964a-c868-7317-bb49-4d6b8b96deee","adminStatus":"已创建"},"target":"everything_manual::config::commands"}
data-dir 已初始化：/var/folders/5y/y4jt01gd7mzglrwt5pf7p3m00000gn/T/em-web-mvp-e2e/data
  - 已创建：/var/folders/5y/y4jt01gd7mzglrwt5pf7p3m00000gn/T/em-web-mvp-e2e/data
  - 已创建：/var/folders/5y/y4jt01gd7mzglrwt5pf7p3m00000gn/T/em-web-mvp-e2e/data/tmp
  - 已创建：/var/folders/5y/y4jt01gd7mzglrwt5pf7p3m00000gn/T/em-web-mvp-e2e/data/logs
  - 已创建：/var/folders/5y/y4jt01gd7mzglrwt5pf7p3m00000gn/T/em-web-mvp-e2e/data/blobs
  - 已创建：/var/folders/5y/y4jt01gd7mzglrwt5pf7p3m00000gn/T/em-web-mvp-e2e/data/lock
数据库：已创建并迁移（/var/folders/5y/y4jt01gd7mzglrwt5pf7p3m00000gn/T/em-web-mvp-e2e/data/manual.sqlite3，schema v7；迁移随二进制内嵌，WAL / synchronous=FULL / foreign_keys=ON）
管理员凭据：已创建（admins 表；Argon2id v19、m=19456 KiB、t=2、p=1、16 字节盐；无默认密码）。
密码来源：受限文件 /var/folders/5y/y4jt01gd7mzglrwt5pf7p3m00000gn/T/em-web-mvp-e2e/password.txt；明文不落盘、不进入日志与 shell history。

Running 7 tests using 1 worker

(node:10335) [DEP0205] DeprecationWarning: `module.register()` is deprecated. Use `module.registerHooks()` instead.
(Use `node --trace-deprecation ...` to show where the warning was created)
warning: `/Users/qsyj/.cargo/config` is deprecated in favor of `config.toml`
  |
  = help: if you need to support cargo 1.38 or earlier, you can symlink `config` to `config.toml`
    Finished `dev` profile [unoptimized + debuginfo] target(s) in 0.12s
{"timestamp":"2026-09-12T15:44:41.561086Z","level":"INFO","fields":{"message":"data-dir 初始化完成","event":"init","dataDir":"/var/folders/5y/y4jt01gd7mzglrwt5pf7p3m00000gn/T/em-t17-t19qa-sWWXsh/data","passwordSource":"受限文件 /var/folders/5y/y4jt01gd7mzglrwt5pf7p3m00000gn/T/em-t17-t19qa-sWWXsh/password.txt","schemaVersion":7,"adminId":"01a0964a-d458-7266-8256-38049327b643","adminStatus":"已创建"},"target":"everything_manual::config::commands"}
data-dir 已初始化：/var/folders/5y/y4jt01gd7mzglrwt5pf7p3m00000gn/T/em-t17-t19qa-sWWXsh/data
  - 已创建：/var/folders/5y/y4jt01gd7mzglrwt5pf7p3m00000gn/T/em-t17-t19qa-sWWXsh/data
  - 已创建：/var/folders/5y/y4jt01gd7mzglrwt5pf7p3m00000gn/T/em-t17-t19qa-sWWXsh/data/tmp
  - 已创建：/var/folders/5y/y4jt01gd7mzglrwt5pf7p3m00000gn/T/em-t17-t19qa-sWWXsh/data/logs
  - 已创建：/var/folders/5y/y4jt01gd7mzglrwt5pf7p3m00000gn/T/em-t17-t19qa-sWWXsh/data/blobs
  - 已创建：/var/folders/5y/y4jt01gd7mzglrwt5pf7p3m00000gn/T/em-t17-t19qa-sWWXsh/data/lock
数据库：已创建并迁移（/var/folders/5y/y4jt01gd7mzglrwt5pf7p3m00000gn/T/em-t17-t19qa-sWWXsh/data/manual.sqlite3，schema v7；迁移随二进制内嵌，WAL / synchronous=FULL / foreign_keys=ON）
管理员凭据：已创建（admins 表；Argon2id v19、m=19456 KiB、t=2、p=1、16 字节盐；无默认密码）。
密码来源：受限文件 /var/folders/5y/y4jt01gd7mzglrwt5pf7p3m00000gn/T/em-t17-t19qa-sWWXsh/password.txt；明文不落盘、不进入日志与 shell history。
[2m[WebServer] [22m[2m23:44:45[22m [33m[1m[vite][22m[39m [33m[2m(client)[22m[39m [2m[console.warn] [22mTHREE.Clock: This module has been deprecated. Please use THREE.Timer instead.
  ✓  1 [chromium] › tests/e2e/qa-t19-independent.spec.ts:810:1 › QA19-1 拾取绑定：有限数值 anchor、拖动不建点、raycast 只命中模型 mesh（AC-052） (8.0s)
  ✘  2 [chromium] › tests/e2e/qa-t19-independent.spec.ts:1045:1 › QA19-2 重新生成模型：旧绑定 stale（真实链路）、旧 sha 被拒、旧发布版字节不变（AC-053） (1.7s)
(node:10373) [DEP0205] DeprecationWarning: `module.register()` is deprecated. Use `module.registerHooks()` instead.
(Use `node --trace-deprecation ...` to show where the warning was created)
warning: `/Users/qsyj/.cargo/config` is deprecated in favor of `config.toml`
  |
  = help: if you need to support cargo 1.38 or earlier, you can symlink `config` to `config.toml`
    Finished `dev` profile [unoptimized + debuginfo] target(s) in 0.13s
{"timestamp":"2026-09-12T15:44:53.837617Z","level":"INFO","fields":{"message":"data-dir 初始化完成","event":"init","dataDir":"/var/folders/5y/y4jt01gd7mzglrwt5pf7p3m00000gn/T/em-t17-t19qa-tBKs0E/data","passwordSource":"受限文件 /var/folders/5y/y4jt01gd7mzglrwt5pf7p3m00000gn/T/em-t17-t19qa-tBKs0E/password.txt","schemaVersion":7,"adminId":"01a0964b-044d-759b-8420-7344d923a8eb","adminStatus":"已创建"},"target":"everything_manual::config::commands"}
data-dir 已初始化：/var/folders/5y/y4jt01gd7mzglrwt5pf7p3m00000gn/T/em-t17-t19qa-tBKs0E/data
  - 已创建：/var/folders/5y/y4jt01gd7mzglrwt5pf7p3m00000gn/T/em-t17-t19qa-tBKs0E/data
  - 已创建：/var/folders/5y/y4jt01gd7mzglrwt5pf7p3m00000gn/T/em-t17-t19qa-tBKs0E/data/tmp
  - 已创建：/var/folders/5y/y4jt01gd7mzglrwt5pf7p3m00000gn/T/em-t17-t19qa-tBKs0E/data/logs
  - 已创建：/var/folders/5y/y4jt01gd7mzglrwt5pf7p3m00000gn/T/em-t17-t19qa-tBKs0E/data/blobs
  - 已创建：/var/folders/5y/y4jt01gd7mzglrwt5pf7p3m00000gn/T/em-t17-t19qa-tBKs0E/data/lock
数据库：已创建并迁移（/var/folders/5y/y4jt01gd7mzglrwt5pf7p3m00000gn/T/em-t17-t19qa-tBKs0E/data/manual.sqlite3，schema v7；迁移随二进制内嵌，WAL / synchronous=FULL / foreign_keys=ON）
管理员凭据：已创建（admins 表；Argon2id v19、m=19456 KiB、t=2、p=1、16 字节盐；无默认密码）。
密码来源：受限文件 /var/folders/5y/y4jt01gd7mzglrwt5pf7p3m00000gn/T/em-t17-t19qa-tBKs0E/password.txt；明文不落盘、不进入日志与 shell history。
  ✓  3 [chromium] › tests/e2e/qa-t19-independent.spec.ts:1226:1 › QA19-3 发布不变量阶梯、幂等重放与发布后 draft 独立性（AC-055/AC-056） (1.4s)
[2m[WebServer] [22m[2m23:44:58[22m [33m[1m[vite][22m[39m [33m[2m(client)[22m[39m [2m[console.warn] [22mTHREE.Clock: This module has been deprecated. Please use THREE.Timer instead.
  ✘  4 [chromium] › tests/e2e/qa-t19-independent.spec.ts:1367:1 › QA19-4 窄屏禁用几何校准（含视角保存）并解释；文字确认与发布保留；禁用措辞（AC-060 前端侧/§6.3.2） (5.4m)
(node:10490) [DEP0205] DeprecationWarning: `module.register()` is deprecated. Use `module.registerHooks()` instead.
(Use `node --trace-deprecation ...` to show where the warning was created)
warning: `/Users/qsyj/.cargo/config` is deprecated in favor of `config.toml`
  |
  = help: if you need to support cargo 1.38 or earlier, you can symlink `config` to `config.toml`
    Finished `dev` profile [unoptimized + debuginfo] target(s) in 0.41s
{"timestamp":"2026-09-12T15:50:35.309746Z","level":"INFO","fields":{"message":"data-dir 初始化完成","event":"init","dataDir":"/var/folders/5y/y4jt01gd7mzglrwt5pf7p3m00000gn/T/em-t17-t19qa-OyK4MA/data","passwordSource":"受限文件 /var/folders/5y/y4jt01gd7mzglrwt5pf7p3m00000gn/T/em-t17-t19qa-OyK4MA/password.txt","schemaVersion":7,"adminId":"01a09650-3a2d-76b0-8cc5-10f7f70420b4","adminStatus":"已创建"},"target":"everything_manual::config::commands"}
data-dir 已初始化：/var/folders/5y/y4jt01gd7mzglrwt5pf7p3m00000gn/T/em-t17-t19qa-OyK4MA/data
  - 已创建：/var/folders/5y/y4jt01gd7mzglrwt5pf7p3m00000gn/T/em-t17-t19qa-OyK4MA/data
  - 已创建：/var/folders/5y/y4jt01gd7mzglrwt5pf7p3m00000gn/T/em-t17-t19qa-OyK4MA/data/tmp
  - 已创建：/var/folders/5y/y4jt01gd7mzglrwt5pf7p3m00000gn/T/em-t17-t19qa-OyK4MA/data/logs
  - 已创建：/var/folders/5y/y4jt01gd7mzglrwt5pf7p3m00000gn/T/em-t17-t19qa-OyK4MA/data/blobs
  - 已创建：/var/folders/5y/y4jt01gd7mzglrwt5pf7p3m00000gn/T/em-t17-t19qa-OyK4MA/data/lock
数据库：已创建并迁移（/var/folders/5y/y4jt01gd7mzglrwt5pf7p3m00000gn/T/em-t17-t19qa-OyK4MA/data/manual.sqlite3，schema v7；迁移随二进制内嵌，WAL / synchronous=FULL / foreign_keys=ON）
管理员凭据：已创建（admins 表；Argon2id v19、m=19456 KiB、t=2、p=1、16 字节盐；无默认密码）。
密码来源：受限文件 /var/folders/5y/y4jt01gd7mzglrwt5pf7p3m00000gn/T/em-t17-t19qa-OyK4MA/password.txt；明文不落盘、不进入日志与 shell history。
  ✓  5 [chromium] › tests/e2e/qa-t19-independent.spec.ts:1507:1 › QA19-5 热点状态机、供应商快照只读、userEdited 出处、modelReview 服务器赋值（AC-052/AC-054） (1.4s)
[2m[WebServer] [22m[2m23:50:40[22m [33m[1m[vite][22m[39m [33m[2m(client)[22m[39m [2m[console.warn] [22mTHREE.Clock: This module has been deprecated. Please use THREE.Timer instead.
  ✓  6 [chromium] › tests/e2e/qa-t19-independent.spec.ts:1695:1 › QA19-6 多步导航（前进/后退/跳步不累积错误）与步骤视角保存/回到/清除（AC-057/AC-052） (4.5s)
[2m[WebServer] [22m[2m23:50:44[22m [33m[1m[vite][22m[39m [33m[2m(client)[22m[39m [2m[console.warn] [22mTHREE.Clock: This module has been deprecated. Please use THREE.Timer instead.
  ✓  7 [chromium] › tests/e2e/qa-t19-independent.spec.ts:1831:1 › QA19-7 发布版阅读器：部件↔热点↔步骤↔原文联动与 1-based 页码（AC-057） (3.7s)


  1) [chromium] › tests/e2e/qa-t19-independent.spec.ts:1045:1 › QA19-2 重新生成模型：旧绑定 stale（真实链路）、旧 sha 被拒、旧发布版字节不变（AC-053） 

    Error: stale 热点必须进入 422 明细：[{"code":"modelReviewMissing","entityId":"01a0964a-fb02-7463-80b8-4ec8b63b45ec","entityKind":"model","message":"缺少模型复核声明：请先在 3D 中打开模型并完成「已在浏览器成功打开此模型」与「我已核对模型与资料一致」两个动作"},{"code":"knowledgeUnreviewed","entityId":"part-2e063fda1795","entityKind":"part","message":"部件「后盖」尚未确认或修订"},{"code":"knowledgeUnreviewed","entityId":"part-e504cdc101ad","entityKind":"part","message":"部件「电池」尚未确认或修订"},{"code":"knowledgeUnreviewed","entityId":"step-5e23481ed267","entityKind":"step","message":"步骤「取下后盖」尚未确认或修订"},{"code":"knowledgeUnreviewed","entityId":"step-96945ff38683","entityKind":"step","message":"步骤「取出电池」尚未确认或修订"},{"code":"knowledgeUnreviewed","entityId":"spec-bf9abd54cec5","entityKind":"spec","message":"规格「供电」尚未确认或修订"},{"code":"hotspotMissing","entityId":"part-2e063fda1795","entityKind":"part","message":"部件「后盖」还没有 confirmed 热点：请在模型上点选绑定（或在已确认后标记为「仅文本条目」并保留文字标识）"},{"code":"hotspotMissing","entityId":"part-e504cdc101ad","entityKind":"part","message":"部件「电池」还没有 confirmed 热点：请在模型上点选绑定（或在已确认后标记为「仅文本条目」并保留文字标识）"}]

    [2mexpect([22m[31mreceived[39m[2m).[22mtoContain[2m([22m[32mexpected[39m[2m) // indexOf[22m

    Expected value: [32m"hotspotNotMatchingModel"[39m
    Received array: [31m["modelReviewMissing", "knowledgeUnreviewed", "knowledgeUnreviewed", "knowledgeUnreviewed", "knowledgeUnreviewed", "knowledgeUnreviewed", "hotspotMissing", "hotspotMissing"][39m

      1138 |     blockedIssues.map((issue) => issue.code),
      1139 |     `stale 热点必须进入 422 明细：${JSON.stringify(blockedIssues)}`,
    > 1140 |   ).toContain("hotspotNotMatchingModel");
           |     ^
      1141 |   expect(await listReleases(api, inputs.itemId), "被拒发布不得产生 release").toHaveLength(1);
      1142 |
      1143 |   // 浏览器：stale 单独区块、不显示为有效热点、发布预检计入、可重新绑定。
        at /Users/qsyj/Code/rust/everything-manual/apps/web/tests/e2e/qa-t19-independent.spec.ts:1140:5

    attachment #1: screenshot (image/png) ──────────────────────────────────────────────────────────
    ../../artifacts/web-mvp/t09-rd/playwright-output/qa-t19-independent-QA19-2--9240a-）、旧-sha-被拒、旧发布版字节不变（AC-053）-chromium/test-failed-1.png
    ────────────────────────────────────────────────────────────────────────────────────────────────

    Error Context: ../../artifacts/web-mvp/t09-rd/playwright-output/qa-t19-independent-QA19-2--9240a-）、旧-sha-被拒、旧发布版字节不变（AC-053）-chromium/error-context.md

    Error Context: ../../artifacts/web-mvp/t09-rd/playwright-output/qa-t19-independent-QA19-2--9240a-）、旧-sha-被拒、旧发布版字节不变（AC-053）-chromium/error-context.md

    attachment #4: trace (application/zip) ─────────────────────────────────────────────────────────
    ../../artifacts/web-mvp/t09-rd/playwright-output/qa-t19-independent-QA19-2--9240a-）、旧-sha-被拒、旧发布版字节不变（AC-053）-chromium/trace.zip
    Usage:

        npx playwright show-trace ../../artifacts/web-mvp/t09-rd/playwright-output/qa-t19-independent-QA19-2--9240a-）、旧-sha-被拒、旧发布版字节不变（AC-053）-chromium/trace.zip

    ────────────────────────────────────────────────────────────────────────────────────────────────

  2) [chromium] › tests/e2e/qa-t19-independent.spec.ts:1367:1 › QA19-4 窄屏禁用几何校准（含视角保存）并解释；文字确认与发布保留；禁用措辞（AC-060 前端侧/§6.3.2） 

    [31mTest timeout of 300000ms exceeded.[39m

    Error: locator.click: Test timeout of 300000ms exceeded.
    Call log:
    [2m  - waiting for getByTestId('refresh-draft')[22m
    [2m    - locator resolved to <button type="button" class="link-button" data-testid="refresh-draft">刷新草稿数据</button>[22m
    [2m  - attempting click action[22m
    [2m    2 × waiting for element to be visible, enabled and stable[22m
    [2m      - element is visible, enabled and stable[22m
    [2m      - scrolling into view if needed[22m
    [2m      - done scrolling[22m
    [2m      - <div class="drawer-overlay">…</div> from <div class="page-layout page-layout--narrow">…</div> subtree intercepts pointer events[22m
    [2m    - retrying click action[22m
    [2m    - waiting 20ms[22m
    [2m    2 × waiting for element to be visible, enabled and stable[22m
    [2m      - element is visible, enabled and stable[22m
    [2m      - scrolling into view if needed[22m
    [2m      - done scrolling[22m
    [2m      - <div class="drawer-overlay">…</div> from <div class="page-layout page-layout--narrow">…</div> subtree intercepts pointer events[22m
    [2m    - retrying click action[22m
    [2m      - waiting 100ms[22m
    [2m    596 × waiting for element to be visible, enabled and stable[22m
    [2m        - element is visible, enabled and stable[22m
    [2m        - scrolling into view if needed[22m
    [2m        - done scrolling[22m
    [2m        - <div class="drawer-overlay">…</div> from <div class="page-layout page-layout--narrow">…</div> subtree intercepts pointer events[22m
    [2m      - retrying click action[22m
    [2m        - waiting 500ms[22m


      1456 |   });
      1457 |   await prepare.context.dispose();
    > 1458 |   await page.getByTestId("refresh-draft").click();
           |                                           ^
      1459 |   const publishButton = page.getByRole("button", { name: "发布（生成不可变版本）" });
      1460 |   await expect(publishButton).toBeEnabled({ timeout: 20_000 });
      1461 |
        at /Users/qsyj/Code/rust/everything-manual/apps/web/tests/e2e/qa-t19-independent.spec.ts:1458:43

    attachment #1: screenshot (image/png) ──────────────────────────────────────────────────────────
    ../../artifacts/web-mvp/t09-rd/playwright-output/qa-t19-independent-QA19-4--a29e4-布保留；禁用措辞（AC-060-前端侧-§6-3-2）-chromium/test-failed-1.png
    ────────────────────────────────────────────────────────────────────────────────────────────────

    Error Context: ../../artifacts/web-mvp/t09-rd/playwright-output/qa-t19-independent-QA19-4--a29e4-布保留；禁用措辞（AC-060-前端侧-§6-3-2）-chromium/error-context.md

    Error Context: ../../artifacts/web-mvp/t09-rd/playwright-output/qa-t19-independent-QA19-4--a29e4-布保留；禁用措辞（AC-060-前端侧-§6-3-2）-chromium/error-context.md

    attachment #4: trace (application/zip) ─────────────────────────────────────────────────────────
    ../../artifacts/web-mvp/t09-rd/playwright-output/qa-t19-independent-QA19-4--a29e4-布保留；禁用措辞（AC-060-前端侧-§6-3-2）-chromium/trace.zip
    Usage:

        npx playwright show-trace ../../artifacts/web-mvp/t09-rd/playwright-output/qa-t19-independent-QA19-4--a29e4-布保留；禁用措辞（AC-060-前端侧-§6-3-2）-chromium/trace.zip

    ────────────────────────────────────────────────────────────────────────────────────────────────

  2 failed
    [chromium] › tests/e2e/qa-t19-independent.spec.ts:1045:1 › QA19-2 重新生成模型：旧绑定 stale（真实链路）、旧 sha 被拒、旧发布版字节不变（AC-053） 
    [chromium] › tests/e2e/qa-t19-independent.spec.ts:1367:1 › QA19-4 窄屏禁用几何校准（含视角保存）并解释；文字确认与发布保留；禁用措辞（AC-060 前端侧/§6.3.2） 
  5 passed (6.2m)
