warning: `/Users/qsyj/.cargo/config` is deprecated in favor of `config.toml`
  |
  = help: if you need to support cargo 1.38 or earlier, you can symlink `config` to `config.toml`
   Compiling everything-manual v0.1.0 (/Users/qsyj/Code/rust/everything-manual/crates/server)
    Finished `test` profile [unoptimized + debuginfo] target(s) in 1.50s
     Running tests/qa_t14_independent.rs (target/debug/deps/qa_t14_independent-d7ba277859999382)

running 13 tests
test qa_t14_page_instructions_cannot_change_budget_or_reach_network ... ok
test qa_t14_persisted_result_is_advanced_on_recovery_without_repaying ... ok
QA 观察[qaresult-refusal-crash]: batch.status=succeeded merge.status=needs_input merge.asset=None
QA 观察[qa-refusal-crash]: attempt.state=accepted ledger.state=reserved
test qa_t14_refusal_crash_before_checkpoint_never_yields_merged_knowledge ... ok
test qa_t14_rate_limit_waits_retry_after_before_second_request ... ok
test qa_t14_out_of_plan_batch_and_released_budget_send_zero_requests ... ok
test qa_t14_merge_dedups_keeps_provenance_and_conflicts ... ok
test qa_t14_batches_are_limited_and_covered_with_independent_assets ... ok
test qa_t14_fake_page_and_part_references_are_rejected ... ok
test qa_t14_request_bytes_and_scan_page_image ... ok
test qa_t14_submission_window_keeps_t10_semantics_under_writer_contention ... ok
test qa_t14_unpersisted_response_becomes_unknown_and_pauses_branch ... ok
test qa_t14_server_side_second_validation_catches_oversized_and_unknown_fields ... ok
test qa_t14_rejections_never_produce_knowledge_and_lock_merge ... ok

test result: ok. 13 passed; 0 failed; 0 ignored; 0 measured; 0 filtered out; finished in 5.11s

