warning: `/Users/qsyj/.cargo/config` is deprecated in favor of `config.toml`
  |
  = help: if you need to support cargo 1.38 or earlier, you can symlink `config` to `config.toml`
    Finished `dev` profile [unoptimized + debuginfo] target(s) in 0.09s
     Running `target/debug/xtask smoke-bootstrap --binary /Users/qsyj/Code/rust/everything-manual/dist/aarch64-apple-darwin/everything-manual`
冒烟目录：/var/folders/5y/y4jt01gd7mzglrwt5pf7p3m00000gn/T/everything-manual-smoke-63052-1789156502989529000（仅含二进制与其 data-dir，工作目录即该目录）
  [准备] init --data-dir data 成功
  (服务输出) {"timestamp":"2026-09-11T19:55:03.544945Z","level":"INFO","fields":{"message":"数据库 schema 已就绪","event":"database_ready","dataDir":"/var/folders/5y/y4jt01gd7mzglrwt5pf7p3m00000gn/T/everything-manual-smoke-63052-1789156502989529000/data","schemaVersion":2},"target":"everything_manual::config::commands"}
  (服务输出) {"timestamp":"2026-09-11T19:55:03.545009Z","level":"WARN","fields":{"message":"Provider 未配置：生成与报价能力将返回“未配置”，不回退 mock；已有资料仍可读","event":"provider_not_configured","provider":"tripo","missing":"api_key"},"target":"everything_manual::config::commands"}
  (服务输出) {"timestamp":"2026-09-11T19:55:03.545020Z","level":"WARN","fields":{"message":"Provider 未配置：生成与报价能力将返回“未配置”，不回退 mock；已有资料仍可读","event":"provider_not_configured","provider":"manual_ai","missing":"api_key,model"},"target":"everything_manual::config::commands"}
  (服务输出) {"timestamp":"2026-09-11T19:55:03.545028Z","level":"INFO","fields":{"message":"服务启动","event":"serve_start","listen":"127.0.0.1:56622","dataDir":"/var/folders/5y/y4jt01gd7mzglrwt5pf7p3m00000gn/T/everything-manual-smoke-63052-1789156502989529000/data","securityMode":"loopback","sessionTtlHours":168,"loginRateLimitPerMinute":5,"cookieSecure":false},"target":"everything_manual::config::commands"}
服务地址：http://127.0.0.1:56622
  [检查] GET / -> 200 text/html; charset=utf-8
  [检查] GET /assets/index-7mFZcJzB.js -> 200 text/javascript; charset=utf-8
  [检查] GET /api/v1/health/live -> 200
  [检查] GET /api/v1/health/ready -> 200
  [检查] GET /api/unknown -> 404 application/json
  [检查] GET /library/some-item -> 200 text/html; charset=utf-8
  [检查] GET /assets/definitely-missing.js -> 404 text/plain; charset=utf-8

冒烟通过：内嵌页面、静态资源与 health 均可用（T01 最小检查）。
