warning: `/Users/qsyj/.cargo/config` is deprecated in favor of `config.toml`
  |
  = help: if you need to support cargo 1.38 or earlier, you can symlink `config` to `config.toml`
   Compiling everything-manual v0.1.0 (/Users/qsyj/Code/rust/everything-manual/crates/server)
    Finished `test` profile [unoptimized + debuginfo] target(s) in 2.17s
     Running tests/qa_t10_independent.rs (target/debug/deps/qa_t10_independent-2cbe16fe270fc70a)

running 1 test
test qa_total_wait_budget_must_trigger_on_real_poll_shape ... [qa probe] 观察 1（轮询阶段自带 attempt）status=needs_input
[qa probe] 观察 2（submit 级 attempt 才老化）status=needs_input
[qa probe] 观察 2（submit 级 attempt 才老化）status=needs_input
[qa probe] 观察 2（submit 级 attempt 才老化）status=needs_input
[qa probe] 观察 2（submit 级 attempt 才老化）status=needs_input
ok

test result: ok. 1 passed; 0 failed; 0 ignored; 0 measured; 7 filtered out; finished in 0.04s

warning: `/Users/qsyj/.cargo/config` is deprecated in favor of `config.toml`
  |
  = help: if you need to support cargo 1.38 or earlier, you can symlink `config` to `config.toml`
   Compiling everything-manual v0.1.0 (/Users/qsyj/Code/rust/everything-manual/crates/server)
    Finished `test` profile [unoptimized + debuginfo] target(s) in 2.05s
     Running tests/qa_t11_independent.rs (target/debug/deps/qa_t11_independent-5aaa94f70f651985)

running 1 test
test qa_defect_get_estimate_reflects_confirmation_and_consumption ... ok

test result: ok. 1 passed; 0 failed; 0 ignored; 0 measured; 12 filtered out; finished in 0.71s

