T18 性能测量工作目录：/var/folders/5y/y4jt01gd7mzglrwt5pf7p3m00000gn/T/em-t18-perf-4pHx3m
[1/6] 构建前端产物与内嵌 UI 的 Rust 二进制…

> everything-manual-web@0.1.0 build
> tsc --noEmit && vite build

  pdfjs-dist 6.3.289 本地资源：cmaps=169 standard_fonts=16 wasm=13 iccs=2
vite v8.3.0 building client environment for production...
transforming...
✓ 161 modules transformed.
rendering chunks...
computing gzip size...
dist/index.html                                    0.53 kB │ gzip:   0.34 kB
dist/assets/pdf.worker.min-Dswkl-cV.mjs        1,265.41 kB
dist/assets/index-CE8-SplE.css                    18.90 kB │ gzip:   3.98 kB
dist/assets/ReleaseListPage-G0YMfYQG.js            1.69 kB │ gzip:   0.97 kB
dist/assets/OriginalDocumentPanel-BHYKztbs.js      3.33 kB │ gzip:   1.53 kB
dist/assets/ReleaseReaderPage-BnKsNYso.js          7.43 kB │ gzip:   2.93 kB
dist/assets/jsx-runtime-D3jfb0Ew.js                8.90 kB │ gzip:   3.38 kB
dist/assets/PreparePage-D-3r--ih.js                9.78 kB │ gzip:   3.61 kB
dist/assets/ViewerPanel-C9eT-R6D.js               12.18 kB │ gzip:   4.60 kB
dist/assets/ReviewWorkspacePage-CBuRNkIF.js       30.09 kB │ gzip:   9.64 kB
dist/assets/index-D2JcMJ4C.js                    409.20 kB │ gzip: 123.86 kB
dist/assets/prepare-CtQEyV7y.js                  432.92 kB │ gzip: 130.28 kB
dist/assets/ViewerStage-lNwz4s_i.js              969.77 kB │ gzip: 258.64 kB

✓ built in 278ms
[plugin em-pdfjs-vendor]   vendor/pdfjs 已写入 dist/vendor/pdfjs（cmaps=169 standard_fonts=16 wasm=13 iccs=2）
[plugin builtin:vite-reporter] 
(!) Some chunks are larger than 500 kB after minification. Consider:
- Using dynamic import() to code-split the application
- Use build.rolldownOptions.output.codeSplitting to improve chunking: https://rolldown.rs/reference/OutputOptions.codeSplitting
- Adjust chunk size limit for this warning via build.chunkSizeWarningLimit.
warning: `/Users/qsyj/.cargo/config` is deprecated in favor of `config.toml`
  |
  = help: if you need to support cargo 1.38 or earlier, you can symlink `config` to `config.toml`
   Compiling everything-manual v0.1.0 (/Users/qsyj/Code/rust/everything-manual/crates/server)
   Compiling manual-core v0.1.0 (/Users/qsyj/Code/rust/everything-manual/crates/core)
    Finished `dev` profile [unoptimized + debuginfo] target(s) in 20.79s
[2/6] 生成 100k 三角面测试模型…
输出目录：/var/folders/5y/y4jt01gd7mzglrwt5pf7p3m00000gn/T/em-t18-perf-4pHx3m
viewer-asymmetric.glb: 2356 bytes, 12 triangles
viewer-asymmetric.points.json: 3 asset-root 局部采样点
viewer-asymmetric-b.glb: 2356 bytes, 12 triangles
viewer-asymmetric-b.points.json: 3 asset-root 局部采样点
viewer-large.glb: 2223572 bytes, 100352 triangles
[3/6] 初始化 data-dir 并启动内嵌 UI 的服务…
{"timestamp":"2026-09-12T21:20:25.232451Z","level":"INFO","fields":{"message":"data-dir 初始化完成","event":"init","dataDir":"/var/folders/5y/y4jt01gd7mzglrwt5pf7p3m00000gn/T/em-t18-perf-4pHx3m/data","passwordSource":"受限文件 /var/folders/5y/y4jt01gd7mzglrwt5pf7p3m00000gn/T/em-t18-perf-4pHx3m/password.txt","schemaVersion":7,"adminId":"01a0977e-3290-7174-9954-ebcdf431bd0e","adminStatus":"已创建"},"target":"everything_manual::config::commands"}
data-dir 已初始化：/var/folders/5y/y4jt01gd7mzglrwt5pf7p3m00000gn/T/em-t18-perf-4pHx3m/data
  - 已创建：/var/folders/5y/y4jt01gd7mzglrwt5pf7p3m00000gn/T/em-t18-perf-4pHx3m/data
  - 已创建：/var/folders/5y/y4jt01gd7mzglrwt5pf7p3m00000gn/T/em-t18-perf-4pHx3m/data/tmp
  - 已创建：/var/folders/5y/y4jt01gd7mzglrwt5pf7p3m00000gn/T/em-t18-perf-4pHx3m/data/logs
  - 已创建：/var/folders/5y/y4jt01gd7mzglrwt5pf7p3m00000gn/T/em-t18-perf-4pHx3m/data/blobs
  - 已创建：/var/folders/5y/y4jt01gd7mzglrwt5pf7p3m00000gn/T/em-t18-perf-4pHx3m/data/lock
数据库：已创建并迁移（/var/folders/5y/y4jt01gd7mzglrwt5pf7p3m00000gn/T/em-t18-perf-4pHx3m/data/manual.sqlite3，schema v7；迁移随二进制内嵌，WAL / synchronous=FULL / foreign_keys=ON）
管理员凭据：已创建（admins 表；Argon2id v19、m=19456 KiB、t=2、p=1、16 字节盐；无默认密码）。
密码来源：受限文件 /var/folders/5y/y4jt01gd7mzglrwt5pf7p3m00000gn/T/em-t18-perf-4pHx3m/password.txt；明文不落盘、不进入日志与 shell history。
[4/6] 启动真实 Chrome 并准备阅读页…
[5/6] 连续旋转 20s 并采样帧耗时…
[6/6] 结果（/Users/qsyj/Code/rust/everything-manual/artifacts/web-mvp/t21-qa/r29-viewer-perf.json）：
{
  "samples": 1203,
  "p50": 16.699999999999818,
  "p95": 17.699999999999818,
  "p99": 18.400000000000546,
  "max": 18.700000000000728,
  "mean": 16.667497921862093,
  "targetP95": 33,
  "pass": true
}
设备：Darwin 25.6.0 arm64 / Apple M1 ×8 / GPU=ANGLE (Apple, ANGLE Metal Renderer: Apple M1, Unspecified Version)
模型：2223572 字节、100352 三角面、sha256=87cc0905ccbfc53b…
资源账本：{"geometries":{"created":1,"disposed":0,"alive":1},"materials":{"created":1,"disposed":0,"alive":1},"textures":{"created":1,"disposed":0,"alive":1},"modelsLoaded":1,"modelsDisposed":0,"modelsAlive":1,"frames":1327}
EXIT=0
