[17:12:54] 服务端就绪（端口 18093，data-dir /tmp/em-r19-conc-F.GbF4AY）
### S1 顺序单发（无用户并发；模拟普通用户单张上传，执行器 250ms tick 仍会取写锁）
S1 结果：201×20  500×0  其它×0  （共 20）
### S2 同视图 4 并发（同一 item 同一 view=front；理想 1×201 + 3×422）
  S2 round 1 → 201 422 422 422
  S2 round 2 → 201 422 422 422
  S2 round 3 → 201 422 422 422
  S2 round 4 → 422 422 422 201
  S2 round 5 → 422 201 422 422
  S2 round 6 → 422 422 201 422
  S2 round 7 → 201 422 422 422
  S2 round 8 → 422 422 201 422
  S2 round 9 → 201 422 422 422
  S2 round 10 → 422 201 422 422
S2 结果：201×10  422×30  500×0  其它×0  （共 40）
### S3 异视图 4 并发（front/left/back/right 各一；理想 4×201）
  S3 round 1 → 201 201 201 201
  S3 round 2 → 201 201 201 201
  S3 round 3 → 201 201 201 201
  S3 round 4 → 201 201 201 201
  S3 round 5 → 201 201 201 201
  S3 round 6 → 201 201 201 201
  S3 round 7 → 201 201 201 201
  S3 round 8 → 201 201 201 201
  S3 round 9 → 201 201 201 201
  S3 round 10 → 201 201 201 201
S3 结果：201×40  500×0  其它×0  （共 40）
### 服务端日志统计
database is locked 行数：0
code 5（SQLITE_BUSY）：0
code 517（SQLITE_BUSY_SNAPSHOT）：0
status":500 行数：0
500 的路径分布：
