[17:08:44] 服务端就绪（端口 18093，data-dir /tmp/em-r19-conc-F.ruNKcb）
### S1 顺序单发（无用户并发；模拟普通用户单张上传，执行器 250ms tick 仍会取写锁）
S1 结果：201×20  500×0  其它×0  （共 20）
### S2 同视图 4 并发（同一 item 同一 view=front；理想 1×201 + 3×422）
  S2 round 1 → 500 422 201 500
  S2 round 2 → 422 500 201 500
  S2 round 3 → 201 500 500 500
  S2 round 4 → 500 500 201 500
  S2 round 5 → 500 500 500 201
  S2 round 6 → 500 201 500 500
  S2 round 7 → 201 500 500 500
  S2 round 8 → 201 500 500 500
  S2 round 9 → 500 201 500 500
  S2 round 10 → 500 500 201 500
S2 结果：201×10  422×2  500×28  其它×0  （共 40）
### S3 异视图 4 并发（front/left/back/right 各一；理想 4×201）
  S3 round 1 → 500 500 500 201
  S3 round 2 → 500 201 500 500
  S3 round 3 → 201 500 500 500
  S3 round 4 → 500 500 201 500
  S3 round 5 → 500 500 500 201
  S3 round 6 → 500 201 500 500
  S3 round 7 → 500 201 500 500
  S3 round 8 → 500 201 500 500
  S3 round 9 → 500 500 500 201
  S3 round 10 → 500 500 201 500
S3 结果：201×10  500×30  其它×0  （共 40）
### 服务端日志统计
database is locked 行数：58
code 5（SQLITE_BUSY）：57
code 517（SQLITE_BUSY_SNAPSHOT）：1
status":500 行数：58
500 的路径分布：
  POST .../photos: 58
