
> everything-manual-web@0.1.0 test:e2e
> playwright test library-row-layout.spec.ts

(node:82860) [DEP0205] DeprecationWarning: `module.register()` is deprecated. Use `module.registerHooks()` instead.
(Use `node --trace-deprecation ...` to show where the warning was created)
[2m[WebServer] [22m
[2m[WebServer] [22m> everything-manual-web@0.1.0 dev
[2m[WebServer] [22m> vite
[2m[WebServer] [22m
[2m[WebServer] [22m  pdfjs-dist 6.3.289 本地资源：cmaps=169 standard_fonts=16 wasm=13 iccs=2
[2m[WebServer] [22m
[2m[WebServer] [22m  [32m[1mVITE[22m v8.3.0[39m  [2mready in [0m[1m124[22m[2m[0m ms[22m
[2m[WebServer] [22m
[2m[WebServer] [22m  [32m➜[39m  [1mLocal[22m:   [36mhttp://127.0.0.1:[1m15173[22m/[39m
warning: `/Users/qsyj/.cargo/config` is deprecated in favor of `config.toml`
  |
  = help: if you need to support cargo 1.38 or earlier, you can symlink `config` to `config.toml`
    Finished `dev` profile [unoptimized + debuginfo] target(s) in 0.13s
{"timestamp":"2026-09-12T08:29:26.713792Z","level":"INFO","fields":{"message":"data-dir 初始化完成","event":"init","dataDir":"/var/folders/5y/y4jt01gd7mzglrwt5pf7p3m00000gn/T/em-web-mvp-e2e/data","passwordSource":"受限文件 /var/folders/5y/y4jt01gd7mzglrwt5pf7p3m00000gn/T/em-web-mvp-e2e/password.txt","schemaVersion":6,"adminId":"01a094bc-5939-7487-900b-bc219e00e1f8","adminStatus":"已创建"},"target":"everything_manual::config::commands"}
data-dir 已初始化：/var/folders/5y/y4jt01gd7mzglrwt5pf7p3m00000gn/T/em-web-mvp-e2e/data
  - 已创建：/var/folders/5y/y4jt01gd7mzglrwt5pf7p3m00000gn/T/em-web-mvp-e2e/data
  - 已创建：/var/folders/5y/y4jt01gd7mzglrwt5pf7p3m00000gn/T/em-web-mvp-e2e/data/tmp
  - 已创建：/var/folders/5y/y4jt01gd7mzglrwt5pf7p3m00000gn/T/em-web-mvp-e2e/data/logs
  - 已创建：/var/folders/5y/y4jt01gd7mzglrwt5pf7p3m00000gn/T/em-web-mvp-e2e/data/blobs
  - 已创建：/var/folders/5y/y4jt01gd7mzglrwt5pf7p3m00000gn/T/em-web-mvp-e2e/data/lock
数据库：已创建并迁移（/var/folders/5y/y4jt01gd7mzglrwt5pf7p3m00000gn/T/em-web-mvp-e2e/data/manual.sqlite3，schema v6；迁移随二进制内嵌，WAL / synchronous=FULL / foreign_keys=ON）
管理员凭据：已创建（admins 表；Argon2id v19、m=19456 KiB、t=2、p=1、16 字节盐；无默认密码）。
密码来源：受限文件 /var/folders/5y/y4jt01gd7mzglrwt5pf7p3m00000gn/T/em-web-mvp-e2e/password.txt；明文不落盘、不进入日志与 shell history。

Running 2 tests using 1 worker

(node:82924) [DEP0205] DeprecationWarning: `module.register()` is deprecated. Use `module.registerHooks()` instead.
(Use `node --trace-deprecation ...` to show where the warning was created)
  ✘  1 [chromium] › tests/e2e/library-row-layout.spec.ts:40:1 › RD-ROW-1 桌面 1024–1920px：身份列可读、行高正常、说明独占整行（BUG-005 守卫） (1.2s)
(node:82929) [DEP0205] DeprecationWarning: `module.register()` is deprecated. Use `module.registerHooks()` instead.
(Use `node --trace-deprecation ...` to show where the warning was created)
  ✘  2 [chromium] › tests/e2e/library-row-layout.spec.ts:113:1 › RD-ROW-2 窄屏 <768px：行单列堆叠、名称可读、摘要抽屉可开可关（不回退） (1.2s)


  1) [chromium] › tests/e2e/library-row-layout.spec.ts:40:1 › RD-ROW-1 桌面 1024–1920px：身份列可读、行高正常、说明独占整行（BUG-005 守卫） 

    Error: 1024px：名称列宽 32px（阈值 ≥120）；几何 {"row":null,"identity":{"x":36,"y":306.296875,"width":34.375,"height":230.34375},"name":{"x":36,"y":309.296875,"width":32,"height":94.78125},"status":{"x":82.375,"y":374.046875,"width":31.609375,"height":94.84375},"time":{"x":125.984375,"y":372.84375,"width":45.5625,"height":97.25},"actions":{"x":183.546875,"y":399.671875,"width":804.453125,"height":43.59375},"note":{"x":483.546875,"y":414.671875,"width":504.453125,"height":15},"gridTemplateColumns":"34.375px 31.6094px 45.5625px 804.453px"}

    [2mexpect([22m[31mreceived[39m[2m).[22mtoBeGreaterThanOrEqual[2m([22m[32mexpected[39m[2m)[22m

    Expected: >= [32m120[39m
    Received:    [31m32[39m

      80 |       name?.width ?? 0,
      81 |       `${width}px：名称列宽 ${name?.width}px（阈值 ≥${MIN_NAME_WIDTH}）；几何 ${JSON.stringify(measurements[String(width)])}`,
    > 82 |     ).toBeGreaterThanOrEqual(MIN_NAME_WIDTH);
         |       ^
      83 |     expect(
      84 |       identity?.width ?? 0,
      85 |       `${width}px：身份列宽 ${identity?.width}px`,
        at /Users/qsyj/Code/rust/everything-manual/apps/web/tests/e2e/library-row-layout.spec.ts:82:7

    attachment #1: screenshot (image/png) ──────────────────────────────────────────────────────────
    ../../artifacts/web-mvp/t09-rd/playwright-output/library-row-layout-RD-ROW--ba006-列可读、行高正常、说明独占整行（BUG-005-守卫）-chromium/test-failed-1.png
    ────────────────────────────────────────────────────────────────────────────────────────────────

    Error Context: ../../artifacts/web-mvp/t09-rd/playwright-output/library-row-layout-RD-ROW--ba006-列可读、行高正常、说明独占整行（BUG-005-守卫）-chromium/error-context.md

    attachment #3: trace (application/zip) ─────────────────────────────────────────────────────────
    ../../artifacts/web-mvp/t09-rd/playwright-output/library-row-layout-RD-ROW--ba006-列可读、行高正常、说明独占整行（BUG-005-守卫）-chromium/trace.zip
    Usage:

        npx playwright show-trace ../../artifacts/web-mvp/t09-rd/playwright-output/library-row-layout-RD-ROW--ba006-列可读、行高正常、说明独占整行（BUG-005-守卫）-chromium/trace.zip

    ────────────────────────────────────────────────────────────────────────────────────────────────

  2) [chromium] › tests/e2e/library-row-layout.spec.ts:113:1 › RD-ROW-2 窄屏 <768px：行单列堆叠、名称可读、摘要抽屉可开可关（不回退） 

    Error: 767px：名称列宽 22.109375px

    [2mexpect([22m[31mreceived[39m[2m).[22mtoBeGreaterThanOrEqual[2m([22m[32mexpected[39m[2m)[22m

    Expected: >= [32m200[39m
    Received:    [31m22.109375[39m

      133 |     ).toBe(1);
      134 |     const name = await row.locator(".item-row__name").boundingBox();
    > 135 |     expect(name?.width ?? 0, `${width}px：名称列宽 ${name?.width}px`).toBeGreaterThanOrEqual(200);
          |                                                                  ^
      136 |     const note = await row.locator(".item-row__note").boundingBox();
      137 |     expect(note?.width ?? 0, `${width}px：说明行宽 ${note?.width}px`).toBeGreaterThanOrEqual(200);
      138 |   }
        at /Users/qsyj/Code/rust/everything-manual/apps/web/tests/e2e/library-row-layout.spec.ts:135:66

    attachment #1: screenshot (image/png) ──────────────────────────────────────────────────────────
    ../../artifacts/web-mvp/t09-rd/playwright-output/library-row-layout-RD-ROW--4d478-px：行单列堆叠、名称可读、摘要抽屉可开可关（不回退）-chromium/test-failed-1.png
    ────────────────────────────────────────────────────────────────────────────────────────────────

    Error Context: ../../artifacts/web-mvp/t09-rd/playwright-output/library-row-layout-RD-ROW--4d478-px：行单列堆叠、名称可读、摘要抽屉可开可关（不回退）-chromium/error-context.md

    attachment #3: trace (application/zip) ─────────────────────────────────────────────────────────
    ../../artifacts/web-mvp/t09-rd/playwright-output/library-row-layout-RD-ROW--4d478-px：行单列堆叠、名称可读、摘要抽屉可开可关（不回退）-chromium/trace.zip
    Usage:

        npx playwright show-trace ../../artifacts/web-mvp/t09-rd/playwright-output/library-row-layout-RD-ROW--4d478-px：行单列堆叠、名称可读、摘要抽屉可开可关（不回退）-chromium/trace.zip

    ────────────────────────────────────────────────────────────────────────────────────────────────

  2 failed
    [chromium] › tests/e2e/library-row-layout.spec.ts:40:1 › RD-ROW-1 桌面 1024–1920px：身份列可读、行高正常、说明独占整行（BUG-005 守卫） 
    [chromium] › tests/e2e/library-row-layout.spec.ts:113:1 › RD-ROW-2 窄屏 <768px：行单列堆叠、名称可读、摘要抽屉可开可关（不回退） 
