warning: `/Users/qsyj/.cargo/config` is deprecated in favor of `config.toml`
  |
  = help: if you need to support cargo 1.38 or earlier, you can symlink `config` to `config.toml`
    Finished `dev` profile [unoptimized + debuginfo] target(s) in 0.13s
     Running `target/debug/xtask contracts --check`
$ (cd /Users/qsyj/Code/rust/everything-manual/apps/web && /Users/qsyj/Code/rust/everything-manual/apps/web/node_modules/.bin/openapi-typescript /var/folders/5y/y4jt01gd7mzglrwt5pf7p3m00000gn/T/everything-manual-contracts-check-85138/openapi.json -o /var/folders/5y/y4jt01gd7mzglrwt5pf7p3m00000gn/T/everything-manual-contracts-check-85138/generated.ts)
✨ openapi-typescript 7.13.0
🚀 /var/folders/5y/y4jt01gd7mzglrwt5pf7p3m00000gn/T/everything-manual-contracts-check-85138/openapi.json → /var/folders/5y/y4jt01gd7mzglrwt5pf7p3m00000gn/T/everything-manual-contracts-check-85138/generated.ts [76.8ms]
  [一致] contracts/openapi.json
  [一致] apps/web/src/api/generated.ts
合同检查通过：openapi.json 与 generated.ts 均与 Rust DTO 一致。
contracts exit=0
running 0 tests

test result: ok. 0 passed; 0 failed; 0 ignored; 0 measured; 0 filtered out; finished in 0.00s

     Running unittests src/main.rs (target/debug/deps/xtask-0bf38d2cb975f8d8)

running 0 tests

test result: ok. 0 passed; 0 failed; 0 ignored; 0 measured; 0 filtered out; finished in 0.00s

   Doc-tests everything_manual

running 1 test
test crates/server/src/storage/repo/items.rs - storage::repo::items (line 16) ... ignored

test result: ok. 0 passed; 0 failed; 1 ignored; 0 measured; 0 filtered out; finished in 0.00s

all doctests ran in 0.69s; merged doctests compilation took 0.20s
   Doc-tests manual_core

running 0 tests

test result: ok. 0 passed; 0 failed; 0 ignored; 0 measured; 0 filtered out; finished in 0.00s

   Doc-tests test_support

running 0 tests

test result: ok. 0 passed; 0 failed; 0 ignored; 0 measured; 0 filtered out; finished in 0.00s

workspace exit=0
