warning: `/Users/qsyj/.cargo/config` is deprecated in favor of `config.toml`
  |
  = help: if you need to support cargo 1.38 or earlier, you can symlink `config` to `config.toml`
    Finished `dev` profile [unoptimized + debuginfo] target(s) in 0.13s
     Running `target/debug/xtask dist --target aarch64-apple-darwin`
$ (cd /Users/qsyj/Code/rust/everything-manual/apps/web && npm ci)

added 272 packages, and audited 273 packages in 2s

66 packages are looking for funding
  run `npm fund` for details

found 0 vulnerabilities
$ (cd /Users/qsyj/Code/rust/everything-manual/apps/web && npm run typecheck)

> everything-manual-web@0.1.0 typecheck
> tsc --noEmit

$ (cd /Users/qsyj/Code/rust/everything-manual/apps/web && npm run test -- --run)

> everything-manual-web@0.1.0 test
> vitest run --run


 RUN  v5.0.0 /Users/qsyj/Code/rust/everything-manual/apps/web


 Test Files  9 passed (9)
      Tests  62 passed (62)
   Start at  16:41:44
   Duration  2.02s (environment 62%, tests 15%, transform 11%, setup 8%, import 4%, worker 1%)

$ (cd /Users/qsyj/Code/rust/everything-manual/apps/web && npm run build)

> everything-manual-web@0.1.0 build
> tsc --noEmit && vite build

  pdfjs-dist 6.3.289 本地资源：cmaps=169 standard_fonts=16 wasm=13 iccs=2
vite v8.3.0 building client environment for production...
transforming...
✓ 113 modules transformed.
rendering chunks...
computing gzip size...
dist/index.html                              0.45 kB │ gzip:   0.31 kB
dist/assets/pdf.worker.min-Dswkl-cV.mjs  1,265.41 kB
dist/assets/index-DNtWi9LH.css              12.93 kB │ gzip:   3.05 kB
dist/assets/index-C4vQ2t8_.js              384.52 kB │ gzip: 117.68 kB
dist/assets/PreparePage-DAgurpKu.js        442.69 kB │ gzip: 133.39 kB

✓ built in 451ms
[plugin em-pdfjs-vendor]   vendor/pdfjs 已写入 dist/vendor/pdfjs（cmaps=169 standard_fonts=16 wasm=13 iccs=2）
$ (cd /Users/qsyj/Code/rust/everything-manual && cargo build --release --locked --features embedded-ui --target aarch64-apple-darwin --package everything-manual)
warning: `/Users/qsyj/.cargo/config` is deprecated in favor of `config.toml`
  |
  = help: if you need to support cargo 1.38 or earlier, you can symlink `config` to `config.toml`
   Compiling everything-manual v0.1.0 (/Users/qsyj/Code/rust/everything-manual/crates/server)
    Finished `release` profile [optimized] target(s) in 27.40s

dist 完成：
  binary : /Users/qsyj/Code/rust/everything-manual/dist/aarch64-apple-darwin/everything-manual
  sha256 : ed26b6a41ececa6514d854dd440bb4504c2b128df460a3409ac12b4132f66189
  size   : 22544432 bytes
  files  : SHA256SUMS, licenses.json, build-info.json
