
> everything-manual-web@0.1.0 test:e2e
> playwright test pdf-preparation.spec.ts

(node:19131) [DEP0205] DeprecationWarning: `module.register()` is deprecated. Use `module.registerHooks()` instead.
(Use `node --trace-deprecation ...` to show where the warning was created)
[2m[WebServer] [22m
[2m[WebServer] [22m> everything-manual-web@0.1.0 dev
[2m[WebServer] [22m> vite
[2m[WebServer] [22m
[2m[WebServer] [22m  pdfjs-dist 6.3.289 本地资源：cmaps=169 standard_fonts=16 wasm=13 iccs=2
[2m[WebServer] [22m
[2m[WebServer] [22m  [32m[1mVITE[22m v8.3.0[39m  [2mready in [0m[1m127[22m[2m[0m ms[22m
[2m[WebServer] [22m
[2m[WebServer] [22m  [32m➜[39m  [1mLocal[22m:   [36mhttp://127.0.0.1:[1m15173[22m/[39m
warning: `/Users/qsyj/.cargo/config` is deprecated in favor of `config.toml`
  |
  = help: if you need to support cargo 1.38 or earlier, you can symlink `config` to `config.toml`
    Finished `dev` profile [unoptimized + debuginfo] target(s) in 0.11s
{"timestamp":"2026-09-12T00:01:31.738678Z","level":"INFO","fields":{"message":"data-dir 初始化完成","event":"init","dataDir":"/var/folders/5y/y4jt01gd7mzglrwt5pf7p3m00000gn/T/em-web-mvp-e2e/data","passwordSource":"受限文件 /var/folders/5y/y4jt01gd7mzglrwt5pf7p3m00000gn/T/em-web-mvp-e2e/password.txt","schemaVersion":4,"adminId":"01a092eb-565a-769c-b4aa-826f3fffd586","adminStatus":"已创建"},"target":"everything_manual::config::commands"}
data-dir 已初始化：/var/folders/5y/y4jt01gd7mzglrwt5pf7p3m00000gn/T/em-web-mvp-e2e/data
  - 已创建：/var/folders/5y/y4jt01gd7mzglrwt5pf7p3m00000gn/T/em-web-mvp-e2e/data
  - 已创建：/var/folders/5y/y4jt01gd7mzglrwt5pf7p3m00000gn/T/em-web-mvp-e2e/data/tmp
  - 已创建：/var/folders/5y/y4jt01gd7mzglrwt5pf7p3m00000gn/T/em-web-mvp-e2e/data/logs
  - 已创建：/var/folders/5y/y4jt01gd7mzglrwt5pf7p3m00000gn/T/em-web-mvp-e2e/data/blobs
  - 已创建：/var/folders/5y/y4jt01gd7mzglrwt5pf7p3m00000gn/T/em-web-mvp-e2e/data/lock
数据库：已创建并迁移（/var/folders/5y/y4jt01gd7mzglrwt5pf7p3m00000gn/T/em-web-mvp-e2e/data/manual.sqlite3，schema v4；迁移随二进制内嵌，WAL / synchronous=FULL / foreign_keys=ON）
管理员凭据：已创建（admins 表；Argon2id v19、m=19456 KiB、t=2、p=1、16 字节盐；无默认密码）。
密码来源：受限文件 /var/folders/5y/y4jt01gd7mzglrwt5pf7p3m00000gn/T/em-web-mvp-e2e/password.txt；明文不落盘、不进入日志与 shell history。

Running 10 tests using 1 worker

(node:19203) [DEP0205] DeprecationWarning: `module.register()` is deprecated. Use `module.registerHooks()` instead.
(Use `node --trace-deprecation ...` to show where the warning was created)
  ✓   1 [chromium] › tests/e2e/pdf-preparation.spec.ts:86:3 › PDF 准备与续传（T09） › 文字 PDF：逐页准备（1-based 页号）、JPEG 页图、封存 ready (2.3s)
  ✓   2 [chromium] › tests/e2e/pdf-preparation.spec.ts:158:3 › PDF 准备与续传（T09） › 断线续传：重新进入只补缺页，不重传已完成页 (3.6s)
  ✓   3 [chromium] › tests/e2e/pdf-preparation.spec.ts:214:3 › PDF 准备与续传（T09） › 扫描 PDF：没有文字层时按页图上传 (1.9s)
  ✓   4 [chromium] › tests/e2e/pdf-preparation.spec.ts:244:3 › PDF 准备与续传（T09） › 旋转页：viewport 记录旋转角与旋转后尺寸 (1.9s)
  ✓   5 [chromium] › tests/e2e/pdf-preparation.spec.ts:281:3 › PDF 准备与续传（T09） › 非拉丁字体页：CJK 文字提取正确且 CMap 从本地加载 (1.9s)
  ✓   6 [chromium] › tests/e2e/pdf-preparation.spec.ts:318:3 › PDF 准备与续传（T09） › 加密 PDF：明确拒绝且不创建任何准备/页记录 (2.2s)
  ✓   7 [chromium] › tests/e2e/pdf-preparation.spec.ts:350:3 › PDF 准备与续传（T09） › 101 页 PDF：明确拒绝并说明实际页数 (2.2s)
  ✓   8 [chromium] › tests/e2e/pdf-preparation.spec.ts:368:3 › PDF 准备与续传（T09） › 断外网仍可完成准备：worker/CMaps/字体全部本地加载，零外部请求 (2.0s)
  ✓   9 [chromium] › tests/e2e/pdf-preparation.spec.ts:412:3 › PDF 准备与续传（T09） › 逐页进度、可取消、离开确认与单 canvas 约束 (7.4s)
  ✓  10 [chromium] › tests/e2e/pdf-preparation.spec.ts:475:3 › BUG-001-r8 回归：通知条不遮挡顶栏指针操作 › 通知条出现期间顶栏入口可点击（宽屏 + 窄屏） (1.4s)

  10 passed (29.3s)
