{"timestamp":"2026-10-04T16:36:54.141648Z","level":"INFO","fields":{"message":"数据库 schema 已就绪","event":"database_ready","dataDir":"/var/folders/5y/y4jt01gd7mzglrwt5pf7p3m00000gn/T/em-web-mvp-e2e/data","schemaVersion":11},"target":"everything_manual::config::commands"}
{"timestamp":"2026-10-04T16:36:54.141871Z","level":"INFO","fields":{"message":"资产残留扫描完成（隔离只移动不删除）","event":"asset_scan","tmpQuarantined":0,"blobsQuarantined":0,"blobsKept":0,"blobsRestored":0,"blobsMarkedMissing":0},"target":"everything_manual::config::commands"}
{"timestamp":"2026-10-04T16:36:54.142063Z","level":"INFO","fields":{"message":"说明书 AI 阶段处理器已注册（Responses 同步单次请求；拒答/截断/格式错不产生正式知识）","event":"provider_handlers_registered","provider":"manual_ai","baseUrl":"http://127.0.0.1:1","stages":"manual_extract,manual_merge"},"target":"everything_manual::providers"}
{"timestamp":"2026-10-04T16:36:54.142138Z","level":"INFO","fields":{"message":"Tripo 阶段处理器已注册（真实 HTTP；未返回 task ID 的付费提交不自动重发；模型下载使用独立无凭据 client）","event":"provider_handlers_registered","provider":"tripo","baseUrl":"http://127.0.0.1:1","stages":"tripo_upload,tripo_submit,tripo_poll,model_download,model_validate"},"target":"everything_manual::providers"}
{"timestamp":"2026-10-04T16:36:54.142218Z","level":"INFO","fields":{"message":"组装阶段处理器已注册（本地确定性组装；不存在自动发布）","event":"pipeline_handlers_registered","stages":"assemble_draft,tripo_segment,auto_bind"},"target":"everything_manual::config::commands"}
{"timestamp":"2026-10-04T16:36:54.142274Z","level":"INFO","fields":{"message":"任务执行器启动（SQLite 事实来源；崩溃断点仅测试构建）","event":"job_executor_start","owner":"64278:01a107c6-88fe-76ba-8502-765005049c74","leaseSeconds":120,"renewSeconds":20,"remoteGenerationLimit":2,"manualAiBatchLimit":2},"target":"everything_manual::config::commands"}
{"timestamp":"2026-10-04T16:36:54.142350Z","level":"INFO","fields":{"message":"Provider 已配置","event":"provider_configured","provider":"tripo","baseUrl":"http://127.0.0.1:1","keySource":"环境变量 EM_E2E_TRIPO_KEY"},"target":"everything_manual::config::commands"}
{"timestamp":"2026-10-04T16:36:54.142373Z","level":"INFO","fields":{"message":"Provider 已配置","event":"provider_configured","provider":"manual_ai","baseUrl":"http://127.0.0.1:1","keySource":"环境变量 EM_E2E_MANUAL_AI_KEY"},"target":"everything_manual::config::commands"}
{"timestamp":"2026-10-04T16:36:54.142395Z","level":"INFO","fields":{"message":"服务启动","event":"serve_start","listen":"127.0.0.1:18080","dataDir":"/var/folders/5y/y4jt01gd7mzglrwt5pf7p3m00000gn/T/em-web-mvp-e2e/data","securityMode":"loopback","sessionTtlHours":168,"loginRateLimitPerMinute":5,"cookieSecure":false},"target":"everything_manual::config::commands"}
listening on http://127.0.0.1:18080
{"timestamp":"2026-10-04T16:36:54.401890Z","level":"INFO","fields":{"message":"http_request","requestId":"01a107c6-8a00-71df-9c15-8db261b171a6","method":"GET","path":"/api/v1/health/ready","status":200,"errorCode":"-","durationMs":1.2655830000000001},"target":"everything_manual::http::logging"}
{"timestamp":"2026-10-04T16:36:55.613910Z","level":"INFO","fields":{"message":"登录成功（未记录请求体）","requestId":"01a107c6-8dad-702b-8497-c489f48dbe58","adminId":"01a107c6-88f0-74ff-b892-3943c9787456","sessionId":"01a107c6-8ebd-7415-8aee-f8cd81183db2","expiresAt":"2026-10-11T16:36:55.613Z"},"target":"everything_manual::http::auth"}
{"timestamp":"2026-10-04T16:36:55.614036Z","level":"INFO","fields":{"message":"http_request","requestId":"01a107c6-8dad-702b-8497-c489f48dbe58","method":"POST","path":"/api/v1/auth/login","status":200,"errorCode":"-","durationMs":272.360709},"target":"everything_manual::http::logging"}
{"timestamp":"2026-10-04T16:36:55.621316Z","level":"INFO","fields":{"message":"物品已创建","requestId":"01a107c6-8ec4-72f6-943b-4bbbea0bbe81","itemId":"01a107c6-8ec5-75a2-9d5a-c200934c46d4"},"target":"everything_manual::http::items"}
{"timestamp":"2026-10-04T16:36:55.621419Z","level":"INFO","fields":{"message":"http_request","requestId":"01a107c6-8ec4-72f6-943b-4bbbea0bbe81","method":"POST","path":"/api/v1/items","status":201,"errorCode":"-","durationMs":0.738458},"target":"everything_manual::http::logging"}
{"timestamp":"2026-10-04T16:36:55.645864Z","level":"INFO","fields":{"message":"资产已保存","requestId":"01a107c6-8ec8-77da-8031-c63d825901dc","itemId":"01a107c6-8ec5-75a2-9d5a-c200934c46d4","assetId":"01a107c6-8edd-778a-9580-095e022cee5a","purpose":"document","size":1216,"sha256":"e18cf61a61c9f9834a73e7454c9f1c3a50e897908474f21edac4759fd3695cda","deduplicated":false},"target":"everything_manual::http::assets"}
{"timestamp":"2026-10-04T16:36:55.646596Z","level":"INFO","fields":{"message":"http_request","requestId":"01a107c6-8ec8-77da-8031-c63d825901dc","method":"POST","path":"/api/v1/items/01a107c6-8ec5-75a2-9d5a-c200934c46d4/assets","status":201,"errorCode":"-","durationMs":22.526750000000003},"target":"everything_manual::http::logging"}
{"timestamp":"2026-10-04T16:36:55.649934Z","level":"INFO","fields":{"message":"说明书原件已绑定","requestId":"01a107c6-8ee1-7211-af88-0545e2c16d03","itemId":"01a107c6-8ec5-75a2-9d5a-c200934c46d4","documentId":"01a107c6-8ee1-7211-af88-054682306e07","sourceSha256":"e18cf61a61c9f9834a73e7454c9f1c3a50e897908474f21edac4759fd3695cda"},"target":"everything_manual::http::documents"}
{"timestamp":"2026-10-04T16:36:55.650028Z","level":"INFO","fields":{"message":"http_request","requestId":"01a107c6-8ee1-7211-af88-0545e2c16d03","method":"POST","path":"/api/v1/items/01a107c6-8ec5-75a2-9d5a-c200934c46d4/documents","status":201,"errorCode":"-","durationMs":0.871667},"target":"everything_manual::http::logging"}
{"timestamp":"2026-10-04T16:36:55.916409Z","level":"INFO","fields":{"message":"登录成功（未记录请求体）","requestId":"01a107c6-8ee4-7424-9b52-1f22f483e2f1","adminId":"01a107c6-88f0-74ff-b892-3943c9787456","sessionId":"01a107c6-8fec-7552-9b5c-b5cbed466a5c","expiresAt":"2026-10-11T16:36:55.915Z"},"target":"everything_manual::http::auth"}
{"timestamp":"2026-10-04T16:36:55.916526Z","level":"INFO","fields":{"message":"http_request","requestId":"01a107c6-8ee4-7424-9b52-1f22f483e2f1","method":"POST","path":"/api/v1/auth/login","status":200,"errorCode":"-","durationMs":264.293458},"target":"everything_manual::http::logging"}
{"timestamp":"2026-10-04T16:36:55.920307Z","level":"INFO","fields":{"message":"已创建 PDF 准备记录","requestId":"01a107c6-8fef-7256-9419-a9dba2c04c40","documentId":"01a107c6-8ee1-7211-af88-054682306e07","preparationId":"01a107c6-8ff0-7290-b2c0-b0006759dc60"},"target":"everything_manual::http::preparations"}
{"timestamp":"2026-10-04T16:36:55.920421Z","level":"INFO","fields":{"message":"http_request","requestId":"01a107c6-8fef-7256-9419-a9dba2c04c40","method":"POST","path":"/api/v1/documents/01a107c6-8ee1-7211-af88-054682306e07/preparations","status":201,"errorCode":"-","durationMs":0.863458},"target":"everything_manual::http::logging"}
{"timestamp":"2026-10-04T16:36:55.934598Z","level":"INFO","fields":{"message":"资产已保存","requestId":"01a107c6-8ff2-7616-abaf-0623d21d80c8","itemId":"01a107c6-8ec5-75a2-9d5a-c200934c46d4","assetId":"01a107c6-8ffe-710d-a775-a41f4ab5b6d7","purpose":"page_image","size":174,"sha256":"122e645391038b12830365dd96f125b35a78cedcdab5183fc67476c89992c586","deduplicated":false},"target":"everything_manual::http::assets"}
{"timestamp":"2026-10-04T16:36:55.934835Z","level":"INFO","fields":{"message":"http_request","requestId":"01a107c6-8ff2-7616-abaf-0623d21d80c8","method":"POST","path":"/api/v1/items/01a107c6-8ec5-75a2-9d5a-c200934c46d4/assets","status":201,"errorCode":"-","durationMs":11.859125},"target":"everything_manual::http::logging"}
{"timestamp":"2026-10-04T16:36:55.954594Z","level":"INFO","fields":{"message":"资产已保存","requestId":"01a107c6-9001-73eb-bcb6-b68e74d01e8f","itemId":"01a107c6-8ec5-75a2-9d5a-c200934c46d4","assetId":"01a107c6-9012-7666-9876-0ee5e0b74f8c","purpose":"page_text","size":47,"sha256":"56f7d2265fe717f559a79a644ce23fad5d5d6fed4a44894ae2fd2a223609c9f5","deduplicated":false},"target":"everything_manual::http::assets"}
{"timestamp":"2026-10-04T16:36:55.954756Z","level":"INFO","fields":{"message":"http_request","requestId":"01a107c6-9001-73eb-bcb6-b68e74d01e8f","method":"POST","path":"/api/v1/items/01a107c6-8ec5-75a2-9d5a-c200934c46d4/assets","status":201,"errorCode":"-","durationMs":17.159584},"target":"everything_manual::http::logging"}
{"timestamp":"2026-10-04T16:36:55.958684Z","level":"INFO","fields":{"message":"页已写入","requestId":"01a107c6-9015-771b-9033-5cb1a4f8fd15","preparationId":"01a107c6-8ff0-7290-b2c0-b0006759dc60","pageNumber":1,"changed":true},"target":"everything_manual::http::preparations"}
{"timestamp":"2026-10-04T16:36:55.958812Z","level":"INFO","fields":{"message":"http_request","requestId":"01a107c6-9015-771b-9033-5cb1a4f8fd15","method":"PUT","path":"/api/v1/preparations/01a107c6-8ff0-7290-b2c0-b0006759dc60/pages/1","status":200,"errorCode":"-","durationMs":1.343709},"target":"everything_manual::http::logging"}
{"timestamp":"2026-10-04T16:36:55.962077Z","level":"INFO","fields":{"message":"http_request","requestId":"01a107c6-9019-775d-9623-9f92703a0ef1","method":"GET","path":"/api/v1/preparations/01a107c6-8ff0-7290-b2c0-b0006759dc60","status":200,"errorCode":"-","durationMs":0.986375},"target":"everything_manual::http::logging"}
{"timestamp":"2026-10-04T16:36:55.965370Z","level":"INFO","fields":{"message":"准备已封存（不创建 job、不产生费用）","requestId":"01a107c6-901c-7028-84ff-6f7644d517c7","preparationId":"01a107c6-8ff0-7290-b2c0-b0006759dc60","pageCount":1},"target":"everything_manual::http::preparations"}
{"timestamp":"2026-10-04T16:36:55.965469Z","level":"INFO","fields":{"message":"http_request","requestId":"01a107c6-901c-7028-84ff-6f7644d517c7","method":"POST","path":"/api/v1/preparations/01a107c6-8ff0-7290-b2c0-b0006759dc60/complete","status":200,"errorCode":"-","durationMs":0.856667},"target":"everything_manual::http::logging"}
{"timestamp":"2026-10-04T16:36:55.980753Z","level":"INFO","fields":{"message":"资产已保存","requestId":"01a107c6-901f-7249-9ec9-876e00620e9d","itemId":"01a107c6-8ec5-75a2-9d5a-c200934c46d4","assetId":"01a107c6-902c-7324-9097-5884305693fb","purpose":"photo","size":174,"sha256":"122e645391038b12830365dd96f125b35a78cedcdab5183fc67476c89992c586","deduplicated":true},"target":"everything_manual::http::assets"}
{"timestamp":"2026-10-04T16:36:55.980905Z","level":"INFO","fields":{"message":"http_request","requestId":"01a107c6-901f-7249-9ec9-876e00620e9d","method":"POST","path":"/api/v1/items/01a107c6-8ec5-75a2-9d5a-c200934c46d4/assets","status":201,"errorCode":"-","durationMs":13.324041},"target":"everything_manual::http::logging"}
{"timestamp":"2026-10-04T16:36:55.983739Z","level":"INFO","fields":{"message":"视图照片已添加","requestId":"01a107c6-902e-7683-9817-31b3528b4b09","itemId":"01a107c6-8ec5-75a2-9d5a-c200934c46d4","photoId":"01a107c6-902f-7204-82ec-f321b7bcee7f","view":"front"},"target":"everything_manual::http::photos"}
{"timestamp":"2026-10-04T16:36:55.983839Z","level":"INFO","fields":{"message":"http_request","requestId":"01a107c6-902e-7683-9817-31b3528b4b09","method":"POST","path":"/api/v1/items/01a107c6-8ec5-75a2-9d5a-c200934c46d4/photos","status":201,"errorCode":"-","durationMs":0.893708},"target":"everything_manual::http::logging"}
{"timestamp":"2026-10-04T16:36:56.002873Z","level":"INFO","fields":{"message":"资产已保存","requestId":"01a107c6-9032-72cf-9bc6-e26735af5b49","itemId":"01a107c6-8ec5-75a2-9d5a-c200934c46d4","assetId":"01a107c6-9042-7124-9cad-07d9af0fbb81","purpose":"photo","size":12420,"sha256":"0a74e5a5b542aa62440b48aee24838b664802bf5a98cd73fed45123cd7d2c890","deduplicated":false},"target":"everything_manual::http::assets"}
{"timestamp":"2026-10-04T16:36:56.003031Z","level":"INFO","fields":{"message":"http_request","requestId":"01a107c6-9032-72cf-9bc6-e26735af5b49","method":"POST","path":"/api/v1/items/01a107c6-8ec5-75a2-9d5a-c200934c46d4/assets","status":201,"errorCode":"-","durationMs":16.835708},"target":"everything_manual::http::logging"}
{"timestamp":"2026-10-04T16:36:56.006131Z","level":"INFO","fields":{"message":"视图照片已添加","requestId":"01a107c6-9045-743b-b744-50fdb09ecfbe","itemId":"01a107c6-8ec5-75a2-9d5a-c200934c46d4","photoId":"01a107c6-9045-743b-b744-50fe9de63b95","view":"left"},"target":"everything_manual::http::photos"}
{"timestamp":"2026-10-04T16:36:56.006231Z","level":"INFO","fields":{"message":"http_request","requestId":"01a107c6-9045-743b-b744-50fdb09ecfbe","method":"POST","path":"/api/v1/items/01a107c6-8ec5-75a2-9d5a-c200934c46d4/photos","status":201,"errorCode":"-","durationMs":0.863708},"target":"everything_manual::http::logging"}
{"timestamp":"2026-10-04T16:36:59.482529Z","level":"INFO","fields":{"message":"登录成功（未记录请求体）","requestId":"01a107c6-9ccf-7102-b873-42fb8af2672c","adminId":"01a107c6-88f0-74ff-b892-3943c9787456","sessionId":"01a107c6-9dda-72ff-9131-a1a7f3a6eff4","expiresAt":"2026-10-11T16:36:59.481Z"},"target":"everything_manual::http::auth"}
{"timestamp":"2026-10-04T16:36:59.482795Z","level":"INFO","fields":{"message":"http_request","requestId":"01a107c6-9ccf-7102-b873-42fb8af2672c","method":"POST","path":"/api/v1/auth/login","status":200,"errorCode":"-","durationMs":267.08329200000003},"target":"everything_manual::http::logging"}
{"timestamp":"2026-10-04T16:36:59.558986Z","level":"INFO","fields":{"message":"http_request","requestId":"01a107c6-9e25-72fb-8c08-a6098b2e3fc6","method":"GET","path":"/api/v1/items","status":200,"errorCode":"-","durationMs":1.471458},"target":"everything_manual::http::logging"}
{"timestamp":"2026-10-04T16:36:59.561236Z","level":"INFO","fields":{"message":"http_request","requestId":"01a107c6-9e25-72fb-8c08-a60a85d3b429","method":"GET","path":"/api/v1/jobs/activity","status":200,"errorCode":"-","durationMs":3.6895000000000002},"target":"everything_manual::http::logging"}
{"timestamp":"2026-10-04T16:36:59.573708Z","level":"INFO","fields":{"message":"http_request","requestId":"01a107c6-9e33-7030-af63-ea9409999085","method":"GET","path":"/api/v1/items/summaries","status":200,"errorCode":"-","durationMs":2.639875},"target":"everything_manual::http::logging"}
{"timestamp":"2026-10-04T16:36:59.906591Z","level":"INFO","fields":{"message":"http_request","requestId":"01a107c6-9f82-7630-898a-992d10db2582","method":"GET","path":"/api/v1/auth/session","status":200,"errorCode":"-","durationMs":0.481834},"target":"everything_manual::http::logging"}
{"timestamp":"2026-10-04T16:36:59.930382Z","level":"INFO","fields":{"message":"http_request","requestId":"01a107c6-9f99-7685-b5ea-c94b3b7596d0","method":"GET","path":"/api/v1/jobs/activity","status":200,"errorCode":"-","durationMs":1.009083},"target":"everything_manual::http::logging"}
{"timestamp":"2026-10-04T16:36:59.931868Z","level":"INFO","fields":{"message":"http_request","requestId":"01a107c6-9f99-7685-b5ea-c9499cfaa3e7","method":"GET","path":"/api/v1/items/summaries","status":200,"errorCode":"-","durationMs":2.5757499999999998},"target":"everything_manual::http::logging"}
{"timestamp":"2026-10-04T16:36:59.932307Z","level":"INFO","fields":{"message":"http_request","requestId":"01a107c6-9f99-7685-b5ea-c94a25b1c09e","method":"GET","path":"/api/v1/items/01a107c6-8ec5-75a2-9d5a-c200934c46d4","status":200,"errorCode":"-","durationMs":3.007958},"target":"everything_manual::http::logging"}
{"timestamp":"2026-10-04T16:36:59.939001Z","level":"INFO","fields":{"message":"http_request","requestId":"01a107c6-9fa0-7441-9feb-aea31cfd47d3","method":"GET","path":"/api/v1/items/01a107c6-8ec5-75a2-9d5a-c200934c46d4/documents","status":200,"errorCode":"-","durationMs":2.84425},"target":"everything_manual::http::logging"}
{"timestamp":"2026-10-04T16:36:59.939996Z","level":"INFO","fields":{"message":"http_request","requestId":"01a107c6-9fa3-7003-82e2-f7adf7b88e73","method":"GET","path":"/api/v1/items/01a107c6-8ec5-75a2-9d5a-c200934c46d4/documents","status":200,"errorCode":"-","durationMs":0.825458},"target":"everything_manual::http::logging"}
{"timestamp":"2026-10-04T16:36:59.943826Z","level":"INFO","fields":{"message":"http_request","requestId":"01a107c6-9fa7-7484-967e-42fcaa24bef9","method":"GET","path":"/api/v1/settings/status","status":200,"errorCode":"-","durationMs":0.509833},"target":"everything_manual::http::logging"}
{"timestamp":"2026-10-04T16:36:59.944308Z","level":"INFO","fields":{"message":"http_request","requestId":"01a107c6-9fa6-776d-b281-98d16bae3523","method":"GET","path":"/api/v1/items/01a107c6-8ec5-75a2-9d5a-c200934c46d4/photos","status":200,"errorCode":"-","durationMs":1.5403330000000002},"target":"everything_manual::http::logging"}
{"timestamp":"2026-10-04T16:36:59.959325Z","level":"INFO","fields":{"message":"http_request","requestId":"01a107c6-9fb6-7318-ae07-a610efacbb13","method":"GET","path":"/api/v1/preparations/01a107c6-8ff0-7290-b2c0-b0006759dc60","status":200,"errorCode":"-","durationMs":1.2193749999999999},"target":"everything_manual::http::logging"}
{"timestamp":"2026-10-04T16:36:59.959411Z","level":"INFO","fields":{"message":"http_request","requestId":"01a107c6-9fb5-7006-9647-4fa3608d3b20","method":"GET","path":"/api/v1/documents/01a107c6-8ee1-7211-af88-054682306e07/preparations","status":200,"errorCode":"-","durationMs":2.1713750000000003},"target":"everything_manual::http::logging"}
{"timestamp":"2026-10-04T16:36:59.977617Z","level":"INFO","fields":{"message":"http_request","requestId":"01a107c6-9fc7-7339-b487-aa6bbcd5d44f","method":"GET","path":"/api/v1/preparations/01a107c6-8ff0-7290-b2c0-b0006759dc60","status":200,"errorCode":"-","durationMs":1.707792},"target":"everything_manual::http::logging"}
{"timestamp":"2026-10-04T16:37:00.020516Z","level":"INFO","fields":{"message":"报价已生成（只计算计划，不调用生成服务）","requestId":"01a107c6-9fe8-777b-a5f2-9364e8a55492","itemId":"01a107c6-8ec5-75a2-9d5a-c200934c46d4","quoteId":"01a107c6-9ff2-7466-b108-f2f2eff5f942","pageCount":1},"target":"everything_manual::http::estimates"}
{"timestamp":"2026-10-04T16:37:00.020853Z","level":"INFO","fields":{"message":"http_request","requestId":"01a107c6-9fe8-777b-a5f2-9364e8a55492","method":"POST","path":"/api/v1/items/01a107c6-8ec5-75a2-9d5a-c200934c46d4/estimates","status":201,"errorCode":"-","durationMs":12.596167},"target":"everything_manual::http::logging"}
{"timestamp":"2026-10-04T16:37:00.096981Z","level":"INFO","fields":{"message":"http_request","requestId":"01a107c6-a03e-74da-b229-5b2be9f76d49","method":"GET","path":"/api/v1/items/summaries","status":200,"errorCode":"-","durationMs":2.791292},"target":"everything_manual::http::logging"}
{"timestamp":"2026-10-04T16:37:00.313108Z","level":"INFO","fields":{"message":"云端发送确认已记录（audit_events）","requestId":"01a107c6-a115-711c-a140-ba7a2b67c7e9","quoteId":"01a107c6-9ff2-7466-b108-f2f2eff5f942","alreadyConfirmed":false},"target":"everything_manual::http::estimates"}
{"timestamp":"2026-10-04T16:37:00.313350Z","level":"INFO","fields":{"message":"http_request","requestId":"01a107c6-a115-711c-a140-ba7a2b67c7e9","method":"POST","path":"/api/v1/items/01a107c6-8ec5-75a2-9d5a-c200934c46d4/estimates/01a107c6-9ff2-7466-b108-f2f2eff5f942/confirm","status":200,"errorCode":"-","durationMs":4.003292},"target":"everything_manual::http::logging"}
{"timestamp":"2026-10-04T16:37:00.329785Z","level":"INFO","fields":{"message":"http_request","requestId":"01a107c6-a123-705c-88ab-d9ccebf4bfcf","method":"GET","path":"/api/v1/items/summaries","status":200,"errorCode":"-","durationMs":6.025041},"target":"everything_manual::http::logging"}
{"timestamp":"2026-10-04T16:37:00.716268Z","level":"INFO","fields":{"message":"http_request","requestId":"01a107c6-a2ab-7517-adfd-7806cd9c4412","method":"GET","path":"/api/v1/auth/session","status":200,"errorCode":"-","durationMs":0.304416},"target":"everything_manual::http::logging"}
{"timestamp":"2026-10-04T16:37:00.727597Z","level":"INFO","fields":{"message":"http_request","requestId":"01a107c6-a2b7-71dc-b664-b792309f7652","method":"GET","path":"/api/v1/jobs/activity","status":200,"errorCode":"-","durationMs":0.5568329999999999},"target":"everything_manual::http::logging"}
{"timestamp":"2026-10-04T16:37:01.294569Z","level":"INFO","fields":{"message":"任务执行器已停止领取","event":"job_executor_stopped","owner":"64278:01a107c6-88fe-76ba-8502-765005049c74"},"target":"everything_manual::jobs::executor"}
{"timestamp":"2026-10-04T16:37:01.299610Z","level":"INFO","fields":{"message":"收到终止信号，服务已停止","event":"serve_stop"},"target":"everything_manual::config::commands"}
已停止：data-dir 排他锁已释放。

[e2e] server exited with code 0
