
> everything-manual-web@0.1.0 build
> tsc --noEmit && vite build

  pdfjs-dist 6.3.289 本地资源：cmaps=169 standard_fonts=16 wasm=13 iccs=2
vite v8.3.0 building client environment for production...
transforming...
✓ 161 modules transformed.
rendering chunks...
computing gzip size...
dist/index.html                                    0.53 kB │ gzip:   0.34 kB
dist/assets/pdf.worker.min-Dswkl-cV.mjs        1,265.41 kB
dist/assets/index-CE8-SplE.css                    18.90 kB │ gzip:   3.98 kB
dist/assets/ReleaseListPage-G0YMfYQG.js            1.69 kB │ gzip:   0.97 kB
dist/assets/OriginalDocumentPanel-BHYKztbs.js      3.33 kB │ gzip:   1.53 kB
dist/assets/ReleaseReaderPage-BnKsNYso.js          7.43 kB │ gzip:   2.93 kB
dist/assets/jsx-runtime-D3jfb0Ew.js                8.90 kB │ gzip:   3.38 kB
dist/assets/PreparePage-D-3r--ih.js                9.78 kB │ gzip:   3.61 kB
dist/assets/ViewerPanel-C9eT-R6D.js               12.18 kB │ gzip:   4.60 kB
dist/assets/ReviewWorkspacePage-CBuRNkIF.js       30.09 kB │ gzip:   9.64 kB
dist/assets/index-D2JcMJ4C.js                    409.20 kB │ gzip: 123.86 kB
dist/assets/prepare-CtQEyV7y.js                  432.92 kB │ gzip: 130.28 kB
dist/assets/ViewerStage-lNwz4s_i.js              969.77 kB │ gzip: 258.64 kB

✓ built in 269ms
[plugin em-pdfjs-vendor]   vendor/pdfjs 已写入 dist/vendor/pdfjs（cmaps=169 standard_fonts=16 wasm=13 iccs=2）
[plugin builtin:vite-reporter] 
(!) Some chunks are larger than 500 kB after minification. Consider:
- Using dynamic import() to code-split the application
- Use build.rolldownOptions.output.codeSplitting to improve chunking: https://rolldown.rs/reference/OutputOptions.codeSplitting
- Adjust chunk size limit for this warning via build.chunkSizeWarningLimit.
