warning: `/Users/qsyj/.cargo/config` is deprecated in favor of `config.toml`
  |
  = help: if you need to support cargo 1.38 or earlier, you can symlink `config` to `config.toml`
   Compiling proc-macro2 v1.0.107
   Compiling quote v1.0.47
   Compiling unicode-ident v1.0.24
   Compiling libc v0.2.189
   Compiling futures-core v0.3.34
   Compiling pin-project-lite v0.2.17
   Compiling stable_deref_trait v1.2.1
   Compiling bytes v1.12.1
   Compiling find-msvc-tools v0.1.12
   Compiling shlex v2.0.1
   Compiling once_cell v1.21.4
   Compiling memchr v2.8.3
   Compiling pkg-config v0.3.34
   Compiling cfg-if v1.0.4
   Compiling version_check v0.9.5
   Compiling itoa v1.0.18
   Compiling writeable v0.6.4
   Compiling serde_core v1.0.229
   Compiling litemap v0.8.3
   Compiling serde v1.0.229
   Compiling icu_normalizer_data v2.3.0
   Compiling utf8_iter v1.0.4
   Compiling generic-array v0.14.7
   Compiling futures-io v0.3.34
   Compiling slab v0.4.12
   Compiling icu_properties_data v2.3.0
   Compiling futures-task v0.3.34
   Compiling scopeguard v1.2.0
   Compiling smallvec v1.16.1
   Compiling typenum v1.20.1
   Compiling lock_api v0.4.14
   Compiling percent-encoding v2.3.2
   Compiling futures-sink v0.3.34
   Compiling tracing-core v0.1.36
   Compiling jobserver v0.1.35
   Compiling cc v1.4.5
   Compiling socket2 v0.6.5
   Compiling mio v1.2.3
   Compiling syn v3.0.5
   Compiling syn v2.0.119
   Compiling errno v0.3.14
   Compiling signal-hook-registry v1.4.8
   Compiling log v0.4.34
   Compiling subtle v2.6.1
   Compiling parking_lot_core v0.9.12
   Compiling form_urlencoded v1.2.2
   Compiling cmake v0.1.58
   Compiling zmij v1.0.23
   Compiling equivalent v1.0.2
   Compiling fs_extra v1.3.0
   Compiling dunce v1.0.5
   Compiling aws-lc-sys v0.45.0
   Compiling futures-util v0.3.34
   Compiling vcpkg v0.2.15
   Compiling block-buffer v0.10.4
   Compiling crypto-common v0.1.7
   Compiling cpufeatures v0.2.17
   Compiling http v1.5.0
   Compiling hashbrown v0.17.1
   Compiling crossbeam-utils v0.8.23
   Compiling spin v0.9.9
   Compiling synstructure v0.13.2
   Compiling allocator-api2 v0.2.21
   Compiling thiserror v2.0.20
   Compiling foldhash v0.2.0
   Compiling aws-lc-rs v1.18.1
   Compiling autocfg v1.5.1
   Compiling hashbrown v0.16.1
   Compiling zerovec-derive v0.11.6
   Compiling displaydoc v0.2.7
   Compiling serde_derive v1.0.229
   Compiling tokio-macros v2.7.2
   Compiling num-traits v0.2.19
   Compiling zerofrom-derive v0.1.7
   Compiling yoke-derive v0.8.2
   Compiling tracing-attributes v0.1.31
   Compiling tokio v1.53.1
   Compiling thiserror-impl v2.0.20
   Compiling zerofrom v0.1.8
   Compiling http-body v1.1.0
   Compiling tracing v0.1.44
   Compiling httparse v1.10.1
   Compiling parking v2.2.1
   Compiling crc-catalog v2.5.0
   Compiling zeroize v1.9.0
   Compiling crc v3.4.0
   Compiling yoke v0.8.3
   Compiling event-listener v5.4.2
   Compiling hashlink v0.11.1
   Compiling crossbeam-queue v0.3.14
   Compiling digest v0.10.7
   Compiling futures-channel v0.3.34
   Compiling rustversion v1.0.23
   Compiling serde_json v1.0.151
   Compiling tower-service v0.3.3
   Compiling base64 v0.22.1
   Compiling zerovec v0.11.8
   Compiling zerotrie v0.2.5
   Compiling parking_lot v0.12.5
   Compiling rustls-pki-types v1.15.1
   Compiling libsqlite3-sys v0.37.0
   Compiling try-lock v0.2.5
   Compiling untrusted v0.9.0
   Compiling rustls v0.23.44
   Compiling want v0.3.1
   Compiling sha2 v0.10.9
   Compiling either v1.18.0
   Compiling tinystr v0.8.4
   Compiling potential_utf v0.1.6
   Compiling icu_collections v2.3.0
   Compiling icu_locale_core v2.3.0
   Compiling futures-intrusive v0.5.0
   Compiling atoi v2.0.0
   Compiling indexmap v2.14.2
   Compiling sync_wrapper v1.0.2
   Compiling httpdate v1.0.3
   Compiling icu_provider v2.3.1
   Compiling tower-layer v0.3.3
   Compiling icu_properties v2.3.0
   Compiling icu_normalizer v2.3.0
   Compiling core-foundation-sys v0.8.7
   Compiling atomic-waker v1.1.2
   Compiling heck v0.5.0
   Compiling mime v0.3.17
   Compiling hyper v1.11.1
   Compiling futures-executor v0.3.34
   Compiling idna_adapter v1.2.2
   Compiling encoding_rs v0.8.41
   Compiling idna v1.1.0
   Compiling tokio-stream v0.1.19
   Compiling url v2.5.8
   Compiling flume v0.12.0
   Compiling sqlx-core v0.9.0
   Compiling unicase v2.9.0
   Compiling utf8parse v0.2.2
   Compiling ipnet v2.12.2
   Compiling getrandom v0.4.3
   Compiling bitflags v2.13.2
   Compiling hyper-util v0.1.20
   Compiling mime_guess v2.0.5
   Compiling anstyle-parse v1.0.0
   Compiling core-foundation v0.10.1
   Compiling security-framework-sys v2.17.0
   Compiling tower v0.5.3
   Compiling http-body-util v0.1.5
   Compiling multer v3.1.0
   Compiling dotenvy v0.15.7
   Compiling colorchoice v1.0.5
   Compiling simdutf8 v0.1.5
   Compiling time-core v0.1.9
   Compiling anstyle-query v1.1.5
   Compiling multiversion_no_op v1.0.0
   Compiling is_terminal_polyfill v1.70.2
   Compiling hex v0.4.3
   Compiling deranged v0.5.8
   Compiling anstyle v1.0.14
   Compiling num-conv v0.2.2
   Compiling sqlx-sqlite v0.9.0
   Compiling powerfmt v0.2.0
   Compiling anstream v1.0.0
   Compiling time v0.3.55
   Compiling security-framework v3.7.0
   Compiling sqlx-macros-core v0.9.0
   Compiling clap_lex v1.1.0
   Compiling strsim v0.11.1
   Compiling winnow v1.0.4
   Compiling base64ct v1.8.3
   Compiling ryu v1.0.23
   Compiling lazy_static v1.5.0
   Compiling rand_core v0.6.4
   Compiling serde_urlencoded v0.7.1
   Compiling toml_parser v1.1.3+spec-1.1.0
   Compiling sharded-slab v0.1.7
   Compiling password-hash v0.5.0
   Compiling clap_builder v4.6.6
   Compiling sqlx-macros v0.9.0
   Compiling uuid v1.26.1
   Compiling axum-core v0.5.6
   Compiling tower-http v0.6.11
   Compiling clap_derive v4.6.4
   Compiling tracing-serde v0.2.0
   Compiling tokio-util v0.7.19
   Compiling blake2 v0.10.6
   Compiling utoipa-gen v5.5.0
   Compiling toml_datetime v1.1.1+spec-1.1.0
   Compiling serde_spanned v1.1.1
   Compiling serde_path_to_error v0.1.20
   Compiling tracing-log v0.2.0
   Compiling thread_local v1.1.10
   Compiling matchit v0.8.4
   Compiling nu-ansi-term v0.50.3
   Compiling base64 v0.23.1
   Compiling toml_writer v1.1.2+spec-1.1.0
   Compiling anyhow v1.0.104
   Compiling everything-manual v0.1.0 (/Users/qsyj/Code/rust/everything-manual/crates/server)
   Compiling clap v4.6.6
   Compiling toml v1.1.6+spec-1.1.0
   Compiling tracing-subscriber v0.3.23
   Compiling axum v0.8.9
   Compiling sqlx v0.9.0
   Compiling argon2 v0.5.3
   Compiling manual-core v0.1.0 (/Users/qsyj/Code/rust/everything-manual/crates/core)
   Compiling utoipa v5.5.0
   Compiling rustls-webpki v0.103.15
   Compiling tokio-rustls v0.26.5
   Compiling rustls-platform-verifier v0.7.0
   Compiling hyper-rustls v0.27.9
   Compiling reqwest v0.13.5
   Compiling xtask v0.1.0 (/Users/qsyj/Code/rust/everything-manual/xtask)
    Finished `dev` profile [unoptimized + debuginfo] target(s) in 55.00s
     Running `target/debug/xtask dist --target aarch64-apple-darwin --check-reproducible`
$ (cd /Users/qsyj/Code/rust/everything-manual/apps/web && npm ci)

added 294 packages in 2s
$ (cd /Users/qsyj/Code/rust/everything-manual/apps/web && npm run typecheck)

> everything-manual-web@0.1.0 typecheck
> tsc --noEmit

$ (cd /Users/qsyj/Code/rust/everything-manual/apps/web && npm run test -- --run)

> everything-manual-web@0.1.0 test
> vitest run --run


 RUN  v5.0.0 /Users/qsyj/Code/rust/everything-manual/apps/web


 Test Files  16 passed (16)
      Tests  130 passed (130)
   Start at  00:01:59
   Duration  3.29s (environment 57%, tests 17%, transform 13%, setup 8%, import 4%, worker 1%)

Environment  jsdom was created 16 times · 9.63s total, 57% of tracked time
             create it once per worker with pool: 'vmThreads' (keeps per-file isolation) or isolate: false (shares it across files)
             learn more: https://vitest.dev/guide/improving-performance#test-environments

$ (cd /Users/qsyj/Code/rust/everything-manual/apps/web && npm run build)

> everything-manual-web@0.1.0 build
> tsc --noEmit && vite build

  pdfjs-dist 6.3.289 本地资源：cmaps=169 standard_fonts=16 wasm=13 iccs=2
vite v8.3.0 building client environment for production...
transforming...
✓ 161 modules transformed.
rendering chunks...
computing gzip size...
dist/index.html                                    0.53 kB │ gzip:   0.34 kB
dist/assets/pdf.worker.min-Dswkl-cV.mjs        1,265.41 kB
dist/assets/index-CE8-SplE.css                    18.90 kB │ gzip:   3.98 kB
dist/assets/ReleaseListPage-G0YMfYQG.js            1.69 kB │ gzip:   0.97 kB
dist/assets/OriginalDocumentPanel-BHYKztbs.js      3.33 kB │ gzip:   1.53 kB
dist/assets/ReleaseReaderPage-BnKsNYso.js          7.43 kB │ gzip:   2.93 kB
dist/assets/jsx-runtime-D3jfb0Ew.js                8.90 kB │ gzip:   3.38 kB
dist/assets/PreparePage-D-3r--ih.js                9.78 kB │ gzip:   3.61 kB
dist/assets/ViewerPanel-C9eT-R6D.js               12.18 kB │ gzip:   4.60 kB
dist/assets/ReviewWorkspacePage-CBuRNkIF.js       30.09 kB │ gzip:   9.64 kB
dist/assets/index-D2JcMJ4C.js                    409.20 kB │ gzip: 123.86 kB
dist/assets/prepare-CtQEyV7y.js                  432.92 kB │ gzip: 130.28 kB
dist/assets/ViewerStage-lNwz4s_i.js              969.77 kB │ gzip: 258.64 kB

✓ built in 614ms
[plugin builtin:vite-reporter] 
(!) Some chunks are larger than 500 kB after minification. Consider:
- Using dynamic import() to code-split the application
- Use build.rolldownOptions.output.codeSplitting to improve chunking: https://rolldown.rs/reference/OutputOptions.codeSplitting
- Adjust chunk size limit for this warning via build.chunkSizeWarningLimit.
[plugin em-pdfjs-vendor]   vendor/pdfjs 已写入 dist/vendor/pdfjs（cmaps=169 standard_fonts=16 wasm=13 iccs=2）
$ (cd /Users/qsyj/Code/rust/everything-manual && RUSTFLAGS="--remap-path-prefix=/Users/qsyj=/build/home --remap-path-prefix=/Users/qsyj/Code/rust/everything-manual=/build/repo" cargo build --release --locked --features embedded-ui --target aarch64-apple-darwin --package everything-manual)
warning: `/Users/qsyj/.cargo/config` is deprecated in favor of `config.toml`
  |
  = help: if you need to support cargo 1.38 or earlier, you can symlink `config` to `config.toml`
   Compiling proc-macro2 v1.0.107
   Compiling quote v1.0.47
   Compiling unicode-ident v1.0.24
   Compiling libc v0.2.189
   Compiling version_check v0.9.5
   Compiling find-msvc-tools v0.1.12
   Compiling shlex v2.0.1
   Compiling pkg-config v0.3.34
   Compiling pin-project-lite v0.2.17
   Compiling icu_properties_data v2.3.0
   Compiling icu_normalizer_data v2.3.0
   Compiling futures-core v0.3.34
   Compiling generic-array v0.14.7
   Compiling serde v1.0.229
   Compiling serde_core v1.0.229
   Compiling bytes v1.12.1
   Compiling cfg-if v1.0.4
   Compiling typenum v1.20.1
   Compiling once_cell v1.21.4
   Compiling stable_deref_trait v1.2.1
   Compiling itoa v1.0.18
   Compiling smallvec v1.16.1
   Compiling futures-sink v0.3.34
   Compiling memchr v2.8.3
   Compiling parking_lot_core v0.9.12
   Compiling tracing-core v0.1.36
   Compiling zmij v1.0.23
   Compiling subtle v2.6.1
   Compiling log v0.4.34
   Compiling crossbeam-utils v0.8.23
   Compiling syn v3.0.5
   Compiling syn v2.0.119
   Compiling dunce v1.0.5
   Compiling fs_extra v1.3.0
   Compiling jobserver v0.1.35
   Compiling autocfg v1.5.1
   Compiling errno v0.3.14
   Compiling socket2 v0.6.5
   Compiling signal-hook-registry v1.4.8
   Compiling cc v1.4.5
   Compiling mio v1.2.3
   Compiling litemap v0.8.3
   Compiling futures-task v0.3.34
   Compiling writeable v0.6.4
   Compiling slab v0.4.12
   Compiling futures-io v0.3.34
   Compiling num-traits v0.2.19
   Compiling cmake v0.1.58
   Compiling futures-util v0.3.34
   Compiling thiserror v2.0.20
   Compiling vcpkg v0.2.15
   Compiling scopeguard v1.2.0
   Compiling percent-encoding v2.3.2
   Compiling utf8_iter v1.0.4
   Compiling aws-lc-sys v0.45.0
   Compiling http v1.5.0
   Compiling synstructure v0.13.2
   Compiling lock_api v0.4.14
   Compiling aws-lc-rs v1.18.1
   Compiling unicase v2.9.0
   Compiling http-body v1.1.0
   Compiling zerovec-derive v0.11.6
   Compiling displaydoc v0.2.7
   Compiling serde_derive v1.0.229
   Compiling tokio-macros v2.7.2
   Compiling thiserror-impl v2.0.20
   Compiling zerofrom-derive v0.1.7
   Compiling yoke-derive v0.8.2
   Compiling tracing-attributes v0.1.31
   Compiling tokio v1.53.1
   Compiling block-buffer v0.10.4
   Compiling crypto-common v0.1.7
   Compiling form_urlencoded v1.2.2
   Compiling zerofrom v0.1.8
   Compiling tracing v0.1.44
   Compiling yoke v0.8.3
   Compiling equivalent v1.0.2
   Compiling httparse v1.10.1
   Compiling zeroize v1.9.0
   Compiling digest v0.10.7
   Compiling zerovec v0.11.8
   Compiling zerotrie v0.2.5
   Compiling hybrid-array v0.4.15
   Compiling futures-channel v0.3.34
   Compiling rustversion v1.0.23
   Compiling tinystr v0.8.4
   Compiling potential_utf v0.1.6
   Compiling icu_locale_core v2.3.0
   Compiling icu_collections v2.3.0
   Compiling serde_json v1.0.151
   Compiling base64 v0.22.1
   Compiling tower-service v0.3.3
   Compiling allocator-api2 v0.2.21
   Compiling icu_provider v2.3.1
   Compiling icu_normalizer v2.3.0
   Compiling icu_properties v2.3.0
   Compiling foldhash v0.2.0
   Compiling hashbrown v0.16.1
   Compiling idna_adapter v1.2.2
   Compiling idna v1.1.0
   Compiling parking_lot v0.12.5
   Compiling rustls-pki-types v1.15.1
   Compiling libsqlite3-sys v0.37.0
   Compiling cpufeatures v0.2.17
   Compiling rustls v0.23.44
   Compiling crc-catalog v2.5.0
   Compiling parking v2.2.1
   Compiling try-lock v0.2.5
   Compiling hashbrown v0.17.1
   Compiling untrusted v0.9.0
   Compiling want v0.3.1
   Compiling event-listener v5.4.2
   Compiling crc v3.4.0
   Compiling sha2 v0.10.9
   Compiling indexmap v2.14.2
   Compiling futures-intrusive v0.5.0
   Compiling either v1.18.0
   Compiling crossbeam-queue v0.3.14
   Compiling url v2.5.8
   Compiling tokio-stream v0.1.19
   Compiling hashlink v0.11.1
   Compiling crypto-common v0.2.2
   Compiling block-buffer v0.12.1
   Compiling spin v0.9.9
   Compiling sync_wrapper v1.0.2
   Compiling httpdate v1.0.3
   Compiling core-foundation-sys v0.8.7
   Compiling heck v0.5.0
   Compiling mime v0.3.17
   Compiling tower-layer v0.3.3
   Compiling const-oid v0.10.2
   Compiling atomic-waker v1.1.2
   Compiling hyper v1.11.1
   Compiling sqlx-core v0.9.0
   Compiling digest v0.11.3
   Compiling flume v0.12.0
   Compiling encoding_rs v0.8.41
   Compiling atoi v2.0.0
   Compiling futures-executor v0.3.34
   Compiling mime_guess v2.0.5
   Compiling cpufeatures v0.3.1
   Compiling getrandom v0.4.3
   Compiling ipnet v2.12.2
   Compiling utf8parse v0.2.2
   Compiling bitflags v2.13.2
   Compiling same-file v1.0.6
   Compiling hyper-util v0.1.20
   Compiling walkdir v2.5.0
   Compiling anstyle-parse v1.0.0
   Compiling sha2 v0.11.0
   Compiling sqlx-sqlite v0.9.0
   Compiling tower v0.5.3
   Compiling security-framework-sys v2.17.0
   Compiling core-foundation v0.10.1
   Compiling http-body-util v0.1.5
   Compiling multer v3.1.0
   Compiling anstyle-query v1.1.5
   Compiling deranged v0.5.8
   Compiling time-core v0.1.9
   Compiling hex v0.4.3
   Compiling simdutf8 v0.1.5
   Compiling anstyle v1.0.14
   Compiling num-conv v0.2.2
   Compiling dotenvy v0.15.7
   Compiling colorchoice v1.0.5
   Compiling is_terminal_polyfill v1.70.2
   Compiling powerfmt v0.2.0
   Compiling multiversion_no_op v1.0.0
   Compiling sqlx-macros-core v0.9.0
   Compiling anstream v1.0.0
   Compiling time v0.3.55
   Compiling security-framework v3.7.0
   Compiling rust-embed-utils v8.12.0
   Compiling winnow v1.0.4
   Compiling ryu v1.0.23
   Compiling clap_lex v1.1.0
   Compiling strsim v0.11.1
   Compiling base64ct v1.8.3
   Compiling rand_core v0.6.4
   Compiling lazy_static v1.5.0
   Compiling password-hash v0.5.0
   Compiling sharded-slab v0.1.7
   Compiling clap_builder v4.6.6
   Compiling serde_urlencoded v0.7.1
   Compiling toml_parser v1.1.3+spec-1.1.0
   Compiling uuid v1.26.1
   Compiling rust-embed-impl v8.12.0
   Compiling sqlx-macros v0.9.0
   Compiling axum-core v0.5.6
   Compiling tower-http v0.6.11
   Compiling clap_derive v4.6.4
   Compiling tokio-util v0.7.19
   Compiling tracing-serde v0.2.0
   Compiling blake2 v0.10.6
   Compiling utoipa-gen v5.5.0
   Compiling toml_datetime v1.1.1+spec-1.1.0
   Compiling serde_path_to_error v0.1.20
   Compiling serde_spanned v1.1.1
   Compiling tracing-log v0.2.0
   Compiling thread_local v1.1.10
   Compiling nu-ansi-term v0.50.3
   Compiling toml_writer v1.1.2+spec-1.1.0
   Compiling matchit v0.8.4
   Compiling base64 v0.23.1
   Compiling everything-manual v0.1.0 (/Users/qsyj/Code/rust/everything-manual/crates/server)
   Compiling axum v0.8.9
   Compiling toml v1.1.6+spec-1.1.0
   Compiling tracing-subscriber v0.3.23
   Compiling clap v4.6.6
   Compiling argon2 v0.5.3
   Compiling rust-embed v8.12.0
   Compiling manual-core v0.1.0 (/Users/qsyj/Code/rust/everything-manual/crates/core)
   Compiling utoipa v5.5.0
   Compiling sqlx v0.9.0
   Compiling rustls-webpki v0.103.15
   Compiling tokio-rustls v0.26.5
   Compiling rustls-platform-verifier v0.7.0
   Compiling hyper-rustls v0.27.9
   Compiling reqwest v0.13.5
    Finished `release` profile [optimized] target(s) in 1m 32s

[可复现] 清理本包构件并重新构建（独立重链接）…
$ (cd /Users/qsyj/Code/rust/everything-manual && cargo clean --package everything-manual --release --target aarch64-apple-darwin)
warning: `/Users/qsyj/.cargo/config` is deprecated in favor of `config.toml`
  |
  = help: if you need to support cargo 1.38 or earlier, you can symlink `config` to `config.toml`
     Removed 30 files, 212.2MiB total
$ (cd /Users/qsyj/Code/rust/everything-manual && RUSTFLAGS="--remap-path-prefix=/Users/qsyj=/build/home --remap-path-prefix=/Users/qsyj/Code/rust/everything-manual=/build/repo" cargo build --release --locked --features embedded-ui --target aarch64-apple-darwin --package everything-manual)
warning: `/Users/qsyj/.cargo/config` is deprecated in favor of `config.toml`
  |
  = help: if you need to support cargo 1.38 or earlier, you can symlink `config` to `config.toml`
   Compiling everything-manual v0.1.0 (/Users/qsyj/Code/rust/everything-manual/crates/server)
    Finished `release` profile [optimized] target(s) in 33.80s
[可复现] 两次独立构建 sha256 一致：ab693cc3c881a6ee355fd969d24a419c6221b010aeb20a296c19b6553d198333

dist 完成：
  binary : /Users/qsyj/Code/rust/everything-manual/dist/aarch64-apple-darwin/everything-manual
  sha256 : ab693cc3c881a6ee355fd969d24a419c6221b010aeb20a296c19b6553d198333
  size   : 25112080 bytes
  target : aarch64-apple-darwin（host aarch64-apple-darwin，原生）
  文件   : SHA256SUMS, licenses.json, build-info.json, dynamic-dependencies.txt
  可复现 : 独立重建后 sha256 仍为 ab693cc3c881a6ee355fd969d24a419c6221b010aeb20a296c19b6553d198333
EXIT=0
