{"timestamp":"2026-09-11T19:21:27.891515Z","level":"INFO","fields":{"message":"data-dir 初始化完成","event":"init","dataDir":"/private/tmp/em-t04-qa.BKkiD6/data","passwordSource":"受限文件 pw.txt","schemaVersion":2,"adminId":"01a091ea-ee53-72d9-92b3-0ac3c5742630","adminStatus":"已创建"},"target":"everything_manual::config::commands"}
{"timestamp":"2026-09-11T19:21:27.922789Z","level":"INFO","fields":{"message":"check 完成（未发起任何外部请求）","event":"check"},"target":"everything_manual::config::commands"}
{"timestamp":"2026-09-11T19:21:27.927712Z","level":"INFO","fields":{"message":"数据库 schema 已就绪","event":"database_ready","dataDir":"/private/tmp/em-t04-qa.BKkiD6/data","schemaVersion":2},"target":"everything_manual::config::commands"}
{"timestamp":"2026-09-11T19:21:27.927791Z","level":"WARN","fields":{"message":"Provider 未配置：生成与报价能力将返回“未配置”，不回退 mock；已有资料仍可读","event":"provider_not_configured","provider":"tripo","missing":"api_key"},"target":"everything_manual::config::commands"}
{"timestamp":"2026-09-11T19:21:27.927802Z","level":"WARN","fields":{"message":"Provider 未配置：生成与报价能力将返回“未配置”，不回退 mock；已有资料仍可读","event":"provider_not_configured","provider":"manual_ai","missing":"api_key,model"},"target":"everything_manual::config::commands"}
{"timestamp":"2026-09-11T19:21:27.927809Z","level":"INFO","fields":{"message":"服务启动","event":"serve_start","listen":"127.0.0.1:18095","dataDir":"/private/tmp/em-t04-qa.BKkiD6/data","securityMode":"loopback","sessionTtlHours":168,"loginRateLimitPerMinute":5,"cookieSecure":false},"target":"everything_manual::config::commands"}
{"timestamp":"2026-09-11T19:21:28.061165Z","level":"INFO","fields":{"message":"http_request","requestId":"01a091ea-eefd-77bd-8c8a-787d6a6ba39d","method":"GET","path":"/api/v1/items","status":401,"errorCode":"UNAUTHORIZED","durationMs":0.024083},"target":"everything_manual::http::logging"}
{"timestamp":"2026-09-11T19:21:28.093038Z","level":"INFO","fields":{"message":"登录成功（未记录请求体）","requestId":"01a091ea-ef09-7743-9e1e-f26c527e4225","adminId":"01a091ea-ee53-72d9-92b3-0ac3c5742630","sessionId":"01a091ea-ef1c-73eb-963c-6b232628895e","expiresAt":"2026-09-18T19:21:28.092Z"},"target":"everything_manual::http::auth"}
{"timestamp":"2026-09-11T19:21:28.093071Z","level":"INFO","fields":{"message":"http_request","requestId":"01a091ea-ef09-7743-9e1e-f26c527e4225","method":"POST","path":"/api/v1/auth/login","status":200,"errorCode":"-","durationMs":19.924917},"target":"everything_manual::http::logging"}
{"timestamp":"2026-09-11T19:21:28.199709Z","level":"INFO","fields":{"message":"http_request","requestId":"01a091ea-ef87-76cf-b503-4a8b565721dc","method":"GET","path":"/api/v1/auth/session","status":200,"errorCode":"-","durationMs":0.142791},"target":"everything_manual::http::logging"}
{"timestamp":"2026-09-11T19:21:28.222910Z","level":"INFO","fields":{"message":"登录成功（未记录请求体）","requestId":"01a091ea-ef90-7752-b8eb-9978ebc19bfb","adminId":"01a091ea-ee53-72d9-92b3-0ac3c5742630","sessionId":"01a091ea-ef9e-734a-9324-3af035b94801","expiresAt":"2026-09-18T19:21:28.222Z"},"target":"everything_manual::http::auth"}
{"timestamp":"2026-09-11T19:21:28.222947Z","level":"INFO","fields":{"message":"http_request","requestId":"01a091ea-ef90-7752-b8eb-9978ebc19bfb","method":"POST","path":"/api/v1/auth/login","status":200,"errorCode":"-","durationMs":14.733792000000001},"target":"everything_manual::http::logging"}
{"timestamp":"2026-09-11T19:21:28.236525Z","level":"WARN","fields":{"message":"修改请求的 CSRF 校验失败","requestId":"01a091ea-efac-7488-b7d1-de482dc7e4fe","path":"/items/01993000-0000-7000-8000-0000000000aa","errorCode":"CSRF_REJECTED"},"target":"everything_manual::http::auth"}
{"timestamp":"2026-09-11T19:21:28.236570Z","level":"INFO","fields":{"message":"http_request","requestId":"01a091ea-efac-7488-b7d1-de482dc7e4fe","method":"PATCH","path":"/api/v1/items/01993000-0000-7000-8000-0000000000aa","status":403,"errorCode":"CSRF_REJECTED","durationMs":0.174375},"target":"everything_manual::http::logging"}
{"timestamp":"2026-09-11T19:21:28.244802Z","level":"WARN","fields":{"message":"修改请求的 Origin 校验失败","requestId":"01a091ea-efb4-7067-a9a5-92a350b7dfae","path":"/items/01993000-0000-7000-8000-0000000000aa","errorCode":"ORIGIN_REJECTED"},"target":"everything_manual::http::auth"}
{"timestamp":"2026-09-11T19:21:28.244840Z","level":"INFO","fields":{"message":"http_request","requestId":"01a091ea-efb4-7067-a9a5-92a350b7dfae","method":"PATCH","path":"/api/v1/items/01993000-0000-7000-8000-0000000000aa","status":403,"errorCode":"ORIGIN_REJECTED","durationMs":0.111541},"target":"everything_manual::http::logging"}
{"timestamp":"2026-09-11T19:21:28.267147Z","level":"INFO","fields":{"message":"登录成功（未记录请求体）","requestId":"01a091ea-efbc-70fd-8213-acf4a6280969","adminId":"01a091ea-ee53-72d9-92b3-0ac3c5742630","sessionId":"01a091ea-efca-74ae-9529-47df748a5469","expiresAt":"2026-09-18T19:21:28.266Z"},"target":"everything_manual::http::auth"}
{"timestamp":"2026-09-11T19:21:28.267182Z","level":"INFO","fields":{"message":"http_request","requestId":"01a091ea-efbc-70fd-8213-acf4a6280969","method":"POST","path":"/api/v1/auth/login","status":200,"errorCode":"-","durationMs":14.282582999999999},"target":"everything_manual::http::logging"}
{"timestamp":"2026-09-11T19:21:28.299396Z","level":"WARN","fields":{"message":"修改请求的 CSRF 校验失败","requestId":"01a091ea-efeb-701b-9e34-85b972f55681","path":"/items/01993000-0000-7000-8000-0000000000aa","errorCode":"CSRF_REJECTED"},"target":"everything_manual::http::auth"}
{"timestamp":"2026-09-11T19:21:28.299438Z","level":"INFO","fields":{"message":"http_request","requestId":"01a091ea-efeb-701b-9e34-85b972f55681","method":"PATCH","path":"/api/v1/items/01993000-0000-7000-8000-0000000000aa","status":403,"errorCode":"CSRF_REJECTED","durationMs":0.132084},"target":"everything_manual::http::logging"}
{"timestamp":"2026-09-11T19:21:28.307621Z","level":"INFO","fields":{"message":"http_request","requestId":"01a091ea-eff3-71c3-84a4-b07a4f1aed79","method":"PATCH","path":"/api/v1/items/01993000-0000-7000-8000-0000000000aa","status":428,"errorCode":"PRECONDITION_REQUIRED","durationMs":0.091042},"target":"everything_manual::http::logging"}
{"timestamp":"2026-09-11T19:21:28.315608Z","level":"INFO","fields":{"message":"http_request","requestId":"01a091ea-effb-7593-805c-ecfbcc2f7c31","method":"PATCH","path":"/api/v1/items/01993000-0000-7000-8000-0000000000aa","status":422,"errorCode":"VALIDATION_FAILED","durationMs":0.08583400000000001},"target":"everything_manual::http::logging"}
{"timestamp":"2026-09-11T19:21:28.323771Z","level":"INFO","fields":{"message":"http_request","requestId":"01a091ea-f003-760b-8b9e-9e0c14ea022a","method":"GET","path":"/api/v1/items/01993000-0000-7000-8000-0000000000aa","status":200,"errorCode":"-","durationMs":0.171125},"target":"everything_manual::http::logging"}
{"timestamp":"2026-09-11T19:21:28.332919Z","level":"INFO","fields":{"message":"http_request","requestId":"01a091ea-f00c-77b5-b3be-32643be11411","method":"PATCH","path":"/api/v1/items/01993000-0000-7000-8000-0000000000aa","status":200,"errorCode":"-","durationMs":0.68175},"target":"everything_manual::http::logging"}
{"timestamp":"2026-09-11T19:21:28.341379Z","level":"INFO","fields":{"message":"http_request","requestId":"01a091ea-f015-7429-8003-ee823930abc8","method":"PATCH","path":"/api/v1/items/01993000-0000-7000-8000-0000000000aa","status":412,"errorCode":"REVISION_CONFLICT","durationMs":0.216083},"target":"everything_manual::http::logging"}
{"timestamp":"2026-09-11T19:21:28.349792Z","level":"INFO","fields":{"message":"http_request","requestId":"01a091ea-f01d-707c-8748-ba14edcf260b","method":"GET","path":"/api/v1/items","status":200,"errorCode":"-","durationMs":0.198459},"target":"everything_manual::http::logging"}
{"timestamp":"2026-09-11T19:21:28.357623Z","level":"INFO","fields":{"message":"http_request","requestId":"01a091ea-f025-70a8-a939-d6650695f7a9","method":"GET","path":"/api/v1/items","status":422,"errorCode":"VALIDATION_FAILED","durationMs":0.079708},"target":"everything_manual::http::logging"}
{"timestamp":"2026-09-11T19:21:28.365582Z","level":"INFO","fields":{"message":"http_request","requestId":"01a091ea-f02d-7045-a94c-f5b1732c4ee3","method":"GET","path":"/api/unknown","status":404,"errorCode":"NOT_FOUND","durationMs":0.00975},"target":"everything_manual::http::logging"}
{"timestamp":"2026-09-11T19:21:28.373623Z","level":"WARN","fields":{"message":"修改请求的 CSRF 校验失败","requestId":"01a091ea-f035-76f2-86dd-88623465a73b","path":"/items","errorCode":"CSRF_REJECTED"},"target":"everything_manual::http::auth"}
{"timestamp":"2026-09-11T19:21:28.373665Z","level":"INFO","fields":{"message":"http_request","requestId":"01a091ea-f035-76f2-86dd-88623465a73b","method":"DELETE","path":"/api/v1/items","status":403,"errorCode":"CSRF_REJECTED","durationMs":0.12208299999999998},"target":"everything_manual::http::logging"}
{"timestamp":"2026-09-11T19:21:28.381778Z","level":"WARN","fields":{"message":"修改请求的 CSRF 校验失败","requestId":"01a091ea-f03d-7492-96a3-4de5a3ed6887","path":"/items/01993000-0000-7000-8000-0000000000aa","errorCode":"CSRF_REJECTED"},"target":"everything_manual::http::auth"}
{"timestamp":"2026-09-11T19:21:28.381810Z","level":"INFO","fields":{"message":"http_request","requestId":"01a091ea-f03d-7492-96a3-4de5a3ed6887","method":"DELETE","path":"/api/v1/items/01993000-0000-7000-8000-0000000000aa","status":403,"errorCode":"CSRF_REJECTED","durationMs":0.097291},"target":"everything_manual::http::logging"}
{"timestamp":"2026-09-11T19:21:28.389752Z","level":"INFO","fields":{"message":"http_request","requestId":"01a091ea-f045-75c8-b1ec-fba5cd01e5d5","method":"GET","path":"/api/v1/items/01993000-0000-7000-8000-0000000000ff","status":404,"errorCode":"NOT_FOUND","durationMs":0.15125},"target":"everything_manual::http::logging"}
{"timestamp":"2026-09-11T19:21:28.398315Z","level":"INFO","fields":{"message":"http_request","requestId":"01a091ea-f04e-70e8-b66e-e7b78e3eefca","method":"GET","path":"/api/v1/settings/status","status":200,"errorCode":"-","durationMs":0.086375},"target":"everything_manual::http::logging"}
{"timestamp":"2026-09-11T19:21:28.406654Z","level":"INFO","fields":{"message":"http_request","requestId":"01a091ea-f056-705f-9c9e-933395903c36","method":"GET","path":"/api/v1/settings/status","status":200,"errorCode":"-","durationMs":0.07550000000000001},"target":"everything_manual::http::logging"}
{"timestamp":"2026-09-11T19:21:28.437602Z","level":"INFO","fields":{"message":"http_request","requestId":"01a091ea-f075-766c-acc8-22cce530d763","method":"GET","path":"/api/v1/health/ready","status":200,"errorCode":"-","durationMs":0.244167},"target":"everything_manual::http::logging"}
{"timestamp":"2026-09-11T19:21:28.448395Z","level":"INFO","fields":{"message":"http_request","requestId":"01a091ea-f080-7356-84e6-b9a95dab7a7b","method":"GET","path":"/api/v1/health/ready","status":503,"errorCode":"-","durationMs":0.12375},"target":"everything_manual::http::logging"}
{"timestamp":"2026-09-11T19:21:28.459752Z","level":"INFO","fields":{"message":"http_request","requestId":"01a091ea-f08b-7302-bc23-d2a28455e32d","method":"GET","path":"/api/v1/health/ready","status":200,"errorCode":"-","durationMs":0.131083},"target":"everything_manual::http::logging"}
{"timestamp":"2026-09-11T19:21:28.470347Z","level":"INFO","fields":{"message":"http_request","requestId":"01a091ea-f096-776c-a8bd-872f44b5b66e","method":"GET","path":"/api/v1/items","status":401,"errorCode":"UNAUTHORIZED","durationMs":0.071083},"target":"everything_manual::http::logging"}
{"timestamp":"2026-09-11T19:21:28.511366Z","level":"INFO","fields":{"message":"http_request","requestId":"01a091ea-f0bf-7040-9811-da281293c7f9","method":"GET","path":"/api/v1/items","status":401,"errorCode":"UNAUTHORIZED","durationMs":0.09833299999999999},"target":"everything_manual::http::logging"}
{"timestamp":"2026-09-11T19:21:28.520260Z","level":"INFO","fields":{"message":"会话已注销","requestId":"01a091ea-f0c7-753b-8685-15ad2df026d6","adminId":"01a091ea-ee53-72d9-92b3-0ac3c5742630","sessionId":"01a091ea-ef1c-73eb-963c-6b232628895e"},"target":"everything_manual::http::auth"}
{"timestamp":"2026-09-11T19:21:28.520299Z","level":"INFO","fields":{"message":"http_request","requestId":"01a091ea-f0c7-753b-8685-15ad2df026d6","method":"POST","path":"/api/v1/auth/logout","status":204,"errorCode":"-","durationMs":0.630834},"target":"everything_manual::http::logging"}
{"timestamp":"2026-09-11T19:21:28.528388Z","level":"INFO","fields":{"message":"http_request","requestId":"01a091ea-f0d0-75e2-8d42-cf4a6b7f2e96","method":"GET","path":"/api/v1/items","status":401,"errorCode":"UNAUTHORIZED","durationMs":0.06612499999999999},"target":"everything_manual::http::logging"}
{"timestamp":"2026-09-11T19:21:28.567015Z","level":"WARN","fields":{"message":"登录失败：凭据无效","requestId":"01a091ea-f0e8-70f0-8a3d-59ce44a66fd6","clientIp":"127.0.0.1"},"target":"everything_manual::http::auth"}
{"timestamp":"2026-09-11T19:21:28.567075Z","level":"INFO","fields":{"message":"http_request","requestId":"01a091ea-f0e8-70f0-8a3d-59ce44a66fd6","method":"POST","path":"/api/v1/auth/login","status":401,"errorCode":"UNAUTHORIZED","durationMs":14.538625},"target":"everything_manual::http::logging"}
{"timestamp":"2026-09-11T19:21:28.590237Z","level":"WARN","fields":{"message":"登录失败：凭据无效","requestId":"01a091ea-f0ff-73c6-b294-ecb42b9ecb93","clientIp":"127.0.0.1"},"target":"everything_manual::http::auth"}
{"timestamp":"2026-09-11T19:21:28.590300Z","level":"INFO","fields":{"message":"http_request","requestId":"01a091ea-f0ff-73c6-b294-ecb42b9ecb93","method":"POST","path":"/api/v1/auth/login","status":401,"errorCode":"UNAUTHORIZED","durationMs":14.37975},"target":"everything_manual::http::logging"}
{"timestamp":"2026-09-11T19:21:28.613141Z","level":"WARN","fields":{"message":"登录失败：凭据无效","requestId":"01a091ea-f117-7588-99d1-79ddb3e54c2d","clientIp":"127.0.0.1"},"target":"everything_manual::http::auth"}
{"timestamp":"2026-09-11T19:21:28.613212Z","level":"INFO","fields":{"message":"http_request","requestId":"01a091ea-f117-7588-99d1-79ddb3e54c2d","method":"POST","path":"/api/v1/auth/login","status":401,"errorCode":"UNAUTHORIZED","durationMs":13.950042},"target":"everything_manual::http::logging"}
{"timestamp":"2026-09-11T19:21:28.636390Z","level":"WARN","fields":{"message":"登录失败：凭据无效","requestId":"01a091ea-f12d-72c8-be59-cf8be378d765","clientIp":"127.0.0.1"},"target":"everything_manual::http::auth"}
{"timestamp":"2026-09-11T19:21:28.636456Z","level":"INFO","fields":{"message":"http_request","requestId":"01a091ea-f12d-72c8-be59-cf8be378d765","method":"POST","path":"/api/v1/auth/login","status":401,"errorCode":"UNAUTHORIZED","durationMs":14.492625},"target":"everything_manual::http::logging"}
{"timestamp":"2026-09-11T19:21:28.659579Z","level":"WARN","fields":{"message":"登录失败：凭据无效","requestId":"01a091ea-f145-7372-ac1b-b2f52f6c6870","clientIp":"127.0.0.1"},"target":"everything_manual::http::auth"}
{"timestamp":"2026-09-11T19:21:28.659643Z","level":"INFO","fields":{"message":"http_request","requestId":"01a091ea-f145-7372-ac1b-b2f52f6c6870","method":"POST","path":"/api/v1/auth/login","status":401,"errorCode":"UNAUTHORIZED","durationMs":14.613209},"target":"everything_manual::http::logging"}
{"timestamp":"2026-09-11T19:21:28.668471Z","level":"WARN","fields":{"message":"登录被限速（窗口内失败次数达到上限）","requestId":"01a091ea-f15c-74d7-add7-7fe31714b478","clientIp":"127.0.0.1","retryAfterSeconds":60},"target":"everything_manual::http::auth"}
{"timestamp":"2026-09-11T19:21:28.668499Z","level":"INFO","fields":{"message":"http_request","requestId":"01a091ea-f15c-74d7-add7-7fe31714b478","method":"POST","path":"/api/v1/auth/login","status":429,"errorCode":"RATE_LIMITED","durationMs":0.043708000000000004},"target":"everything_manual::http::logging"}
{"timestamp":"2026-09-11T19:21:28.679292Z","level":"INFO","fields":{"message":"http_request","requestId":"01a091ea-f167-73b2-877f-c56f0c02df70","method":"GET","path":"/api/v1/items","status":401,"errorCode":"UNAUTHORIZED","durationMs":0.01475},"target":"everything_manual::http::logging"}
{"timestamp":"2026-09-11T19:21:28.706163Z","level":"INFO","fields":{"message":"http_request","requestId":"01a091ea-f182-77c3-803c-eb6ede6c1f85","method":"GET","path":"/api/v1/items","status":401,"errorCode":"UNAUTHORIZED","durationMs":0.07550000000000001},"target":"everything_manual::http::logging"}
{"timestamp":"2026-09-11T19:21:28.711567Z","level":"INFO","fields":{"message":"收到终止信号，服务已停止","event":"serve_stop"},"target":"everything_manual::config::commands"}
{"timestamp":"2026-09-11T19:21:28.734108Z","level":"INFO","fields":{"message":"管理员密码已更新，既有会话已撤销","event":"admin_password_reset","adminId":"01a091ea-ee53-72d9-92b3-0ac3c5742630","revokedSessions":3},"target":"everything_manual::config::commands"}
{"timestamp":"2026-09-11T19:21:28.734154Z","level":"INFO","fields":{"message":"data-dir 初始化完成","event":"init","dataDir":"/private/tmp/em-t04-qa.BKkiD6/data","passwordSource":"受限文件 pw2.txt","schemaVersion":2,"adminId":"01a091ea-ee53-72d9-92b3-0ac3c5742630","adminStatus":"已更新"},"target":"everything_manual::config::commands"}
{"timestamp":"2026-09-11T19:21:28.764454Z","level":"INFO","fields":{"message":"数据库 schema 已就绪","event":"database_ready","dataDir":"/private/tmp/em-t04-qa.BKkiD6/data","schemaVersion":2},"target":"everything_manual::config::commands"}
{"timestamp":"2026-09-11T19:21:28.764545Z","level":"WARN","fields":{"message":"Provider 未配置：生成与报价能力将返回“未配置”，不回退 mock；已有资料仍可读","event":"provider_not_configured","provider":"tripo","missing":"api_key"},"target":"everything_manual::config::commands"}
{"timestamp":"2026-09-11T19:21:28.764557Z","level":"WARN","fields":{"message":"Provider 未配置：生成与报价能力将返回“未配置”，不回退 mock；已有资料仍可读","event":"provider_not_configured","provider":"manual_ai","missing":"api_key,model"},"target":"everything_manual::config::commands"}
{"timestamp":"2026-09-11T19:21:28.764564Z","level":"INFO","fields":{"message":"服务启动","event":"serve_start","listen":"127.0.0.1:18095","dataDir":"/private/tmp/em-t04-qa.BKkiD6/data","securityMode":"loopback","sessionTtlHours":168,"loginRateLimitPerMinute":5,"cookieSecure":false},"target":"everything_manual::config::commands"}
{"timestamp":"2026-09-11T19:21:28.914486Z","level":"WARN","fields":{"message":"登录失败：凭据无效","requestId":"01a091ea-f23c-734e-aea7-539b9d1448ea","clientIp":"127.0.0.1"},"target":"everything_manual::http::auth"}
{"timestamp":"2026-09-11T19:21:28.914562Z","level":"INFO","fields":{"message":"http_request","requestId":"01a091ea-f23c-734e-aea7-539b9d1448ea","method":"POST","path":"/api/v1/auth/login","status":401,"errorCode":"UNAUTHORIZED","durationMs":21.838125},"target":"everything_manual::http::logging"}
{"timestamp":"2026-09-11T19:21:28.940908Z","level":"INFO","fields":{"message":"登录成功（未记录请求体）","requestId":"01a091ea-f25c-75b3-98ed-c05f05228bce","adminId":"01a091ea-ee53-72d9-92b3-0ac3c5742630","sessionId":"01a091ea-f26c-767d-ab9e-fd55a7576d01","expiresAt":"2026-09-18T19:21:28.939Z"},"target":"everything_manual::http::auth"}
{"timestamp":"2026-09-11T19:21:28.940947Z","level":"INFO","fields":{"message":"http_request","requestId":"01a091ea-f25c-75b3-98ed-c05f05228bce","method":"POST","path":"/api/v1/auth/login","status":200,"errorCode":"-","durationMs":16.543125},"target":"everything_manual::http::logging"}
{"timestamp":"2026-09-11T19:21:28.942294Z","level":"INFO","fields":{"message":"收到终止信号，服务已停止","event":"serve_stop"},"target":"everything_manual::config::commands"}
