== 二进制 sha256：3b02e24a3bc18c321d4859516157791dbc8c05c56c5f900533a4340773b52fdb
== 工作目录：/tmp/em-t11-qa-mig-ba6Sme（结束清理）
fresh_init_exit=0
全新库：迁移行数=6，最新 v6
  v1: checksum = SHA-384(0001)
  v2: checksum = SHA-384(0002)
  v3: checksum = SHA-384(0003)
  v4: checksum = SHA-384(0004)
  v5: checksum = SHA-384(0005)
  v6: checksum = SHA-384(0006)
  合成 v5 库完成（0001–0005 + sqlx 行）
  迁移行数：5，最新 v5
  quotes 表存在（应为 0）：0

== check（只读，不得迁移）
check_v5_exit=0
[检查] 数据库 schema：待迁移（库 v5 → 程序 v6；serve/init 启动时自动迁移，本命令不修改数据）
结果：check 通过
  check 后：迁移行数=5，quotes 表=0

== serve（应自动迁移到 v6）
"event":"database_ready","dataDir":"/tmp/em-t11-qa-mig-ba6Sme/data-v5","schemaVersion":6
serve_v5_exit=0
  升级后迁移行数：6，最新 v6
  quotes 表：1
  quotes 索引：quotes_item,quotes_expires
  0006 触发器数：3
  活跃预留唯一索引：1
  admins 表存在：1
ok

== 升级后 check
check_after_exit=0
[检查] 数据库 schema：已就绪（v6；WAL=wal synchronous=2 foreign_keys=ON busy_timeout=5000ms）
结果：check 通过
== 完成（临时目录已清理）
MIG_EXIT=0
