t(ms)  tmp文件  tmp字节  blobs文件  assets行  blobs行
22  1  196350  0  0  0
306  1  1375998  0  0  0
601  1  2686718  0  0  0
894  1  3931902  0  0  0
1189  1  5111550  0  0  0
1483  1  6356734  0  0  0
1776  1  7601918  0  0  0
2070  1  8781566  0  0  0
2365  1  10026750  0  0  0
2661  1  11271934  0  0  0
2945  1  12517118  0  0  0
3235  1  13696766  0  0  0
3530  1  14941950  0  0  0
3823  1  16121598  0  0  0
4094  1  17301246  0  0  0
4385  1  18480894  0  0  0
4679  1  19726078  0  0  0
4971  1  20971262  0  0  0
5255  1  22150910  0  0  0
5549  1  23396094  0  0  0
5847  1  24641278  0  0  0
6129  1  25820926  0  0  0
6421  1  27000574  0  0  0
6717  1  28311294  0  0  0
7010  1  29490942  0  0  0
7302  1  30736126  0  0  0
7595  1  31915774  0  0  0
7889  1  33160958  0  0  0
8171  1  34340606  0  0  0
8462  1  35585790  0  0  0
8753  1  36830974  0  0  0
9045  1  38010622  0  0  0
9326  1  39190270  0  0  0
9620  1  40435454  0  0  0
9914  1  41680638  0  0  0
final(10524)  0  0  1  1  1
HTTP=201
