{"timestamp":"2026-09-11T21:39:16.430919Z","level":"INFO","fields":{"message":"数据库 schema 已就绪","event":"database_ready","dataDir":"/tmp/em-t08-browser-V4n0iH/data","schemaVersion":3},"target":"everything_manual::config::commands"}
{"timestamp":"2026-09-11T21:39:16.431052Z","level":"INFO","fields":{"message":"资产残留扫描完成（隔离只移动不删除）","event":"asset_scan","tmpQuarantined":0,"blobsQuarantined":0,"blobsKept":0,"blobsRestored":0,"blobsMarkedMissing":0},"target":"everything_manual::config::commands"}
{"timestamp":"2026-09-11T21:39:16.431104Z","level":"WARN","fields":{"message":"Provider 未配置：生成与报价能力将返回“未配置”，不回退 mock；已有资料仍可读","event":"provider_not_configured","provider":"tripo","missing":"api_key"},"target":"everything_manual::config::commands"}
{"timestamp":"2026-09-11T21:39:16.431114Z","level":"WARN","fields":{"message":"Provider 未配置：生成与报价能力将返回“未配置”，不回退 mock；已有资料仍可读","event":"provider_not_configured","provider":"manual_ai","missing":"api_key,model"},"target":"everything_manual::config::commands"}
{"timestamp":"2026-09-11T21:39:16.431122Z","level":"INFO","fields":{"message":"服务启动","event":"serve_start","listen":"127.0.0.1:8080","dataDir":"/tmp/em-t08-browser-V4n0iH/data","securityMode":"loopback","sessionTtlHours":168,"loginRateLimitPerMinute":5,"cookieSecure":false},"target":"everything_manual::config::commands"}
listening on http://127.0.0.1:8080
{"timestamp":"2026-09-11T21:39:16.436773Z","level":"INFO","fields":{"message":"http_request","requestId":"01a09269-1954-771f-a733-101bf4fc09ca","method":"GET","path":"/api/v1/health/live","status":200,"errorCode":"-","durationMs":0.013458000000000001},"target":"everything_manual::http::logging"}
{"timestamp":"2026-09-11T21:39:18.768295Z","level":"INFO","fields":{"message":"http_request","requestId":"01a09269-2270-77f3-aa0d-baecb33922b0","method":"GET","path":"/api/v1/auth/session","status":401,"errorCode":"UNAUTHORIZED","durationMs":0.068291},"target":"everything_manual::http::logging"}
{"timestamp":"2026-09-11T21:39:19.129470Z","level":"WARN","fields":{"message":"登录失败：凭据无效","requestId":"01a09269-23c7-74b0-a653-6fe3d1542ece","clientIp":"127.0.0.1"},"target":"everything_manual::http::auth"}
{"timestamp":"2026-09-11T21:39:19.129540Z","level":"INFO","fields":{"message":"http_request","requestId":"01a09269-23c7-74b0-a653-6fe3d1542ece","method":"POST","path":"/api/v1/auth/login","status":401,"errorCode":"UNAUTHORIZED","durationMs":18.233584},"target":"everything_manual::http::logging"}
{"timestamp":"2026-09-11T21:39:19.378876Z","level":"INFO","fields":{"message":"登录成功（未记录请求体）","requestId":"01a09269-24c0-71be-97a9-2ff35bb4dca5","adminId":"01a09269-1947-71aa-b83d-af1d9aee1ff4","sessionId":"01a09269-24d2-7559-b0cb-7bfad0d6f08d","expiresAt":"2026-09-18T21:39:19.378Z"},"target":"everything_manual::http::auth"}
{"timestamp":"2026-09-11T21:39:19.378913Z","level":"INFO","fields":{"message":"http_request","requestId":"01a09269-24c0-71be-97a9-2ff35bb4dca5","method":"POST","path":"/api/v1/auth/login","status":200,"errorCode":"-","durationMs":18.225583},"target":"everything_manual::http::logging"}
{"timestamp":"2026-09-11T21:39:19.389758Z","level":"INFO","fields":{"message":"http_request","requestId":"01a09269-24dd-725b-8074-ea62e5aebf66","method":"GET","path":"/api/v1/health/live","status":200,"errorCode":"-","durationMs":0.010375},"target":"everything_manual::http::logging"}
{"timestamp":"2026-09-11T21:39:19.389901Z","level":"INFO","fields":{"message":"http_request","requestId":"01a09269-24dd-725b-8074-ea61d5b575e3","method":"GET","path":"/api/v1/settings/status","status":200,"errorCode":"-","durationMs":0.17758300000000002},"target":"everything_manual::http::logging"}
{"timestamp":"2026-09-11T21:39:19.392283Z","level":"INFO","fields":{"message":"http_request","requestId":"01a09269-24dd-725b-8074-ea632b5d8e84","method":"GET","path":"/api/v1/health/ready","status":200,"errorCode":"-","durationMs":2.519708},"target":"everything_manual::http::logging"}
{"timestamp":"2026-09-11T21:39:20.024329Z","level":"INFO","fields":{"message":"http_request","requestId":"01a09269-2758-7332-8c41-d8fbd4cdd1e5","method":"GET","path":"/api/v1/auth/session","status":200,"errorCode":"-","durationMs":0.14962499999999998},"target":"everything_manual::http::logging"}
{"timestamp":"2026-09-11T21:39:20.031472Z","level":"INFO","fields":{"message":"http_request","requestId":"01a09269-275f-735e-97de-d50065c8c1c4","method":"GET","path":"/api/v1/items","status":200,"errorCode":"-","durationMs":0.236625},"target":"everything_manual::http::logging"}
{"timestamp":"2026-09-11T21:39:20.196733Z","level":"INFO","fields":{"message":"http_request","requestId":"01a09269-2804-73af-9637-541b9b3e60e1","method":"GET","path":"/api/v1/items/new","status":404,"errorCode":"NOT_FOUND","durationMs":0.198583},"target":"everything_manual::http::logging"}
{"timestamp":"2026-09-11T21:39:20.794525Z","level":"INFO","fields":{"message":"物品已创建","requestId":"01a09269-2a5a-712c-b8bd-eb041851a77c","itemId":"01a09269-2a5a-712c-b8bd-eb05175f8b0e"},"target":"everything_manual::http::items"}
{"timestamp":"2026-09-11T21:39:20.794558Z","level":"INFO","fields":{"message":"http_request","requestId":"01a09269-2a5a-712c-b8bd-eb041851a77c","method":"POST","path":"/api/v1/items","status":201,"errorCode":"-","durationMs":0.498208},"target":"everything_manual::http::logging"}
{"timestamp":"2026-09-11T21:39:20.815188Z","level":"INFO","fields":{"message":"http_request","requestId":"01a09269-2a6e-7146-93a0-3790da90d253","method":"GET","path":"/api/v1/items/01a09269-2a5a-712c-b8bd-eb05175f8b0e","status":200,"errorCode":"-","durationMs":0.275416},"target":"everything_manual::http::logging"}
{"timestamp":"2026-09-11T21:39:20.815418Z","level":"INFO","fields":{"message":"http_request","requestId":"01a09269-2a6f-706b-aab8-5f1c0ef74c4f","method":"GET","path":"/api/v1/items/01a09269-2a5a-712c-b8bd-eb05175f8b0e/photos","status":200,"errorCode":"-","durationMs":0.23625},"target":"everything_manual::http::logging"}
{"timestamp":"2026-09-11T21:39:20.816368Z","level":"INFO","fields":{"message":"http_request","requestId":"01a09269-2a6e-7146-93a0-379156a2c716","method":"GET","path":"/api/v1/items/01a09269-2a5a-712c-b8bd-eb05175f8b0e/documents","status":200,"errorCode":"-","durationMs":1.400541},"target":"everything_manual::http::logging"}
{"timestamp":"2026-09-11T21:39:20.979822Z","level":"INFO","fields":{"message":"http_request","requestId":"01a09269-2b13-740a-b35d-8bab4eb08a54","method":"GET","path":"/api/v1/auth/session","status":200,"errorCode":"-","durationMs":0.090875},"target":"everything_manual::http::logging"}
{"timestamp":"2026-09-11T21:39:20.985339Z","level":"INFO","fields":{"message":"http_request","requestId":"01a09269-2b19-7005-b3b4-473d9991d442","method":"GET","path":"/api/v1/items","status":200,"errorCode":"-","durationMs":0.203833},"target":"everything_manual::http::logging"}
{"timestamp":"2026-09-11T21:39:21.162378Z","level":"INFO","fields":{"message":"http_request","requestId":"01a09269-2bca-76a3-9f4b-e45976fcf22f","method":"GET","path":"/api/v1/settings/status","status":401,"errorCode":"UNAUTHORIZED","durationMs":0.02025},"target":"everything_manual::http::logging"}
{"timestamp":"2026-09-11T21:39:21.162481Z","level":"INFO","fields":{"message":"http_request","requestId":"01a09269-2bca-76a3-9f4b-e45b5af8c65f","method":"GET","path":"/api/v1/health/live","status":200,"errorCode":"-","durationMs":0.00725},"target":"everything_manual::http::logging"}
{"timestamp":"2026-09-11T21:39:21.163207Z","level":"INFO","fields":{"message":"http_request","requestId":"01a09269-2bca-76a3-9f4b-e45a6621ca31","method":"GET","path":"/api/v1/health/ready","status":200,"errorCode":"-","durationMs":0.754084},"target":"everything_manual::http::logging"}
{"timestamp":"2026-09-11T21:39:21.378298Z","level":"INFO","fields":{"message":"登录成功（未记录请求体）","requestId":"01a09269-2c90-7032-87cd-8fd4c11d4fe9","adminId":"01a09269-1947-71aa-b83d-af1d9aee1ff4","sessionId":"01a09269-2ca2-746d-8395-d1766067ce8f","expiresAt":"2026-09-18T21:39:21.377Z"},"target":"everything_manual::http::auth"}
{"timestamp":"2026-09-11T21:39:21.378338Z","level":"INFO","fields":{"message":"http_request","requestId":"01a09269-2c90-7032-87cd-8fd4c11d4fe9","method":"POST","path":"/api/v1/auth/login","status":200,"errorCode":"-","durationMs":18.102708},"target":"everything_manual::http::logging"}
{"timestamp":"2026-09-11T21:39:21.385319Z","level":"INFO","fields":{"message":"http_request","requestId":"01a09269-2ca9-7536-a4c1-c3003c2019c3","method":"GET","path":"/api/v1/settings/status","status":200,"errorCode":"-","durationMs":0.104709},"target":"everything_manual::http::logging"}
{"timestamp":"2026-09-11T21:39:21.385432Z","level":"INFO","fields":{"message":"http_request","requestId":"01a09269-2ca9-7536-a4c1-c302d7cb63d6","method":"GET","path":"/api/v1/health/live","status":200,"errorCode":"-","durationMs":0.020333999999999998},"target":"everything_manual::http::logging"}
{"timestamp":"2026-09-11T21:39:21.385950Z","level":"INFO","fields":{"message":"http_request","requestId":"01a09269-2ca9-7536-a4c1-c3017bdd175e","method":"GET","path":"/api/v1/health/ready","status":200,"errorCode":"-","durationMs":0.5533340000000001},"target":"everything_manual::http::logging"}
{"timestamp":"2026-09-11T21:39:21.955388Z","level":"INFO","fields":{"message":"http_request","requestId":"01a09269-2ee3-7575-8358-b17952ecd4bd","method":"GET","path":"/api/v1/auth/session","status":200,"errorCode":"-","durationMs":0.217917},"target":"everything_manual::http::logging"}
{"timestamp":"2026-09-11T21:39:21.963319Z","level":"INFO","fields":{"message":"http_request","requestId":"01a09269-2eea-77ef-8613-c99091b93420","method":"GET","path":"/api/v1/items","status":200,"errorCode":"-","durationMs":0.354125},"target":"everything_manual::http::logging"}
{"timestamp":"2026-09-11T21:39:22.082715Z","level":"INFO","fields":{"message":"会话已注销","requestId":"01a09269-2f62-72c4-baf6-8a3de66bfa8d","adminId":"01a09269-1947-71aa-b83d-af1d9aee1ff4","sessionId":"01a09269-2ca2-746d-8395-d1766067ce8f"},"target":"everything_manual::http::auth"}
{"timestamp":"2026-09-11T21:39:22.082754Z","level":"INFO","fields":{"message":"http_request","requestId":"01a09269-2f62-72c4-baf6-8a3de66bfa8d","method":"POST","path":"/api/v1/auth/logout","status":204,"errorCode":"-","durationMs":0.597375},"target":"everything_manual::http::logging"}
{"timestamp":"2026-09-11T21:39:22.313071Z","level":"INFO","fields":{"message":"登录成功（未记录请求体）","requestId":"01a09269-3034-77db-8096-c9084fb6d71d","adminId":"01a09269-1947-71aa-b83d-af1d9aee1ff4","sessionId":"01a09269-3048-70eb-ae4a-db47ff264d8e","expiresAt":"2026-09-18T21:39:22.312Z"},"target":"everything_manual::http::auth"}
{"timestamp":"2026-09-11T21:39:22.313112Z","level":"INFO","fields":{"message":"http_request","requestId":"01a09269-3034-77db-8096-c9084fb6d71d","method":"POST","path":"/api/v1/auth/login","status":200,"errorCode":"-","durationMs":21.044833},"target":"everything_manual::http::logging"}
{"timestamp":"2026-09-11T21:39:22.320561Z","level":"INFO","fields":{"message":"http_request","requestId":"01a09269-3050-7201-9f0d-f551bf7fbfe0","method":"GET","path":"/api/v1/items","status":200,"errorCode":"-","durationMs":0.220833},"target":"everything_manual::http::logging"}
{"timestamp":"2026-09-11T21:39:22.928962Z","level":"INFO","fields":{"message":"收到终止信号，服务已停止","event":"serve_stop"},"target":"everything_manual::config::commands"}
已停止：data-dir 排他锁已释放。
