### cargo xtask dist（第 1 次）
   Compiling sqlx v0.9.0
    Finished `release` profile [optimized] target(s) in 40.77s

dist 完成：
  binary : /Users/qsyj/Code/rust/everything-manual/dist/aarch64-apple-darwin/everything-manual
  sha256 : 1aaeb2dff5ce8e286333d0233a487db9a02b1359f32947d96396e0732de5b889
  size   : 6843376 bytes
  files  : SHA256SUMS, licenses.json, build-info.json
exit=0
1aaeb2dff5ce8e286333d0233a487db9a02b1359f32947d96396e0732de5b889  dist/aarch64-apple-darwin/everything-manual

### cargo xtask dist（第 2 次）
  binary : /Users/qsyj/Code/rust/everything-manual/dist/aarch64-apple-darwin/everything-manual
  sha256 : 1aaeb2dff5ce8e286333d0233a487db9a02b1359f32947d96396e0732de5b889
  size   : 6843376 bytes
  files  : SHA256SUMS, licenses.json, build-info.json
exit=0
1aaeb2dff5ce8e286333d0233a487db9a02b1359f32947d96396e0732de5b889  dist/aarch64-apple-darwin/everything-manual

### smoke-bootstrap
  (服务输出) {"timestamp":"2026-09-11T18:48:59.705476Z","level":"WARN","fields":{"message":"Provider 未配置：生成与报价能力将返回“未配置”，不回退 mock；已有资料仍可读","event":"provider_not_configured","provider":"manual_ai","missing":"api_key,model"},"target":"everything_manual::config::commands"}
  (服务输出) {"timestamp":"2026-09-11T18:48:59.705489Z","level":"INFO","fields":{"message":"服务启动","event":"serve_start","listen":"127.0.0.1:51902","dataDir":"/var/folders/5y/y4jt01gd7mzglrwt5pf7p3m00000gn/T/everything-manual-smoke-1803-1789152539179332000/data","securityMode":"loopback"},"target":"everything_manual::config::commands"}
服务地址：http://127.0.0.1:51902
  [检查] GET / -> 200 text/html; charset=utf-8
  [检查] GET /assets/index-7mFZcJzB.js -> 200 text/javascript; charset=utf-8
  [检查] GET /api/v1/health/live -> 200
  [检查] GET /api/v1/health/ready -> 200
  [检查] GET /api/unknown -> 404 application/json
  [检查] GET /library/some-item -> 200 text/html; charset=utf-8
  [检查] GET /assets/definitely-missing.js -> 404 text/plain; charset=utf-8

冒烟通过：内嵌页面、静态资源与 health 均可用（T01 最小检查）。
exit=0
