$ cargo xtask check
warning: `/Users/qsyj/.cargo/config` is deprecated in favor of `config.toml`
  |
  = help: if you need to support cargo 1.38 or earlier, you can symlink `config` to `config.toml`
    Finished `dev` profile [unoptimized + debuginfo] target(s) in 0.10s
     Running `target/debug/xtask check`
$ (cd /Users/qsyj/Code/rust/everything-manual && cargo fmt --check)
warning: `/Users/qsyj/.cargo/config` is deprecated in favor of `config.toml`
  |
  = help: if you need to support cargo 1.38 or earlier, you can symlink `config` to `config.toml`
[通过] cargo fmt --check
$ (cd /Users/qsyj/Code/rust/everything-manual && cargo clippy --workspace --all-targets -- -D warnings)
warning: `/Users/qsyj/.cargo/config` is deprecated in favor of `config.toml`
  |
  = help: if you need to support cargo 1.38 or earlier, you can symlink `config` to `config.toml`
warning: `/Users/qsyj/.cargo/config` is deprecated in favor of `config.toml`
  |
  = help: if you need to support cargo 1.38 or earlier, you can symlink `config` to `config.toml`
    Finished `dev` profile [unoptimized + debuginfo] target(s) in 0.15s
[通过] cargo clippy --workspace --all-targets -- -D warnings
$ (cd /Users/qsyj/Code/rust/everything-manual && cargo test --workspace)
warning: `/Users/qsyj/.cargo/config` is deprecated in favor of `config.toml`
  |
  = help: if you need to support cargo 1.38 or earlier, you can symlink `config` to `config.toml`
   Compiling everything-manual v0.1.0 (/Users/qsyj/Code/rust/everything-manual/crates/server)
   Compiling xtask v0.1.0 (/Users/qsyj/Code/rust/everything-manual/xtask)
    Finished `test` profile [unoptimized + debuginfo] target(s) in 1.93s
     Running unittests src/lib.rs (target/debug/deps/everything_manual-b2c05f86d8fb9923)

running 37 tests
test config::cli::tests::unknown_subcommand_is_a_usage_error ... ok
test config::cli::tests::missing_required_backup_out_fails ... ok
test config::cli::tests::bad_listen_value_is_reported ... ok
test config::cli::tests::password_is_never_a_command_line_option ... ok
test config::error::tests::exit_codes_are_stable_contract_values ... ok
test config::commands::tests::unknown_subcommand_maps_to_usage_error ... ok
test config::commands::tests::backup_and_restore_report_not_implemented ... ok
test config::error::tests::helpers_set_expected_codes ... ok
test config::cli::tests::dispatches_all_subcommands ... ok
test config::commands::tests::help_exits_zero_without_error ... ok
test config::file::tests::malformed_toml_is_reported_with_source ... ok
test config::logging::tests::level_from_env_defaults_to_info ... ok
test config::logging::tests::log_file_path_is_under_data_dir ... ok
test config::datadir::tests::verify_reports_missing_structure ... ok
test config::file::tests::example_config_file_matches_schema ... ok
test config::file::tests::unknown_keys_are_errors_at_every_level ... ok
test config::file::tests::parses_minimal_and_full_config ... ok
test config::password::tests::validation_boundaries ... ok
test config::secret::tests::redact_text_replaces_known_secrets_only ... ok
test config::secret::tests::expose_and_char_count_are_explicit ... ok
test config::secret::tests::redact_url_query_strips_query_and_fragment ... ok
test config::secret::tests::secret_debug_never_prints_plaintext ... ok
test config::tests::provider_status_reports_missing_without_secret ... ok
test config::tests::cidr_parse_and_contains ... ok
test config::tests::origin_like_validation ... ok
test config::password::tests::rejects_world_readable_file ... ok
test config::password::tests::accepts_restricted_file_and_trims_trailing_newline ... ok
test config::tests::settings_debug_does_not_leak_api_key ... ok
test storage::error::tests::schema_too_new_message_is_readable_and_actionable ... ok
test storage::error::tests::conflict_message_carries_current_revision ... ok
test storage::migrations::tests::embedded_migrations_are_ordered_and_versioned ... ok
test config::password::tests::rejects_missing_empty_and_short_passwords ... ok
test config::datadir::tests::ensures_and_verifies_layout ... ok
test http::error::tests::not_found_response_uses_contract_error_shape ... ok
test config::datadir::tests::lock_excludes_second_holder_in_process ... ok
test http::openapi::tests::openapi_is_3_1_and_declares_health_paths ... ok
test http::openapi::tests::openapi_export_is_deterministic ... ok

test result: ok. 37 passed; 0 failed; 0 ignored; 0 measured; 0 filtered out; finished in 0.01s

     Running unittests src/main.rs (target/debug/deps/everything_manual-4b79f993f18b6225)

running 0 tests

test result: ok. 0 passed; 0 failed; 0 ignored; 0 measured; 0 filtered out; finished in 0.00s

     Running tests/bootstrap.rs (target/debug/deps/bootstrap-15398ef9bb0ab96c)

running 5 tests
test non_api_unknown_path_is_not_html_200_without_embedded_ui ... ok
test unknown_api_path_returns_json_404_not_html ... ok
test unknown_versioned_api_path_also_returns_json_404 ... ok
test health_live_returns_exact_minimal_json ... ok
test health_ready_reports_declared_checks_only ... ok

test result: ok. 5 passed; 0 failed; 0 ignored; 0 measured; 0 filtered out; finished in 0.00s

     Running tests/config_cli.rs (target/debug/deps/config_cli-43bebd3a88b8cb77)

running 12 tests
test init_requires_password_source_and_rejects_argv_password ... ok
test init_creates_structure_and_never_leaks_password ... ok
test example_config_is_accepted_and_no_key_material_inside ... ok
test logs_never_contain_secrets_or_query_strings ... ok
test backup_and_restore_report_not_implemented_without_side_effects ... ok
test usage_errors_are_readable_and_nonzero ... ok
test unknown_config_keys_are_rejected_at_any_level ... ok
test non_loopback_listen_requires_tls_or_trusted_proxy ... ok
test second_process_on_same_data_dir_fails_fast ... ok
test config_precedence_cli_env_toml_default ... ok
test missing_provider_keys_start_without_mock_fallback ... ok
test check_and_serve_startup_make_no_external_http_requests ... ok

test result: ok. 12 passed; 0 failed; 0 ignored; 0 measured; 0 filtered out; finished in 1.09s

     Running tests/storage.rs (target/debug/deps/storage-e088950495498b49)

running 15 tests
test embedded_migrations_match_repository_files ... ok
test enum_sql_values_match_schema_check_constraints ... ok
test fresh_data_dir_initializes_full_schema_constraints_and_connection_settings ... ok
test foreign_keys_reject_invalid_references_and_restrict_deletes ... ok
test failed_migration_leaves_no_partial_state ... ok
test closing_and_reopening_data_dir_preserves_data ... ok
test check_reports_migration_state_without_creating_or_modifying_database ... ok
test future_schema_is_rejected_without_modifying_database_bytes ... ok
test invariant_triggers_protect_frozen_inputs_releases_and_remote_task_ids ... ok
test revision_cas_rejects_stale_updates_and_reports_current_revision ... ok
test older_schema_is_migrated_automatically_and_data_preserved ... ok
test migrations_are_idempotent_across_reopens ... ok
test transaction_rollback_leaves_no_partial_state ... ok
test unique_keys_reject_duplicates ... ok
test init_creates_database_and_check_reports_ready_twice ... ok

test result: ok. 15 passed; 0 failed; 0 ignored; 0 measured; 0 filtered out; finished in 0.45s

     Running unittests src/lib.rs (target/debug/deps/manual_core-f03636cea45a5b89)

running 8 tests
test domain::tests::enum_sql_and_wire_values ... ok
test domain::tests::item_etag_uses_integer_revision ... ok
test ids::tests::generated_ids_are_uuid_v7_and_unique ... ok
test tests::error_code_wire_format_is_screaming_snake_case ... ok
test tests::api_prefix_is_versioned ... ok
test timestamps::tests::arithmetic_is_checked ... ok
test timestamps::tests::rfc3339_round_trip_and_serde ... ok
test timestamps::tests::plain_and_fractional_seconds_both_parse ... ok

test result: ok. 8 passed; 0 failed; 0 ignored; 0 measured; 0 filtered out; finished in 0.00s

     Running unittests src/main.rs (target/debug/deps/xtask-d75121a974d08997)

running 0 tests

test result: ok. 0 passed; 0 failed; 0 ignored; 0 measured; 0 filtered out; finished in 0.00s

   Doc-tests everything_manual

running 1 test
test crates/server/src/storage/repo/items.rs - storage::repo::items (line 15) ... ignored

test result: ok. 0 passed; 0 failed; 1 ignored; 0 measured; 0 filtered out; finished in 0.00s

all doctests ran in 0.60s; merged doctests compilation took 0.18s
   Doc-tests manual_core

running 0 tests

test result: ok. 0 passed; 0 failed; 0 ignored; 0 measured; 0 filtered out; finished in 0.00s

[通过] cargo test --workspace
$ (cd /Users/qsyj/Code/rust/everything-manual/apps/web && npm run lint)

> everything-manual-web@0.1.0 lint
> eslint . --max-warnings=0

[通过] npm --prefix apps/web run lint
$ (cd /Users/qsyj/Code/rust/everything-manual/apps/web && npm run typecheck)

> everything-manual-web@0.1.0 typecheck
> tsc --noEmit

[通过] npm --prefix apps/web run typecheck
$ (cd /Users/qsyj/Code/rust/everything-manual/apps/web && npm run test -- --run)

> everything-manual-web@0.1.0 test
> vitest run --run


 RUN  v5.0.0 /Users/qsyj/Code/rust/everything-manual/apps/web


 Test Files  2 passed (2)
      Tests  5 passed (5)
   Start at  02:46:05
   Duration  643ms (environment 72%, setup 10%, tests 9%, transform 5%, import 3%, worker 1%)

[通过] npm --prefix apps/web run test -- --run
$ (cd /Users/qsyj/Code/rust/everything-manual/apps/web && /Users/qsyj/Code/rust/everything-manual/apps/web/node_modules/.bin/openapi-typescript /var/folders/5y/y4jt01gd7mzglrwt5pf7p3m00000gn/T/everything-manual-contracts-check-98941/openapi.json -o /var/folders/5y/y4jt01gd7mzglrwt5pf7p3m00000gn/T/everything-manual-contracts-check-98941/generated.ts)
✨ openapi-typescript 7.13.0
🚀 /var/folders/5y/y4jt01gd7mzglrwt5pf7p3m00000gn/T/everything-manual-contracts-check-98941/openapi.json → /var/folders/5y/y4jt01gd7mzglrwt5pf7p3m00000gn/T/everything-manual-contracts-check-98941/generated.ts [20.1ms]
  [一致] contracts/openapi.json
  [一致] apps/web/src/api/generated.ts
合同检查通过：openapi.json 与 generated.ts 均与 Rust DTO 一致。
[通过] cargo xtask contracts --check

全部检查通过。
exit=0
