binary: /Users/qsyj/Code/rust/everything-manual/target/debug/everything-manual
date: 2026-09-12 02:19:11 CST
root: /tmp/em-qa-t02-run2-AhDiNX
---- [init-env-datadir] env=[EM_DATA_DIR=/tmp/em-qa-t02-run2-AhDiNX/envdata] cmd: everything-manual init --password-file pw.txt
exit=0 expected=0
stdout: {"timestamp":"2026-09-11T18:19:11.640283Z","level":"INFO","fields":{"message":"data-dir 初始化完成","event":"init","dataDir":"/tmp/em-qa-t02-run2-AhDiNX/envdata","passwordSource":"受限文件 pw.txt"},"target":"everything_manual::config::commands"}
data-dir 已初始化：/tmp/em-qa-t02-run2-AhDiNX/envdata
  - 已创建：/tmp/em-qa-t02-run2-AhDiNX/envdata
  - 已创建：/tmp/em-qa-t02-run2-AhDiNX/envdata/tmp
  - 已创建：/tmp/em-qa-t02-run2-AhDiNX/envdata/logs
  - 已创建：/tmp/em-qa-t02-run2-AhDiNX/envdata/blobs
  - 已创建：/tmp/em-qa-t02-run2-AhDiNX/envdata/lock
管理员密码：已从 受限文件 pw.txt 读取并通过校验（不落盘、不进入日志与 shell history）。
注意：管理员凭据存储（Argon2 哈希入 SQLite）随 T04 提供；本版本 init 不保存密码，也不创建数据库。
stderr: 
envdata exists? YES
---- [check-default] env=[] cmd: everything-manual check --data-dir envdata
exit=0 expected=0
stdout: 有效配置（脱敏）：
  配置文件：内置默认（未找到配置文件）
  data_dir = /private/tmp/em-qa-t02-run2-AhDiNX/envdata
  listen = 127.0.0.1:8080
  public_origin = (未设置)
  tls = (未配置)
  trusted_proxy_cidrs = (空)
  providers.tripo = 未配置（缺少：api_key；生成与报价不可用，已有资料仍可读）
  providers.manual_ai = 未配置（缺少：api_key、model；生成与报价不可用，已有资料仍可读）
  limits = json=1048576B pdf=52428800B/100页 photo=20971520B glb=157286400B item_total=524288000B
  concurrency = remote_generation=2 manual_ai_batches=2
  price_catalog_path = (未设置)
[检查] data-dir 结构与锁文件：通过（tmp/、logs/、blobs/、lock）
[检查] data-dir 可写：通过
[检查] 排他锁：通过（当前空闲，可启动 serve）
[检查] 数据库 schema：尚未建立（T03 起提供迁移与 schema 校验；当前不影响）
[检查] 监听安全：通过（loopback）
[检查] Provider tripo：未配置（缺少：api_key；生成与报价不可用，已有资料仍可读）
[检查] Provider manual_ai：未配置（缺少：api_key、model；生成与报价不可用，已有资料仍可读）
{"timestamp":"2026-09-11T18:19:11.664833Z","level":"INFO","fields":{"message":"check 完成（未发起任何外部请求）","event":"check"},"target":"everything_manual::config::commands"}
[检查] 外部请求：本命令不发起任何网络请求（0 次）
结果：check 通过
stderr: 
---- [check-toml] env=[] cmd: everything-manual check --data-dir envdata
exit=0 expected=0
stdout: 有效配置（脱敏）：
  配置文件：/private/tmp/em-qa-t02-run2-AhDiNX/envdata/config.toml
  data_dir = /private/tmp/em-qa-t02-run2-AhDiNX/envdata
  listen = 127.0.0.1:1111
  public_origin = (未设置)
  tls = (未配置)
  trusted_proxy_cidrs = (空)
  providers.tripo = 未配置（缺少：api_key；生成与报价不可用，已有资料仍可读）
  providers.manual_ai = 未配置（缺少：api_key、model；生成与报价不可用，已有资料仍可读）
  limits = json=1048576B pdf=52428800B/100页 photo=20971520B glb=157286400B item_total=524288000B
  concurrency = remote_generation=2 manual_ai_batches=2
  price_catalog_path = (未设置)
[检查] data-dir 结构与锁文件：通过（tmp/、logs/、blobs/、lock）
[检查] data-dir 可写：通过
[检查] 排他锁：通过（当前空闲，可启动 serve）
[检查] 数据库 schema：尚未建立（T03 起提供迁移与 schema 校验；当前不影响）
[检查] 监听安全：通过（loopback）
[检查] Provider tripo：未配置（缺少：api_key；生成与报价不可用，已有资料仍可读）
[检查] Provider manual_ai：未配置（缺少：api_key、model；生成与报价不可用，已有资料仍可读）
{"timestamp":"2026-09-11T18:19:11.682424Z","level":"INFO","fields":{"message":"check 完成（未发起任何外部请求）","event":"check"},"target":"everything_manual::config::commands"}
[检查] 外部请求：本命令不发起任何网络请求（0 次）
结果：check 通过
stderr: 
---- [check-env] env=[EM_LISTEN=127.0.0.1:2222] cmd: everything-manual check --data-dir envdata
exit=0 expected=0
stdout: 有效配置（脱敏）：
  配置文件：/private/tmp/em-qa-t02-run2-AhDiNX/envdata/config.toml
  data_dir = /private/tmp/em-qa-t02-run2-AhDiNX/envdata
  listen = 127.0.0.1:2222
  public_origin = (未设置)
  tls = (未配置)
  trusted_proxy_cidrs = (空)
  providers.tripo = 未配置（缺少：api_key；生成与报价不可用，已有资料仍可读）
  providers.manual_ai = 未配置（缺少：api_key、model；生成与报价不可用，已有资料仍可读）
  limits = json=1048576B pdf=52428800B/100页 photo=20971520B glb=157286400B item_total=524288000B
  concurrency = remote_generation=2 manual_ai_batches=2
  price_catalog_path = (未设置)
[检查] data-dir 结构与锁文件：通过（tmp/、logs/、blobs/、lock）
[检查] data-dir 可写：通过
[检查] 排他锁：通过（当前空闲，可启动 serve）
[检查] 数据库 schema：尚未建立（T03 起提供迁移与 schema 校验；当前不影响）
[检查] 监听安全：通过（loopback）
[检查] Provider tripo：未配置（缺少：api_key；生成与报价不可用，已有资料仍可读）
[检查] Provider manual_ai：未配置（缺少：api_key、model；生成与报价不可用，已有资料仍可读）
{"timestamp":"2026-09-11T18:19:11.697880Z","level":"INFO","fields":{"message":"check 完成（未发起任何外部请求）","event":"check"},"target":"everything_manual::config::commands"}
[检查] 外部请求：本命令不发起任何网络请求（0 次）
结果：check 通过
stderr: 
---- [check-cli] env=[EM_LISTEN=127.0.0.1:2222] cmd: everything-manual check --data-dir envdata --listen 127.0.0.1:3333
exit=0 expected=0
stdout: 有效配置（脱敏）：
  配置文件：/private/tmp/em-qa-t02-run2-AhDiNX/envdata/config.toml
  data_dir = /private/tmp/em-qa-t02-run2-AhDiNX/envdata
  listen = 127.0.0.1:3333
  public_origin = (未设置)
  tls = (未配置)
  trusted_proxy_cidrs = (空)
  providers.tripo = 未配置（缺少：api_key；生成与报价不可用，已有资料仍可读）
  providers.manual_ai = 未配置（缺少：api_key、model；生成与报价不可用，已有资料仍可读）
  limits = json=1048576B pdf=52428800B/100页 photo=20971520B glb=157286400B item_total=524288000B
  concurrency = remote_generation=2 manual_ai_batches=2
  price_catalog_path = (未设置)
[检查] data-dir 结构与锁文件：通过（tmp/、logs/、blobs/、lock）
[检查] data-dir 可写：通过
[检查] 排他锁：通过（当前空闲，可启动 serve）
[检查] 数据库 schema：尚未建立（T03 起提供迁移与 schema 校验；当前不影响）
[检查] 监听安全：通过（loopback）
[检查] Provider tripo：未配置（缺少：api_key；生成与报价不可用，已有资料仍可读）
[检查] Provider manual_ai：未配置（缺少：api_key、model；生成与报价不可用，已有资料仍可读）
{"timestamp":"2026-09-11T18:19:11.712781Z","level":"INFO","fields":{"message":"check 完成（未发起任何外部请求）","event":"check"},"target":"everything_manual::config::commands"}
[检查] 外部请求：本命令不发起任何网络请求（0 次）
结果：check 通过
stderr: 
check-default listen line: 
check-toml listen line: 
check-env listen line: 
check-cli listen line: 
---- [init-short-pw] cmd: everything-manual init --data-dir shortdata --password-file shortpw.txt
exit=2 expected=2
stdout: 
stderr: 错误：密码至少需要 8 个字符（当前 5 个）
shortdata created? NO
---- [check-missing-config] env=[EM_CONFIG=/tmp/em-qa-t02-run2-AhDiNX/nope.toml] cmd: everything-manual check --data-dir envdata
exit=3 expected=3
stdout: 
stderr: 错误：配置文件不存在：/tmp/em-qa-t02-run2-AhDiNX/nope.toml（来自 --config 或 EM_CONFIG）
---- [check-unwritable] cmd: everything-manual check --data-dir rodata
exit=0 expected=4
stdout: 有效配置（脱敏）：
  配置文件：内置默认（未找到配置文件）
  data_dir = /private/tmp/em-qa-t02-run2-AhDiNX/rodata
  listen = 127.0.0.1:8080
  public_origin = (未设置)
  tls = (未配置)
  trusted_proxy_cidrs = (空)
  providers.tripo = 未配置（缺少：api_key；生成与报价不可用，已有资料仍可读）
  providers.manual_ai = 未配置（缺少：api_key、model；生成与报价不可用，已有资料仍可读）
  limits = json=1048576B pdf=52428800B/100页 photo=20971520B glb=157286400B item_total=524288000B
  concurrency = remote_generation=2 manual_ai_batches=2
  price_catalog_path = (未设置)
[检查] data-dir 结构与锁文件：通过（tmp/、logs/、blobs/、lock）
[检查] data-dir 可写：通过
[检查] 排他锁：通过（当前空闲，可启动 serve）
[检查] 数据库 schema：尚未建立（T03 起提供迁移与 schema 校验；当前不影响）
[检查] 监听安全：通过（loopback）
[检查] Provider tripo：未配置（缺少：api_key；生成与报价不可用，已有资料仍可读）
[检查] Provider manual_ai：未配置（缺少：api_key、model；生成与报价不可用，已有资料仍可读）
{"timestamp":"2026-09-11T18:19:11.788720Z","level":"INFO","fields":{"message":"check 完成（未发起任何外部请求）","event":"check"},"target":"everything_manual::config::commands"}
[检查] 外部请求：本命令不发起任何网络请求（0 次）
结果：check 通过
stderr: 
*** MISMATCH [check-unwritable] ***
rodata perms restored
---- [init-via-cwd-config] cmd: everything-manual init --password-file p2.txt
exit=0 expected=0
stdout: {"timestamp":"2026-09-11T18:19:11.814532Z","level":"INFO","fields":{"message":"data-dir 初始化完成","event":"init","dataDir":"/tmp/em-qa-t02-run2-AhDiNX/towndir/data","passwordSource":"受限文件 p2.txt"},"target":"everything_manual::config::commands"}
data-dir 已初始化：/tmp/em-qa-t02-run2-AhDiNX/towndir/data
  - 已创建：/tmp/em-qa-t02-run2-AhDiNX/towndir/data
  - 已创建：/tmp/em-qa-t02-run2-AhDiNX/towndir/data/tmp
  - 已创建：/tmp/em-qa-t02-run2-AhDiNX/towndir/data/logs
  - 已创建：/tmp/em-qa-t02-run2-AhDiNX/towndir/data/blobs
  - 已创建：/tmp/em-qa-t02-run2-AhDiNX/towndir/data/lock
管理员密码：已从 受限文件 p2.txt 读取并通过校验（不落盘、不进入日志与 shell history）。
注意：管理员凭据存储（Argon2 哈希入 SQLite）随 T04 提供；本版本 init 不保存密码，也不创建数据库。
stderr: 
towndir/data structure? YES
=== leftover processes ===
none
