=== cargo fmt --check ===
  |
  = help: if you need to support cargo 1.38 or earlier, you can symlink `config` to `config.toml`
exit=0
=== cargo clippy --workspace --all-targets -- -D warnings ===
  |
  = help: if you need to support cargo 1.38 or earlier, you can symlink `config` to `config.toml`
    Finished `dev` profile [unoptimized + debuginfo] target(s) in 0.38s
=== cargo test --workspace ===
test result: ok. 5 passed; 0 failed; 0 ignored; 0 measured; 0 filtered out; finished in 0.06s
     Running tests/config_cli.rs (target/debug/deps/config_cli-7b8caf7c09d7b93f)
test result: ok. 12 passed; 0 failed; 0 ignored; 0 measured; 0 filtered out; finished in 1.60s
     Running tests/fixture_harness.rs (target/debug/deps/fixture_harness-3e3be1bea0ac1031)
test result: ok. 18 passed; 0 failed; 0 ignored; 0 measured; 0 filtered out; finished in 0.41s
     Running tests/items.rs (target/debug/deps/items-334a1a25f34f9b99)
test result: ok. 11 passed; 0 failed; 0 ignored; 0 measured; 0 filtered out; finished in 1.75s
     Running tests/preparations.rs (target/debug/deps/preparations-79bb74d5be360fad)
test result: ok. 9 passed; 0 failed; 0 ignored; 0 measured; 0 filtered out; finished in 1.75s
     Running tests/storage.rs (target/debug/deps/storage-ddb9dd7fd6b67c35)
test result: ok. 15 passed; 0 failed; 0 ignored; 0 measured; 0 filtered out; finished in 0.70s
     Running unittests src/lib.rs (target/debug/deps/manual_core-f03636cea45a5b89)
test result: ok. 17 passed; 0 failed; 0 ignored; 0 measured; 0 filtered out; finished in 0.00s
     Running unittests src/lib.rs (target/debug/deps/test_support-e82de81faf58326d)
test result: ok. 0 passed; 0 failed; 0 ignored; 0 measured; 0 filtered out; finished in 0.00s
     Running unittests src/bin/generate_fixtures.rs (target/debug/deps/generate_fixtures-1df1049b9db44c5c)
test result: ok. 0 passed; 0 failed; 0 ignored; 0 measured; 0 filtered out; finished in 0.00s
     Running unittests src/main.rs (target/debug/deps/xtask-1c10a59a0b3a105c)
test result: ok. 0 passed; 0 failed; 0 ignored; 0 measured; 0 filtered out; finished in 0.00s
test result: ok. 0 passed; 0 failed; 1 ignored; 0 measured; 0 filtered out; finished in 0.00s
test result: ok. 0 passed; 0 failed; 0 ignored; 0 measured; 0 filtered out; finished in 0.00s
test result: ok. 0 passed; 0 failed; 0 ignored; 0 measured; 0 filtered out; finished in 0.00s
