    Finished `dev` profile [unoptimized + debuginfo] target(s) in 0.48s
     Running `target/debug/xtask smoke-bootstrap --binary /src/everything-manual/dist/x86_64-unknown-linux-musl/everything-manual`
冒烟目录：/tmp/everything-manual-smoke-bootstrap-409-1789310529303478347（仅含二进制与其 data-dir，工作目录即该目录）
  [准备] init --data-dir data 成功
  (服务输出) {"timestamp":"2026-09-13T14:42:09.503762Z","level":"INFO","fields":{"message":"数据库 schema 已就绪","event":"database_ready","dataDir":"/tmp/everything-manual-smoke-bootstrap-409-1789310529303478347/data","schemaVersion":7},"target":"everything_manual::config::commands"}
  (服务输出) {"timestamp":"2026-09-13T14:42:09.505734Z","level":"INFO","fields":{"message":"资产残留扫描完成（隔离只移动不删除）","event":"asset_scan","tmpQuarantined":0,"blobsQuarantined":0,"blobsKept":0,"blobsRestored":0,"blobsMarkedMissing":0},"target":"everything_manual::config::commands"}
  (服务输出) {"timestamp":"2026-09-13T14:42:09.506531Z","level":"INFO","fields":{"message":"组装阶段处理器已注册（本地确定性组装；不存在自动发布）","event":"pipeline_handlers_registered","stages":"assemble_draft"},"target":"everything_manual::config::commands"}
  (服务输出) {"timestamp":"2026-09-13T14:42:09.506623Z","level":"WARN","fields":{"message":"任务执行器未注册任何 Provider 阶段处理器（Provider 未配置）：付费阶段会被延后；组装阶段不依赖 Provider，仍正常注册","event":"job_executor_no_handlers"},"target":"everything_manual::config::commands"}
  (服务输出) {"timestamp":"2026-09-13T14:42:09.507156Z","level":"INFO","fields":{"message":"任务执行器启动（SQLite 事实来源；崩溃断点仅测试构建）","event":"job_executor_start","owner":"435:01a09b37-efe2-74dc-ae10-0bf48d377517","leaseSeconds":120,"renewSeconds":20,"remoteGenerationLimit":2,"manualAiBatchLimit":2},"target":"everything_manual::config::commands"}
  (服务输出) {"timestamp":"2026-09-13T14:42:09.508314Z","level":"WARN","fields":{"message":"Provider 未配置：生成与报价能力将返回“未配置”，不回退 mock；已有资料仍可读","event":"provider_not_configured","provider":"tripo","missing":"api_key"},"target":"everything_manual::config::commands"}
  (服务输出) {"timestamp":"2026-09-13T14:42:09.508323Z","level":"WARN","fields":{"message":"Provider 未配置：生成与报价能力将返回“未配置”，不回退 mock；已有资料仍可读","event":"provider_not_configured","provider":"manual_ai","missing":"api_key,model"},"target":"everything_manual::config::commands"}
  (服务输出) {"timestamp":"2026-09-13T14:42:09.508382Z","level":"INFO","fields":{"message":"服务启动","event":"serve_start","listen":"127.0.0.1:41731","dataDir":"/tmp/everything-manual-smoke-bootstrap-409-1789310529303478347/data","securityMode":"loopback","sessionTtlHours":168,"loginRateLimitPerMinute":5,"cookieSecure":false},"target":"everything_manual::config::commands"}
服务地址：http://127.0.0.1:41731
  [检查] GET / -> 200 text/html; charset=utf-8
  [检查] GET /assets/index-D2JcMJ4C.js -> 200 text/javascript; charset=utf-8
  [检查] GET /api/v1/health/live -> 200
  [检查] GET /api/v1/health/ready -> 200
  [检查] GET /api/unknown -> 404 application/json
  [检查] GET /library/some-item -> 200 text/html; charset=utf-8
  [检查] GET /assets/definitely-missing.js -> 404 text/plain; charset=utf-8
  [清理] 已结束自启动的服务进程 PID 435

冒烟通过：内嵌页面、静态资源与 health 均可用（T01 最小检查）。
