
> everything-manual-web@0.1.0 typecheck
> tsc --noEmit

typecheck exit=0

> everything-manual-web@0.1.0 lint
> eslint . --max-warnings=0

lint exit=0

> everything-manual-web@0.1.0 test
> vitest run --run


 RUN  v5.0.0 /Users/qsyj/Code/rust/everything-manual/apps/web


 Test Files  9 passed (9)
      Tests  62 passed (62)
   Start at  16:36:41
   Duration  2.04s (environment 63%, tests 13%, transform 11%, setup 9%, import 3%, worker 1%)

vitest exit=0

> everything-manual-web@0.1.0 build
> tsc --noEmit && vite build

  pdfjs-dist 6.3.289 本地资源：cmaps=169 standard_fonts=16 wasm=13 iccs=2
vite v8.3.0 building client environment for production...
transforming...
✓ 113 modules transformed.
rendering chunks...
computing gzip size...
dist/index.html                              0.45 kB │ gzip:   0.31 kB
dist/assets/pdf.worker.min-Dswkl-cV.mjs  1,265.41 kB
dist/assets/index-DNtWi9LH.css              12.93 kB │ gzip:   3.05 kB
dist/assets/index-C4vQ2t8_.js              384.52 kB │ gzip: 117.68 kB
dist/assets/PreparePage-DAgurpKu.js        442.69 kB │ gzip: 133.39 kB

✓ built in 152ms
[plugin em-pdfjs-vendor]   vendor/pdfjs 已写入 dist/vendor/pdfjs（cmaps=169 standard_fonts=16 wasm=13 iccs=2）
build exit=0
