everything-manual v0.1.0 (/Users/qsyj/Code/rust/everything-manual/crates/server)
├── argon2 v0.5.3
│   ├── base64ct v1.8.3
│   ├── blake2 v0.10.6
│   │   └── digest v0.10.7
│   │       ├── block-buffer v0.10.4
│   │       │   └── generic-array v0.14.7
│   │       │       └── typenum v1.20.1
│   │       ├── crypto-common v0.1.7
│   │       │   ├── generic-array v0.14.7 (*)
│   │       │   └── typenum v1.20.1
│   │       └── subtle v2.6.1
│   └── password-hash v0.5.0
│       ├── base64ct v1.8.3
│       ├── rand_core v0.6.4
│       └── subtle v2.6.1
├── axum v0.8.9
│   ├── axum-core v0.5.6
│   │   ├── bytes v1.12.1
│   │   ├── futures-core v0.3.34
│   │   ├── http v1.5.0
│   │   │   ├── bytes v1.12.1
│   │   │   └── itoa v1.0.18
│   │   ├── http-body v1.1.0
│   │   │   ├── bytes v1.12.1
│   │   │   └── http v1.5.0 (*)
│   │   ├── http-body-util v0.1.5
│   │   │   ├── bytes v1.12.1
│   │   │   ├── futures-core v0.3.34
│   │   │   ├── http v1.5.0 (*)
│   │   │   ├── http-body v1.1.0 (*)
│   │   │   └── pin-project-lite v0.2.17
│   │   ├── mime v0.3.17
│   │   ├── pin-project-lite v0.2.17
│   │   ├── sync_wrapper v1.0.2
│   │   ├── tower-layer v0.3.3
│   │   ├── tower-service v0.3.3
│   │   └── tracing v0.1.44
│   │       ├── log v0.4.34
│   │       ├── pin-project-lite v0.2.17
│   │       ├── tracing-attributes v0.1.31 (proc-macro)
│   │       │   ├── proc-macro2 v1.0.107
│   │       │   │   └── unicode-ident v1.0.24
│   │       │   ├── quote v1.0.47
│   │       │   │   └── proc-macro2 v1.0.107 (*)
│   │       │   └── syn v2.0.119
│   │       │       ├── proc-macro2 v1.0.107 (*)
│   │       │       ├── quote v1.0.47 (*)
│   │       │       └── unicode-ident v1.0.24
│   │       └── tracing-core v0.1.36
│   │           └── once_cell v1.21.4
│   ├── bytes v1.12.1
│   ├── form_urlencoded v1.2.2
│   │   └── percent-encoding v2.3.2
│   ├── futures-util v0.3.34
│   │   ├── futures-core v0.3.34
│   │   ├── futures-io v0.3.34
│   │   ├── futures-sink v0.3.34
│   │   ├── futures-task v0.3.34
│   │   ├── memchr v2.8.3
│   │   ├── pin-project-lite v0.2.17
│   │   └── slab v0.4.12
│   ├── http v1.5.0 (*)
│   ├── http-body v1.1.0 (*)
│   ├── http-body-util v0.1.5 (*)
│   ├── hyper v1.11.1
│   │   ├── atomic-waker v1.1.2
│   │   ├── bytes v1.12.1
│   │   ├── futures-channel v0.3.34
│   │   │   ├── futures-core v0.3.34
│   │   │   └── futures-sink v0.3.34
│   │   ├── futures-core v0.3.34
│   │   ├── http v1.5.0 (*)
│   │   ├── http-body v1.1.0 (*)
│   │   ├── httparse v1.10.1
│   │   ├── httpdate v1.0.3
│   │   ├── itoa v1.0.18
│   │   ├── pin-project-lite v0.2.17
│   │   ├── smallvec v1.16.1
│   │   └── tokio v1.53.1
│   │       ├── bytes v1.12.1
│   │       ├── libc v0.2.189
│   │       ├── mio v1.2.3
│   │       │   └── libc v0.2.189
│   │       ├── pin-project-lite v0.2.17
│   │       ├── signal-hook-registry v1.4.8
│   │       │   ├── errno v0.3.14
│   │       │   │   └── libc v0.2.189
│   │       │   └── libc v0.2.189
│   │       ├── socket2 v0.6.5
│   │       │   └── libc v0.2.189
│   │       └── tokio-macros v2.7.2 (proc-macro)
│   │           ├── proc-macro2 v1.0.107 (*)
│   │           ├── quote v1.0.47 (*)
│   │           └── syn v3.0.5
│   │               ├── proc-macro2 v1.0.107 (*)
│   │               ├── quote v1.0.47 (*)
│   │               └── unicode-ident v1.0.24
│   ├── hyper-util v0.1.20
│   │   ├── bytes v1.12.1
│   │   ├── http v1.5.0 (*)
│   │   ├── http-body v1.1.0 (*)
│   │   ├── hyper v1.11.1 (*)
│   │   ├── pin-project-lite v0.2.17
│   │   ├── tokio v1.53.1 (*)
│   │   └── tower-service v0.3.3
│   ├── itoa v1.0.18
│   ├── matchit v0.8.4
│   ├── memchr v2.8.3
│   ├── mime v0.3.17
│   ├── percent-encoding v2.3.2
│   ├── pin-project-lite v0.2.17
│   ├── serde_core v1.0.229
│   ├── serde_json v1.0.151
│   │   ├── itoa v1.0.18
│   │   ├── memchr v2.8.3
│   │   ├── serde_core v1.0.229
│   │   └── zmij v1.0.23
│   ├── serde_path_to_error v0.1.20
│   │   ├── itoa v1.0.18
│   │   └── serde_core v1.0.229
│   ├── serde_urlencoded v0.7.1
│   │   ├── form_urlencoded v1.2.2 (*)
│   │   ├── itoa v1.0.18
│   │   ├── ryu v1.0.23
│   │   └── serde v1.0.229
│   │       ├── serde_core v1.0.229
│   │       └── serde_derive v1.0.229 (proc-macro)
│   │           ├── proc-macro2 v1.0.107 (*)
│   │           ├── quote v1.0.47 (*)
│   │           └── syn v3.0.5 (*)
│   ├── sync_wrapper v1.0.2
│   ├── tokio v1.53.1 (*)
│   ├── tower v0.5.3
│   │   ├── futures-core v0.3.34
│   │   ├── futures-util v0.3.34 (*)
│   │   ├── pin-project-lite v0.2.17
│   │   ├── sync_wrapper v1.0.2
│   │   ├── tokio v1.53.1 (*)
│   │   ├── tower-layer v0.3.3
│   │   ├── tower-service v0.3.3
│   │   └── tracing v0.1.44 (*)
│   ├── tower-layer v0.3.3
│   ├── tower-service v0.3.3
│   └── tracing v0.1.44 (*)
├── clap v4.6.6
│   ├── clap_builder v4.6.6
│   │   ├── anstream v1.0.0
│   │   │   ├── anstyle v1.0.14
│   │   │   ├── anstyle-parse v1.0.0
│   │   │   │   └── utf8parse v0.2.2
│   │   │   ├── anstyle-query v1.1.5
│   │   │   ├── colorchoice v1.0.5
│   │   │   ├── is_terminal_polyfill v1.70.2
│   │   │   └── utf8parse v0.2.2
│   │   ├── anstyle v1.0.14
│   │   ├── clap_lex v1.1.0
│   │   └── strsim v0.11.1
│   └── clap_derive v4.6.4 (proc-macro)
│       ├── heck v0.5.0
│       ├── proc-macro2 v1.0.107 (*)
│       ├── quote v1.0.47 (*)
│       └── syn v3.0.5 (*)
├── getrandom v0.4.3
│   ├── cfg-if v1.0.4
│   └── libc v0.2.189
├── libc v0.2.189
├── manual-core v0.1.0 (/Users/qsyj/Code/rust/everything-manual/crates/core)
│   ├── serde v1.0.229 (*)
│   ├── serde_json v1.0.151 (*)
│   ├── time v0.3.55
│   │   ├── deranged v0.5.8
│   │   ├── num-conv v0.2.2
│   │   ├── powerfmt v0.2.0
│   │   └── time-core v0.1.9
│   └── uuid v1.26.1
│       └── getrandom v0.4.3 (*)
├── serde v1.0.229 (*)
├── serde_json v1.0.151 (*)
├── sha2 v0.10.9
│   ├── cfg-if v1.0.4
│   ├── cpufeatures v0.2.17
│   │   └── libc v0.2.189
│   └── digest v0.10.7 (*)
├── sqlx v0.9.0
│   ├── sqlx-core v0.9.0
│   │   ├── base64 v0.22.1
│   │   ├── bytes v1.12.1
│   │   ├── cfg-if v1.0.4
│   │   ├── crc v3.4.0
│   │   │   └── crc-catalog v2.5.0
│   │   ├── crossbeam-queue v0.3.14
│   │   │   └── crossbeam-utils v0.8.23
│   │   ├── either v1.18.0
│   │   │   └── serde v1.0.229 (*)
│   │   ├── event-listener v5.4.2
│   │   │   ├── parking v2.2.1
│   │   │   └── pin-project-lite v0.2.17
│   │   ├── futures-core v0.3.34
│   │   ├── futures-intrusive v0.5.0
│   │   │   ├── futures-core v0.3.34
│   │   │   ├── lock_api v0.4.14
│   │   │   │   └── scopeguard v1.2.0
│   │   │   └── parking_lot v0.12.5
│   │   │       ├── lock_api v0.4.14 (*)
│   │   │       └── parking_lot_core v0.9.12
│   │   │           ├── cfg-if v1.0.4
│   │   │           ├── libc v0.2.189
│   │   │           └── smallvec v1.16.1
│   │   ├── futures-io v0.3.34
│   │   ├── futures-util v0.3.34 (*)
│   │   ├── hashbrown v0.16.1
│   │   │   ├── allocator-api2 v0.2.21
│   │   │   ├── equivalent v1.0.2
│   │   │   └── foldhash v0.2.0
│   │   ├── hashlink v0.11.1
│   │   │   └── hashbrown v0.16.1 (*)
│   │   ├── indexmap v2.14.2
│   │   │   ├── equivalent v1.0.2
│   │   │   ├── hashbrown v0.17.1
│   │   │   └── serde_core v1.0.229
│   │   ├── log v0.4.34
│   │   ├── memchr v2.8.3
│   │   ├── percent-encoding v2.3.2
│   │   ├── serde v1.0.229 (*)
│   │   ├── sha2 v0.10.9 (*)
│   │   ├── smallvec v1.16.1
│   │   ├── thiserror v2.0.20
│   │   │   └── thiserror-impl v2.0.20 (proc-macro)
│   │   │       ├── proc-macro2 v1.0.107 (*)
│   │   │       ├── quote v1.0.47 (*)
│   │   │       └── syn v3.0.5 (*)
│   │   ├── tokio v1.53.1 (*)
│   │   ├── tokio-stream v0.1.19
│   │   │   ├── futures-core v0.3.34
│   │   │   ├── pin-project-lite v0.2.17
│   │   │   └── tokio v1.53.1 (*)
│   │   ├── tracing v0.1.44 (*)
│   │   └── url v2.5.8
│   │       ├── form_urlencoded v1.2.2 (*)
│   │       ├── idna v1.1.0
│   │       │   ├── idna_adapter v1.2.2
│   │       │   │   ├── icu_normalizer v2.3.0
│   │       │   │   │   ├── icu_collections v2.3.0
│   │       │   │   │   │   ├── displaydoc v0.2.7 (proc-macro)
│   │       │   │   │   │   │   ├── proc-macro2 v1.0.107 (*)
│   │       │   │   │   │   │   ├── quote v1.0.47 (*)
│   │       │   │   │   │   │   └── syn v3.0.5 (*)
│   │       │   │   │   │   ├── potential_utf v0.1.6
│   │       │   │   │   │   │   └── zerovec v0.11.8
│   │       │   │   │   │   │       ├── yoke v0.8.3
│   │       │   │   │   │   │       │   ├── stable_deref_trait v1.2.1
│   │       │   │   │   │   │       │   ├── yoke-derive v0.8.2 (proc-macro)
│   │       │   │   │   │   │       │   │   ├── proc-macro2 v1.0.107 (*)
│   │       │   │   │   │   │       │   │   ├── quote v1.0.47 (*)
│   │       │   │   │   │   │       │   │   ├── syn v2.0.119 (*)
│   │       │   │   │   │   │       │   │   └── synstructure v0.13.2
│   │       │   │   │   │   │       │   │       ├── proc-macro2 v1.0.107 (*)
│   │       │   │   │   │   │       │   │       ├── quote v1.0.47 (*)
│   │       │   │   │   │   │       │   │       └── syn v2.0.119 (*)
│   │       │   │   │   │   │       │   └── zerofrom v0.1.8
│   │       │   │   │   │   │       │       └── zerofrom-derive v0.1.7 (proc-macro)
│   │       │   │   │   │   │       │           ├── proc-macro2 v1.0.107 (*)
│   │       │   │   │   │   │       │           ├── quote v1.0.47 (*)
│   │       │   │   │   │   │       │           ├── syn v2.0.119 (*)
│   │       │   │   │   │   │       │           └── synstructure v0.13.2 (*)
│   │       │   │   │   │   │       ├── zerofrom v0.1.8 (*)
│   │       │   │   │   │   │       └── zerovec-derive v0.11.6 (proc-macro)
│   │       │   │   │   │   │           ├── proc-macro2 v1.0.107 (*)
│   │       │   │   │   │   │           ├── quote v1.0.47 (*)
│   │       │   │   │   │   │           └── syn v3.0.5 (*)
│   │       │   │   │   │   ├── utf8_iter v1.0.4
│   │       │   │   │   │   ├── yoke v0.8.3 (*)
│   │       │   │   │   │   ├── zerofrom v0.1.8 (*)
│   │       │   │   │   │   └── zerovec v0.11.8 (*)
│   │       │   │   │   ├── icu_normalizer_data v2.3.0
│   │       │   │   │   ├── icu_provider v2.3.1
│   │       │   │   │   │   ├── displaydoc v0.2.7 (proc-macro) (*)
│   │       │   │   │   │   ├── icu_locale_core v2.3.0
│   │       │   │   │   │   │   ├── displaydoc v0.2.7 (proc-macro) (*)
│   │       │   │   │   │   │   ├── litemap v0.8.3
│   │       │   │   │   │   │   ├── tinystr v0.8.4
│   │       │   │   │   │   │   │   ├── displaydoc v0.2.7 (proc-macro) (*)
│   │       │   │   │   │   │   │   └── zerovec v0.11.8 (*)
│   │       │   │   │   │   │   ├── writeable v0.6.4
│   │       │   │   │   │   │   └── zerovec v0.11.8 (*)
│   │       │   │   │   │   ├── writeable v0.6.4
│   │       │   │   │   │   ├── yoke v0.8.3 (*)
│   │       │   │   │   │   ├── zerofrom v0.1.8 (*)
│   │       │   │   │   │   ├── zerotrie v0.2.5
│   │       │   │   │   │   │   ├── displaydoc v0.2.7 (proc-macro) (*)
│   │       │   │   │   │   │   ├── yoke v0.8.3 (*)
│   │       │   │   │   │   │   └── zerofrom v0.1.8 (*)
│   │       │   │   │   │   └── zerovec v0.11.8 (*)
│   │       │   │   │   ├── smallvec v1.16.1
│   │       │   │   │   └── zerovec v0.11.8 (*)
│   │       │   │   └── icu_properties v2.3.0
│   │       │   │       ├── displaydoc v0.2.7 (proc-macro) (*)
│   │       │   │       ├── icu_collections v2.3.0 (*)
│   │       │   │       ├── icu_locale_core v2.3.0 (*)
│   │       │   │       ├── icu_properties_data v2.3.0
│   │       │   │       ├── icu_provider v2.3.1 (*)
│   │       │   │       ├── zerotrie v0.2.5 (*)
│   │       │   │       └── zerovec v0.11.8 (*)
│   │       │   ├── smallvec v1.16.1
│   │       │   └── utf8_iter v1.0.4
│   │       └── percent-encoding v2.3.2
│   ├── sqlx-macros v0.9.0 (proc-macro)
│   │   ├── proc-macro2 v1.0.107 (*)
│   │   ├── quote v1.0.47 (*)
│   │   ├── sqlx-core v0.9.0
│   │   │   ├── base64 v0.22.1
│   │   │   ├── bytes v1.12.1
│   │   │   ├── cfg-if v1.0.4
│   │   │   ├── crc v3.4.0 (*)
│   │   │   ├── crossbeam-queue v0.3.14 (*)
│   │   │   ├── either v1.18.0 (*)
│   │   │   ├── event-listener v5.4.2 (*)
│   │   │   ├── futures-core v0.3.34
│   │   │   ├── futures-intrusive v0.5.0 (*)
│   │   │   ├── futures-io v0.3.34
│   │   │   ├── futures-util v0.3.34 (*)
│   │   │   ├── hashbrown v0.16.1 (*)
│   │   │   ├── hashlink v0.11.1 (*)
│   │   │   ├── indexmap v2.14.2
│   │   │   │   ├── equivalent v1.0.2
│   │   │   │   └── hashbrown v0.17.1
│   │   │   ├── log v0.4.34
│   │   │   ├── memchr v2.8.3
│   │   │   ├── percent-encoding v2.3.2
│   │   │   ├── serde v1.0.229 (*)
│   │   │   ├── sha2 v0.10.9 (*)
│   │   │   ├── smallvec v1.16.1
│   │   │   ├── thiserror v2.0.20 (*)
│   │   │   ├── tokio v1.53.1
│   │   │   │   ├── bytes v1.12.1
│   │   │   │   ├── libc v0.2.189
│   │   │   │   ├── mio v1.2.3 (*)
│   │   │   │   ├── pin-project-lite v0.2.17
│   │   │   │   └── socket2 v0.6.5 (*)
│   │   │   ├── tokio-stream v0.1.19 (*)
│   │   │   ├── tracing v0.1.44 (*)
│   │   │   └── url v2.5.8 (*)
│   │   ├── sqlx-macros-core v0.9.0
│   │   │   ├── cfg-if v1.0.4
│   │   │   ├── dotenvy v0.15.7
│   │   │   ├── either v1.18.0 (*)
│   │   │   ├── heck v0.5.0
│   │   │   ├── hex v0.4.3
│   │   │   ├── proc-macro2 v1.0.107 (*)
│   │   │   ├── quote v1.0.47 (*)
│   │   │   ├── serde v1.0.229 (*)
│   │   │   ├── serde_json v1.0.151
│   │   │   │   ├── itoa v1.0.18
│   │   │   │   ├── memchr v2.8.3
│   │   │   │   ├── serde_core v1.0.229
│   │   │   │   └── zmij v1.0.23
│   │   │   ├── sha2 v0.10.9 (*)
│   │   │   ├── sqlx-core v0.9.0 (*)
│   │   │   ├── sqlx-sqlite v0.9.0
│   │   │   │   ├── atoi v2.0.0
│   │   │   │   │   └── num-traits v0.2.19
│   │   │   │   ├── flume v0.12.0
│   │   │   │   │   ├── futures-core v0.3.34
│   │   │   │   │   ├── futures-sink v0.3.34
│   │   │   │   │   └── spin v0.9.9
│   │   │   │   │       └── lock_api v0.4.14 (*)
│   │   │   │   ├── form_urlencoded v1.2.2 (*)
│   │   │   │   ├── futures-channel v0.3.34
│   │   │   │   │   ├── futures-core v0.3.34
│   │   │   │   │   └── futures-sink v0.3.34
│   │   │   │   ├── futures-core v0.3.34
│   │   │   │   ├── futures-executor v0.3.34
│   │   │   │   │   ├── futures-core v0.3.34
│   │   │   │   │   ├── futures-task v0.3.34
│   │   │   │   │   └── futures-util v0.3.34 (*)
│   │   │   │   ├── futures-intrusive v0.5.0 (*)
│   │   │   │   ├── futures-util v0.3.34 (*)
│   │   │   │   ├── libsqlite3-sys v0.37.0
│   │   │   │   ├── log v0.4.34
│   │   │   │   ├── percent-encoding v2.3.2
│   │   │   │   ├── serde v1.0.229 (*)
│   │   │   │   ├── sqlx-core v0.9.0 (*)
│   │   │   │   ├── thiserror v2.0.20 (*)
│   │   │   │   ├── tracing v0.1.44 (*)
│   │   │   │   └── url v2.5.8 (*)
│   │   │   ├── syn v2.0.119 (*)
│   │   │   ├── thiserror v2.0.20 (*)
│   │   │   ├── tokio v1.53.1 (*)
│   │   │   └── url v2.5.8 (*)
│   │   └── syn v2.0.119 (*)
│   └── sqlx-sqlite v0.9.0
│       ├── atoi v2.0.0 (*)
│       ├── flume v0.12.0 (*)
│       ├── form_urlencoded v1.2.2 (*)
│       ├── futures-channel v0.3.34 (*)
│       ├── futures-core v0.3.34
│       ├── futures-executor v0.3.34 (*)
│       ├── futures-intrusive v0.5.0 (*)
│       ├── futures-util v0.3.34 (*)
│       ├── libsqlite3-sys v0.37.0
│       ├── log v0.4.34
│       ├── percent-encoding v2.3.2
│       ├── serde v1.0.229 (*)
│       ├── sqlx-core v0.9.0 (*)
│       ├── thiserror v2.0.20 (*)
│       ├── tracing v0.1.44 (*)
│       └── url v2.5.8 (*)
├── tokio v1.53.1 (*)
├── toml v1.1.6+spec-1.1.0
│   ├── serde_core v1.0.229
│   ├── serde_spanned v1.1.1
│   │   └── serde_core v1.0.229
│   ├── toml_datetime v1.1.1+spec-1.1.0
│   │   └── serde_core v1.0.229
│   ├── toml_parser v1.1.3+spec-1.1.0
│   │   └── winnow v1.0.4
│   ├── toml_writer v1.1.2+spec-1.1.0
│   └── winnow v1.0.4
├── tracing v0.1.44 (*)
├── tracing-subscriber v0.3.23
│   ├── nu-ansi-term v0.50.3
│   ├── serde v1.0.229 (*)
│   ├── serde_json v1.0.151 (*)
│   ├── sharded-slab v0.1.7
│   │   └── lazy_static v1.5.0
│   ├── smallvec v1.16.1
│   ├── thread_local v1.1.10
│   │   └── cfg-if v1.0.4
│   ├── time v0.3.55 (*)
│   ├── tracing-core v0.1.36 (*)
│   ├── tracing-log v0.2.0
│   │   ├── log v0.4.34
│   │   ├── once_cell v1.21.4
│   │   └── tracing-core v0.1.36 (*)
│   └── tracing-serde v0.2.0
│       ├── serde v1.0.229 (*)
│       └── tracing-core v0.1.36 (*)
├── utoipa v5.5.0
│   ├── indexmap v2.14.2 (*)
│   ├── serde v1.0.229 (*)
│   ├── serde_json v1.0.151 (*)
│   └── utoipa-gen v5.5.0 (proc-macro)
│       ├── proc-macro2 v1.0.107 (*)
│       ├── quote v1.0.47 (*)
│       └── syn v2.0.119 (*)
└── uuid v1.26.1 (*)
