
> everything-manual-web@0.1.0 test:e2e
> playwright test qa-t18-r23-layout-boundary.spec.ts --repeat-each=3

(node:85445) [DEP0205] DeprecationWarning: `module.register()` is deprecated. Use `module.registerHooks()` instead.
(Use `node --trace-deprecation ...` to show where the warning was created)
[2m[WebServer] [22m
[2m[WebServer] [22m> everything-manual-web@0.1.0 dev
[2m[WebServer] [22m> vite
[2m[WebServer] [22m
[2m[WebServer] [22m  pdfjs-dist 6.3.289 本地资源：cmaps=169 standard_fonts=16 wasm=13 iccs=2
[2m[WebServer] [22m
[2m[WebServer] [22m  [32m[1mVITE[22m v8.3.0[39m  [2mready in [0m[1m138[22m[2m[0m ms[22m
[2m[WebServer] [22m
[2m[WebServer] [22m  [32m➜[39m  [1mLocal[22m:   [36mhttp://127.0.0.1:[1m15173[22m/[39m
warning: `/Users/qsyj/.cargo/config` is deprecated in favor of `config.toml`
  |
  = help: if you need to support cargo 1.38 or earlier, you can symlink `config` to `config.toml`
    Finished `dev` profile [unoptimized + debuginfo] target(s) in 0.36s
{"timestamp":"2026-09-12T13:01:23.041582Z","level":"INFO","fields":{"message":"data-dir 初始化完成","event":"init","dataDir":"/var/folders/5y/y4jt01gd7mzglrwt5pf7p3m00000gn/T/em-web-mvp-e2e/data","passwordSource":"受限文件 /var/folders/5y/y4jt01gd7mzglrwt5pf7p3m00000gn/T/em-web-mvp-e2e/password.txt","schemaVersion":6,"adminId":"01a095b5-50e1-765d-a856-87ebda999df0","adminStatus":"已创建"},"target":"everything_manual::config::commands"}
data-dir 已初始化：/var/folders/5y/y4jt01gd7mzglrwt5pf7p3m00000gn/T/em-web-mvp-e2e/data
  - 已创建：/var/folders/5y/y4jt01gd7mzglrwt5pf7p3m00000gn/T/em-web-mvp-e2e/data
  - 已创建：/var/folders/5y/y4jt01gd7mzglrwt5pf7p3m00000gn/T/em-web-mvp-e2e/data/tmp
  - 已创建：/var/folders/5y/y4jt01gd7mzglrwt5pf7p3m00000gn/T/em-web-mvp-e2e/data/logs
  - 已创建：/var/folders/5y/y4jt01gd7mzglrwt5pf7p3m00000gn/T/em-web-mvp-e2e/data/blobs
  - 已创建：/var/folders/5y/y4jt01gd7mzglrwt5pf7p3m00000gn/T/em-web-mvp-e2e/data/lock
数据库：已创建并迁移（/var/folders/5y/y4jt01gd7mzglrwt5pf7p3m00000gn/T/em-web-mvp-e2e/data/manual.sqlite3，schema v6；迁移随二进制内嵌，WAL / synchronous=FULL / foreign_keys=ON）
管理员凭据：已创建（admins 表；Argon2id v19、m=19456 KiB、t=2、p=1、16 字节盐；无默认密码）。
密码来源：受限文件 /var/folders/5y/y4jt01gd7mzglrwt5pf7p3m00000gn/T/em-web-mvp-e2e/password.txt；明文不落盘、不进入日志与 shell history。

Running 6 tests using 1 worker

(node:85517) [DEP0205] DeprecationWarning: `module.register()` is deprecated. Use `module.registerHooks()` instead.
(Use `node --trace-deprecation ...` to show where the warning was created)
[2m[WebServer] [22m[2m21:01:26[22m [33m[1m[vite][22m[39m [33m[2m(client)[22m[39m [2m[console.warn] [22mTHREE.Clock: This module has been deprecated. Please use THREE.Timer instead.
  ✓  1 [chromium] › tests/e2e/qa-t18-r23-layout-boundary.spec.ts:172:1 › QA-R23-LB 1280px 断点边界：观察抖动与整页重挂载的触发条件 (5.1s)
[2m[WebServer] [22m[2m21:01:31[22m [33m[1m[vite][22m[39m [33m[2m(client)[22m[39m [2m[console.warn] [22mTHREE.Clock: This module has been deprecated. Please use THREE.Timer instead.
  ✘  2 [chromium] › tests/e2e/qa-t18-r23-layout-boundary.spec.ts:249:1 › QA-R23-LB2 1280px + 经典（占宽）滚动条：稳定宽度下不得跨断点（产品级核查） (4.4s)
(node:85527) [DEP0205] DeprecationWarning: `module.register()` is deprecated. Use `module.registerHooks()` instead.
(Use `node --trace-deprecation ...` to show where the warning was created)
[2m[WebServer] [22m[2m21:01:36[22m [33m[1m[vite][22m[39m [33m[2m(client)[22m[39m [2m[console.warn] [22mTHREE.Clock: This module has been deprecated. Please use THREE.Timer instead.
[2m[WebServer] [22m[2m21:01:39[22m [33m[1m[vite][22m[39m [33m[2m(client)[22m[39m [2m[console.warn] [22mTHREE.Clock: This module has been deprecated. Please use THREE.Timer instead.
  ✓  3 [chromium] › tests/e2e/qa-t18-r23-layout-boundary.spec.ts:172:1 › QA-R23-LB 1280px 断点边界：观察抖动与整页重挂载的触发条件 (5.4s)
[2m[WebServer] [22m[2m21:01:41[22m [33m[1m[vite][22m[39m [33m[2m(client)[22m[39m [2m[console.warn] [22mTHREE.Clock: This module has been deprecated. Please use THREE.Timer instead.
  ✘  4 [chromium] › tests/e2e/qa-t18-r23-layout-boundary.spec.ts:249:1 › QA-R23-LB2 1280px + 经典（占宽）滚动条：稳定宽度下不得跨断点（产品级核查） (4.3s)
(node:85535) [DEP0205] DeprecationWarning: `module.register()` is deprecated. Use `module.registerHooks()` instead.
(Use `node --trace-deprecation ...` to show where the warning was created)
[2m[WebServer] [22m[2m21:01:46[22m [33m[1m[vite][22m[39m [33m[2m(client)[22m[39m [2m[console.warn] [22mTHREE.Clock: This module has been deprecated. Please use THREE.Timer instead.
  ✓  5 [chromium] › tests/e2e/qa-t18-r23-layout-boundary.spec.ts:172:1 › QA-R23-LB 1280px 断点边界：观察抖动与整页重挂载的触发条件 (5.2s)
[2m[WebServer] [22m[2m21:01:51[22m [33m[1m[vite][22m[39m [33m[2m(client)[22m[39m [2m[console.warn] [22mTHREE.Clock: This module has been deprecated. Please use THREE.Timer instead.
  ✘  6 [chromium] › tests/e2e/qa-t18-r23-layout-boundary.spec.ts:249:1 › QA-R23-LB2 1280px + 经典（占宽）滚动条：稳定宽度下不得跨断点（产品级核查） (4.4s)


  1) [chromium] › tests/e2e/qa-t18-r23-layout-boundary.spec.ts:249:1 › QA-R23-LB2 1280px + 经典（占宽）滚动条：稳定宽度下不得跨断点（产品级核查） 

    Error: 强制经典滚动条后 clientWidth 应被占宽（本环境需支持该模拟）

    [2mexpect([22m[31mreceived[39m[2m).[22mtoBeLessThan[2m([22m[32mexpected[39m[2m)[22m

    Expected: < [32m1280[39m
    Received:   [31m1280[39m

      286 |   // 该环境必须真的能模拟"滚动条占宽"（否则本核查无意义，明确失败而不是静默跳过）。
      287 |   expect(state.sh, "页面必须超屏（滚动条才会出现）").toBeGreaterThan(720);
    > 288 |   expect(state.cw, "强制经典滚动条后 clientWidth 应被占宽（本环境需支持该模拟）").toBeLessThan(1280);
          |                                                            ^
      289 |   // 产品级结论：滚动条占宽不得把断点推到 mid（Chromium 媒体查询含滚动条宽度）。
      290 |   expect(state.mq, "1280px 窗口 + 占宽滚动条：断点判定必须仍为 wide").toBe(true);
      291 |   expect(state.wide, "布局必须仍是三栏 wide").toBe(true);
        at /Users/qsyj/Code/rust/everything-manual/apps/web/tests/e2e/qa-t18-r23-layout-boundary.spec.ts:288:60

    attachment #1: screenshot (image/png) ──────────────────────────────────────────────────────────
    ../../artifacts/web-mvp/t09-rd/playwright-output/qa-t18-r23-layout-boundary-591ed-经典（占宽）滚动条：稳定宽度下不得跨断点（产品级核查）-chromium/test-failed-1.png
    ────────────────────────────────────────────────────────────────────────────────────────────────

    Error Context: ../../artifacts/web-mvp/t09-rd/playwright-output/qa-t18-r23-layout-boundary-591ed-经典（占宽）滚动条：稳定宽度下不得跨断点（产品级核查）-chromium/error-context.md

    attachment #3: trace (application/zip) ─────────────────────────────────────────────────────────
    ../../artifacts/web-mvp/t09-rd/playwright-output/qa-t18-r23-layout-boundary-591ed-经典（占宽）滚动条：稳定宽度下不得跨断点（产品级核查）-chromium/trace.zip
    Usage:

        npx playwright show-trace ../../artifacts/web-mvp/t09-rd/playwright-output/qa-t18-r23-layout-boundary-591ed-经典（占宽）滚动条：稳定宽度下不得跨断点（产品级核查）-chromium/trace.zip

    ────────────────────────────────────────────────────────────────────────────────────────────────

  2) [chromium] › tests/e2e/qa-t18-r23-layout-boundary.spec.ts:249:1 › QA-R23-LB2 1280px + 经典（占宽）滚动条：稳定宽度下不得跨断点（产品级核查） 

    Error: 强制经典滚动条后 clientWidth 应被占宽（本环境需支持该模拟）

    [2mexpect([22m[31mreceived[39m[2m).[22mtoBeLessThan[2m([22m[32mexpected[39m[2m)[22m

    Expected: < [32m1280[39m
    Received:   [31m1280[39m

      286 |   // 该环境必须真的能模拟"滚动条占宽"（否则本核查无意义，明确失败而不是静默跳过）。
      287 |   expect(state.sh, "页面必须超屏（滚动条才会出现）").toBeGreaterThan(720);
    > 288 |   expect(state.cw, "强制经典滚动条后 clientWidth 应被占宽（本环境需支持该模拟）").toBeLessThan(1280);
          |                                                            ^
      289 |   // 产品级结论：滚动条占宽不得把断点推到 mid（Chromium 媒体查询含滚动条宽度）。
      290 |   expect(state.mq, "1280px 窗口 + 占宽滚动条：断点判定必须仍为 wide").toBe(true);
      291 |   expect(state.wide, "布局必须仍是三栏 wide").toBe(true);
        at /Users/qsyj/Code/rust/everything-manual/apps/web/tests/e2e/qa-t18-r23-layout-boundary.spec.ts:288:60

    attachment #1: screenshot (image/png) ──────────────────────────────────────────────────────────
    ../../artifacts/web-mvp/t09-rd/playwright-output/qa-t18-r23-layout-boundary-591ed-经典（占宽）滚动条：稳定宽度下不得跨断点（产品级核查）-chromium-repeat1/test-failed-1.png
    ────────────────────────────────────────────────────────────────────────────────────────────────

    Error Context: ../../artifacts/web-mvp/t09-rd/playwright-output/qa-t18-r23-layout-boundary-591ed-经典（占宽）滚动条：稳定宽度下不得跨断点（产品级核查）-chromium-repeat1/error-context.md

    attachment #3: trace (application/zip) ─────────────────────────────────────────────────────────
    ../../artifacts/web-mvp/t09-rd/playwright-output/qa-t18-r23-layout-boundary-591ed-经典（占宽）滚动条：稳定宽度下不得跨断点（产品级核查）-chromium-repeat1/trace.zip
    Usage:

        npx playwright show-trace ../../artifacts/web-mvp/t09-rd/playwright-output/qa-t18-r23-layout-boundary-591ed-经典（占宽）滚动条：稳定宽度下不得跨断点（产品级核查）-chromium-repeat1/trace.zip

    ────────────────────────────────────────────────────────────────────────────────────────────────

  3) [chromium] › tests/e2e/qa-t18-r23-layout-boundary.spec.ts:249:1 › QA-R23-LB2 1280px + 经典（占宽）滚动条：稳定宽度下不得跨断点（产品级核查） 

    Error: 强制经典滚动条后 clientWidth 应被占宽（本环境需支持该模拟）

    [2mexpect([22m[31mreceived[39m[2m).[22mtoBeLessThan[2m([22m[32mexpected[39m[2m)[22m

    Expected: < [32m1280[39m
    Received:   [31m1280[39m

      286 |   // 该环境必须真的能模拟"滚动条占宽"（否则本核查无意义，明确失败而不是静默跳过）。
      287 |   expect(state.sh, "页面必须超屏（滚动条才会出现）").toBeGreaterThan(720);
    > 288 |   expect(state.cw, "强制经典滚动条后 clientWidth 应被占宽（本环境需支持该模拟）").toBeLessThan(1280);
          |                                                            ^
      289 |   // 产品级结论：滚动条占宽不得把断点推到 mid（Chromium 媒体查询含滚动条宽度）。
      290 |   expect(state.mq, "1280px 窗口 + 占宽滚动条：断点判定必须仍为 wide").toBe(true);
      291 |   expect(state.wide, "布局必须仍是三栏 wide").toBe(true);
        at /Users/qsyj/Code/rust/everything-manual/apps/web/tests/e2e/qa-t18-r23-layout-boundary.spec.ts:288:60

    attachment #1: screenshot (image/png) ──────────────────────────────────────────────────────────
    ../../artifacts/web-mvp/t09-rd/playwright-output/qa-t18-r23-layout-boundary-591ed-经典（占宽）滚动条：稳定宽度下不得跨断点（产品级核查）-chromium-repeat2/test-failed-1.png
    ────────────────────────────────────────────────────────────────────────────────────────────────

    Error Context: ../../artifacts/web-mvp/t09-rd/playwright-output/qa-t18-r23-layout-boundary-591ed-经典（占宽）滚动条：稳定宽度下不得跨断点（产品级核查）-chromium-repeat2/error-context.md

    attachment #3: trace (application/zip) ─────────────────────────────────────────────────────────
    ../../artifacts/web-mvp/t09-rd/playwright-output/qa-t18-r23-layout-boundary-591ed-经典（占宽）滚动条：稳定宽度下不得跨断点（产品级核查）-chromium-repeat2/trace.zip
    Usage:

        npx playwright show-trace ../../artifacts/web-mvp/t09-rd/playwright-output/qa-t18-r23-layout-boundary-591ed-经典（占宽）滚动条：稳定宽度下不得跨断点（产品级核查）-chromium-repeat2/trace.zip

    ────────────────────────────────────────────────────────────────────────────────────────────────

  3 failed
    [chromium] › tests/e2e/qa-t18-r23-layout-boundary.spec.ts:249:1 › QA-R23-LB2 1280px + 经典（占宽）滚动条：稳定宽度下不得跨断点（产品级核查） 
    [chromium] › tests/e2e/qa-t18-r23-layout-boundary.spec.ts:249:1 › QA-R23-LB2 1280px + 经典（占宽）滚动条：稳定宽度下不得跨断点（产品级核查） 
    [chromium] › tests/e2e/qa-t18-r23-layout-boundary.spec.ts:249:1 › QA-R23-LB2 1280px + 经典（占宽）滚动条：稳定宽度下不得跨断点（产品级核查） 
  3 passed (33.3s)
EXIT=1
