
> everything-manual-web@0.1.0 test:e2e
> playwright test qa-t18-r23-layout-boundary.spec.ts --repeat-each=3

(node:85247) [DEP0205] DeprecationWarning: `module.register()` is deprecated. Use `module.registerHooks()` instead.
(Use `node --trace-deprecation ...` to show where the warning was created)
[2m[WebServer] [22m
[2m[WebServer] [22m> everything-manual-web@0.1.0 dev
[2m[WebServer] [22m> vite
[2m[WebServer] [22m
[2m[WebServer] [22m  pdfjs-dist 6.3.289 本地资源：cmaps=169 standard_fonts=16 wasm=13 iccs=2
[2m[WebServer] [22m
[2m[WebServer] [22m  [32m[1mVITE[22m v8.3.0[39m  [2mready in [0m[1m126[22m[2m[0m ms[22m
[2m[WebServer] [22m
[2m[WebServer] [22m  [32m➜[39m  [1mLocal[22m:   [36mhttp://127.0.0.1:[1m15173[22m/[39m
warning: `/Users/qsyj/.cargo/config` is deprecated in favor of `config.toml`
  |
  = help: if you need to support cargo 1.38 or earlier, you can symlink `config` to `config.toml`
    Finished `dev` profile [unoptimized + debuginfo] target(s) in 0.13s
{"timestamp":"2026-09-12T13:00:19.550265Z","level":"INFO","fields":{"message":"data-dir 初始化完成","event":"init","dataDir":"/var/folders/5y/y4jt01gd7mzglrwt5pf7p3m00000gn/T/em-web-mvp-e2e/data","passwordSource":"受限文件 /var/folders/5y/y4jt01gd7mzglrwt5pf7p3m00000gn/T/em-web-mvp-e2e/password.txt","schemaVersion":6,"adminId":"01a095b4-58de-740c-bc9f-466c7be6a9b3","adminStatus":"已创建"},"target":"everything_manual::config::commands"}
data-dir 已初始化：/var/folders/5y/y4jt01gd7mzglrwt5pf7p3m00000gn/T/em-web-mvp-e2e/data
  - 已创建：/var/folders/5y/y4jt01gd7mzglrwt5pf7p3m00000gn/T/em-web-mvp-e2e/data
  - 已创建：/var/folders/5y/y4jt01gd7mzglrwt5pf7p3m00000gn/T/em-web-mvp-e2e/data/tmp
  - 已创建：/var/folders/5y/y4jt01gd7mzglrwt5pf7p3m00000gn/T/em-web-mvp-e2e/data/logs
  - 已创建：/var/folders/5y/y4jt01gd7mzglrwt5pf7p3m00000gn/T/em-web-mvp-e2e/data/blobs
  - 已创建：/var/folders/5y/y4jt01gd7mzglrwt5pf7p3m00000gn/T/em-web-mvp-e2e/data/lock
数据库：已创建并迁移（/var/folders/5y/y4jt01gd7mzglrwt5pf7p3m00000gn/T/em-web-mvp-e2e/data/manual.sqlite3，schema v6；迁移随二进制内嵌，WAL / synchronous=FULL / foreign_keys=ON）
管理员凭据：已创建（admins 表；Argon2id v19、m=19456 KiB、t=2、p=1、16 字节盐；无默认密码）。
密码来源：受限文件 /var/folders/5y/y4jt01gd7mzglrwt5pf7p3m00000gn/T/em-web-mvp-e2e/password.txt；明文不落盘、不进入日志与 shell history。

Running 3 tests using 1 worker

(node:85320) [DEP0205] DeprecationWarning: `module.register()` is deprecated. Use `module.registerHooks()` instead.
(Use `node --trace-deprecation ...` to show where the warning was created)
[2m[WebServer] [22m[2m21:00:23[22m [33m[1m[vite][22m[39m [33m[2m(client)[22m[39m [2m[console.warn] [22mTHREE.Clock: This module has been deprecated. Please use THREE.Timer instead.
  ✘  1 [chromium] › tests/e2e/qa-t18-r23-layout-boundary.spec.ts:172:1 › QA-R23-LB 1280px 断点边界：观察抖动与整页重挂载的触发条件 (5.3s)
(node:85328) [DEP0205] DeprecationWarning: `module.register()` is deprecated. Use `module.registerHooks()` instead.
(Use `node --trace-deprecation ...` to show where the warning was created)
[2m[WebServer] [22m[2m21:00:28[22m [33m[1m[vite][22m[39m [33m[2m(client)[22m[39m [2m[console.warn] [22mTHREE.Clock: This module has been deprecated. Please use THREE.Timer instead.
  ✘  2 [chromium] › tests/e2e/qa-t18-r23-layout-boundary.spec.ts:172:1 › QA-R23-LB 1280px 断点边界：观察抖动与整页重挂载的触发条件 (5.3s)
(node:85336) [DEP0205] DeprecationWarning: `module.register()` is deprecated. Use `module.registerHooks()` instead.
(Use `node --trace-deprecation ...` to show where the warning was created)
[2m[WebServer] [22m[2m21:00:34[22m [33m[1m[vite][22m[39m [33m[2m(client)[22m[39m [2m[console.warn] [22mTHREE.Clock: This module has been deprecated. Please use THREE.Timer instead.
  ✘  3 [chromium] › tests/e2e/qa-t18-r23-layout-boundary.spec.ts:172:1 › QA-R23-LB 1280px 断点边界：观察抖动与整页重挂载的触发条件 (5.3s)


  1) [chromium] › tests/e2e/qa-t18-r23-layout-boundary.spec.ts:172:1 › QA-R23-LB 1280px 断点边界：观察抖动与整页重挂载的触发条件 

    Error: 常规交互期间不得发生断点切换；完整记录：{"init":[{"t":5.700000047683716,"matches":true,"iw":1280,"cw":null,"href":"http://127.0.0.1:15173/items/01a095b4-5e98-711e-a4b6-fc52adb4b321/drafts/draft-lb/review"}],"mqEvents":[{"t":3380.600000143051,"matches":true,"iw":1280,"cw":1280,"vvW":1280,"vvH":720,"href":"http://127.0.0.1:15173/items/01a095b4-5e98-711e-a4b6-fc52adb4b321/drafts/draft-lb/review"}],"resizeEvents":[{"t":170.79999995231628,"iw":1280,"cw":1280,"sh":720,"ch":720,"vv":1280},{"t":171.20000004768372,"iw":1280,"cw":1280,"sh":720,"ch":720,"vv":1280},{"t":179.70000004768372,"iw":1280,"cw":1280,"sh":720,"ch":720,"vv":1280},{"t":196.29999995231628,"iw":1280,"cw":1280,"sh":720,"ch":720,"vv":1280},{"t":516.5,"iw":1280,"cw":1280,"sh":891,"ch":720,"vv":1280},{"t":1414.2000000476837,"iw":1280,"cw":1280,"sh":1247,"ch":720,"vv":1280},{"t":1447.4000000953674,"iw":1280,"cw":1280,"sh":1273,"ch":720,"vv":1280}],"windowResize":[{"t":3380.5,"iw":1280,"ih":720,"vvW":1280,"vvH":720}],"polls":[{"t":11.700000047683716,"matches":true,"iw":1280,"cw":1280,"vvW":1280,"vvH":720,"href":"http://127.0.0.1:15173/items/01a095b4-5e98-711e-a4b6-fc52adb4b321/drafts/draft-lb/review"}],"nodeEvents":[{"t":1161.9000000953674,"present":true}],"marks":[{"label":"idle-start","t":1170.2999999523163},{"label":"idle-end","t":3177.5},{"label":"drag-1-start","t":3202.9000000953674},{"label":"drag-1-end","t":3357.2000000476837},{"label":"screenshot-start","t":3358.5},{"label":"screenshot-end","t":3439.7999999523163},{"label":"drag-2-start","t":3441.2000000476837},{"label":"drag-2-end","t":3589.2999999523163},{"label":"end","t":3591.100000143051}]}

    [2mexpect([22m[31mreceived[39m[2m).[22mtoEqual[2m([22m[32mexpected[39m[2m) // deep equality[22m

    [32m- Expected  - 1[39m
    [31m+ Received  + 3[39m

    [32m- Array [][39m
    [31m+ Array [[39m
    [31m+   "poll@12ms",[39m
    [31m+ ][39m

      232 |     outsideScreenshot.map((event) => `${event.source}@${Math.round(event.t)}ms`),
      233 |     `常规交互期间不得发生断点切换；完整记录：${JSON.stringify(log)}`,
    > 234 |   ).toEqual([]);
          |     ^
      235 |
      236 |   // 断言成立范围内的稳定性：截图外的节点身份变化（整页重挂载）也不得发生。
      237 |   const remountsOutsideScreenshot = log.nodeEvents.filter(
        at /Users/qsyj/Code/rust/everything-manual/apps/web/tests/e2e/qa-t18-r23-layout-boundary.spec.ts:234:5

    attachment #1: screenshot (image/png) ──────────────────────────────────────────────────────────
    ../../artifacts/web-mvp/t09-rd/playwright-output/qa-t18-r23-layout-boundary-59628-1280px-断点边界：观察抖动与整页重挂载的触发条件-chromium/test-failed-1.png
    ────────────────────────────────────────────────────────────────────────────────────────────────

    Error Context: ../../artifacts/web-mvp/t09-rd/playwright-output/qa-t18-r23-layout-boundary-59628-1280px-断点边界：观察抖动与整页重挂载的触发条件-chromium/error-context.md

    attachment #3: trace (application/zip) ─────────────────────────────────────────────────────────
    ../../artifacts/web-mvp/t09-rd/playwright-output/qa-t18-r23-layout-boundary-59628-1280px-断点边界：观察抖动与整页重挂载的触发条件-chromium/trace.zip
    Usage:

        npx playwright show-trace ../../artifacts/web-mvp/t09-rd/playwright-output/qa-t18-r23-layout-boundary-59628-1280px-断点边界：观察抖动与整页重挂载的触发条件-chromium/trace.zip

    ────────────────────────────────────────────────────────────────────────────────────────────────

  2) [chromium] › tests/e2e/qa-t18-r23-layout-boundary.spec.ts:172:1 › QA-R23-LB 1280px 断点边界：观察抖动与整页重挂载的触发条件 

    Error: 常规交互期间不得发生断点切换；完整记录：{"init":[{"t":5.199999809265137,"matches":true,"iw":1280,"cw":null,"href":"http://127.0.0.1:15173/items/01a095b4-75b3-76e2-81d9-b0ac625970e2/drafts/draft-lb/review"}],"mqEvents":[{"t":3380.5,"matches":true,"iw":1280,"cw":1280,"vvW":1280,"vvH":720,"href":"http://127.0.0.1:15173/items/01a095b4-75b3-76e2-81d9-b0ac625970e2/drafts/draft-lb/review"}],"resizeEvents":[{"t":156.19999980926514,"iw":1280,"cw":1280,"sh":720,"ch":720,"vv":1280},{"t":156.5,"iw":1280,"cw":1280,"sh":720,"ch":720,"vv":1280},{"t":165,"iw":1280,"cw":1280,"sh":720,"ch":720,"vv":1280},{"t":180.09999990463257,"iw":1280,"cw":1280,"sh":720,"ch":720,"vv":1280},{"t":500.69999980926514,"iw":1280,"cw":1280,"sh":891,"ch":720,"vv":1280},{"t":1214.0999999046326,"iw":1280,"cw":1280,"sh":1247,"ch":720,"vv":1280},{"t":1245.5999999046326,"iw":1280,"cw":1280,"sh":1273,"ch":720,"vv":1280}],"windowResize":[{"t":3380.399999856949,"iw":1280,"ih":720,"vvW":1280,"vvH":720}],"polls":[{"t":10.799999952316284,"matches":true,"iw":1280,"cw":1280,"vvW":1280,"vvH":720,"href":"http://127.0.0.1:15173/items/01a095b4-75b3-76e2-81d9-b0ac625970e2/drafts/draft-lb/review"}],"nodeEvents":[{"t":1173.7999999523163,"present":true}],"marks":[{"label":"idle-start","t":1175.1999998092651},{"label":"idle-end","t":3188.2999999523163},{"label":"drag-1-start","t":3207.2999999523163},{"label":"drag-1-end","t":3356.699999809265},{"label":"screenshot-start","t":3358.199999809265},{"label":"screenshot-end","t":3439.0999999046326},{"label":"drag-2-start","t":3440.5999999046326},{"label":"drag-2-end","t":3588.899999856949},{"label":"end","t":3590.699999809265}]}

    [2mexpect([22m[31mreceived[39m[2m).[22mtoEqual[2m([22m[32mexpected[39m[2m) // deep equality[22m

    [32m- Expected  - 1[39m
    [31m+ Received  + 3[39m

    [32m- Array [][39m
    [31m+ Array [[39m
    [31m+   "poll@11ms",[39m
    [31m+ ][39m

      232 |     outsideScreenshot.map((event) => `${event.source}@${Math.round(event.t)}ms`),
      233 |     `常规交互期间不得发生断点切换；完整记录：${JSON.stringify(log)}`,
    > 234 |   ).toEqual([]);
          |     ^
      235 |
      236 |   // 断言成立范围内的稳定性：截图外的节点身份变化（整页重挂载）也不得发生。
      237 |   const remountsOutsideScreenshot = log.nodeEvents.filter(
        at /Users/qsyj/Code/rust/everything-manual/apps/web/tests/e2e/qa-t18-r23-layout-boundary.spec.ts:234:5

    attachment #1: screenshot (image/png) ──────────────────────────────────────────────────────────
    ../../artifacts/web-mvp/t09-rd/playwright-output/qa-t18-r23-layout-boundary-59628-1280px-断点边界：观察抖动与整页重挂载的触发条件-chromium-repeat1/test-failed-1.png
    ────────────────────────────────────────────────────────────────────────────────────────────────

    Error Context: ../../artifacts/web-mvp/t09-rd/playwright-output/qa-t18-r23-layout-boundary-59628-1280px-断点边界：观察抖动与整页重挂载的触发条件-chromium-repeat1/error-context.md

    attachment #3: trace (application/zip) ─────────────────────────────────────────────────────────
    ../../artifacts/web-mvp/t09-rd/playwright-output/qa-t18-r23-layout-boundary-59628-1280px-断点边界：观察抖动与整页重挂载的触发条件-chromium-repeat1/trace.zip
    Usage:

        npx playwright show-trace ../../artifacts/web-mvp/t09-rd/playwright-output/qa-t18-r23-layout-boundary-59628-1280px-断点边界：观察抖动与整页重挂载的触发条件-chromium-repeat1/trace.zip

    ────────────────────────────────────────────────────────────────────────────────────────────────

  3) [chromium] › tests/e2e/qa-t18-r23-layout-boundary.spec.ts:172:1 › QA-R23-LB 1280px 断点边界：观察抖动与整页重挂载的触发条件 

    Error: 常规交互期间不得发生断点切换；完整记录：{"init":[{"t":6.3999998569488525,"matches":true,"iw":1280,"cw":null,"href":"http://127.0.0.1:15173/items/01a095b4-8cb8-71e9-b212-c86801646d4b/drafts/draft-lb/review"}],"mqEvents":[{"t":3386.199999809265,"matches":true,"iw":1280,"cw":1280,"vvW":1280,"vvH":720,"href":"http://127.0.0.1:15173/items/01a095b4-8cb8-71e9-b212-c86801646d4b/drafts/draft-lb/review"}],"resizeEvents":[{"t":167.69999980926514,"iw":1280,"cw":1280,"sh":720,"ch":720,"vv":1280},{"t":167.89999985694885,"iw":1280,"cw":1280,"sh":720,"ch":720,"vv":1280},{"t":186,"iw":1280,"cw":1280,"sh":720,"ch":720,"vv":1280},{"t":504.2999999523163,"iw":1280,"cw":1280,"sh":891,"ch":720,"vv":1280},{"t":1218.2999999523163,"iw":1280,"cw":1280,"sh":1247,"ch":720,"vv":1280},{"t":1252.8999998569489,"iw":1280,"cw":1280,"sh":1273,"ch":720,"vv":1280}],"windowResize":[{"t":3386.0999999046326,"iw":1280,"ih":720,"vvW":1280,"vvH":720}],"polls":[{"t":12.099999904632568,"matches":true,"iw":1280,"cw":1280,"vvW":1280,"vvH":720,"href":"http://127.0.0.1:15173/items/01a095b4-8cb8-71e9-b212-c86801646d4b/drafts/draft-lb/review"}],"nodeEvents":[{"t":1175.1999998092651,"present":true}],"marks":[{"label":"idle-start","t":1177.5},{"label":"idle-end","t":3182.899999856949},{"label":"drag-1-start","t":3208.899999856949},{"label":"drag-1-end","t":3362.0999999046326},{"label":"screenshot-start","t":3363.399999856949},{"label":"screenshot-end","t":3443.5},{"label":"drag-2-start","t":3444.899999856949},{"label":"drag-2-end","t":3594.699999809265},{"label":"end","t":3596.5}]}

    [2mexpect([22m[31mreceived[39m[2m).[22mtoEqual[2m([22m[32mexpected[39m[2m) // deep equality[22m

    [32m- Expected  - 1[39m
    [31m+ Received  + 3[39m

    [32m- Array [][39m
    [31m+ Array [[39m
    [31m+   "poll@12ms",[39m
    [31m+ ][39m

      232 |     outsideScreenshot.map((event) => `${event.source}@${Math.round(event.t)}ms`),
      233 |     `常规交互期间不得发生断点切换；完整记录：${JSON.stringify(log)}`,
    > 234 |   ).toEqual([]);
          |     ^
      235 |
      236 |   // 断言成立范围内的稳定性：截图外的节点身份变化（整页重挂载）也不得发生。
      237 |   const remountsOutsideScreenshot = log.nodeEvents.filter(
        at /Users/qsyj/Code/rust/everything-manual/apps/web/tests/e2e/qa-t18-r23-layout-boundary.spec.ts:234:5

    attachment #1: screenshot (image/png) ──────────────────────────────────────────────────────────
    ../../artifacts/web-mvp/t09-rd/playwright-output/qa-t18-r23-layout-boundary-59628-1280px-断点边界：观察抖动与整页重挂载的触发条件-chromium-repeat2/test-failed-1.png
    ────────────────────────────────────────────────────────────────────────────────────────────────

    Error Context: ../../artifacts/web-mvp/t09-rd/playwright-output/qa-t18-r23-layout-boundary-59628-1280px-断点边界：观察抖动与整页重挂载的触发条件-chromium-repeat2/error-context.md

    attachment #3: trace (application/zip) ─────────────────────────────────────────────────────────
    ../../artifacts/web-mvp/t09-rd/playwright-output/qa-t18-r23-layout-boundary-59628-1280px-断点边界：观察抖动与整页重挂载的触发条件-chromium-repeat2/trace.zip
    Usage:

        npx playwright show-trace ../../artifacts/web-mvp/t09-rd/playwright-output/qa-t18-r23-layout-boundary-59628-1280px-断点边界：观察抖动与整页重挂载的触发条件-chromium-repeat2/trace.zip

    ────────────────────────────────────────────────────────────────────────────────────────────────

  3 failed
    [chromium] › tests/e2e/qa-t18-r23-layout-boundary.spec.ts:172:1 › QA-R23-LB 1280px 断点边界：观察抖动与整页重挂载的触发条件 
    [chromium] › tests/e2e/qa-t18-r23-layout-boundary.spec.ts:172:1 › QA-R23-LB 1280px 断点边界：观察抖动与整页重挂载的触发条件 
    [chromium] › tests/e2e/qa-t18-r23-layout-boundary.spec.ts:172:1 › QA-R23-LB 1280px 断点边界：观察抖动与整页重挂载的触发条件 
EXIT=1
